
> rexus-gaming-rewards@1.0.0 test:run
> vitest run --reporter=verbose


 RUN  v3.2.4 /home/aswin/Works/kirimku/smartseller-storefront

 ✓ src/test/simple.test.ts > Simple Test > should pass 1ms
stdout | src/test/warranty-api-integration.test.tsx
ℹ️ Fingerprint validation disabled for development/local environment
ℹ️ Secure storage init: {
  hasCustomerEncrypted: [33mfalse[39m,
  hasRtEncrypted: [33mfalse[39m,
  hasAtEncrypted: [33mfalse[39m
}

stdout | src/test/warranty-api-integration.test.tsx
Development mode: Using "rexus" as default storefront slug

stdout | src/test/warranty-customer-warranties.test.ts
ℹ️ Fingerprint validation disabled for development/local environment
ℹ️ Secure storage init: {
  hasCustomerEncrypted: [33mfalse[39m,
  hasRtEncrypted: [33mfalse[39m,
  hasAtEncrypted: [33mfalse[39m
}

stdout | src/test/warranty-customer-warranties.test.ts
Development mode: Using "rexus" as default storefront slug

stdout | src/test/warranty-customer-warranties.test.ts > Customer Warranties Service > uses the correct OpenAPI endpoint for customer warranties
🔍 Getting access token: {
  hasToken: [33mfalse[39m,
  tokenLength: [90mundefined[39m,
  tokenStart: [90mundefined[39m,
  isExpired: [33mtrue[39m,
  expiresAt: [1mnull[22m
}

stdout | src/test/warranty-api-integration.test.tsx > Warranty API Integration > Warranty Registration API > should successfully register warranty with valid data
🔍 Getting access token: {
  hasToken: [33mfalse[39m,
  tokenLength: [90mundefined[39m,
  tokenStart: [90mundefined[39m,
  isExpired: [33mtrue[39m,
  expiresAt: [1mnull[22m
}

stdout | src/test/warranty-customer-warranties.test.ts > Customer Warranties Service > appends pagination and filter query parameters
🔍 Getting access token: {
  hasToken: [33mfalse[39m,
  tokenLength: [90mundefined[39m,
  tokenStart: [90mundefined[39m,
  isExpired: [33mtrue[39m,
  expiresAt: [1mnull[22m
}

stdout | src/test/warranty-customer-warranties.test.ts > Customer Warranties Service > maps warranties to WarrantyProduct via getCustomerWarrantiesAsProducts
🔍 Getting access token: {
  hasToken: [33mfalse[39m,
  tokenLength: [90mundefined[39m,
  tokenStart: [90mundefined[39m,
  isExpired: [33mtrue[39m,
  expiresAt: [1mnull[22m
}

 ✓ src/test/warranty-customer-warranties.test.ts > Customer Warranties Service > uses the correct OpenAPI endpoint for customer warranties 9ms
 ✓ src/test/warranty-customer-warranties.test.ts > Customer Warranties Service > appends pagination and filter query parameters 2ms
 ✓ src/test/warranty-customer-warranties.test.ts > Customer Warranties Service > maps warranties to WarrantyProduct via getCustomerWarrantiesAsProducts 2ms
stdout | src/test/warranty-api-integration.test.tsx > Warranty API Integration > Warranty Registration API > should handle registration failure with error response
🔍 Getting access token: {
  hasToken: [33mfalse[39m,
  tokenLength: [90mundefined[39m,
  tokenStart: [90mundefined[39m,
  isExpired: [33mtrue[39m,
  expiresAt: [1mnull[22m
}

stderr | src/test/warranty-api-integration.test.tsx > Warranty API Integration > Warranty Registration API > should handle registration failure with error response
❌ Warranty registration failed: ApiError: {"success":false,"error":"Barcode already registered","error_code":"DUPLICATE_BARCODE"}
    at WarrantyService.makeRequest [90m(/home/aswin/Works/kirimku/smartseller-storefront/[39msrc/services/warrantyService.ts:178:15[90m)[39m
[90m    at processTicksAndRejections (node:internal/process/task_queues:105:5)[39m
    at WarrantyService.registerWarranty [90m(/home/aswin/Works/kirimku/smartseller-storefront/[39msrc/services/warrantyService.ts:343:24[90m)[39m
    at [90m/home/aswin/Works/kirimku/smartseller-storefront/[39msrc/test/warranty-api-integration.test.tsx:136:22
    at [90mfile:///home/aswin/Works/kirimku/smartseller-storefront/[39mnode_modules/[4m@vitest[24m/runner/dist/chunk-hooks.js:752:20 {
  status: [33m400[39m,
  details: {
    success: [33mfalse[39m,
    error: [32m'Barcode already registered'[39m,
    error_code: [32m'DUPLICATE_BARCODE'[39m
  }
}

stdout | src/test/warranty-api-integration.test.tsx > Warranty API Integration > Warranty Registration API > should handle network errors during registration
🔍 Getting access token: {
  hasToken: [33mfalse[39m,
  tokenLength: [90mundefined[39m,
  tokenStart: [90mundefined[39m,
  isExpired: [33mtrue[39m,
  expiresAt: [1mnull[22m
}

stderr | src/test/warranty-api-integration.test.tsx > Warranty API Integration > Warranty Registration API > should handle network errors during registration
❌ Warranty registration failed: Error: Network error
    at [90m/home/aswin/Works/kirimku/smartseller-storefront/[39msrc/test/warranty-api-integration.test.tsx:142:39
    at [90mfile:///home/aswin/Works/kirimku/smartseller-storefront/[39mnode_modules/[4m@vitest[24m/runner/dist/chunk-hooks.js:155:11
    at [90mfile:///home/aswin/Works/kirimku/smartseller-storefront/[39mnode_modules/[4m@vitest[24m/runner/dist/chunk-hooks.js:752:26
    at [90mfile:///home/aswin/Works/kirimku/smartseller-storefront/[39mnode_modules/[4m@vitest[24m/runner/dist/chunk-hooks.js:1897:20
    at new Promise (<anonymous>)
    at runWithTimeout [90m(file:///home/aswin/Works/kirimku/smartseller-storefront/[39mnode_modules/[4m@vitest[24m/runner/dist/chunk-hooks.js:1863:10[90m)[39m
    at runTest [90m(file:///home/aswin/Works/kirimku/smartseller-storefront/[39mnode_modules/[4m@vitest[24m/runner/dist/chunk-hooks.js:1574:12[90m)[39m
[90m    at processTicksAndRejections (node:internal/process/task_queues:105:5)[39m
    at runSuite [90m(file:///home/aswin/Works/kirimku/smartseller-storefront/[39mnode_modules/[4m@vitest[24m/runner/dist/chunk-hooks.js:1729:8[90m)[39m
    at runSuite [90m(file:///home/aswin/Works/kirimku/smartseller-storefront/[39mnode_modules/[4m@vitest[24m/runner/dist/chunk-hooks.js:1729:8[90m)[39m

stdout | src/test/warranty-api-integration.test.tsx > Warranty API Integration > Warranty Registration API > should handle server errors (500) during registration
🔍 Getting access token: {
  hasToken: [33mfalse[39m,
  tokenLength: [90mundefined[39m,
  tokenStart: [90mundefined[39m,
  isExpired: [33mtrue[39m,
  expiresAt: [1mnull[22m
}

stderr | src/test/warranty-api-integration.test.tsx > Warranty API Integration > Warranty Registration API > should handle server errors (500) during registration
❌ Warranty registration failed: ApiError: {"error":"Internal server error"}
    at WarrantyService.makeRequest [90m(/home/aswin/Works/kirimku/smartseller-storefront/[39msrc/services/warrantyService.ts:178:15[90m)[39m
[90m    at processTicksAndRejections (node:internal/process/task_queues:105:5)[39m
    at WarrantyService.registerWarranty [90m(/home/aswin/Works/kirimku/smartseller-storefront/[39msrc/services/warrantyService.ts:343:24[90m)[39m
    at [90m/home/aswin/Works/kirimku/smartseller-storefront/[39msrc/test/warranty-api-integration.test.tsx:156:22
    at [90mfile:///home/aswin/Works/kirimku/smartseller-storefront/[39mnode_modules/[4m@vitest[24m/runner/dist/chunk-hooks.js:752:20 {
  status: [33m500[39m,
  details: { error: [32m'Internal server error'[39m }
}

stdout | src/test/warranty-api-integration.test.tsx > Warranty API Integration > Warranty Registration API > should include authentication headers when available
🔍 Getting access token: {
  hasToken: [33mfalse[39m,
  tokenLength: [90mundefined[39m,
  tokenStart: [90mundefined[39m,
  isExpired: [33mtrue[39m,
  expiresAt: [1mnull[22m
}

stdout | src/test/warranty-api-integration.test.tsx > Warranty API Integration > Warranty Lookup API > should successfully lookup warranty by barcode
🔍 Getting access token: {
  hasToken: [33mfalse[39m,
  tokenLength: [90mundefined[39m,
  tokenStart: [90mundefined[39m,
  isExpired: [33mtrue[39m,
  expiresAt: [1mnull[22m
}

stdout | src/test/warranty-api-integration.test.tsx > Warranty API Integration > Warranty Lookup API > should handle warranty not found
🔍 Getting access token: {
  hasToken: [33mfalse[39m,
  tokenLength: [90mundefined[39m,
  tokenStart: [90mundefined[39m,
  isExpired: [33mtrue[39m,
  expiresAt: [1mnull[22m
}

stderr | src/test/warranty-api-integration.test.tsx > Warranty API Integration > Warranty Lookup API > should handle warranty not found
❌ Barcode validation failed: ApiError: {"success":false,"error":"Warranty not found"}
    at WarrantyService.makeRequest [90m(/home/aswin/Works/kirimku/smartseller-storefront/[39msrc/services/warrantyService.ts:178:15[90m)[39m
[90m    at processTicksAndRejections (node:internal/process/task_queues:105:5)[39m
    at WarrantyService.validateBarcode [90m(/home/aswin/Works/kirimku/smartseller-storefront/[39msrc/services/warrantyService.ts:245:24[90m)[39m
    at WarrantyService.lookupWarranty [90m(/home/aswin/Works/kirimku/smartseller-storefront/[39msrc/services/warrantyService.ts:738:33[90m)[39m
    at [90m/home/aswin/Works/kirimku/smartseller-storefront/[39msrc/test/warranty-api-integration.test.tsx:244:22
    at [90mfile:///home/aswin/Works/kirimku/smartseller-storefront/[39mnode_modules/[4m@vitest[24m/runner/dist/chunk-hooks.js:752:20 {
  status: [33m404[39m,
  details: { success: [33mfalse[39m, error: [32m'Warranty not found'[39m }
}

stdout | src/test/warranty-api-integration.test.tsx > Warranty API Integration > Warranty Lookup API > should handle invalid barcode format
🔍 Getting access token: {
  hasToken: [33mfalse[39m,
  tokenLength: [90mundefined[39m,
  tokenStart: [90mundefined[39m,
  isExpired: [33mtrue[39m,
  expiresAt: [1mnull[22m
}

stderr | src/test/warranty-api-integration.test.tsx > Warranty API Integration > Warranty Lookup API > should handle invalid barcode format
❌ Barcode validation failed: ApiError: {"success":false,"error":"Invalid barcode format"}
    at WarrantyService.makeRequest [90m(/home/aswin/Works/kirimku/smartseller-storefront/[39msrc/services/warrantyService.ts:178:15[90m)[39m
[90m    at processTicksAndRejections (node:internal/process/task_queues:105:5)[39m
    at WarrantyService.validateBarcode [90m(/home/aswin/Works/kirimku/smartseller-storefront/[39msrc/services/warrantyService.ts:245:24[90m)[39m
    at WarrantyService.lookupWarranty [90m(/home/aswin/Works/kirimku/smartseller-storefront/[39msrc/services/warrantyService.ts:738:33[90m)[39m
    at [90m/home/aswin/Works/kirimku/smartseller-storefront/[39msrc/test/warranty-api-integration.test.tsx:261:22
    at [90mfile:///home/aswin/Works/kirimku/smartseller-storefront/[39mnode_modules/[4m@vitest[24m/runner/dist/chunk-hooks.js:752:20 {
  status: [33m400[39m,
  details: { success: [33mfalse[39m, error: [32m'Invalid barcode format'[39m }
}

stdout | src/test/warranty-api-integration.test.tsx > Warranty API Integration > Customer Warranties API > should successfully fetch customer warranties
🔍 Getting access token: {
  hasToken: [33mfalse[39m,
  tokenLength: [90mundefined[39m,
  tokenStart: [90mundefined[39m,
  isExpired: [33mtrue[39m,
  expiresAt: [1mnull[22m
}

stdout | src/test/warranty-api-integration.test.tsx > Warranty API Integration > Customer Warranties API > should handle pagination parameters
🔍 Getting access token: {
  hasToken: [33mfalse[39m,
  tokenLength: [90mundefined[39m,
  tokenStart: [90mundefined[39m,
  isExpired: [33mtrue[39m,
  expiresAt: [1mnull[22m
}

stdout | src/test/warranty-api-integration.test.tsx > Warranty API Integration > Customer Warranties API > should handle empty warranties list
🔍 Getting access token: {
  hasToken: [33mfalse[39m,
  tokenLength: [90mundefined[39m,
  tokenStart: [90mundefined[39m,
  isExpired: [33mtrue[39m,
  expiresAt: [1mnull[22m
}

stdout | src/test/warranty-api-integration.test.tsx > Warranty API Integration > API Error Handling > should handle timeout errors
🔍 Getting access token: {
  hasToken: [33mfalse[39m,
  tokenLength: [90mundefined[39m,
  tokenStart: [90mundefined[39m,
  isExpired: [33mtrue[39m,
  expiresAt: [1mnull[22m
}

stderr | src/test/warranty-api-integration.test.tsx > Warranty API Integration > API Error Handling > should handle timeout errors
❌ Warranty registration failed: Error [TimeoutError]: Request timeout
    at [90m/home/aswin/Works/kirimku/smartseller-storefront/[39msrc/test/warranty-api-integration.test.tsx:356:28
    at [90mfile:///home/aswin/Works/kirimku/smartseller-storefront/[39mnode_modules/[4m@vitest[24m/runner/dist/chunk-hooks.js:155:11
    at [90mfile:///home/aswin/Works/kirimku/smartseller-storefront/[39mnode_modules/[4m@vitest[24m/runner/dist/chunk-hooks.js:752:26
    at [90mfile:///home/aswin/Works/kirimku/smartseller-storefront/[39mnode_modules/[4m@vitest[24m/runner/dist/chunk-hooks.js:1897:20
    at new Promise (<anonymous>)
    at runWithTimeout [90m(file:///home/aswin/Works/kirimku/smartseller-storefront/[39mnode_modules/[4m@vitest[24m/runner/dist/chunk-hooks.js:1863:10[90m)[39m
    at runTest [90m(file:///home/aswin/Works/kirimku/smartseller-storefront/[39mnode_modules/[4m@vitest[24m/runner/dist/chunk-hooks.js:1574:12[90m)[39m
[90m    at processTicksAndRejections (node:internal/process/task_queues:105:5)[39m
    at runSuite [90m(file:///home/aswin/Works/kirimku/smartseller-storefront/[39mnode_modules/[4m@vitest[24m/runner/dist/chunk-hooks.js:1729:8[90m)[39m
    at runSuite [90m(file:///home/aswin/Works/kirimku/smartseller-storefront/[39mnode_modules/[4m@vitest[24m/runner/dist/chunk-hooks.js:1729:8[90m)[39m

stdout | src/test/warranty-api-integration.test.tsx > Warranty API Integration > API Error Handling > should handle malformed JSON responses
🔍 Getting access token: {
  hasToken: [33mfalse[39m,
  tokenLength: [90mundefined[39m,
  tokenStart: [90mundefined[39m,
  isExpired: [33mtrue[39m,
  expiresAt: [1mnull[22m
}

stderr | src/test/warranty-api-integration.test.tsx > Warranty API Integration > API Error Handling > should handle malformed JSON responses
❌ Warranty registration failed: Error: Invalid JSON
    at Object.json [90m(/home/aswin/Works/kirimku/smartseller-storefront/[39msrc/test/warranty-api-integration.test.tsx:370:17[90m)[39m
    at WarrantyService.makeRequest [90m(/home/aswin/Works/kirimku/smartseller-storefront/[39msrc/services/warrantyService.ts:199:26[90m)[39m
[90m    at processTicksAndRejections (node:internal/process/task_queues:105:5)[39m
    at WarrantyService.registerWarranty [90m(/home/aswin/Works/kirimku/smartseller-storefront/[39msrc/services/warrantyService.ts:343:24[90m)[39m

stdout | src/test/warranty-api-integration.test.tsx > Warranty API Integration > API Error Handling > should handle rate limiting (429)
🔍 Getting access token: {
  hasToken: [33mfalse[39m,
  tokenLength: [90mundefined[39m,
  tokenStart: [90mundefined[39m,
  isExpired: [33mtrue[39m,
  expiresAt: [1mnull[22m
}

stderr | src/test/warranty-api-integration.test.tsx > Warranty API Integration > API Error Handling > should handle rate limiting (429)
❌ Warranty registration failed: ApiError: {"success":false,"error":"Rate limit exceeded","retry_after":60}
    at WarrantyService.makeRequest [90m(/home/aswin/Works/kirimku/smartseller-storefront/[39msrc/services/warrantyService.ts:178:15[90m)[39m
[90m    at processTicksAndRejections (node:internal/process/task_queues:105:5)[39m
    at WarrantyService.registerWarranty [90m(/home/aswin/Works/kirimku/smartseller-storefront/[39msrc/services/warrantyService.ts:343:24[90m)[39m
    at [90m/home/aswin/Works/kirimku/smartseller-storefront/[39msrc/test/warranty-api-integration.test.tsx:391:22
    at [90mfile:///home/aswin/Works/kirimku/smartseller-storefront/[39mnode_modules/[4m@vitest[24m/runner/dist/chunk-hooks.js:752:20 {
  status: [33m429[39m,
  details: { success: [33mfalse[39m, error: [32m'Rate limit exceeded'[39m, retry_after: [33m60[39m }
}

stdout | src/test/warranty-api-integration.test.tsx > Warranty API Integration > API Error Handling > should handle unauthorized access (401)
🔍 Getting access token: {
  hasToken: [33mfalse[39m,
  tokenLength: [90mundefined[39m,
  tokenStart: [90mundefined[39m,
  isExpired: [33mtrue[39m,
  expiresAt: [1mnull[22m
}

stderr | src/test/warranty-api-integration.test.tsx > Warranty API Integration > API Error Handling > should handle unauthorized access (401)
❌ Warranty registration failed: ApiError: {"success":false,"error":"Unauthorized access"}
    at WarrantyService.makeRequest [90m(/home/aswin/Works/kirimku/smartseller-storefront/[39msrc/services/warrantyService.ts:178:15[90m)[39m
[90m    at processTicksAndRejections (node:internal/process/task_queues:105:5)[39m
    at WarrantyService.registerWarranty [90m(/home/aswin/Works/kirimku/smartseller-storefront/[39msrc/services/warrantyService.ts:343:24[90m)[39m
    at [90m/home/aswin/Works/kirimku/smartseller-storefront/[39msrc/test/warranty-api-integration.test.tsx:408:22
    at [90mfile:///home/aswin/Works/kirimku/smartseller-storefront/[39mnode_modules/[4m@vitest[24m/runner/dist/chunk-hooks.js:752:20 {
  status: [33m401[39m,
  details: { success: [33mfalse[39m, error: [32m'Unauthorized access'[39m }
}

stdout | src/test/warranty-api-integration.test.tsx > Warranty API Integration > Request Validation > should validate required fields in registration request
🔍 Getting access token: {
  hasToken: [33mfalse[39m,
  tokenLength: [90mundefined[39m,
  tokenStart: [90mundefined[39m,
  isExpired: [33mtrue[39m,
  expiresAt: [1mnull[22m
}

stderr | src/test/warranty-api-integration.test.tsx > Warranty API Integration > Request Validation > should validate required fields in registration request
❌ Warranty registration failed: ApiError: {"success":false,"error":"Validation failed","validation_errors":{"customer.email":"Email is required"}}
    at WarrantyService.makeRequest [90m(/home/aswin/Works/kirimku/smartseller-storefront/[39msrc/services/warrantyService.ts:178:15[90m)[39m
[90m    at processTicksAndRejections (node:internal/process/task_queues:105:5)[39m
    at WarrantyService.registerWarranty [90m(/home/aswin/Works/kirimku/smartseller-storefront/[39msrc/services/warrantyService.ts:343:24[90m)[39m
    at [90m/home/aswin/Works/kirimku/smartseller-storefront/[39msrc/test/warranty-api-integration.test.tsx:438:22
    at [90mfile:///home/aswin/Works/kirimku/smartseller-storefront/[39mnode_modules/[4m@vitest[24m/runner/dist/chunk-hooks.js:752:20 {
  status: [33m422[39m,
  details: {
    success: [33mfalse[39m,
    error: [32m'Validation failed'[39m,
    validation_errors: { [32m'customer.email'[39m: [32m'Email is required'[39m }
  }
}

stdout | src/test/warranty-api-integration.test.tsx > Warranty API Integration > Request Validation > should handle barcode format validation
🔍 Getting access token: {
  hasToken: [33mfalse[39m,
  tokenLength: [90mundefined[39m,
  tokenStart: [90mundefined[39m,
  isExpired: [33mtrue[39m,
  expiresAt: [1mnull[22m
}

stderr | src/test/warranty-api-integration.test.tsx > Warranty API Integration > Request Validation > should handle barcode format validation
❌ Warranty registration failed: ApiError: {"success":false,"error":"Invalid barcode format","validation_errors":{"barcode_value":"Barcode must be at least 8 characters"}}
    at WarrantyService.makeRequest [90m(/home/aswin/Works/kirimku/smartseller-storefront/[39msrc/services/warrantyService.ts:178:15[90m)[39m
[90m    at processTicksAndRejections (node:internal/process/task_queues:105:5)[39m
    at WarrantyService.registerWarranty [90m(/home/aswin/Works/kirimku/smartseller-storefront/[39msrc/services/warrantyService.ts:343:24[90m)[39m
    at [90m/home/aswin/Works/kirimku/smartseller-storefront/[39msrc/test/warranty-api-integration.test.tsx:463:22
    at [90mfile:///home/aswin/Works/kirimku/smartseller-storefront/[39mnode_modules/[4m@vitest[24m/runner/dist/chunk-hooks.js:752:20 {
  status: [33m422[39m,
  details: {
    success: [33mfalse[39m,
    error: [32m'Invalid barcode format'[39m,
    validation_errors: { barcode_value: [32m'Barcode must be at least 8 characters'[39m }
  }
}

 × src/test/warranty-api-integration.test.tsx > Warranty API Integration > Warranty Registration API > should successfully register warranty with valid data 31ms
   → expected { success: true, …(14) } to deeply equal { success: true, …(12) }
 ✓ src/test/warranty-api-integration.test.tsx > Warranty API Integration > Warranty Registration API > should handle registration failure with error response 5ms
 ✓ src/test/warranty-api-integration.test.tsx > Warranty API Integration > Warranty Registration API > should handle network errors during registration 6ms
 ✓ src/test/warranty-api-integration.test.tsx > Warranty API Integration > Warranty Registration API > should handle server errors (500) during registration 2ms
 ✓ src/test/warranty-api-integration.test.tsx > Warranty API Integration > Warranty Registration API > should include authentication headers when available 2ms
 ✓ src/test/warranty-api-integration.test.tsx > Warranty API Integration > Warranty Lookup API > should successfully lookup warranty by barcode 2ms
 ✓ src/test/warranty-api-integration.test.tsx > Warranty API Integration > Warranty Lookup API > should handle warranty not found 2ms
 ✓ src/test/warranty-api-integration.test.tsx > Warranty API Integration > Warranty Lookup API > should handle invalid barcode format 1ms
 × src/test/warranty-api-integration.test.tsx > Warranty API Integration > Customer Warranties API > should successfully fetch customer warranties 4ms
   → expected { warranties: [ { …(12) } ], …(4) } to deeply equal { warranties: [ { …(12) } ], …(1) }
 ✓ src/test/warranty-api-integration.test.tsx > Warranty API Integration > Customer Warranties API > should handle pagination parameters 3ms
 × src/test/warranty-api-integration.test.tsx > Warranty API Integration > Customer Warranties API > should handle empty warranties list 2ms
   → expected { warranties: [], …(4) } to deeply equal { Object (warranties, pagination) }
 ✓ src/test/warranty-api-integration.test.tsx > Warranty API Integration > API Error Handling > should handle timeout errors 2ms
 ✓ src/test/warranty-api-integration.test.tsx > Warranty API Integration > API Error Handling > should handle malformed JSON responses 1ms
 ✓ src/test/warranty-api-integration.test.tsx > Warranty API Integration > API Error Handling > should handle rate limiting (429) 1ms
 ✓ src/test/warranty-api-integration.test.tsx > Warranty API Integration > API Error Handling > should handle unauthorized access (401) 1ms
 ✓ src/test/warranty-api-integration.test.tsx > Warranty API Integration > Request Validation > should validate required fields in registration request 1ms
 ✓ src/test/warranty-api-integration.test.tsx > Warranty API Integration > Request Validation > should handle barcode format validation 1ms
stdout | src/test/barcode-scanner-integration.test.tsx
ℹ️ Fingerprint validation disabled for development/local environment
ℹ️ Secure storage init: {
  hasCustomerEncrypted: [33mfalse[39m,
  hasRtEncrypted: [33mfalse[39m,
  hasAtEncrypted: [33mfalse[39m
}

stdout | src/test/barcode-scanner-integration.test.tsx
Development mode: Using "rexus" as default storefront slug

stderr | src/test/warranty-registration.test.tsx > Warranty Registration > Registration Form State Management > should initialize registration form with empty values
⚠️ React Router Future Flag Warning: React Router will begin wrapping state updates in `React.startTransition` in v7. You can use the `v7_startTransition` future flag to opt-in early. For more information, see https://reactrouter.com/v6/upgrading/future#v7_starttransition.
⚠️ React Router Future Flag Warning: Relative route resolution within Splat routes is changing in v7. You can use the `v7_relativeSplatPath` future flag to opt-in early. For more information, see https://reactrouter.com/v6/upgrading/future#v7_relativesplatpath.
Warning: An update to Warranty inside a test was not wrapped in act(...).

When testing, code that causes React state updates should be wrapped into act(...):

act(() => {
  /* fire events that update state */
});
/* assert on the output */

This ensures that you're testing the behavior the user would see in the browser. Learn more at https://reactjs.org/link/wrap-tests-with-act
    at Warranty (/home/aswin/Works/kirimku/smartseller-storefront/src/pages/Warranty.tsx:143:65)
    at Router (/home/aswin/Works/kirimku/smartseller-storefront/node_modules/react-router/dist/umd/react-router.development.js:1207:17)
    at BrowserRouter (/home/aswin/Works/kirimku/smartseller-storefront/node_modules/react-router-dom/dist/umd/react-router-dom.development.js:695:7)
    at AllTheProviders (/home/aswin/Works/kirimku/smartseller-storefront/src/test/test-utils.tsx:186:28)
Warning: An update to Warranty inside a test was not wrapped in act(...).

When testing, code that causes React state updates should be wrapped into act(...):

act(() => {
  /* fire events that update state */
});
/* assert on the output */

This ensures that you're testing the behavior the user would see in the browser. Learn more at https://reactjs.org/link/wrap-tests-with-act
    at Warranty (/home/aswin/Works/kirimku/smartseller-storefront/src/pages/Warranty.tsx:143:65)
    at Router (/home/aswin/Works/kirimku/smartseller-storefront/node_modules/react-router/dist/umd/react-router.development.js:1207:17)
    at BrowserRouter (/home/aswin/Works/kirimku/smartseller-storefront/node_modules/react-router-dom/dist/umd/react-router-dom.development.js:695:7)
    at AllTheProviders (/home/aswin/Works/kirimku/smartseller-storefront/src/test/test-utils.tsx:186:28)

stderr | src/test/warranty-e2e.test.tsx > Warranty Registration E2E Tests > Complete Registration Flow > should complete full warranty registration flow with manual entry
⚠️ React Router Future Flag Warning: React Router will begin wrapping state updates in `React.startTransition` in v7. You can use the `v7_startTransition` future flag to opt-in early. For more information, see https://reactrouter.com/v6/upgrading/future#v7_starttransition.
⚠️ React Router Future Flag Warning: Relative route resolution within Splat routes is changing in v7. You can use the `v7_relativeSplatPath` future flag to opt-in early. For more information, see https://reactrouter.com/v6/upgrading/future#v7_relativesplatpath.
Warning: An update to Warranty inside a test was not wrapped in act(...).

When testing, code that causes React state updates should be wrapped into act(...):

act(() => {
  /* fire events that update state */
});
/* assert on the output */

This ensures that you're testing the behavior the user would see in the browser. Learn more at https://reactjs.org/link/wrap-tests-with-act
    at Warranty (/home/aswin/Works/kirimku/smartseller-storefront/src/pages/Warranty.tsx:143:65)
    at Router (/home/aswin/Works/kirimku/smartseller-storefront/node_modules/react-router/dist/umd/react-router.development.js:1207:17)
    at BrowserRouter (/home/aswin/Works/kirimku/smartseller-storefront/node_modules/react-router-dom/dist/umd/react-router-dom.development.js:695:7)
    at AllTheProviders (/home/aswin/Works/kirimku/smartseller-storefront/src/test/test-utils.tsx:186:28)
Warning: An update to Warranty inside a test was not wrapped in act(...).

When testing, code that causes React state updates should be wrapped into act(...):

act(() => {
  /* fire events that update state */
});
/* assert on the output */

This ensures that you're testing the behavior the user would see in the browser. Learn more at https://reactjs.org/link/wrap-tests-with-act
    at Warranty (/home/aswin/Works/kirimku/smartseller-storefront/src/pages/Warranty.tsx:143:65)
    at Router (/home/aswin/Works/kirimku/smartseller-storefront/node_modules/react-router/dist/umd/react-router.development.js:1207:17)
    at BrowserRouter (/home/aswin/Works/kirimku/smartseller-storefront/node_modules/react-router-dom/dist/umd/react-router-dom.development.js:695:7)
    at AllTheProviders (/home/aswin/Works/kirimku/smartseller-storefront/src/test/test-utils.tsx:186:28)

stderr | src/test/warranty-ui-components.test.tsx > Warranty UI Components > Navigation and Step Management > should render initial lookup step with correct UI elements
⚠️ React Router Future Flag Warning: React Router will begin wrapping state updates in `React.startTransition` in v7. You can use the `v7_startTransition` future flag to opt-in early. For more information, see https://reactrouter.com/v6/upgrading/future#v7_starttransition.
⚠️ React Router Future Flag Warning: Relative route resolution within Splat routes is changing in v7. You can use the `v7_relativeSplatPath` future flag to opt-in early. For more information, see https://reactrouter.com/v6/upgrading/future#v7_relativesplatpath.
Warning: An update to Warranty inside a test was not wrapped in act(...).

When testing, code that causes React state updates should be wrapped into act(...):

act(() => {
  /* fire events that update state */
});
/* assert on the output */

This ensures that you're testing the behavior the user would see in the browser. Learn more at https://reactjs.org/link/wrap-tests-with-act
    at Warranty (/home/aswin/Works/kirimku/smartseller-storefront/src/pages/Warranty.tsx:143:65)
    at Router (/home/aswin/Works/kirimku/smartseller-storefront/node_modules/react-router/dist/umd/react-router.development.js:1207:17)
    at BrowserRouter (/home/aswin/Works/kirimku/smartseller-storefront/node_modules/react-router-dom/dist/umd/react-router-dom.development.js:695:7)
    at AllTheProviders (/home/aswin/Works/kirimku/smartseller-storefront/src/test/test-utils.tsx:186:28)
Warning: An update to Warranty inside a test was not wrapped in act(...).

When testing, code that causes React state updates should be wrapped into act(...):

act(() => {
  /* fire events that update state */
});
/* assert on the output */

This ensures that you're testing the behavior the user would see in the browser. Learn more at https://reactjs.org/link/wrap-tests-with-act
    at Warranty (/home/aswin/Works/kirimku/smartseller-storefront/src/pages/Warranty.tsx:143:65)
    at Router (/home/aswin/Works/kirimku/smartseller-storefront/node_modules/react-router/dist/umd/react-router.development.js:1207:17)
    at BrowserRouter (/home/aswin/Works/kirimku/smartseller-storefront/node_modules/react-router-dom/dist/umd/react-router-dom.development.js:695:7)
    at AllTheProviders (/home/aswin/Works/kirimku/smartseller-storefront/src/test/test-utils.tsx:186:28)

stderr | src/test/warranty-registration.test.tsx > Warranty Registration > Registration Form State Management > should update barcode field when user types
Warning: An update to Warranty inside a test was not wrapped in act(...).

When testing, code that causes React state updates should be wrapped into act(...):

act(() => {
  /* fire events that update state */
});
/* assert on the output */

This ensures that you're testing the behavior the user would see in the browser. Learn more at https://reactjs.org/link/wrap-tests-with-act
    at Warranty (/home/aswin/Works/kirimku/smartseller-storefront/src/pages/Warranty.tsx:143:65)
    at Router (/home/aswin/Works/kirimku/smartseller-storefront/node_modules/react-router/dist/umd/react-router.development.js:1207:17)
    at BrowserRouter (/home/aswin/Works/kirimku/smartseller-storefront/node_modules/react-router-dom/dist/umd/react-router-dom.development.js:695:7)
    at AllTheProviders (/home/aswin/Works/kirimku/smartseller-storefront/src/test/test-utils.tsx:186:28)
Warning: An update to Warranty inside a test was not wrapped in act(...).

When testing, code that causes React state updates should be wrapped into act(...):

act(() => {
  /* fire events that update state */
});
/* assert on the output */

This ensures that you're testing the behavior the user would see in the browser. Learn more at https://reactjs.org/link/wrap-tests-with-act
    at Warranty (/home/aswin/Works/kirimku/smartseller-storefront/src/pages/Warranty.tsx:143:65)
    at Router (/home/aswin/Works/kirimku/smartseller-storefront/node_modules/react-router/dist/umd/react-router.development.js:1207:17)
    at BrowserRouter (/home/aswin/Works/kirimku/smartseller-storefront/node_modules/react-router-dom/dist/umd/react-router-dom.development.js:695:7)
    at AllTheProviders (/home/aswin/Works/kirimku/smartseller-storefront/src/test/test-utils.tsx:186:28)

stderr | src/test/warranty-e2e.test.tsx > Warranty Registration E2E Tests > Complete Registration Flow > should complete registration flow using barcode scanner
Warning: An update to Warranty inside a test was not wrapped in act(...).

When testing, code that causes React state updates should be wrapped into act(...):

act(() => {
  /* fire events that update state */
});
/* assert on the output */

This ensures that you're testing the behavior the user would see in the browser. Learn more at https://reactjs.org/link/wrap-tests-with-act
    at Warranty (/home/aswin/Works/kirimku/smartseller-storefront/src/pages/Warranty.tsx:143:65)
    at Router (/home/aswin/Works/kirimku/smartseller-storefront/node_modules/react-router/dist/umd/react-router.development.js:1207:17)
    at BrowserRouter (/home/aswin/Works/kirimku/smartseller-storefront/node_modules/react-router-dom/dist/umd/react-router-dom.development.js:695:7)
    at AllTheProviders (/home/aswin/Works/kirimku/smartseller-storefront/src/test/test-utils.tsx:186:28)
Warning: An update to Warranty inside a test was not wrapped in act(...).

When testing, code that causes React state updates should be wrapped into act(...):

act(() => {
  /* fire events that update state */
});
/* assert on the output */

This ensures that you're testing the behavior the user would see in the browser. Learn more at https://reactjs.org/link/wrap-tests-with-act
    at Warranty (/home/aswin/Works/kirimku/smartseller-storefront/src/pages/Warranty.tsx:143:65)
    at Router (/home/aswin/Works/kirimku/smartseller-storefront/node_modules/react-router/dist/umd/react-router.development.js:1207:17)
    at BrowserRouter (/home/aswin/Works/kirimku/smartseller-storefront/node_modules/react-router-dom/dist/umd/react-router-dom.development.js:695:7)
    at AllTheProviders (/home/aswin/Works/kirimku/smartseller-storefront/src/test/test-utils.tsx:186:28)

stderr | src/test/warranty-ui-components.test.tsx > Warranty UI Components > Navigation and Step Management > should navigate to registration step when register button is clicked
Warning: An update to Warranty inside a test was not wrapped in act(...).

When testing, code that causes React state updates should be wrapped into act(...):

act(() => {
  /* fire events that update state */
});
/* assert on the output */

This ensures that you're testing the behavior the user would see in the browser. Learn more at https://reactjs.org/link/wrap-tests-with-act
    at Warranty (/home/aswin/Works/kirimku/smartseller-storefront/src/pages/Warranty.tsx:143:65)
    at Router (/home/aswin/Works/kirimku/smartseller-storefront/node_modules/react-router/dist/umd/react-router.development.js:1207:17)
    at BrowserRouter (/home/aswin/Works/kirimku/smartseller-storefront/node_modules/react-router-dom/dist/umd/react-router-dom.development.js:695:7)
    at AllTheProviders (/home/aswin/Works/kirimku/smartseller-storefront/src/test/test-utils.tsx:186:28)
Warning: An update to Warranty inside a test was not wrapped in act(...).

When testing, code that causes React state updates should be wrapped into act(...):

act(() => {
  /* fire events that update state */
});
/* assert on the output */

This ensures that you're testing the behavior the user would see in the browser. Learn more at https://reactjs.org/link/wrap-tests-with-act
    at Warranty (/home/aswin/Works/kirimku/smartseller-storefront/src/pages/Warranty.tsx:143:65)
    at Router (/home/aswin/Works/kirimku/smartseller-storefront/node_modules/react-router/dist/umd/react-router.development.js:1207:17)
    at BrowserRouter (/home/aswin/Works/kirimku/smartseller-storefront/node_modules/react-router-dom/dist/umd/react-router-dom.development.js:695:7)
    at AllTheProviders (/home/aswin/Works/kirimku/smartseller-storefront/src/test/test-utils.tsx:186:28)

 × src/test/warranty-ui-components.test.tsx > Warranty UI Components > Navigation and Step Management > should render initial lookup step with correct UI elements 77ms
   → Unable to find an element with the text: Warranty Lookup. This could be because the text is broken up by multiple elements. In this case, you can provide a function for your text matcher to make your matcher more flexible.

Ignored nodes: comments, script, style
[36m<body>[39m
  [36m<div>[39m
    [36m<div[39m
      [33mclass[39m=[32m"min-h-screen bg-background pb-24"[39m
    [36m>[39m
      [36m<header[39m
        [33mclass[39m=[32m"sticky top-0 z-40 bg-background/95 backdrop-blur-lg border-b border-border"[39m
      [36m>[39m
        [36m<div[39m
          [33mclass[39m=[32m"container max-w-7xl mx-auto px-4 py-4"[39m
        [36m>[39m
          [36m<div[39m
            [33mclass[39m=[32m"flex items-center justify-between"[39m
          [36m>[39m
            [36m<div[39m
              [33mclass[39m=[32m"flex items-center gap-4"[39m
            [36m>[39m
              [36m<div[39m
                [33mclass[39m=[32m"flex items-center gap-3 cursor-pointer"[39m
              [36m>[39m
                [36m<img[39m
                  [33malt[39m=[32m"Test Store"[39m
                  [33mclass[39m=[32m"h-8 w-auto"[39m
                  [33msrc[39m=[32m"/test-logo.png"[39m
                [36m/>[39m
                [36m<div[39m
                  [33mclass[39m=[32m"hidden sm:flex flex-col"[39m
                [36m>[39m
                  [36m<span[39m
                    [33mclass[39m=[32m"font-semibold text-lg"[39m
                  [36m>[39m
                    [0mTest Store[0m
                  [36m</span>[39m
                  [36m<span[39m
                    [33mclass[39m=[32m"text-xs text-muted-foreground"[39m
                  [36m>[39m
                    [0mTest Store Tagline[0m
                  [36m</span>[39m
                [36m</div>[39m
              [36m</div>[39m
            [36m</div>[39m
            [36m<h1[39m
              [33mclass[39m=[32m"text-lg font-semibold hidden md:block"[39m
            [36m>[39m
              [0mWarranty[0m
            [36m</h1>[39m
            [36m<div[39m
              [33mclass[39m=[32m"flex items-center gap-4"[39m
            [36m>[39m
              [36m<button[39m
                [33mclass[39m=[32m"items-center justify-center gap-2 whitespace-nowrap text-sm font-medium ring-offset-background transition-colors focus-visible:outline-none focus-visible:ring-2 focus-visible:ring-ring focus-visible:ring-offset-2 disabled:pointer-events-none disabled:opacity-50 [&_svg]:pointer-events-none [&_svg]:size-4 [&_svg]:shrink-0 hover:bg-accent hover:text-accent-foreground h-9 rounded-md px-3 hidden sm:flex"[39m
              [36m>[39m
                [0mLogin[0m
              [36m</button>[39m
              [36m<button[39m
                [33mclass[39m=[32m"items-center justify-center gap-2 whitespace-nowrap text-sm font-medium ring-offset-background transition-colors focus-visible:outline-none focus-visible:ring-2 focus-visible:ring-ring focus-visible:ring-offset-2 disabled:pointer-events-none disabled:opacity-50 [&_svg]:pointer-events-none [&_svg]:size-4 [&_svg]:shrink-0 bg-primary text-primary-foreground hover:bg-primary/90 h-9 rounded-md px-3 hidden sm:flex"[39m
              [36m>[39m
                [36m<svg[39m
                  [33mclass[39m=[32m"lucide lucide-user-plus w-4 h-4 mr-2"[39m
                  [33mfill[39m=[32m"none"[39m
                  [33mheight[39m=[32m"24"[39m
                  [33mstroke[39m=[32m"currentColor"[39m
                  [33mstroke-linecap[39m=[32m"round"[39m
                  [33mstroke-linejoin[39m=[32m"round"[39m
                  [33mstroke-width[39m=[32m"2"[39m
                  [33mviewBox[39m=[32m"0 0 24 24"[39m
                  [33mwidth[39m=[32m"24"[39m
                  [33mxmlns[39m=[32m"http://www.w3.org/2000/svg"[39m
                [36m>[39m
                  [36m<path[39m
                    [33md[39m=[32m"M16 21v-2a4 4 0 0 0-4-4H6a4 4 0 0 0-4 4v2"[39m
                  [36m/>[39m
                  [36m<circle[39m
                    [33mcx[39m=[32m"9"[39m
                    [33mcy[39m=[32m"7"[39m
                    [33mr[39m=[32m"4"[39m
                  [36m/>[39m
                  [36m<line[39m
                    [33mx1[39m=[32m"19"[39m
                    [33mx2[39m=[32m"19"[39m
                    [33my1[39m=[32m"8"[39m
                    [33my2[39m=[32m"14"[39m
                  [36m/>[39m
                  [36m<line[39m
                    [33mx1[39m=[32m"22"[39m
                    [33mx2[39m=[32m"16"[39m
                    [33my1[39m=[32m"11"[39m
                    [33my2[39m=[32m"11"[39m
                  [36m/>[39m
                [36m</svg>[39m
                [0mRegister[0m
              [36m</button>[39m
              [36m<button[39m
                [33mclass[39m=[32m"inline-flex items-center justify-center gap-2 whitespace-nowrap text-sm font-medium ring-offset-background transition-colors focus-visible:outline-none focus-visible:ring-2 focus-visible:ring-ring focus-visible:ring-offset-2 disabled:pointer-events-none disabled:opacity-50 [&_svg]:pointer-events-none [&_svg]:size-4 [&_svg]:shrink-0 hover:bg-accent hover:text-accent-foreground h-9 rounded-md px-3 md:hidden"[39m
              [36m>[39m
                [36m<svg[39m
                  [33mclass[39m=[32m"lucide lucide-menu w-5 h-5"[39m
                  [33mfill[39m=[32m"none"[39m
                  [33mheight[39m=[32m"24"[39m
                  [33mstroke[39m=[32m"currentColor"[39m
                  [33mstroke-linecap[39m=[32m"round"[39m
                  [33mstroke-linejoin[39m=[32m"round"[39m
                  [33mstroke-width[39m=[32m"2"[39m
                  [33mviewBox[39m=[32m"0 0 24 24"[39m
                  [33mwidth[39m=[32m"24"[39m
                  [33mxmlns[39m=[32m"http://www.w3.org/2000/svg"[39m
                [36m>[39m
                  [36m<line[39m
                    [33mx1[39m=[32m"4"[39m
                    [33mx2[39m=[32m"20"[39m
                    [33my1[39m=[32m"12"[39m
                    [33my2[39m=[32m"12"[39m
                  [36m/>[39m
                  [36m<line[39m
                    [33mx1[39m=[32m"4"[39m
                    [33mx2[39m=[32m"20"[39m
                    [33my1[39m=[32m"6"[39m
                    [33my2[39m=[32m"6"[39m
                  [36m/>[39m
                  [36m<line[39m
                    [33mx1[39m=[32m"4"[39m
                    [33mx2[39m=[32m"20"[39m
                    [33my1[39m=[32m"18"[39m
                    [33my2[39m=[32m"18"[39m
                  [36m/>[39m
                [36m</svg>[39m
              [36m</button>[39m
            [36m</div>[39m
          [36m</div>[39m
        [36m</div>[39m
      [36m</header>[39m
      [36m<div[39m
        [33mclass[39m=[32m"container max-w-2xl mx-auto px-6 py-8"[39m
      [36m>[39m
        [36m<div[39m
          [33mclass[39m=[32m"space-y-6"[39m
        [36m>[39m
    ...
stderr | src/test/warranty-registration.test.tsx > Warranty Registration > Registration Form State Management > should update product SKU field when user types
Warning: An update to Warranty inside a test was not wrapped in act(...).

When testing, code that causes React state updates should be wrapped into act(...):

act(() => {
  /* fire events that update state */
});
/* assert on the output */

This ensures that you're testing the behavior the user would see in the browser. Learn more at https://reactjs.org/link/wrap-tests-with-act
    at Warranty (/home/aswin/Works/kirimku/smartseller-storefront/src/pages/Warranty.tsx:143:65)
    at Router (/home/aswin/Works/kirimku/smartseller-storefront/node_modules/react-router/dist/umd/react-router.development.js:1207:17)
    at BrowserRouter (/home/aswin/Works/kirimku/smartseller-storefront/node_modules/react-router-dom/dist/umd/react-router-dom.development.js:695:7)
    at AllTheProviders (/home/aswin/Works/kirimku/smartseller-storefront/src/test/test-utils.tsx:186:28)
Warning: An update to Warranty inside a test was not wrapped in act(...).

When testing, code that causes React state updates should be wrapped into act(...):

act(() => {
  /* fire events that update state */
});
/* assert on the output */

This ensures that you're testing the behavior the user would see in the browser. Learn more at https://reactjs.org/link/wrap-tests-with-act
    at Warranty (/home/aswin/Works/kirimku/smartseller-storefront/src/pages/Warranty.tsx:143:65)
    at Router (/home/aswin/Works/kirimku/smartseller-storefront/node_modules/react-router/dist/umd/react-router.development.js:1207:17)
    at BrowserRouter (/home/aswin/Works/kirimku/smartseller-storefront/node_modules/react-router-dom/dist/umd/react-router-dom.development.js:695:7)
    at AllTheProviders (/home/aswin/Works/kirimku/smartseller-storefront/src/test/test-utils.tsx:186:28)

stderr | src/test/warranty-e2e.test.tsx > Warranty Registration E2E Tests > Error Handling Flows > should handle registration failure gracefully
Warning: An update to Warranty inside a test was not wrapped in act(...).

When testing, code that causes React state updates should be wrapped into act(...):

act(() => {
  /* fire events that update state */
});
/* assert on the output */

This ensures that you're testing the behavior the user would see in the browser. Learn more at https://reactjs.org/link/wrap-tests-with-act
    at Warranty (/home/aswin/Works/kirimku/smartseller-storefront/src/pages/Warranty.tsx:143:65)
    at Router (/home/aswin/Works/kirimku/smartseller-storefront/node_modules/react-router/dist/umd/react-router.development.js:1207:17)
    at BrowserRouter (/home/aswin/Works/kirimku/smartseller-storefront/node_modules/react-router-dom/dist/umd/react-router-dom.development.js:695:7)
    at AllTheProviders (/home/aswin/Works/kirimku/smartseller-storefront/src/test/test-utils.tsx:186:28)
Warning: An update to Warranty inside a test was not wrapped in act(...).

When testing, code that causes React state updates should be wrapped into act(...):

act(() => {
  /* fire events that update state */
});
/* assert on the output */

This ensures that you're testing the behavior the user would see in the browser. Learn more at https://reactjs.org/link/wrap-tests-with-act
    at Warranty (/home/aswin/Works/kirimku/smartseller-storefront/src/pages/Warranty.tsx:143:65)
    at Router (/home/aswin/Works/kirimku/smartseller-storefront/node_modules/react-router/dist/umd/react-router.development.js:1207:17)
    at BrowserRouter (/home/aswin/Works/kirimku/smartseller-storefront/node_modules/react-router-dom/dist/umd/react-router-dom.development.js:695:7)
    at AllTheProviders (/home/aswin/Works/kirimku/smartseller-storefront/src/test/test-utils.tsx:186:28)

 × src/test/warranty-e2e.test.tsx > Warranty Registration E2E Tests > Complete Registration Flow > should complete full warranty registration flow with manual entry 77ms
   → Unable to find an element with the text: Warranty Lookup. This could be because the text is broken up by multiple elements. In this case, you can provide a function for your text matcher to make your matcher more flexible.

Ignored nodes: comments, script, style
[36m<body>[39m
  [36m<div>[39m
    [36m<div[39m
      [33mclass[39m=[32m"min-h-screen bg-background pb-24"[39m
    [36m>[39m
      [36m<header[39m
        [33mclass[39m=[32m"sticky top-0 z-40 bg-background/95 backdrop-blur-lg border-b border-border"[39m
      [36m>[39m
        [36m<div[39m
          [33mclass[39m=[32m"container max-w-7xl mx-auto px-4 py-4"[39m
        [36m>[39m
          [36m<div[39m
            [33mclass[39m=[32m"flex items-center justify-between"[39m
          [36m>[39m
            [36m<div[39m
              [33mclass[39m=[32m"flex items-center gap-4"[39m
            [36m>[39m
              [36m<div[39m
                [33mclass[39m=[32m"flex items-center gap-3 cursor-pointer"[39m
              [36m>[39m
                [36m<img[39m
                  [33malt[39m=[32m"Test Store"[39m
                  [33mclass[39m=[32m"h-8 w-auto"[39m
                  [33msrc[39m=[32m"/test-logo.png"[39m
                [36m/>[39m
                [36m<div[39m
                  [33mclass[39m=[32m"hidden sm:flex flex-col"[39m
                [36m>[39m
                  [36m<span[39m
                    [33mclass[39m=[32m"font-semibold text-lg"[39m
                  [36m>[39m
                    [0mTest Store[0m
                  [36m</span>[39m
                  [36m<span[39m
                    [33mclass[39m=[32m"text-xs text-muted-foreground"[39m
                  [36m>[39m
                    [0mTest Store Tagline[0m
                  [36m</span>[39m
                [36m</div>[39m
              [36m</div>[39m
            [36m</div>[39m
            [36m<h1[39m
              [33mclass[39m=[32m"text-lg font-semibold hidden md:block"[39m
            [36m>[39m
              [0mWarranty[0m
            [36m</h1>[39m
            [36m<div[39m
              [33mclass[39m=[32m"flex items-center gap-4"[39m
            [36m>[39m
              [36m<button[39m
                [33mclass[39m=[32m"items-center justify-center gap-2 whitespace-nowrap text-sm font-medium ring-offset-background transition-colors focus-visible:outline-none focus-visible:ring-2 focus-visible:ring-ring focus-visible:ring-offset-2 disabled:pointer-events-none disabled:opacity-50 [&_svg]:pointer-events-none [&_svg]:size-4 [&_svg]:shrink-0 hover:bg-accent hover:text-accent-foreground h-9 rounded-md px-3 hidden sm:flex"[39m
              [36m>[39m
                [0mLogin[0m
              [36m</button>[39m
              [36m<button[39m
                [33mclass[39m=[32m"items-center justify-center gap-2 whitespace-nowrap text-sm font-medium ring-offset-background transition-colors focus-visible:outline-none focus-visible:ring-2 focus-visible:ring-ring focus-visible:ring-offset-2 disabled:pointer-events-none disabled:opacity-50 [&_svg]:pointer-events-none [&_svg]:size-4 [&_svg]:shrink-0 bg-primary text-primary-foreground hover:bg-primary/90 h-9 rounded-md px-3 hidden sm:flex"[39m
              [36m>[39m
                [36m<svg[39m
                  [33mclass[39m=[32m"lucide lucide-user-plus w-4 h-4 mr-2"[39m
                  [33mfill[39m=[32m"none"[39m
                  [33mheight[39m=[32m"24"[39m
                  [33mstroke[39m=[32m"currentColor"[39m
                  [33mstroke-linecap[39m=[32m"round"[39m
                  [33mstroke-linejoin[39m=[32m"round"[39m
                  [33mstroke-width[39m=[32m"2"[39m
                  [33mviewBox[39m=[32m"0 0 24 24"[39m
                  [33mwidth[39m=[32m"24"[39m
                  [33mxmlns[39m=[32m"http://www.w3.org/2000/svg"[39m
                [36m>[39m
                  [36m<path[39m
                    [33md[39m=[32m"M16 21v-2a4 4 0 0 0-4-4H6a4 4 0 0 0-4 4v2"[39m
                  [36m/>[39m
                  [36m<circle[39m
                    [33mcx[39m=[32m"9"[39m
                    [33mcy[39m=[32m"7"[39m
                    [33mr[39m=[32m"4"[39m
                  [36m/>[39m
                  [36m<line[39m
                    [33mx1[39m=[32m"19"[39m
                    [33mx2[39m=[32m"19"[39m
                    [33my1[39m=[32m"8"[39m
                    [33my2[39m=[32m"14"[39m
                  [36m/>[39m
                  [36m<line[39m
                    [33mx1[39m=[32m"22"[39m
                    [33mx2[39m=[32m"16"[39m
                    [33my1[39m=[32m"11"[39m
                    [33my2[39m=[32m"11"[39m
                  [36m/>[39m
                [36m</svg>[39m
                [0mRegister[0m
              [36m</button>[39m
              [36m<button[39m
                [33mclass[39m=[32m"inline-flex items-center justify-center gap-2 whitespace-nowrap text-sm font-medium ring-offset-background transition-colors focus-visible:outline-none focus-visible:ring-2 focus-visible:ring-ring focus-visible:ring-offset-2 disabled:pointer-events-none disabled:opacity-50 [&_svg]:pointer-events-none [&_svg]:size-4 [&_svg]:shrink-0 hover:bg-accent hover:text-accent-foreground h-9 rounded-md px-3 md:hidden"[39m
              [36m>[39m
                [36m<svg[39m
                  [33mclass[39m=[32m"lucide lucide-menu w-5 h-5"[39m
                  [33mfill[39m=[32m"none"[39m
                  [33mheight[39m=[32m"24"[39m
                  [33mstroke[39m=[32m"currentColor"[39m
                  [33mstroke-linecap[39m=[32m"round"[39m
                  [33mstroke-linejoin[39m=[32m"round"[39m
                  [33mstroke-width[39m=[32m"2"[39m
                  [33mviewBox[39m=[32m"0 0 24 24"[39m
                  [33mwidth[39m=[32m"24"[39m
                  [33mxmlns[39m=[32m"http://www.w3.org/2000/svg"[39m
                [36m>[39m
                  [36m<line[39m
                    [33mx1[39m=[32m"4"[39m
                    [33mx2[39m=[32m"20"[39m
                    [33my1[39m=[32m"12"[39m
                    [33my2[39m=[32m"12"[39m
                  [36m/>[39m
                  [36m<line[39m
                    [33mx1[39m=[32m"4"[39m
                    [33mx2[39m=[32m"20"[39m
                    [33my1[39m=[32m"6"[39m
                    [33my2[39m=[32m"6"[39m
                  [36m/>[39m
                  [36m<line[39m
                    [33mx1[39m=[32m"4"[39m
                    [33mx2[39m=[32m"20"[39m
                    [33my1[39m=[32m"18"[39m
                    [33my2[39m=[32m"18"[39m
                  [36m/>[39m
                [36m</svg>[39m
              [36m</button>[39m
            [36m</div>[39m
          [36m</div>[39m
        [36m</div>[39m
      [36m</header>[39m
      [36m<div[39m
        [33mclass[39m=[32m"container max-w-2xl mx-auto px-6 py-8"[39m
      [36m>[39m
        [36m<div[39m
          [33mclass[39m=[32m"space-y-6"[39m
        [36m>[39m
    ...
 × src/test/warranty-e2e.test.tsx > Warranty Registration E2E Tests > Complete Registration Flow > should complete registration flow using barcode scanner 21ms
   → Unable to find an element with the text: Register New Product. This could be because the text is broken up by multiple elements. In this case, you can provide a function for your text matcher to make your matcher more flexible.

Ignored nodes: comments, script, style
[36m<body>[39m
  [36m<div>[39m
    [36m<div[39m
      [33mclass[39m=[32m"min-h-screen bg-background pb-24"[39m
    [36m>[39m
      [36m<header[39m
        [33mclass[39m=[32m"sticky top-0 z-40 bg-background/95 backdrop-blur-lg border-b border-border"[39m
      [36m>[39m
        [36m<div[39m
          [33mclass[39m=[32m"container max-w-7xl mx-auto px-4 py-4"[39m
        [36m>[39m
          [36m<div[39m
            [33mclass[39m=[32m"flex items-center justify-between"[39m
          [36m>[39m
            [36m<div[39m
              [33mclass[39m=[32m"flex items-center gap-4"[39m
            [36m>[39m
              [36m<div[39m
                [33mclass[39m=[32m"flex items-center gap-3 cursor-pointer"[39m
              [36m>[39m
                [36m<img[39m
                  [33malt[39m=[32m"Test Store"[39m
                  [33mclass[39m=[32m"h-8 w-auto"[39m
                  [33msrc[39m=[32m"/test-logo.png"[39m
                [36m/>[39m
                [36m<div[39m
                  [33mclass[39m=[32m"hidden sm:flex flex-col"[39m
                [36m>[39m
                  [36m<span[39m
                    [33mclass[39m=[32m"font-semibold text-lg"[39m
                  [36m>[39m
                    [0mTest Store[0m
                  [36m</span>[39m
                  [36m<span[39m
                    [33mclass[39m=[32m"text-xs text-muted-foreground"[39m
                  [36m>[39m
                    [0mTest Store Tagline[0m
                  [36m</span>[39m
                [36m</div>[39m
              [36m</div>[39m
            [36m</div>[39m
            [36m<h1[39m
              [33mclass[39m=[32m"text-lg font-semibold hidden md:block"[39m
            [36m>[39m
              [0mWarranty[0m
            [36m</h1>[39m
            [36m<div[39m
              [33mclass[39m=[32m"flex items-center gap-4"[39m
            [36m>[39m
              [36m<button[39m
                [33mclass[39m=[32m"items-center justify-center gap-2 whitespace-nowrap text-sm font-medium ring-offset-background transition-colors focus-visible:outline-none focus-visible:ring-2 focus-visible:ring-ring focus-visible:ring-offset-2 disabled:pointer-events-none disabled:opacity-50 [&_svg]:pointer-events-none [&_svg]:size-4 [&_svg]:shrink-0 hover:bg-accent hover:text-accent-foreground h-9 rounded-md px-3 hidden sm:flex"[39m
              [36m>[39m
                [0mLogin[0m
              [36m</button>[39m
              [36m<button[39m
                [33mclass[39m=[32m"items-center justify-center gap-2 whitespace-nowrap text-sm font-medium ring-offset-background transition-colors focus-visible:outline-none focus-visible:ring-2 focus-visible:ring-ring focus-visible:ring-offset-2 disabled:pointer-events-none disabled:opacity-50 [&_svg]:pointer-events-none [&_svg]:size-4 [&_svg]:shrink-0 bg-primary text-primary-foreground hover:bg-primary/90 h-9 rounded-md px-3 hidden sm:flex"[39m
              [36m>[39m
                [36m<svg[39m
                  [33mclass[39m=[32m"lucide lucide-user-plus w-4 h-4 mr-2"[39m
                  [33mfill[39m=[32m"none"[39m
                  [33mheight[39m=[32m"24"[39m
                  [33mstroke[39m=[32m"currentColor"[39m
                  [33mstroke-linecap[39m=[32m"round"[39m
                  [33mstroke-linejoin[39m=[32m"round"[39m
                  [33mstroke-width[39m=[32m"2"[39m
                  [33mviewBox[39m=[32m"0 0 24 24"[39m
                  [33mwidth[39m=[32m"24"[39m
                  [33mxmlns[39m=[32m"http://www.w3.org/2000/svg"[39m
                [36m>[39m
                  [36m<path[39m
                    [33md[39m=[32m"M16 21v-2a4 4 0 0 0-4-4H6a4 4 0 0 0-4 4v2"[39m
                  [36m/>[39m
                  [36m<circle[39m
                    [33mcx[39m=[32m"9"[39m
                    [33mcy[39m=[32m"7"[39m
                    [33mr[39m=[32m"4"[39m
                  [36m/>[39m
                  [36m<line[39m
                    [33mx1[39m=[32m"19"[39m
                    [33mx2[39m=[32m"19"[39m
                    [33my1[39m=[32m"8"[39m
                    [33my2[39m=[32m"14"[39m
                  [36m/>[39m
                  [36m<line[39m
                    [33mx1[39m=[32m"22"[39m
                    [33mx2[39m=[32m"16"[39m
                    [33my1[39m=[32m"11"[39m
                    [33my2[39m=[32m"11"[39m
                  [36m/>[39m
                [36m</svg>[39m
                [0mRegister[0m
              [36m</button>[39m
              [36m<button[39m
                [33mclass[39m=[32m"inline-flex items-center justify-center gap-2 whitespace-nowrap text-sm font-medium ring-offset-background transition-colors focus-visible:outline-none focus-visible:ring-2 focus-visible:ring-ring focus-visible:ring-offset-2 disabled:pointer-events-none disabled:opacity-50 [&_svg]:pointer-events-none [&_svg]:size-4 [&_svg]:shrink-0 hover:bg-accent hover:text-accent-foreground h-9 rounded-md px-3 md:hidden"[39m
              [36m>[39m
                [36m<svg[39m
                  [33mclass[39m=[32m"lucide lucide-menu w-5 h-5"[39m
                  [33mfill[39m=[32m"none"[39m
                  [33mheight[39m=[32m"24"[39m
                  [33mstroke[39m=[32m"currentColor"[39m
                  [33mstroke-linecap[39m=[32m"round"[39m
                  [33mstroke-linejoin[39m=[32m"round"[39m
                  [33mstroke-width[39m=[32m"2"[39m
                  [33mviewBox[39m=[32m"0 0 24 24"[39m
                  [33mwidth[39m=[32m"24"[39m
                  [33mxmlns[39m=[32m"http://www.w3.org/2000/svg"[39m
                [36m>[39m
                  [36m<line[39m
                    [33mx1[39m=[32m"4"[39m
                    [33mx2[39m=[32m"20"[39m
                    [33my1[39m=[32m"12"[39m
                    [33my2[39m=[32m"12"[39m
                  [36m/>[39m
                  [36m<line[39m
                    [33mx1[39m=[32m"4"[39m
                    [33mx2[39m=[32m"20"[39m
                    [33my1[39m=[32m"6"[39m
                    [33my2[39m=[32m"6"[39m
                  [36m/>[39m
                  [36m<line[39m
                    [33mx1[39m=[32m"4"[39m
                    [33mx2[39m=[32m"20"[39m
                    [33my1[39m=[32m"18"[39m
                    [33my2[39m=[32m"18"[39m
                  [36m/>[39m
                [36m</svg>[39m
              [36m</button>[39m
            [36m</div>[39m
          [36m</div>[39m
        [36m</div>[39m
      [36m</header>[39m
      [36m<div[39m
        [33mclass[39m=[32m"container max-w-2xl mx-auto px-6 py-8"[39m
      [36m>[39m
        [36m<div[39m
          [33mclass[39m=[32m"space-y-6"[39m
        [36m>[39m
    ...
stderr | src/test/warranty-ui-components.test.tsx > Warranty UI Components > Navigation and Step Management > should show back button in registration step
Warning: An update to Warranty inside a test was not wrapped in act(...).

When testing, code that causes React state updates should be wrapped into act(...):

act(() => {
  /* fire events that update state */
});
/* assert on the output */

This ensures that you're testing the behavior the user would see in the browser. Learn more at https://reactjs.org/link/wrap-tests-with-act
    at Warranty (/home/aswin/Works/kirimku/smartseller-storefront/src/pages/Warranty.tsx:143:65)
    at Router (/home/aswin/Works/kirimku/smartseller-storefront/node_modules/react-router/dist/umd/react-router.development.js:1207:17)
    at BrowserRouter (/home/aswin/Works/kirimku/smartseller-storefront/node_modules/react-router-dom/dist/umd/react-router-dom.development.js:695:7)
    at AllTheProviders (/home/aswin/Works/kirimku/smartseller-storefront/src/test/test-utils.tsx:186:28)
Warning: An update to Warranty inside a test was not wrapped in act(...).

When testing, code that causes React state updates should be wrapped into act(...):

act(() => {
  /* fire events that update state */
});
/* assert on the output */

This ensures that you're testing the behavior the user would see in the browser. Learn more at https://reactjs.org/link/wrap-tests-with-act
    at Warranty (/home/aswin/Works/kirimku/smartseller-storefront/src/pages/Warranty.tsx:143:65)
    at Router (/home/aswin/Works/kirimku/smartseller-storefront/node_modules/react-router/dist/umd/react-router.development.js:1207:17)
    at BrowserRouter (/home/aswin/Works/kirimku/smartseller-storefront/node_modules/react-router-dom/dist/umd/react-router-dom.development.js:695:7)
    at AllTheProviders (/home/aswin/Works/kirimku/smartseller-storefront/src/test/test-utils.tsx:186:28)

stderr | src/test/warranty-e2e.test.tsx > Warranty Registration E2E Tests > Error Handling Flows > should handle network errors during registration
Warning: An update to Warranty inside a test was not wrapped in act(...).

When testing, code that causes React state updates should be wrapped into act(...):

act(() => {
  /* fire events that update state */
});
/* assert on the output */

This ensures that you're testing the behavior the user would see in the browser. Learn more at https://reactjs.org/link/wrap-tests-with-act
    at Warranty (/home/aswin/Works/kirimku/smartseller-storefront/src/pages/Warranty.tsx:143:65)
    at Router (/home/aswin/Works/kirimku/smartseller-storefront/node_modules/react-router/dist/umd/react-router.development.js:1207:17)
    at BrowserRouter (/home/aswin/Works/kirimku/smartseller-storefront/node_modules/react-router-dom/dist/umd/react-router-dom.development.js:695:7)
    at AllTheProviders (/home/aswin/Works/kirimku/smartseller-storefront/src/test/test-utils.tsx:186:28)
Warning: An update to Warranty inside a test was not wrapped in act(...).

When testing, code that causes React state updates should be wrapped into act(...):

act(() => {
  /* fire events that update state */
});
/* assert on the output */

This ensures that you're testing the behavior the user would see in the browser. Learn more at https://reactjs.org/link/wrap-tests-with-act
    at Warranty (/home/aswin/Works/kirimku/smartseller-storefront/src/pages/Warranty.tsx:143:65)
    at Router (/home/aswin/Works/kirimku/smartseller-storefront/node_modules/react-router/dist/umd/react-router.development.js:1207:17)
    at BrowserRouter (/home/aswin/Works/kirimku/smartseller-storefront/node_modules/react-router-dom/dist/umd/react-router-dom.development.js:695:7)
    at AllTheProviders (/home/aswin/Works/kirimku/smartseller-storefront/src/test/test-utils.tsx:186:28)

stderr | src/test/warranty-ui-components.test.tsx > Warranty UI Components > Navigation and Step Management > should navigate back to lookup when back button is clicked
Warning: An update to Warranty inside a test was not wrapped in act(...).

When testing, code that causes React state updates should be wrapped into act(...):

act(() => {
  /* fire events that update state */
});
/* assert on the output */

This ensures that you're testing the behavior the user would see in the browser. Learn more at https://reactjs.org/link/wrap-tests-with-act
    at Warranty (/home/aswin/Works/kirimku/smartseller-storefront/src/pages/Warranty.tsx:143:65)
    at Router (/home/aswin/Works/kirimku/smartseller-storefront/node_modules/react-router/dist/umd/react-router.development.js:1207:17)
    at BrowserRouter (/home/aswin/Works/kirimku/smartseller-storefront/node_modules/react-router-dom/dist/umd/react-router-dom.development.js:695:7)
    at AllTheProviders (/home/aswin/Works/kirimku/smartseller-storefront/src/test/test-utils.tsx:186:28)
Warning: An update to Warranty inside a test was not wrapped in act(...).

When testing, code that causes React state updates should be wrapped into act(...):

act(() => {
  /* fire events that update state */
});
/* assert on the output */

This ensures that you're testing the behavior the user would see in the browser. Learn more at https://reactjs.org/link/wrap-tests-with-act
    at Warranty (/home/aswin/Works/kirimku/smartseller-storefront/src/pages/Warranty.tsx:143:65)
    at Router (/home/aswin/Works/kirimku/smartseller-storefront/node_modules/react-router/dist/umd/react-router.development.js:1207:17)
    at BrowserRouter (/home/aswin/Works/kirimku/smartseller-storefront/node_modules/react-router-dom/dist/umd/react-router-dom.development.js:695:7)
    at AllTheProviders (/home/aswin/Works/kirimku/smartseller-storefront/src/test/test-utils.tsx:186:28)

stderr | src/test/warranty-e2e.test.tsx > Warranty Registration E2E Tests > Error Handling Flows > should handle invalid barcode scan
Warning: An update to Warranty inside a test was not wrapped in act(...).

When testing, code that causes React state updates should be wrapped into act(...):

act(() => {
  /* fire events that update state */
});
/* assert on the output */

This ensures that you're testing the behavior the user would see in the browser. Learn more at https://reactjs.org/link/wrap-tests-with-act
    at Warranty (/home/aswin/Works/kirimku/smartseller-storefront/src/pages/Warranty.tsx:143:65)
    at Router (/home/aswin/Works/kirimku/smartseller-storefront/node_modules/react-router/dist/umd/react-router.development.js:1207:17)
    at BrowserRouter (/home/aswin/Works/kirimku/smartseller-storefront/node_modules/react-router-dom/dist/umd/react-router-dom.development.js:695:7)
    at AllTheProviders (/home/aswin/Works/kirimku/smartseller-storefront/src/test/test-utils.tsx:186:28)
Warning: An update to Warranty inside a test was not wrapped in act(...).

When testing, code that causes React state updates should be wrapped into act(...):

act(() => {
  /* fire events that update state */
});
/* assert on the output */

This ensures that you're testing the behavior the user would see in the browser. Learn more at https://reactjs.org/link/wrap-tests-with-act
    at Warranty (/home/aswin/Works/kirimku/smartseller-storefront/src/pages/Warranty.tsx:143:65)
    at Router (/home/aswin/Works/kirimku/smartseller-storefront/node_modules/react-router/dist/umd/react-router.development.js:1207:17)
    at BrowserRouter (/home/aswin/Works/kirimku/smartseller-storefront/node_modules/react-router-dom/dist/umd/react-router-dom.development.js:695:7)
    at AllTheProviders (/home/aswin/Works/kirimku/smartseller-storefront/src/test/test-utils.tsx:186:28)

stderr | src/test/warranty-ui-components.test.tsx > Warranty UI Components > Navigation and Step Management > should show step indicator in registration flow
Warning: An update to Warranty inside a test was not wrapped in act(...).

When testing, code that causes React state updates should be wrapped into act(...):

act(() => {
  /* fire events that update state */
});
/* assert on the output */

This ensures that you're testing the behavior the user would see in the browser. Learn more at https://reactjs.org/link/wrap-tests-with-act
    at Warranty (/home/aswin/Works/kirimku/smartseller-storefront/src/pages/Warranty.tsx:143:65)
    at Router (/home/aswin/Works/kirimku/smartseller-storefront/node_modules/react-router/dist/umd/react-router.development.js:1207:17)
    at BrowserRouter (/home/aswin/Works/kirimku/smartseller-storefront/node_modules/react-router-dom/dist/umd/react-router-dom.development.js:695:7)
    at AllTheProviders (/home/aswin/Works/kirimku/smartseller-storefront/src/test/test-utils.tsx:186:28)
Warning: An update to Warranty inside a test was not wrapped in act(...).

When testing, code that causes React state updates should be wrapped into act(...):

act(() => {
  /* fire events that update state */
});
/* assert on the output */

This ensures that you're testing the behavior the user would see in the browser. Learn more at https://reactjs.org/link/wrap-tests-with-act
    at Warranty (/home/aswin/Works/kirimku/smartseller-storefront/src/pages/Warranty.tsx:143:65)
    at Router (/home/aswin/Works/kirimku/smartseller-storefront/node_modules/react-router/dist/umd/react-router.development.js:1207:17)
    at BrowserRouter (/home/aswin/Works/kirimku/smartseller-storefront/node_modules/react-router-dom/dist/umd/react-router-dom.development.js:695:7)
    at AllTheProviders (/home/aswin/Works/kirimku/smartseller-storefront/src/test/test-utils.tsx:186:28)

stderr | src/test/warranty-e2e.test.tsx > Warranty Registration E2E Tests > Form Validation Flows > should prevent submission with missing required fields
Warning: An update to Warranty inside a test was not wrapped in act(...).

When testing, code that causes React state updates should be wrapped into act(...):

act(() => {
  /* fire events that update state */
});
/* assert on the output */

This ensures that you're testing the behavior the user would see in the browser. Learn more at https://reactjs.org/link/wrap-tests-with-act
    at Warranty (/home/aswin/Works/kirimku/smartseller-storefront/src/pages/Warranty.tsx:143:65)
    at Router (/home/aswin/Works/kirimku/smartseller-storefront/node_modules/react-router/dist/umd/react-router.development.js:1207:17)
    at BrowserRouter (/home/aswin/Works/kirimku/smartseller-storefront/node_modules/react-router-dom/dist/umd/react-router-dom.development.js:695:7)
    at AllTheProviders (/home/aswin/Works/kirimku/smartseller-storefront/src/test/test-utils.tsx:186:28)
Warning: An update to Warranty inside a test was not wrapped in act(...).

When testing, code that causes React state updates should be wrapped into act(...):

act(() => {
  /* fire events that update state */
});
/* assert on the output */

This ensures that you're testing the behavior the user would see in the browser. Learn more at https://reactjs.org/link/wrap-tests-with-act
    at Warranty (/home/aswin/Works/kirimku/smartseller-storefront/src/pages/Warranty.tsx:143:65)
    at Router (/home/aswin/Works/kirimku/smartseller-storefront/node_modules/react-router/dist/umd/react-router.development.js:1207:17)
    at BrowserRouter (/home/aswin/Works/kirimku/smartseller-storefront/node_modules/react-router-dom/dist/umd/react-router-dom.development.js:695:7)
    at AllTheProviders (/home/aswin/Works/kirimku/smartseller-storefront/src/test/test-utils.tsx:186:28)

stderr | src/test/warranty-ui-components.test.tsx > Warranty UI Components > Registration Form UI Components > should render product information section with all required fields
Warning: An update to Warranty inside a test was not wrapped in act(...).

When testing, code that causes React state updates should be wrapped into act(...):

act(() => {
  /* fire events that update state */
});
/* assert on the output */

This ensures that you're testing the behavior the user would see in the browser. Learn more at https://reactjs.org/link/wrap-tests-with-act
    at Warranty (/home/aswin/Works/kirimku/smartseller-storefront/src/pages/Warranty.tsx:143:65)
    at Router (/home/aswin/Works/kirimku/smartseller-storefront/node_modules/react-router/dist/umd/react-router.development.js:1207:17)
    at BrowserRouter (/home/aswin/Works/kirimku/smartseller-storefront/node_modules/react-router-dom/dist/umd/react-router-dom.development.js:695:7)
    at AllTheProviders (/home/aswin/Works/kirimku/smartseller-storefront/src/test/test-utils.tsx:186:28)
Warning: An update to Warranty inside a test was not wrapped in act(...).

When testing, code that causes React state updates should be wrapped into act(...):

act(() => {
  /* fire events that update state */
});
/* assert on the output */

This ensures that you're testing the behavior the user would see in the browser. Learn more at https://reactjs.org/link/wrap-tests-with-act
    at Warranty (/home/aswin/Works/kirimku/smartseller-storefront/src/pages/Warranty.tsx:143:65)
    at Router (/home/aswin/Works/kirimku/smartseller-storefront/node_modules/react-router/dist/umd/react-router.development.js:1207:17)
    at BrowserRouter (/home/aswin/Works/kirimku/smartseller-storefront/node_modules/react-router-dom/dist/umd/react-router-dom.development.js:695:7)
    at AllTheProviders (/home/aswin/Works/kirimku/smartseller-storefront/src/test/test-utils.tsx:186:28)

stderr | src/test/barcode-scanner-integration.test.tsx > Barcode Scanner Integration > Scanner Mode Management > should set scanner mode to lookup when opened from lookup step
Error: useTenant must be used within a TenantProvider
    at Module.useTenant (/home/aswin/Works/kirimku/smartseller-storefront/src/contexts/TenantContext.tsx:386:11)
    at Header (/home/aswin/Works/kirimku/smartseller-storefront/src/components/common/Header.tsx:39:22)
    at renderWithHooks (/home/aswin/Works/kirimku/smartseller-storefront/node_modules/react-dom/cjs/react-dom.development.js:15486:18)
    at mountIndeterminateComponent (/home/aswin/Works/kirimku/smartseller-storefront/node_modules/react-dom/cjs/react-dom.development.js:20103:13)
    at beginWork (/home/aswin/Works/kirimku/smartseller-storefront/node_modules/react-dom/cjs/react-dom.development.js:21626:16)
    at HTMLUnknownElement.callCallback (/home/aswin/Works/kirimku/smartseller-storefront/node_modules/react-dom/cjs/react-dom.development.js:4164:14)
    at HTMLUnknownElement.callTheUserObjectsOperation (/home/aswin/Works/kirimku/smartseller-storefront/node_modules/jsdom/lib/jsdom/living/generated/EventListener.js:26:30)
    at innerInvokeEventListeners (/home/aswin/Works/kirimku/smartseller-storefront/node_modules/jsdom/lib/jsdom/living/events/EventTarget-impl.js:360:16)
    at invokeEventListeners (/home/aswin/Works/kirimku/smartseller-storefront/node_modules/jsdom/lib/jsdom/living/events/EventTarget-impl.js:296:3)
    at HTMLUnknownElementImpl._dispatch (/home/aswin/Works/kirimku/smartseller-storefront/node_modules/jsdom/lib/jsdom/living/events/EventTarget-impl.js:243:9)
Error: useTenant must be used within a TenantProvider
    at Module.useTenant (/home/aswin/Works/kirimku/smartseller-storefront/src/contexts/TenantContext.tsx:386:11)
    at Header (/home/aswin/Works/kirimku/smartseller-storefront/src/components/common/Header.tsx:39:22)
    at renderWithHooks (/home/aswin/Works/kirimku/smartseller-storefront/node_modules/react-dom/cjs/react-dom.development.js:15486:18)
    at mountIndeterminateComponent (/home/aswin/Works/kirimku/smartseller-storefront/node_modules/react-dom/cjs/react-dom.development.js:20103:13)
    at beginWork (/home/aswin/Works/kirimku/smartseller-storefront/node_modules/react-dom/cjs/react-dom.development.js:21626:16)
    at HTMLUnknownElement.callCallback (/home/aswin/Works/kirimku/smartseller-storefront/node_modules/react-dom/cjs/react-dom.development.js:4164:14)
    at HTMLUnknownElement.callTheUserObjectsOperation (/home/aswin/Works/kirimku/smartseller-storefront/node_modules/jsdom/lib/jsdom/living/generated/EventListener.js:26:30)
    at innerInvokeEventListeners (/home/aswin/Works/kirimku/smartseller-storefront/node_modules/jsdom/lib/jsdom/living/events/EventTarget-impl.js:360:16)
    at invokeEventListeners (/home/aswin/Works/kirimku/smartseller-storefront/node_modules/jsdom/lib/jsdom/living/events/EventTarget-impl.js:296:3)
    at HTMLUnknownElementImpl._dispatch (/home/aswin/Works/kirimku/smartseller-storefront/node_modules/jsdom/lib/jsdom/living/events/EventTarget-impl.js:243:9)
The above error occurred in the <Header> component:

    at Header (/home/aswin/Works/kirimku/smartseller-storefront/src/components/common/Header.tsx:23:19)
    at div
    at Warranty (/home/aswin/Works/kirimku/smartseller-storefront/src/pages/Warranty.tsx:143:65)
    at Router (/home/aswin/Works/kirimku/smartseller-storefront/node_modules/react-router/dist/umd/react-router.development.js:1207:17)
    at BrowserRouter (/home/aswin/Works/kirimku/smartseller-storefront/node_modules/react-router-dom/dist/umd/react-router-dom.development.js:695:7)

Consider adding an error boundary to your tree to customize error handling behavior.
Visit https://reactjs.org/link/error-boundaries to learn more about error boundaries.

stderr | src/test/warranty-e2e.test.tsx > Warranty Registration E2E Tests > Form Validation Flows > should validate email format
Warning: An update to Warranty inside a test was not wrapped in act(...).

When testing, code that causes React state updates should be wrapped into act(...):

act(() => {
  /* fire events that update state */
});
/* assert on the output */

This ensures that you're testing the behavior the user would see in the browser. Learn more at https://reactjs.org/link/wrap-tests-with-act
    at Warranty (/home/aswin/Works/kirimku/smartseller-storefront/src/pages/Warranty.tsx:143:65)
    at Router (/home/aswin/Works/kirimku/smartseller-storefront/node_modules/react-router/dist/umd/react-router.development.js:1207:17)
    at BrowserRouter (/home/aswin/Works/kirimku/smartseller-storefront/node_modules/react-router-dom/dist/umd/react-router-dom.development.js:695:7)
    at AllTheProviders (/home/aswin/Works/kirimku/smartseller-storefront/src/test/test-utils.tsx:186:28)
Warning: An update to Warranty inside a test was not wrapped in act(...).

When testing, code that causes React state updates should be wrapped into act(...):

act(() => {
  /* fire events that update state */
});
/* assert on the output */

This ensures that you're testing the behavior the user would see in the browser. Learn more at https://reactjs.org/link/wrap-tests-with-act
    at Warranty (/home/aswin/Works/kirimku/smartseller-storefront/src/pages/Warranty.tsx:143:65)
    at Router (/home/aswin/Works/kirimku/smartseller-storefront/node_modules/react-router/dist/umd/react-router.development.js:1207:17)
    at BrowserRouter (/home/aswin/Works/kirimku/smartseller-storefront/node_modules/react-router-dom/dist/umd/react-router-dom.development.js:695:7)
    at AllTheProviders (/home/aswin/Works/kirimku/smartseller-storefront/src/test/test-utils.tsx:186:28)

stderr | src/test/barcode-scanner-integration.test.tsx > Barcode Scanner Integration > Scanner Mode Management > should set scanner mode to register when opened from registration step
Error: useTenant must be used within a TenantProvider
    at Module.useTenant (/home/aswin/Works/kirimku/smartseller-storefront/src/contexts/TenantContext.tsx:386:11)
    at Header (/home/aswin/Works/kirimku/smartseller-storefront/src/components/common/Header.tsx:39:22)
    at renderWithHooks (/home/aswin/Works/kirimku/smartseller-storefront/node_modules/react-dom/cjs/react-dom.development.js:15486:18)
    at mountIndeterminateComponent (/home/aswin/Works/kirimku/smartseller-storefront/node_modules/react-dom/cjs/react-dom.development.js:20103:13)
    at beginWork (/home/aswin/Works/kirimku/smartseller-storefront/node_modules/react-dom/cjs/react-dom.development.js:21626:16)
    at HTMLUnknownElement.callCallback (/home/aswin/Works/kirimku/smartseller-storefront/node_modules/react-dom/cjs/react-dom.development.js:4164:14)
    at HTMLUnknownElement.callTheUserObjectsOperation (/home/aswin/Works/kirimku/smartseller-storefront/node_modules/jsdom/lib/jsdom/living/generated/EventListener.js:26:30)
    at innerInvokeEventListeners (/home/aswin/Works/kirimku/smartseller-storefront/node_modules/jsdom/lib/jsdom/living/events/EventTarget-impl.js:360:16)
    at invokeEventListeners (/home/aswin/Works/kirimku/smartseller-storefront/node_modules/jsdom/lib/jsdom/living/events/EventTarget-impl.js:296:3)
    at HTMLUnknownElementImpl._dispatch (/home/aswin/Works/kirimku/smartseller-storefront/node_modules/jsdom/lib/jsdom/living/events/EventTarget-impl.js:243:9)
Error: useTenant must be used within a TenantProvider
    at Module.useTenant (/home/aswin/Works/kirimku/smartseller-storefront/src/contexts/TenantContext.tsx:386:11)
    at Header (/home/aswin/Works/kirimku/smartseller-storefront/src/components/common/Header.tsx:39:22)
    at renderWithHooks (/home/aswin/Works/kirimku/smartseller-storefront/node_modules/react-dom/cjs/react-dom.development.js:15486:18)
    at mountIndeterminateComponent (/home/aswin/Works/kirimku/smartseller-storefront/node_modules/react-dom/cjs/react-dom.development.js:20103:13)
    at beginWork (/home/aswin/Works/kirimku/smartseller-storefront/node_modules/react-dom/cjs/react-dom.development.js:21626:16)
    at HTMLUnknownElement.callCallback (/home/aswin/Works/kirimku/smartseller-storefront/node_modules/react-dom/cjs/react-dom.development.js:4164:14)
    at HTMLUnknownElement.callTheUserObjectsOperation (/home/aswin/Works/kirimku/smartseller-storefront/node_modules/jsdom/lib/jsdom/living/generated/EventListener.js:26:30)
    at innerInvokeEventListeners (/home/aswin/Works/kirimku/smartseller-storefront/node_modules/jsdom/lib/jsdom/living/events/EventTarget-impl.js:360:16)
    at invokeEventListeners (/home/aswin/Works/kirimku/smartseller-storefront/node_modules/jsdom/lib/jsdom/living/events/EventTarget-impl.js:296:3)
    at HTMLUnknownElementImpl._dispatch (/home/aswin/Works/kirimku/smartseller-storefront/node_modules/jsdom/lib/jsdom/living/events/EventTarget-impl.js:243:9)
The above error occurred in the <Header> component:

    at Header (/home/aswin/Works/kirimku/smartseller-storefront/src/components/common/Header.tsx:23:19)
    at div
    at Warranty (/home/aswin/Works/kirimku/smartseller-storefront/src/pages/Warranty.tsx:143:65)
    at Router (/home/aswin/Works/kirimku/smartseller-storefront/node_modules/react-router/dist/umd/react-router.development.js:1207:17)
    at BrowserRouter (/home/aswin/Works/kirimku/smartseller-storefront/node_modules/react-router-dom/dist/umd/react-router-dom.development.js:695:7)

Consider adding an error boundary to your tree to customize error handling behavior.
Visit https://reactjs.org/link/error-boundaries to learn more about error boundaries.

 × src/test/barcode-scanner-integration.test.tsx > Barcode Scanner Integration > Scanner Mode Management > should set scanner mode to lookup when opened from lookup step 88ms
   → useTenant must be used within a TenantProvider
stderr | src/test/warranty-e2e.test.tsx > Warranty Registration E2E Tests > Form Validation Flows > should validate barcode length
Warning: An update to Warranty inside a test was not wrapped in act(...).

When testing, code that causes React state updates should be wrapped into act(...):

act(() => {
  /* fire events that update state */
});
/* assert on the output */

This ensures that you're testing the behavior the user would see in the browser. Learn more at https://reactjs.org/link/wrap-tests-with-act
    at Warranty (/home/aswin/Works/kirimku/smartseller-storefront/src/pages/Warranty.tsx:143:65)
    at Router (/home/aswin/Works/kirimku/smartseller-storefront/node_modules/react-router/dist/umd/react-router.development.js:1207:17)
    at BrowserRouter (/home/aswin/Works/kirimku/smartseller-storefront/node_modules/react-router-dom/dist/umd/react-router-dom.development.js:695:7)
    at AllTheProviders (/home/aswin/Works/kirimku/smartseller-storefront/src/test/test-utils.tsx:186:28)
Warning: An update to Warranty inside a test was not wrapped in act(...).

When testing, code that causes React state updates should be wrapped into act(...):

act(() => {
  /* fire events that update state */
});
/* assert on the output */

This ensures that you're testing the behavior the user would see in the browser. Learn more at https://reactjs.org/link/wrap-tests-with-act
    at Warranty (/home/aswin/Works/kirimku/smartseller-storefront/src/pages/Warranty.tsx:143:65)
    at Router (/home/aswin/Works/kirimku/smartseller-storefront/node_modules/react-router/dist/umd/react-router.development.js:1207:17)
    at BrowserRouter (/home/aswin/Works/kirimku/smartseller-storefront/node_modules/react-router-dom/dist/umd/react-router-dom.development.js:695:7)
    at AllTheProviders (/home/aswin/Works/kirimku/smartseller-storefront/src/test/test-utils.tsx:186:28)

 × src/test/warranty-e2e.test.tsx > Warranty Registration E2E Tests > Error Handling Flows > should handle registration failure gracefully 37ms
   → Unable to find an element with the text: Register New Product. This could be because the text is broken up by multiple elements. In this case, you can provide a function for your text matcher to make your matcher more flexible.

Ignored nodes: comments, script, style
[36m<body>[39m
  [36m<div>[39m
    [36m<div[39m
      [33mclass[39m=[32m"min-h-screen bg-background pb-24"[39m
    [36m>[39m
      [36m<header[39m
        [33mclass[39m=[32m"sticky top-0 z-40 bg-background/95 backdrop-blur-lg border-b border-border"[39m
      [36m>[39m
        [36m<div[39m
          [33mclass[39m=[32m"container max-w-7xl mx-auto px-4 py-4"[39m
        [36m>[39m
          [36m<div[39m
            [33mclass[39m=[32m"flex items-center justify-between"[39m
          [36m>[39m
            [36m<div[39m
              [33mclass[39m=[32m"flex items-center gap-4"[39m
            [36m>[39m
              [36m<div[39m
                [33mclass[39m=[32m"flex items-center gap-3 cursor-pointer"[39m
              [36m>[39m
                [36m<img[39m
                  [33malt[39m=[32m"Test Store"[39m
                  [33mclass[39m=[32m"h-8 w-auto"[39m
                  [33msrc[39m=[32m"/test-logo.png"[39m
                [36m/>[39m
                [36m<div[39m
                  [33mclass[39m=[32m"hidden sm:flex flex-col"[39m
                [36m>[39m
                  [36m<span[39m
                    [33mclass[39m=[32m"font-semibold text-lg"[39m
                  [36m>[39m
                    [0mTest Store[0m
                  [36m</span>[39m
                  [36m<span[39m
                    [33mclass[39m=[32m"text-xs text-muted-foreground"[39m
                  [36m>[39m
                    [0mTest Store Tagline[0m
                  [36m</span>[39m
                [36m</div>[39m
              [36m</div>[39m
            [36m</div>[39m
            [36m<h1[39m
              [33mclass[39m=[32m"text-lg font-semibold hidden md:block"[39m
            [36m>[39m
              [0mWarranty[0m
            [36m</h1>[39m
            [36m<div[39m
              [33mclass[39m=[32m"flex items-center gap-4"[39m
            [36m>[39m
              [36m<button[39m
                [33mclass[39m=[32m"items-center justify-center gap-2 whitespace-nowrap text-sm font-medium ring-offset-background transition-colors focus-visible:outline-none focus-visible:ring-2 focus-visible:ring-ring focus-visible:ring-offset-2 disabled:pointer-events-none disabled:opacity-50 [&_svg]:pointer-events-none [&_svg]:size-4 [&_svg]:shrink-0 hover:bg-accent hover:text-accent-foreground h-9 rounded-md px-3 hidden sm:flex"[39m
              [36m>[39m
                [0mLogin[0m
              [36m</button>[39m
              [36m<button[39m
                [33mclass[39m=[32m"items-center justify-center gap-2 whitespace-nowrap text-sm font-medium ring-offset-background transition-colors focus-visible:outline-none focus-visible:ring-2 focus-visible:ring-ring focus-visible:ring-offset-2 disabled:pointer-events-none disabled:opacity-50 [&_svg]:pointer-events-none [&_svg]:size-4 [&_svg]:shrink-0 bg-primary text-primary-foreground hover:bg-primary/90 h-9 rounded-md px-3 hidden sm:flex"[39m
              [36m>[39m
                [36m<svg[39m
                  [33mclass[39m=[32m"lucide lucide-user-plus w-4 h-4 mr-2"[39m
                  [33mfill[39m=[32m"none"[39m
                  [33mheight[39m=[32m"24"[39m
                  [33mstroke[39m=[32m"currentColor"[39m
                  [33mstroke-linecap[39m=[32m"round"[39m
                  [33mstroke-linejoin[39m=[32m"round"[39m
                  [33mstroke-width[39m=[32m"2"[39m
                  [33mviewBox[39m=[32m"0 0 24 24"[39m
                  [33mwidth[39m=[32m"24"[39m
                  [33mxmlns[39m=[32m"http://www.w3.org/2000/svg"[39m
                [36m>[39m
                  [36m<path[39m
                    [33md[39m=[32m"M16 21v-2a4 4 0 0 0-4-4H6a4 4 0 0 0-4 4v2"[39m
                  [36m/>[39m
                  [36m<circle[39m
                    [33mcx[39m=[32m"9"[39m
                    [33mcy[39m=[32m"7"[39m
                    [33mr[39m=[32m"4"[39m
                  [36m/>[39m
                  [36m<line[39m
                    [33mx1[39m=[32m"19"[39m
                    [33mx2[39m=[32m"19"[39m
                    [33my1[39m=[32m"8"[39m
                    [33my2[39m=[32m"14"[39m
                  [36m/>[39m
                  [36m<line[39m
                    [33mx1[39m=[32m"22"[39m
                    [33mx2[39m=[32m"16"[39m
                    [33my1[39m=[32m"11"[39m
                    [33my2[39m=[32m"11"[39m
                  [36m/>[39m
                [36m</svg>[39m
                [0mRegister[0m
              [36m</button>[39m
              [36m<button[39m
                [33mclass[39m=[32m"inline-flex items-center justify-center gap-2 whitespace-nowrap text-sm font-medium ring-offset-background transition-colors focus-visible:outline-none focus-visible:ring-2 focus-visible:ring-ring focus-visible:ring-offset-2 disabled:pointer-events-none disabled:opacity-50 [&_svg]:pointer-events-none [&_svg]:size-4 [&_svg]:shrink-0 hover:bg-accent hover:text-accent-foreground h-9 rounded-md px-3 md:hidden"[39m
              [36m>[39m
                [36m<svg[39m
                  [33mclass[39m=[32m"lucide lucide-menu w-5 h-5"[39m
                  [33mfill[39m=[32m"none"[39m
                  [33mheight[39m=[32m"24"[39m
                  [33mstroke[39m=[32m"currentColor"[39m
                  [33mstroke-linecap[39m=[32m"round"[39m
                  [33mstroke-linejoin[39m=[32m"round"[39m
                  [33mstroke-width[39m=[32m"2"[39m
                  [33mviewBox[39m=[32m"0 0 24 24"[39m
                  [33mwidth[39m=[32m"24"[39m
                  [33mxmlns[39m=[32m"http://www.w3.org/2000/svg"[39m
                [36m>[39m
                  [36m<line[39m
                    [33mx1[39m=[32m"4"[39m
                    [33mx2[39m=[32m"20"[39m
                    [33my1[39m=[32m"12"[39m
                    [33my2[39m=[32m"12"[39m
                  [36m/>[39m
                  [36m<line[39m
                    [33mx1[39m=[32m"4"[39m
                    [33mx2[39m=[32m"20"[39m
                    [33my1[39m=[32m"6"[39m
                    [33my2[39m=[32m"6"[39m
                  [36m/>[39m
                  [36m<line[39m
                    [33mx1[39m=[32m"4"[39m
                    [33mx2[39m=[32m"20"[39m
                    [33my1[39m=[32m"18"[39m
                    [33my2[39m=[32m"18"[39m
                  [36m/>[39m
                [36m</svg>[39m
              [36m</button>[39m
            [36m</div>[39m
          [36m</div>[39m
        [36m</div>[39m
      [36m</header>[39m
      [36m<div[39m
        [33mclass[39m=[32m"container max-w-2xl mx-auto px-6 py-8"[39m
      [36m>[39m
        [36m<div[39m
          [33mclass[39m=[32m"space-y-6"[39m
        [36m>[39m
    ...
 × src/test/warranty-e2e.test.tsx > Warranty Registration E2E Tests > Error Handling Flows > should handle network errors during registration 22ms
   → Unable to find an element with the text: Register New Product. This could be because the text is broken up by multiple elements. In this case, you can provide a function for your text matcher to make your matcher more flexible.

Ignored nodes: comments, script, style
[36m<body>[39m
  [36m<div>[39m
    [36m<div[39m
      [33mclass[39m=[32m"min-h-screen bg-background pb-24"[39m
    [36m>[39m
      [36m<header[39m
        [33mclass[39m=[32m"sticky top-0 z-40 bg-background/95 backdrop-blur-lg border-b border-border"[39m
      [36m>[39m
        [36m<div[39m
          [33mclass[39m=[32m"container max-w-7xl mx-auto px-4 py-4"[39m
        [36m>[39m
          [36m<div[39m
            [33mclass[39m=[32m"flex items-center justify-between"[39m
          [36m>[39m
            [36m<div[39m
              [33mclass[39m=[32m"flex items-center gap-4"[39m
            [36m>[39m
              [36m<div[39m
                [33mclass[39m=[32m"flex items-center gap-3 cursor-pointer"[39m
              [36m>[39m
                [36m<img[39m
                  [33malt[39m=[32m"Test Store"[39m
                  [33mclass[39m=[32m"h-8 w-auto"[39m
                  [33msrc[39m=[32m"/test-logo.png"[39m
                [36m/>[39m
                [36m<div[39m
                  [33mclass[39m=[32m"hidden sm:flex flex-col"[39m
                [36m>[39m
                  [36m<span[39m
                    [33mclass[39m=[32m"font-semibold text-lg"[39m
                  [36m>[39m
                    [0mTest Store[0m
                  [36m</span>[39m
                  [36m<span[39m
                    [33mclass[39m=[32m"text-xs text-muted-foreground"[39m
                  [36m>[39m
                    [0mTest Store Tagline[0m
                  [36m</span>[39m
                [36m</div>[39m
              [36m</div>[39m
            [36m</div>[39m
            [36m<h1[39m
              [33mclass[39m=[32m"text-lg font-semibold hidden md:block"[39m
            [36m>[39m
              [0mWarranty[0m
            [36m</h1>[39m
            [36m<div[39m
              [33mclass[39m=[32m"flex items-center gap-4"[39m
            [36m>[39m
              [36m<button[39m
                [33mclass[39m=[32m"items-center justify-center gap-2 whitespace-nowrap text-sm font-medium ring-offset-background transition-colors focus-visible:outline-none focus-visible:ring-2 focus-visible:ring-ring focus-visible:ring-offset-2 disabled:pointer-events-none disabled:opacity-50 [&_svg]:pointer-events-none [&_svg]:size-4 [&_svg]:shrink-0 hover:bg-accent hover:text-accent-foreground h-9 rounded-md px-3 hidden sm:flex"[39m
              [36m>[39m
                [0mLogin[0m
              [36m</button>[39m
              [36m<button[39m
                [33mclass[39m=[32m"items-center justify-center gap-2 whitespace-nowrap text-sm font-medium ring-offset-background transition-colors focus-visible:outline-none focus-visible:ring-2 focus-visible:ring-ring focus-visible:ring-offset-2 disabled:pointer-events-none disabled:opacity-50 [&_svg]:pointer-events-none [&_svg]:size-4 [&_svg]:shrink-0 bg-primary text-primary-foreground hover:bg-primary/90 h-9 rounded-md px-3 hidden sm:flex"[39m
              [36m>[39m
                [36m<svg[39m
                  [33mclass[39m=[32m"lucide lucide-user-plus w-4 h-4 mr-2"[39m
                  [33mfill[39m=[32m"none"[39m
                  [33mheight[39m=[32m"24"[39m
                  [33mstroke[39m=[32m"currentColor"[39m
                  [33mstroke-linecap[39m=[32m"round"[39m
                  [33mstroke-linejoin[39m=[32m"round"[39m
                  [33mstroke-width[39m=[32m"2"[39m
                  [33mviewBox[39m=[32m"0 0 24 24"[39m
                  [33mwidth[39m=[32m"24"[39m
                  [33mxmlns[39m=[32m"http://www.w3.org/2000/svg"[39m
                [36m>[39m
                  [36m<path[39m
                    [33md[39m=[32m"M16 21v-2a4 4 0 0 0-4-4H6a4 4 0 0 0-4 4v2"[39m
                  [36m/>[39m
                  [36m<circle[39m
                    [33mcx[39m=[32m"9"[39m
                    [33mcy[39m=[32m"7"[39m
                    [33mr[39m=[32m"4"[39m
                  [36m/>[39m
                  [36m<line[39m
                    [33mx1[39m=[32m"19"[39m
                    [33mx2[39m=[32m"19"[39m
                    [33my1[39m=[32m"8"[39m
                    [33my2[39m=[32m"14"[39m
                  [36m/>[39m
                  [36m<line[39m
                    [33mx1[39m=[32m"22"[39m
                    [33mx2[39m=[32m"16"[39m
                    [33my1[39m=[32m"11"[39m
                    [33my2[39m=[32m"11"[39m
                  [36m/>[39m
                [36m</svg>[39m
                [0mRegister[0m
              [36m</button>[39m
              [36m<button[39m
                [33mclass[39m=[32m"inline-flex items-center justify-center gap-2 whitespace-nowrap text-sm font-medium ring-offset-background transition-colors focus-visible:outline-none focus-visible:ring-2 focus-visible:ring-ring focus-visible:ring-offset-2 disabled:pointer-events-none disabled:opacity-50 [&_svg]:pointer-events-none [&_svg]:size-4 [&_svg]:shrink-0 hover:bg-accent hover:text-accent-foreground h-9 rounded-md px-3 md:hidden"[39m
              [36m>[39m
                [36m<svg[39m
                  [33mclass[39m=[32m"lucide lucide-menu w-5 h-5"[39m
                  [33mfill[39m=[32m"none"[39m
                  [33mheight[39m=[32m"24"[39m
                  [33mstroke[39m=[32m"currentColor"[39m
                  [33mstroke-linecap[39m=[32m"round"[39m
                  [33mstroke-linejoin[39m=[32m"round"[39m
                  [33mstroke-width[39m=[32m"2"[39m
                  [33mviewBox[39m=[32m"0 0 24 24"[39m
                  [33mwidth[39m=[32m"24"[39m
                  [33mxmlns[39m=[32m"http://www.w3.org/2000/svg"[39m
                [36m>[39m
                  [36m<line[39m
                    [33mx1[39m=[32m"4"[39m
                    [33mx2[39m=[32m"20"[39m
                    [33my1[39m=[32m"12"[39m
                    [33my2[39m=[32m"12"[39m
                  [36m/>[39m
                  [36m<line[39m
                    [33mx1[39m=[32m"4"[39m
                    [33mx2[39m=[32m"20"[39m
                    [33my1[39m=[32m"6"[39m
                    [33my2[39m=[32m"6"[39m
                  [36m/>[39m
                  [36m<line[39m
                    [33mx1[39m=[32m"4"[39m
                    [33mx2[39m=[32m"20"[39m
                    [33my1[39m=[32m"18"[39m
                    [33my2[39m=[32m"18"[39m
                  [36m/>[39m
                [36m</svg>[39m
              [36m</button>[39m
            [36m</div>[39m
          [36m</div>[39m
        [36m</div>[39m
      [36m</header>[39m
      [36m<div[39m
        [33mclass[39m=[32m"container max-w-2xl mx-auto px-6 py-8"[39m
      [36m>[39m
        [36m<div[39m
          [33mclass[39m=[32m"space-y-6"[39m
        [36m>[39m
    ...
 × src/test/warranty-e2e.test.tsx > Warranty Registration E2E Tests > Error Handling Flows > should handle invalid barcode scan 26ms
   → Unable to find an element with the text: Register New Product. This could be because the text is broken up by multiple elements. In this case, you can provide a function for your text matcher to make your matcher more flexible.

Ignored nodes: comments, script, style
[36m<body>[39m
  [36m<div>[39m
    [36m<div[39m
      [33mclass[39m=[32m"min-h-screen bg-background pb-24"[39m
    [36m>[39m
      [36m<header[39m
        [33mclass[39m=[32m"sticky top-0 z-40 bg-background/95 backdrop-blur-lg border-b border-border"[39m
      [36m>[39m
        [36m<div[39m
          [33mclass[39m=[32m"container max-w-7xl mx-auto px-4 py-4"[39m
        [36m>[39m
          [36m<div[39m
            [33mclass[39m=[32m"flex items-center justify-between"[39m
          [36m>[39m
            [36m<div[39m
              [33mclass[39m=[32m"flex items-center gap-4"[39m
            [36m>[39m
              [36m<div[39m
                [33mclass[39m=[32m"flex items-center gap-3 cursor-pointer"[39m
              [36m>[39m
                [36m<img[39m
                  [33malt[39m=[32m"Test Store"[39m
                  [33mclass[39m=[32m"h-8 w-auto"[39m
                  [33msrc[39m=[32m"/test-logo.png"[39m
                [36m/>[39m
                [36m<div[39m
                  [33mclass[39m=[32m"hidden sm:flex flex-col"[39m
                [36m>[39m
                  [36m<span[39m
                    [33mclass[39m=[32m"font-semibold text-lg"[39m
                  [36m>[39m
                    [0mTest Store[0m
                  [36m</span>[39m
                  [36m<span[39m
                    [33mclass[39m=[32m"text-xs text-muted-foreground"[39m
                  [36m>[39m
                    [0mTest Store Tagline[0m
                  [36m</span>[39m
                [36m</div>[39m
              [36m</div>[39m
            [36m</div>[39m
            [36m<h1[39m
              [33mclass[39m=[32m"text-lg font-semibold hidden md:block"[39m
            [36m>[39m
              [0mWarranty[0m
            [36m</h1>[39m
            [36m<div[39m
              [33mclass[39m=[32m"flex items-center gap-4"[39m
            [36m>[39m
              [36m<button[39m
                [33mclass[39m=[32m"items-center justify-center gap-2 whitespace-nowrap text-sm font-medium ring-offset-background transition-colors focus-visible:outline-none focus-visible:ring-2 focus-visible:ring-ring focus-visible:ring-offset-2 disabled:pointer-events-none disabled:opacity-50 [&_svg]:pointer-events-none [&_svg]:size-4 [&_svg]:shrink-0 hover:bg-accent hover:text-accent-foreground h-9 rounded-md px-3 hidden sm:flex"[39m
              [36m>[39m
                [0mLogin[0m
              [36m</button>[39m
              [36m<button[39m
                [33mclass[39m=[32m"items-center justify-center gap-2 whitespace-nowrap text-sm font-medium ring-offset-background transition-colors focus-visible:outline-none focus-visible:ring-2 focus-visible:ring-ring focus-visible:ring-offset-2 disabled:pointer-events-none disabled:opacity-50 [&_svg]:pointer-events-none [&_svg]:size-4 [&_svg]:shrink-0 bg-primary text-primary-foreground hover:bg-primary/90 h-9 rounded-md px-3 hidden sm:flex"[39m
              [36m>[39m
                [36m<svg[39m
                  [33mclass[39m=[32m"lucide lucide-user-plus w-4 h-4 mr-2"[39m
                  [33mfill[39m=[32m"none"[39m
                  [33mheight[39m=[32m"24"[39m
                  [33mstroke[39m=[32m"currentColor"[39m
                  [33mstroke-linecap[39m=[32m"round"[39m
                  [33mstroke-linejoin[39m=[32m"round"[39m
                  [33mstroke-width[39m=[32m"2"[39m
                  [33mviewBox[39m=[32m"0 0 24 24"[39m
                  [33mwidth[39m=[32m"24"[39m
                  [33mxmlns[39m=[32m"http://www.w3.org/2000/svg"[39m
                [36m>[39m
                  [36m<path[39m
                    [33md[39m=[32m"M16 21v-2a4 4 0 0 0-4-4H6a4 4 0 0 0-4 4v2"[39m
                  [36m/>[39m
                  [36m<circle[39m
                    [33mcx[39m=[32m"9"[39m
                    [33mcy[39m=[32m"7"[39m
                    [33mr[39m=[32m"4"[39m
                  [36m/>[39m
                  [36m<line[39m
                    [33mx1[39m=[32m"19"[39m
                    [33mx2[39m=[32m"19"[39m
                    [33my1[39m=[32m"8"[39m
                    [33my2[39m=[32m"14"[39m
                  [36m/>[39m
                  [36m<line[39m
                    [33mx1[39m=[32m"22"[39m
                    [33mx2[39m=[32m"16"[39m
                    [33my1[39m=[32m"11"[39m
                    [33my2[39m=[32m"11"[39m
                  [36m/>[39m
                [36m</svg>[39m
                [0mRegister[0m
              [36m</button>[39m
              [36m<button[39m
                [33mclass[39m=[32m"inline-flex items-center justify-center gap-2 whitespace-nowrap text-sm font-medium ring-offset-background transition-colors focus-visible:outline-none focus-visible:ring-2 focus-visible:ring-ring focus-visible:ring-offset-2 disabled:pointer-events-none disabled:opacity-50 [&_svg]:pointer-events-none [&_svg]:size-4 [&_svg]:shrink-0 hover:bg-accent hover:text-accent-foreground h-9 rounded-md px-3 md:hidden"[39m
              [36m>[39m
                [36m<svg[39m
                  [33mclass[39m=[32m"lucide lucide-menu w-5 h-5"[39m
                  [33mfill[39m=[32m"none"[39m
                  [33mheight[39m=[32m"24"[39m
                  [33mstroke[39m=[32m"currentColor"[39m
                  [33mstroke-linecap[39m=[32m"round"[39m
                  [33mstroke-linejoin[39m=[32m"round"[39m
                  [33mstroke-width[39m=[32m"2"[39m
                  [33mviewBox[39m=[32m"0 0 24 24"[39m
                  [33mwidth[39m=[32m"24"[39m
                  [33mxmlns[39m=[32m"http://www.w3.org/2000/svg"[39m
                [36m>[39m
                  [36m<line[39m
                    [33mx1[39m=[32m"4"[39m
                    [33mx2[39m=[32m"20"[39m
                    [33my1[39m=[32m"12"[39m
                    [33my2[39m=[32m"12"[39m
                  [36m/>[39m
                  [36m<line[39m
                    [33mx1[39m=[32m"4"[39m
                    [33mx2[39m=[32m"20"[39m
                    [33my1[39m=[32m"6"[39m
                    [33my2[39m=[32m"6"[39m
                  [36m/>[39m
                  [36m<line[39m
                    [33mx1[39m=[32m"4"[39m
                    [33mx2[39m=[32m"20"[39m
                    [33my1[39m=[32m"18"[39m
                    [33my2[39m=[32m"18"[39m
                  [36m/>[39m
                [36m</svg>[39m
              [36m</button>[39m
            [36m</div>[39m
          [36m</div>[39m
        [36m</div>[39m
      [36m</header>[39m
      [36m<div[39m
        [33mclass[39m=[32m"container max-w-2xl mx-auto px-6 py-8"[39m
      [36m>[39m
        [36m<div[39m
          [33mclass[39m=[32m"space-y-6"[39m
        [36m>[39m
    ...
 × src/test/warranty-e2e.test.tsx > Warranty Registration E2E Tests > Form Validation Flows > should prevent submission with missing required fields 27ms
   → Unable to find an element with the text: Register New Product. This could be because the text is broken up by multiple elements. In this case, you can provide a function for your text matcher to make your matcher more flexible.

Ignored nodes: comments, script, style
[36m<body>[39m
  [36m<div>[39m
    [36m<div[39m
      [33mclass[39m=[32m"min-h-screen bg-background pb-24"[39m
    [36m>[39m
      [36m<header[39m
        [33mclass[39m=[32m"sticky top-0 z-40 bg-background/95 backdrop-blur-lg border-b border-border"[39m
      [36m>[39m
        [36m<div[39m
          [33mclass[39m=[32m"container max-w-7xl mx-auto px-4 py-4"[39m
        [36m>[39m
          [36m<div[39m
            [33mclass[39m=[32m"flex items-center justify-between"[39m
          [36m>[39m
            [36m<div[39m
              [33mclass[39m=[32m"flex items-center gap-4"[39m
            [36m>[39m
              [36m<div[39m
                [33mclass[39m=[32m"flex items-center gap-3 cursor-pointer"[39m
              [36m>[39m
                [36m<img[39m
                  [33malt[39m=[32m"Test Store"[39m
                  [33mclass[39m=[32m"h-8 w-auto"[39m
                  [33msrc[39m=[32m"/test-logo.png"[39m
                [36m/>[39m
                [36m<div[39m
                  [33mclass[39m=[32m"hidden sm:flex flex-col"[39m
                [36m>[39m
                  [36m<span[39m
                    [33mclass[39m=[32m"font-semibold text-lg"[39m
                  [36m>[39m
                    [0mTest Store[0m
                  [36m</span>[39m
                  [36m<span[39m
                    [33mclass[39m=[32m"text-xs text-muted-foreground"[39m
                  [36m>[39m
                    [0mTest Store Tagline[0m
                  [36m</span>[39m
                [36m</div>[39m
              [36m</div>[39m
            [36m</div>[39m
            [36m<h1[39m
              [33mclass[39m=[32m"text-lg font-semibold hidden md:block"[39m
            [36m>[39m
              [0mWarranty[0m
            [36m</h1>[39m
            [36m<div[39m
              [33mclass[39m=[32m"flex items-center gap-4"[39m
            [36m>[39m
              [36m<button[39m
                [33mclass[39m=[32m"items-center justify-center gap-2 whitespace-nowrap text-sm font-medium ring-offset-background transition-colors focus-visible:outline-none focus-visible:ring-2 focus-visible:ring-ring focus-visible:ring-offset-2 disabled:pointer-events-none disabled:opacity-50 [&_svg]:pointer-events-none [&_svg]:size-4 [&_svg]:shrink-0 hover:bg-accent hover:text-accent-foreground h-9 rounded-md px-3 hidden sm:flex"[39m
              [36m>[39m
                [0mLogin[0m
              [36m</button>[39m
              [36m<button[39m
                [33mclass[39m=[32m"items-center justify-center gap-2 whitespace-nowrap text-sm font-medium ring-offset-background transition-colors focus-visible:outline-none focus-visible:ring-2 focus-visible:ring-ring focus-visible:ring-offset-2 disabled:pointer-events-none disabled:opacity-50 [&_svg]:pointer-events-none [&_svg]:size-4 [&_svg]:shrink-0 bg-primary text-primary-foreground hover:bg-primary/90 h-9 rounded-md px-3 hidden sm:flex"[39m
              [36m>[39m
                [36m<svg[39m
                  [33mclass[39m=[32m"lucide lucide-user-plus w-4 h-4 mr-2"[39m
                  [33mfill[39m=[32m"none"[39m
                  [33mheight[39m=[32m"24"[39m
                  [33mstroke[39m=[32m"currentColor"[39m
                  [33mstroke-linecap[39m=[32m"round"[39m
                  [33mstroke-linejoin[39m=[32m"round"[39m
                  [33mstroke-width[39m=[32m"2"[39m
                  [33mviewBox[39m=[32m"0 0 24 24"[39m
                  [33mwidth[39m=[32m"24"[39m
                  [33mxmlns[39m=[32m"http://www.w3.org/2000/svg"[39m
                [36m>[39m
                  [36m<path[39m
                    [33md[39m=[32m"M16 21v-2a4 4 0 0 0-4-4H6a4 4 0 0 0-4 4v2"[39m
                  [36m/>[39m
                  [36m<circle[39m
                    [33mcx[39m=[32m"9"[39m
                    [33mcy[39m=[32m"7"[39m
                    [33mr[39m=[32m"4"[39m
                  [36m/>[39m
                  [36m<line[39m
                    [33mx1[39m=[32m"19"[39m
                    [33mx2[39m=[32m"19"[39m
                    [33my1[39m=[32m"8"[39m
                    [33my2[39m=[32m"14"[39m
                  [36m/>[39m
                  [36m<line[39m
                    [33mx1[39m=[32m"22"[39m
                    [33mx2[39m=[32m"16"[39m
                    [33my1[39m=[32m"11"[39m
                    [33my2[39m=[32m"11"[39m
                  [36m/>[39m
                [36m</svg>[39m
                [0mRegister[0m
              [36m</button>[39m
              [36m<button[39m
                [33mclass[39m=[32m"inline-flex items-center justify-center gap-2 whitespace-nowrap text-sm font-medium ring-offset-background transition-colors focus-visible:outline-none focus-visible:ring-2 focus-visible:ring-ring focus-visible:ring-offset-2 disabled:pointer-events-none disabled:opacity-50 [&_svg]:pointer-events-none [&_svg]:size-4 [&_svg]:shrink-0 hover:bg-accent hover:text-accent-foreground h-9 rounded-md px-3 md:hidden"[39m
              [36m>[39m
                [36m<svg[39m
                  [33mclass[39m=[32m"lucide lucide-menu w-5 h-5"[39m
                  [33mfill[39m=[32m"none"[39m
                  [33mheight[39m=[32m"24"[39m
                  [33mstroke[39m=[32m"currentColor"[39m
                  [33mstroke-linecap[39m=[32m"round"[39m
                  [33mstroke-linejoin[39m=[32m"round"[39m
                  [33mstroke-width[39m=[32m"2"[39m
                  [33mviewBox[39m=[32m"0 0 24 24"[39m
                  [33mwidth[39m=[32m"24"[39m
                  [33mxmlns[39m=[32m"http://www.w3.org/2000/svg"[39m
                [36m>[39m
                  [36m<line[39m
                    [33mx1[39m=[32m"4"[39m
                    [33mx2[39m=[32m"20"[39m
                    [33my1[39m=[32m"12"[39m
                    [33my2[39m=[32m"12"[39m
                  [36m/>[39m
                  [36m<line[39m
                    [33mx1[39m=[32m"4"[39m
                    [33mx2[39m=[32m"20"[39m
                    [33my1[39m=[32m"6"[39m
                    [33my2[39m=[32m"6"[39m
                  [36m/>[39m
                  [36m<line[39m
                    [33mx1[39m=[32m"4"[39m
                    [33mx2[39m=[32m"20"[39m
                    [33my1[39m=[32m"18"[39m
                    [33my2[39m=[32m"18"[39m
                  [36m/>[39m
                [36m</svg>[39m
              [36m</button>[39m
            [36m</div>[39m
          [36m</div>[39m
        [36m</div>[39m
      [36m</header>[39m
      [36m<div[39m
        [33mclass[39m=[32m"container max-w-2xl mx-auto px-6 py-8"[39m
      [36m>[39m
        [36m<div[39m
          [33mclass[39m=[32m"space-y-6"[39m
        [36m>[39m
    ...
 × src/test/warranty-e2e.test.tsx > Warranty Registration E2E Tests > Form Validation Flows > should validate email format 18ms
   → Unable to find an element with the text: Register New Product. This could be because the text is broken up by multiple elements. In this case, you can provide a function for your text matcher to make your matcher more flexible.

Ignored nodes: comments, script, style
[36m<body>[39m
  [36m<div>[39m
    [36m<div[39m
      [33mclass[39m=[32m"min-h-screen bg-background pb-24"[39m
    [36m>[39m
      [36m<header[39m
        [33mclass[39m=[32m"sticky top-0 z-40 bg-background/95 backdrop-blur-lg border-b border-border"[39m
      [36m>[39m
        [36m<div[39m
          [33mclass[39m=[32m"container max-w-7xl mx-auto px-4 py-4"[39m
        [36m>[39m
          [36m<div[39m
            [33mclass[39m=[32m"flex items-center justify-between"[39m
          [36m>[39m
            [36m<div[39m
              [33mclass[39m=[32m"flex items-center gap-4"[39m
            [36m>[39m
              [36m<div[39m
                [33mclass[39m=[32m"flex items-center gap-3 cursor-pointer"[39m
              [36m>[39m
                [36m<img[39m
                  [33malt[39m=[32m"Test Store"[39m
                  [33mclass[39m=[32m"h-8 w-auto"[39m
                  [33msrc[39m=[32m"/test-logo.png"[39m
                [36m/>[39m
                [36m<div[39m
                  [33mclass[39m=[32m"hidden sm:flex flex-col"[39m
                [36m>[39m
                  [36m<span[39m
                    [33mclass[39m=[32m"font-semibold text-lg"[39m
                  [36m>[39m
                    [0mTest Store[0m
                  [36m</span>[39m
                  [36m<span[39m
                    [33mclass[39m=[32m"text-xs text-muted-foreground"[39m
                  [36m>[39m
                    [0mTest Store Tagline[0m
                  [36m</span>[39m
                [36m</div>[39m
              [36m</div>[39m
            [36m</div>[39m
            [36m<h1[39m
              [33mclass[39m=[32m"text-lg font-semibold hidden md:block"[39m
            [36m>[39m
              [0mWarranty[0m
            [36m</h1>[39m
            [36m<div[39m
              [33mclass[39m=[32m"flex items-center gap-4"[39m
            [36m>[39m
              [36m<button[39m
                [33mclass[39m=[32m"items-center justify-center gap-2 whitespace-nowrap text-sm font-medium ring-offset-background transition-colors focus-visible:outline-none focus-visible:ring-2 focus-visible:ring-ring focus-visible:ring-offset-2 disabled:pointer-events-none disabled:opacity-50 [&_svg]:pointer-events-none [&_svg]:size-4 [&_svg]:shrink-0 hover:bg-accent hover:text-accent-foreground h-9 rounded-md px-3 hidden sm:flex"[39m
              [36m>[39m
                [0mLogin[0m
              [36m</button>[39m
              [36m<button[39m
                [33mclass[39m=[32m"items-center justify-center gap-2 whitespace-nowrap text-sm font-medium ring-offset-background transition-colors focus-visible:outline-none focus-visible:ring-2 focus-visible:ring-ring focus-visible:ring-offset-2 disabled:pointer-events-none disabled:opacity-50 [&_svg]:pointer-events-none [&_svg]:size-4 [&_svg]:shrink-0 bg-primary text-primary-foreground hover:bg-primary/90 h-9 rounded-md px-3 hidden sm:flex"[39m
              [36m>[39m
                [36m<svg[39m
                  [33mclass[39m=[32m"lucide lucide-user-plus w-4 h-4 mr-2"[39m
                  [33mfill[39m=[32m"none"[39m
                  [33mheight[39m=[32m"24"[39m
                  [33mstroke[39m=[32m"currentColor"[39m
                  [33mstroke-linecap[39m=[32m"round"[39m
                  [33mstroke-linejoin[39m=[32m"round"[39m
                  [33mstroke-width[39m=[32m"2"[39m
                  [33mviewBox[39m=[32m"0 0 24 24"[39m
                  [33mwidth[39m=[32m"24"[39m
                  [33mxmlns[39m=[32m"http://www.w3.org/2000/svg"[39m
                [36m>[39m
                  [36m<path[39m
                    [33md[39m=[32m"M16 21v-2a4 4 0 0 0-4-4H6a4 4 0 0 0-4 4v2"[39m
                  [36m/>[39m
                  [36m<circle[39m
                    [33mcx[39m=[32m"9"[39m
                    [33mcy[39m=[32m"7"[39m
                    [33mr[39m=[32m"4"[39m
                  [36m/>[39m
                  [36m<line[39m
                    [33mx1[39m=[32m"19"[39m
                    [33mx2[39m=[32m"19"[39m
                    [33my1[39m=[32m"8"[39m
                    [33my2[39m=[32m"14"[39m
                  [36m/>[39m
                  [36m<line[39m
                    [33mx1[39m=[32m"22"[39m
                    [33mx2[39m=[32m"16"[39m
                    [33my1[39m=[32m"11"[39m
                    [33my2[39m=[32m"11"[39m
                  [36m/>[39m
                [36m</svg>[39m
                [0mRegister[0m
              [36m</button>[39m
              [36m<button[39m
                [33mclass[39m=[32m"inline-flex items-center justify-center gap-2 whitespace-nowrap text-sm font-medium ring-offset-background transition-colors focus-visible:outline-none focus-visible:ring-2 focus-visible:ring-ring focus-visible:ring-offset-2 disabled:pointer-events-none disabled:opacity-50 [&_svg]:pointer-events-none [&_svg]:size-4 [&_svg]:shrink-0 hover:bg-accent hover:text-accent-foreground h-9 rounded-md px-3 md:hidden"[39m
              [36m>[39m
                [36m<svg[39m
                  [33mclass[39m=[32m"lucide lucide-menu w-5 h-5"[39m
                  [33mfill[39m=[32m"none"[39m
                  [33mheight[39m=[32m"24"[39m
                  [33mstroke[39m=[32m"currentColor"[39m
                  [33mstroke-linecap[39m=[32m"round"[39m
                  [33mstroke-linejoin[39m=[32m"round"[39m
                  [33mstroke-width[39m=[32m"2"[39m
                  [33mviewBox[39m=[32m"0 0 24 24"[39m
                  [33mwidth[39m=[32m"24"[39m
                  [33mxmlns[39m=[32m"http://www.w3.org/2000/svg"[39m
                [36m>[39m
                  [36m<line[39m
                    [33mx1[39m=[32m"4"[39m
                    [33mx2[39m=[32m"20"[39m
                    [33my1[39m=[32m"12"[39m
                    [33my2[39m=[32m"12"[39m
                  [36m/>[39m
                  [36m<line[39m
                    [33mx1[39m=[32m"4"[39m
                    [33mx2[39m=[32m"20"[39m
                    [33my1[39m=[32m"6"[39m
                    [33my2[39m=[32m"6"[39m
                  [36m/>[39m
                  [36m<line[39m
                    [33mx1[39m=[32m"4"[39m
                    [33mx2[39m=[32m"20"[39m
                    [33my1[39m=[32m"18"[39m
                    [33my2[39m=[32m"18"[39m
                  [36m/>[39m
                [36m</svg>[39m
              [36m</button>[39m
            [36m</div>[39m
          [36m</div>[39m
        [36m</div>[39m
      [36m</header>[39m
      [36m<div[39m
        [33mclass[39m=[32m"container max-w-2xl mx-auto px-6 py-8"[39m
      [36m>[39m
        [36m<div[39m
          [33mclass[39m=[32m"space-y-6"[39m
        [36m>[39m
    ...
stderr | src/test/barcode-scanner-integration.test.tsx > Barcode Scanner Integration > Lookup Mode Scanner Behavior > should perform warranty lookup when barcode is scanned in lookup mode
Error: useTenant must be used within a TenantProvider
    at Module.useTenant (/home/aswin/Works/kirimku/smartseller-storefront/src/contexts/TenantContext.tsx:386:11)
    at Header (/home/aswin/Works/kirimku/smartseller-storefront/src/components/common/Header.tsx:39:22)
    at renderWithHooks (/home/aswin/Works/kirimku/smartseller-storefront/node_modules/react-dom/cjs/react-dom.development.js:15486:18)
    at mountIndeterminateComponent (/home/aswin/Works/kirimku/smartseller-storefront/node_modules/react-dom/cjs/react-dom.development.js:20103:13)
    at beginWork (/home/aswin/Works/kirimku/smartseller-storefront/node_modules/react-dom/cjs/react-dom.development.js:21626:16)
    at HTMLUnknownElement.callCallback (/home/aswin/Works/kirimku/smartseller-storefront/node_modules/react-dom/cjs/react-dom.development.js:4164:14)
    at HTMLUnknownElement.callTheUserObjectsOperation (/home/aswin/Works/kirimku/smartseller-storefront/node_modules/jsdom/lib/jsdom/living/generated/EventListener.js:26:30)
    at innerInvokeEventListeners (/home/aswin/Works/kirimku/smartseller-storefront/node_modules/jsdom/lib/jsdom/living/events/EventTarget-impl.js:360:16)
    at invokeEventListeners (/home/aswin/Works/kirimku/smartseller-storefront/node_modules/jsdom/lib/jsdom/living/events/EventTarget-impl.js:296:3)
    at HTMLUnknownElementImpl._dispatch (/home/aswin/Works/kirimku/smartseller-storefront/node_modules/jsdom/lib/jsdom/living/events/EventTarget-impl.js:243:9)
Error: useTenant must be used within a TenantProvider
    at Module.useTenant (/home/aswin/Works/kirimku/smartseller-storefront/src/contexts/TenantContext.tsx:386:11)
    at Header (/home/aswin/Works/kirimku/smartseller-storefront/src/components/common/Header.tsx:39:22)
    at renderWithHooks (/home/aswin/Works/kirimku/smartseller-storefront/node_modules/react-dom/cjs/react-dom.development.js:15486:18)
    at mountIndeterminateComponent (/home/aswin/Works/kirimku/smartseller-storefront/node_modules/react-dom/cjs/react-dom.development.js:20103:13)
    at beginWork (/home/aswin/Works/kirimku/smartseller-storefront/node_modules/react-dom/cjs/react-dom.development.js:21626:16)
    at HTMLUnknownElement.callCallback (/home/aswin/Works/kirimku/smartseller-storefront/node_modules/react-dom/cjs/react-dom.development.js:4164:14)
    at HTMLUnknownElement.callTheUserObjectsOperation (/home/aswin/Works/kirimku/smartseller-storefront/node_modules/jsdom/lib/jsdom/living/generated/EventListener.js:26:30)
    at innerInvokeEventListeners (/home/aswin/Works/kirimku/smartseller-storefront/node_modules/jsdom/lib/jsdom/living/events/EventTarget-impl.js:360:16)
    at invokeEventListeners (/home/aswin/Works/kirimku/smartseller-storefront/node_modules/jsdom/lib/jsdom/living/events/EventTarget-impl.js:296:3)
    at HTMLUnknownElementImpl._dispatch (/home/aswin/Works/kirimku/smartseller-storefront/node_modules/jsdom/lib/jsdom/living/events/EventTarget-impl.js:243:9)
The above error occurred in the <Header> component:

    at Header (/home/aswin/Works/kirimku/smartseller-storefront/src/components/common/Header.tsx:23:19)
    at div
    at Warranty (/home/aswin/Works/kirimku/smartseller-storefront/src/pages/Warranty.tsx:143:65)
    at Router (/home/aswin/Works/kirimku/smartseller-storefront/node_modules/react-router/dist/umd/react-router.development.js:1207:17)
    at BrowserRouter (/home/aswin/Works/kirimku/smartseller-storefront/node_modules/react-router-dom/dist/umd/react-router-dom.development.js:695:7)

Consider adding an error boundary to your tree to customize error handling behavior.
Visit https://reactjs.org/link/error-boundaries to learn more about error boundaries.

stderr | src/test/warranty-e2e.test.tsx > Warranty Registration E2E Tests > Navigation Flows > should allow navigation back to lookup from registration
Warning: An update to Warranty inside a test was not wrapped in act(...).

When testing, code that causes React state updates should be wrapped into act(...):

act(() => {
  /* fire events that update state */
});
/* assert on the output */

This ensures that you're testing the behavior the user would see in the browser. Learn more at https://reactjs.org/link/wrap-tests-with-act
    at Warranty (/home/aswin/Works/kirimku/smartseller-storefront/src/pages/Warranty.tsx:143:65)
    at Router (/home/aswin/Works/kirimku/smartseller-storefront/node_modules/react-router/dist/umd/react-router.development.js:1207:17)
    at BrowserRouter (/home/aswin/Works/kirimku/smartseller-storefront/node_modules/react-router-dom/dist/umd/react-router-dom.development.js:695:7)
    at AllTheProviders (/home/aswin/Works/kirimku/smartseller-storefront/src/test/test-utils.tsx:186:28)
Warning: An update to Warranty inside a test was not wrapped in act(...).

When testing, code that causes React state updates should be wrapped into act(...):

act(() => {
  /* fire events that update state */
});
/* assert on the output */

This ensures that you're testing the behavior the user would see in the browser. Learn more at https://reactjs.org/link/wrap-tests-with-act
    at Warranty (/home/aswin/Works/kirimku/smartseller-storefront/src/pages/Warranty.tsx:143:65)
    at Router (/home/aswin/Works/kirimku/smartseller-storefront/node_modules/react-router/dist/umd/react-router.development.js:1207:17)
    at BrowserRouter (/home/aswin/Works/kirimku/smartseller-storefront/node_modules/react-router-dom/dist/umd/react-router-dom.development.js:695:7)
    at AllTheProviders (/home/aswin/Works/kirimku/smartseller-storefront/src/test/test-utils.tsx:186:28)

stderr | src/test/barcode-scanner-integration.test.tsx > Barcode Scanner Integration > Lookup Mode Scanner Behavior > should handle lookup failure when scanning invalid barcode
Error: useTenant must be used within a TenantProvider
    at Module.useTenant (/home/aswin/Works/kirimku/smartseller-storefront/src/contexts/TenantContext.tsx:386:11)
    at Header (/home/aswin/Works/kirimku/smartseller-storefront/src/components/common/Header.tsx:39:22)
    at renderWithHooks (/home/aswin/Works/kirimku/smartseller-storefront/node_modules/react-dom/cjs/react-dom.development.js:15486:18)
    at mountIndeterminateComponent (/home/aswin/Works/kirimku/smartseller-storefront/node_modules/react-dom/cjs/react-dom.development.js:20103:13)
    at beginWork (/home/aswin/Works/kirimku/smartseller-storefront/node_modules/react-dom/cjs/react-dom.development.js:21626:16)
    at HTMLUnknownElement.callCallback (/home/aswin/Works/kirimku/smartseller-storefront/node_modules/react-dom/cjs/react-dom.development.js:4164:14)
    at HTMLUnknownElement.callTheUserObjectsOperation (/home/aswin/Works/kirimku/smartseller-storefront/node_modules/jsdom/lib/jsdom/living/generated/EventListener.js:26:30)
    at innerInvokeEventListeners (/home/aswin/Works/kirimku/smartseller-storefront/node_modules/jsdom/lib/jsdom/living/events/EventTarget-impl.js:360:16)
    at invokeEventListeners (/home/aswin/Works/kirimku/smartseller-storefront/node_modules/jsdom/lib/jsdom/living/events/EventTarget-impl.js:296:3)
    at HTMLUnknownElementImpl._dispatch (/home/aswin/Works/kirimku/smartseller-storefront/node_modules/jsdom/lib/jsdom/living/events/EventTarget-impl.js:243:9)
Error: useTenant must be used within a TenantProvider
    at Module.useTenant (/home/aswin/Works/kirimku/smartseller-storefront/src/contexts/TenantContext.tsx:386:11)
    at Header (/home/aswin/Works/kirimku/smartseller-storefront/src/components/common/Header.tsx:39:22)
    at renderWithHooks (/home/aswin/Works/kirimku/smartseller-storefront/node_modules/react-dom/cjs/react-dom.development.js:15486:18)
    at mountIndeterminateComponent (/home/aswin/Works/kirimku/smartseller-storefront/node_modules/react-dom/cjs/react-dom.development.js:20103:13)
    at beginWork (/home/aswin/Works/kirimku/smartseller-storefront/node_modules/react-dom/cjs/react-dom.development.js:21626:16)
    at HTMLUnknownElement.callCallback (/home/aswin/Works/kirimku/smartseller-storefront/node_modules/react-dom/cjs/react-dom.development.js:4164:14)
    at HTMLUnknownElement.callTheUserObjectsOperation (/home/aswin/Works/kirimku/smartseller-storefront/node_modules/jsdom/lib/jsdom/living/generated/EventListener.js:26:30)
    at innerInvokeEventListeners (/home/aswin/Works/kirimku/smartseller-storefront/node_modules/jsdom/lib/jsdom/living/events/EventTarget-impl.js:360:16)
    at invokeEventListeners (/home/aswin/Works/kirimku/smartseller-storefront/node_modules/jsdom/lib/jsdom/living/events/EventTarget-impl.js:296:3)
    at HTMLUnknownElementImpl._dispatch (/home/aswin/Works/kirimku/smartseller-storefront/node_modules/jsdom/lib/jsdom/living/events/EventTarget-impl.js:243:9)
The above error occurred in the <Header> component:

    at Header (/home/aswin/Works/kirimku/smartseller-storefront/src/components/common/Header.tsx:23:19)
    at div
    at Warranty (/home/aswin/Works/kirimku/smartseller-storefront/src/pages/Warranty.tsx:143:65)
    at Router (/home/aswin/Works/kirimku/smartseller-storefront/node_modules/react-router/dist/umd/react-router.development.js:1207:17)
    at BrowserRouter (/home/aswin/Works/kirimku/smartseller-storefront/node_modules/react-router-dom/dist/umd/react-router-dom.development.js:695:7)

Consider adding an error boundary to your tree to customize error handling behavior.
Visit https://reactjs.org/link/error-boundaries to learn more about error boundaries.

stderr | src/test/warranty-e2e.test.tsx > Warranty Registration E2E Tests > Navigation Flows > should navigate to warranty details after successful registration
Warning: An update to Warranty inside a test was not wrapped in act(...).

When testing, code that causes React state updates should be wrapped into act(...):

act(() => {
  /* fire events that update state */
});
/* assert on the output */

This ensures that you're testing the behavior the user would see in the browser. Learn more at https://reactjs.org/link/wrap-tests-with-act
    at Warranty (/home/aswin/Works/kirimku/smartseller-storefront/src/pages/Warranty.tsx:143:65)
    at Router (/home/aswin/Works/kirimku/smartseller-storefront/node_modules/react-router/dist/umd/react-router.development.js:1207:17)
    at BrowserRouter (/home/aswin/Works/kirimku/smartseller-storefront/node_modules/react-router-dom/dist/umd/react-router-dom.development.js:695:7)
    at AllTheProviders (/home/aswin/Works/kirimku/smartseller-storefront/src/test/test-utils.tsx:186:28)
Warning: An update to Warranty inside a test was not wrapped in act(...).

When testing, code that causes React state updates should be wrapped into act(...):

act(() => {
  /* fire events that update state */
});
/* assert on the output */

This ensures that you're testing the behavior the user would see in the browser. Learn more at https://reactjs.org/link/wrap-tests-with-act
    at Warranty (/home/aswin/Works/kirimku/smartseller-storefront/src/pages/Warranty.tsx:143:65)
    at Router (/home/aswin/Works/kirimku/smartseller-storefront/node_modules/react-router/dist/umd/react-router.development.js:1207:17)
    at BrowserRouter (/home/aswin/Works/kirimku/smartseller-storefront/node_modules/react-router-dom/dist/umd/react-router-dom.development.js:695:7)
    at AllTheProviders (/home/aswin/Works/kirimku/smartseller-storefront/src/test/test-utils.tsx:186:28)

stderr | src/test/barcode-scanner-integration.test.tsx > Barcode Scanner Integration > Lookup Mode Scanner Behavior > should handle network errors during lookup scan
Error: useTenant must be used within a TenantProvider
    at Module.useTenant (/home/aswin/Works/kirimku/smartseller-storefront/src/contexts/TenantContext.tsx:386:11)
    at Header (/home/aswin/Works/kirimku/smartseller-storefront/src/components/common/Header.tsx:39:22)
    at renderWithHooks (/home/aswin/Works/kirimku/smartseller-storefront/node_modules/react-dom/cjs/react-dom.development.js:15486:18)
    at mountIndeterminateComponent (/home/aswin/Works/kirimku/smartseller-storefront/node_modules/react-dom/cjs/react-dom.development.js:20103:13)
    at beginWork (/home/aswin/Works/kirimku/smartseller-storefront/node_modules/react-dom/cjs/react-dom.development.js:21626:16)
    at HTMLUnknownElement.callCallback (/home/aswin/Works/kirimku/smartseller-storefront/node_modules/react-dom/cjs/react-dom.development.js:4164:14)
    at HTMLUnknownElement.callTheUserObjectsOperation (/home/aswin/Works/kirimku/smartseller-storefront/node_modules/jsdom/lib/jsdom/living/generated/EventListener.js:26:30)
    at innerInvokeEventListeners (/home/aswin/Works/kirimku/smartseller-storefront/node_modules/jsdom/lib/jsdom/living/events/EventTarget-impl.js:360:16)
    at invokeEventListeners (/home/aswin/Works/kirimku/smartseller-storefront/node_modules/jsdom/lib/jsdom/living/events/EventTarget-impl.js:296:3)
    at HTMLUnknownElementImpl._dispatch (/home/aswin/Works/kirimku/smartseller-storefront/node_modules/jsdom/lib/jsdom/living/events/EventTarget-impl.js:243:9)
Error: useTenant must be used within a TenantProvider
    at Module.useTenant (/home/aswin/Works/kirimku/smartseller-storefront/src/contexts/TenantContext.tsx:386:11)
    at Header (/home/aswin/Works/kirimku/smartseller-storefront/src/components/common/Header.tsx:39:22)
    at renderWithHooks (/home/aswin/Works/kirimku/smartseller-storefront/node_modules/react-dom/cjs/react-dom.development.js:15486:18)
    at mountIndeterminateComponent (/home/aswin/Works/kirimku/smartseller-storefront/node_modules/react-dom/cjs/react-dom.development.js:20103:13)
    at beginWork (/home/aswin/Works/kirimku/smartseller-storefront/node_modules/react-dom/cjs/react-dom.development.js:21626:16)
    at HTMLUnknownElement.callCallback (/home/aswin/Works/kirimku/smartseller-storefront/node_modules/react-dom/cjs/react-dom.development.js:4164:14)
    at HTMLUnknownElement.callTheUserObjectsOperation (/home/aswin/Works/kirimku/smartseller-storefront/node_modules/jsdom/lib/jsdom/living/generated/EventListener.js:26:30)
    at innerInvokeEventListeners (/home/aswin/Works/kirimku/smartseller-storefront/node_modules/jsdom/lib/jsdom/living/events/EventTarget-impl.js:360:16)
    at invokeEventListeners (/home/aswin/Works/kirimku/smartseller-storefront/node_modules/jsdom/lib/jsdom/living/events/EventTarget-impl.js:296:3)
    at HTMLUnknownElementImpl._dispatch (/home/aswin/Works/kirimku/smartseller-storefront/node_modules/jsdom/lib/jsdom/living/events/EventTarget-impl.js:243:9)
The above error occurred in the <Header> component:

    at Header (/home/aswin/Works/kirimku/smartseller-storefront/src/components/common/Header.tsx:23:19)
    at div
    at Warranty (/home/aswin/Works/kirimku/smartseller-storefront/src/pages/Warranty.tsx:143:65)
    at Router (/home/aswin/Works/kirimku/smartseller-storefront/node_modules/react-router/dist/umd/react-router.development.js:1207:17)
    at BrowserRouter (/home/aswin/Works/kirimku/smartseller-storefront/node_modules/react-router-dom/dist/umd/react-router-dom.development.js:695:7)

Consider adding an error boundary to your tree to customize error handling behavior.
Visit https://reactjs.org/link/error-boundaries to learn more about error boundaries.

 × src/test/warranty-e2e.test.tsx > Warranty Registration E2E Tests > Form Validation Flows > should validate barcode length 24ms
   → Unable to find an element with the text: Register New Product. This could be because the text is broken up by multiple elements. In this case, you can provide a function for your text matcher to make your matcher more flexible.

Ignored nodes: comments, script, style
[36m<body>[39m
  [36m<div>[39m
    [36m<div[39m
      [33mclass[39m=[32m"min-h-screen bg-background pb-24"[39m
    [36m>[39m
      [36m<header[39m
        [33mclass[39m=[32m"sticky top-0 z-40 bg-background/95 backdrop-blur-lg border-b border-border"[39m
      [36m>[39m
        [36m<div[39m
          [33mclass[39m=[32m"container max-w-7xl mx-auto px-4 py-4"[39m
        [36m>[39m
          [36m<div[39m
            [33mclass[39m=[32m"flex items-center justify-between"[39m
          [36m>[39m
            [36m<div[39m
              [33mclass[39m=[32m"flex items-center gap-4"[39m
            [36m>[39m
              [36m<div[39m
                [33mclass[39m=[32m"flex items-center gap-3 cursor-pointer"[39m
              [36m>[39m
                [36m<img[39m
                  [33malt[39m=[32m"Test Store"[39m
                  [33mclass[39m=[32m"h-8 w-auto"[39m
                  [33msrc[39m=[32m"/test-logo.png"[39m
                [36m/>[39m
                [36m<div[39m
                  [33mclass[39m=[32m"hidden sm:flex flex-col"[39m
                [36m>[39m
                  [36m<span[39m
                    [33mclass[39m=[32m"font-semibold text-lg"[39m
                  [36m>[39m
                    [0mTest Store[0m
                  [36m</span>[39m
                  [36m<span[39m
                    [33mclass[39m=[32m"text-xs text-muted-foreground"[39m
                  [36m>[39m
                    [0mTest Store Tagline[0m
                  [36m</span>[39m
                [36m</div>[39m
              [36m</div>[39m
            [36m</div>[39m
            [36m<h1[39m
              [33mclass[39m=[32m"text-lg font-semibold hidden md:block"[39m
            [36m>[39m
              [0mWarranty[0m
            [36m</h1>[39m
            [36m<div[39m
              [33mclass[39m=[32m"flex items-center gap-4"[39m
            [36m>[39m
              [36m<button[39m
                [33mclass[39m=[32m"items-center justify-center gap-2 whitespace-nowrap text-sm font-medium ring-offset-background transition-colors focus-visible:outline-none focus-visible:ring-2 focus-visible:ring-ring focus-visible:ring-offset-2 disabled:pointer-events-none disabled:opacity-50 [&_svg]:pointer-events-none [&_svg]:size-4 [&_svg]:shrink-0 hover:bg-accent hover:text-accent-foreground h-9 rounded-md px-3 hidden sm:flex"[39m
              [36m>[39m
                [0mLogin[0m
              [36m</button>[39m
              [36m<button[39m
                [33mclass[39m=[32m"items-center justify-center gap-2 whitespace-nowrap text-sm font-medium ring-offset-background transition-colors focus-visible:outline-none focus-visible:ring-2 focus-visible:ring-ring focus-visible:ring-offset-2 disabled:pointer-events-none disabled:opacity-50 [&_svg]:pointer-events-none [&_svg]:size-4 [&_svg]:shrink-0 bg-primary text-primary-foreground hover:bg-primary/90 h-9 rounded-md px-3 hidden sm:flex"[39m
              [36m>[39m
                [36m<svg[39m
                  [33mclass[39m=[32m"lucide lucide-user-plus w-4 h-4 mr-2"[39m
                  [33mfill[39m=[32m"none"[39m
                  [33mheight[39m=[32m"24"[39m
                  [33mstroke[39m=[32m"currentColor"[39m
                  [33mstroke-linecap[39m=[32m"round"[39m
                  [33mstroke-linejoin[39m=[32m"round"[39m
                  [33mstroke-width[39m=[32m"2"[39m
                  [33mviewBox[39m=[32m"0 0 24 24"[39m
                  [33mwidth[39m=[32m"24"[39m
                  [33mxmlns[39m=[32m"http://www.w3.org/2000/svg"[39m
                [36m>[39m
                  [36m<path[39m
                    [33md[39m=[32m"M16 21v-2a4 4 0 0 0-4-4H6a4 4 0 0 0-4 4v2"[39m
                  [36m/>[39m
                  [36m<circle[39m
                    [33mcx[39m=[32m"9"[39m
                    [33mcy[39m=[32m"7"[39m
                    [33mr[39m=[32m"4"[39m
                  [36m/>[39m
                  [36m<line[39m
                    [33mx1[39m=[32m"19"[39m
                    [33mx2[39m=[32m"19"[39m
                    [33my1[39m=[32m"8"[39m
                    [33my2[39m=[32m"14"[39m
                  [36m/>[39m
                  [36m<line[39m
                    [33mx1[39m=[32m"22"[39m
                    [33mx2[39m=[32m"16"[39m
                    [33my1[39m=[32m"11"[39m
                    [33my2[39m=[32m"11"[39m
                  [36m/>[39m
                [36m</svg>[39m
                [0mRegister[0m
              [36m</button>[39m
              [36m<button[39m
                [33mclass[39m=[32m"inline-flex items-center justify-center gap-2 whitespace-nowrap text-sm font-medium ring-offset-background transition-colors focus-visible:outline-none focus-visible:ring-2 focus-visible:ring-ring focus-visible:ring-offset-2 disabled:pointer-events-none disabled:opacity-50 [&_svg]:pointer-events-none [&_svg]:size-4 [&_svg]:shrink-0 hover:bg-accent hover:text-accent-foreground h-9 rounded-md px-3 md:hidden"[39m
              [36m>[39m
                [36m<svg[39m
                  [33mclass[39m=[32m"lucide lucide-menu w-5 h-5"[39m
                  [33mfill[39m=[32m"none"[39m
                  [33mheight[39m=[32m"24"[39m
                  [33mstroke[39m=[32m"currentColor"[39m
                  [33mstroke-linecap[39m=[32m"round"[39m
                  [33mstroke-linejoin[39m=[32m"round"[39m
                  [33mstroke-width[39m=[32m"2"[39m
                  [33mviewBox[39m=[32m"0 0 24 24"[39m
                  [33mwidth[39m=[32m"24"[39m
                  [33mxmlns[39m=[32m"http://www.w3.org/2000/svg"[39m
                [36m>[39m
                  [36m<line[39m
                    [33mx1[39m=[32m"4"[39m
                    [33mx2[39m=[32m"20"[39m
                    [33my1[39m=[32m"12"[39m
                    [33my2[39m=[32m"12"[39m
                  [36m/>[39m
                  [36m<line[39m
                    [33mx1[39m=[32m"4"[39m
                    [33mx2[39m=[32m"20"[39m
                    [33my1[39m=[32m"6"[39m
                    [33my2[39m=[32m"6"[39m
                  [36m/>[39m
                  [36m<line[39m
                    [33mx1[39m=[32m"4"[39m
                    [33mx2[39m=[32m"20"[39m
                    [33my1[39m=[32m"18"[39m
                    [33my2[39m=[32m"18"[39m
                  [36m/>[39m
                [36m</svg>[39m
              [36m</button>[39m
            [36m</div>[39m
          [36m</div>[39m
        [36m</div>[39m
      [36m</header>[39m
      [36m<div[39m
        [33mclass[39m=[32m"container max-w-2xl mx-auto px-6 py-8"[39m
      [36m>[39m
        [36m<div[39m
          [33mclass[39m=[32m"space-y-6"[39m
        [36m>[39m
    ...
 × src/test/warranty-e2e.test.tsx > Warranty Registration E2E Tests > Navigation Flows > should allow navigation back to lookup from registration 27ms
   → Unable to find an element with the text: Register New Product. This could be because the text is broken up by multiple elements. In this case, you can provide a function for your text matcher to make your matcher more flexible.

Ignored nodes: comments, script, style
[36m<body>[39m
  [36m<div>[39m
    [36m<div[39m
      [33mclass[39m=[32m"min-h-screen bg-background pb-24"[39m
    [36m>[39m
      [36m<header[39m
        [33mclass[39m=[32m"sticky top-0 z-40 bg-background/95 backdrop-blur-lg border-b border-border"[39m
      [36m>[39m
        [36m<div[39m
          [33mclass[39m=[32m"container max-w-7xl mx-auto px-4 py-4"[39m
        [36m>[39m
          [36m<div[39m
            [33mclass[39m=[32m"flex items-center justify-between"[39m
          [36m>[39m
            [36m<div[39m
              [33mclass[39m=[32m"flex items-center gap-4"[39m
            [36m>[39m
              [36m<div[39m
                [33mclass[39m=[32m"flex items-center gap-3 cursor-pointer"[39m
              [36m>[39m
                [36m<img[39m
                  [33malt[39m=[32m"Test Store"[39m
                  [33mclass[39m=[32m"h-8 w-auto"[39m
                  [33msrc[39m=[32m"/test-logo.png"[39m
                [36m/>[39m
                [36m<div[39m
                  [33mclass[39m=[32m"hidden sm:flex flex-col"[39m
                [36m>[39m
                  [36m<span[39m
                    [33mclass[39m=[32m"font-semibold text-lg"[39m
                  [36m>[39m
                    [0mTest Store[0m
                  [36m</span>[39m
                  [36m<span[39m
                    [33mclass[39m=[32m"text-xs text-muted-foreground"[39m
                  [36m>[39m
                    [0mTest Store Tagline[0m
                  [36m</span>[39m
                [36m</div>[39m
              [36m</div>[39m
            [36m</div>[39m
            [36m<h1[39m
              [33mclass[39m=[32m"text-lg font-semibold hidden md:block"[39m
            [36m>[39m
              [0mWarranty[0m
            [36m</h1>[39m
            [36m<div[39m
              [33mclass[39m=[32m"flex items-center gap-4"[39m
            [36m>[39m
              [36m<button[39m
                [33mclass[39m=[32m"items-center justify-center gap-2 whitespace-nowrap text-sm font-medium ring-offset-background transition-colors focus-visible:outline-none focus-visible:ring-2 focus-visible:ring-ring focus-visible:ring-offset-2 disabled:pointer-events-none disabled:opacity-50 [&_svg]:pointer-events-none [&_svg]:size-4 [&_svg]:shrink-0 hover:bg-accent hover:text-accent-foreground h-9 rounded-md px-3 hidden sm:flex"[39m
              [36m>[39m
                [0mLogin[0m
              [36m</button>[39m
              [36m<button[39m
                [33mclass[39m=[32m"items-center justify-center gap-2 whitespace-nowrap text-sm font-medium ring-offset-background transition-colors focus-visible:outline-none focus-visible:ring-2 focus-visible:ring-ring focus-visible:ring-offset-2 disabled:pointer-events-none disabled:opacity-50 [&_svg]:pointer-events-none [&_svg]:size-4 [&_svg]:shrink-0 bg-primary text-primary-foreground hover:bg-primary/90 h-9 rounded-md px-3 hidden sm:flex"[39m
              [36m>[39m
                [36m<svg[39m
                  [33mclass[39m=[32m"lucide lucide-user-plus w-4 h-4 mr-2"[39m
                  [33mfill[39m=[32m"none"[39m
                  [33mheight[39m=[32m"24"[39m
                  [33mstroke[39m=[32m"currentColor"[39m
                  [33mstroke-linecap[39m=[32m"round"[39m
                  [33mstroke-linejoin[39m=[32m"round"[39m
                  [33mstroke-width[39m=[32m"2"[39m
                  [33mviewBox[39m=[32m"0 0 24 24"[39m
                  [33mwidth[39m=[32m"24"[39m
                  [33mxmlns[39m=[32m"http://www.w3.org/2000/svg"[39m
                [36m>[39m
                  [36m<path[39m
                    [33md[39m=[32m"M16 21v-2a4 4 0 0 0-4-4H6a4 4 0 0 0-4 4v2"[39m
                  [36m/>[39m
                  [36m<circle[39m
                    [33mcx[39m=[32m"9"[39m
                    [33mcy[39m=[32m"7"[39m
                    [33mr[39m=[32m"4"[39m
                  [36m/>[39m
                  [36m<line[39m
                    [33mx1[39m=[32m"19"[39m
                    [33mx2[39m=[32m"19"[39m
                    [33my1[39m=[32m"8"[39m
                    [33my2[39m=[32m"14"[39m
                  [36m/>[39m
                  [36m<line[39m
                    [33mx1[39m=[32m"22"[39m
                    [33mx2[39m=[32m"16"[39m
                    [33my1[39m=[32m"11"[39m
                    [33my2[39m=[32m"11"[39m
                  [36m/>[39m
                [36m</svg>[39m
                [0mRegister[0m
              [36m</button>[39m
              [36m<button[39m
                [33mclass[39m=[32m"inline-flex items-center justify-center gap-2 whitespace-nowrap text-sm font-medium ring-offset-background transition-colors focus-visible:outline-none focus-visible:ring-2 focus-visible:ring-ring focus-visible:ring-offset-2 disabled:pointer-events-none disabled:opacity-50 [&_svg]:pointer-events-none [&_svg]:size-4 [&_svg]:shrink-0 hover:bg-accent hover:text-accent-foreground h-9 rounded-md px-3 md:hidden"[39m
              [36m>[39m
                [36m<svg[39m
                  [33mclass[39m=[32m"lucide lucide-menu w-5 h-5"[39m
                  [33mfill[39m=[32m"none"[39m
                  [33mheight[39m=[32m"24"[39m
                  [33mstroke[39m=[32m"currentColor"[39m
                  [33mstroke-linecap[39m=[32m"round"[39m
                  [33mstroke-linejoin[39m=[32m"round"[39m
                  [33mstroke-width[39m=[32m"2"[39m
                  [33mviewBox[39m=[32m"0 0 24 24"[39m
                  [33mwidth[39m=[32m"24"[39m
                  [33mxmlns[39m=[32m"http://www.w3.org/2000/svg"[39m
                [36m>[39m
                  [36m<line[39m
                    [33mx1[39m=[32m"4"[39m
                    [33mx2[39m=[32m"20"[39m
                    [33my1[39m=[32m"12"[39m
                    [33my2[39m=[32m"12"[39m
                  [36m/>[39m
                  [36m<line[39m
                    [33mx1[39m=[32m"4"[39m
                    [33mx2[39m=[32m"20"[39m
                    [33my1[39m=[32m"6"[39m
                    [33my2[39m=[32m"6"[39m
                  [36m/>[39m
                  [36m<line[39m
                    [33mx1[39m=[32m"4"[39m
                    [33mx2[39m=[32m"20"[39m
                    [33my1[39m=[32m"18"[39m
                    [33my2[39m=[32m"18"[39m
                  [36m/>[39m
                [36m</svg>[39m
              [36m</button>[39m
            [36m</div>[39m
          [36m</div>[39m
        [36m</div>[39m
      [36m</header>[39m
      [36m<div[39m
        [33mclass[39m=[32m"container max-w-2xl mx-auto px-6 py-8"[39m
      [36m>[39m
        [36m<div[39m
          [33mclass[39m=[32m"space-y-6"[39m
        [36m>[39m
    ...
 × src/test/warranty-e2e.test.tsx > Warranty Registration E2E Tests > Navigation Flows > should navigate to warranty details after successful registration 22ms
   → Unable to find an element with the text: Register New Product. This could be because the text is broken up by multiple elements. In this case, you can provide a function for your text matcher to make your matcher more flexible.

Ignored nodes: comments, script, style
[36m<body>[39m
  [36m<div>[39m
    [36m<div[39m
      [33mclass[39m=[32m"min-h-screen bg-background pb-24"[39m
    [36m>[39m
      [36m<header[39m
        [33mclass[39m=[32m"sticky top-0 z-40 bg-background/95 backdrop-blur-lg border-b border-border"[39m
      [36m>[39m
        [36m<div[39m
          [33mclass[39m=[32m"container max-w-7xl mx-auto px-4 py-4"[39m
        [36m>[39m
          [36m<div[39m
            [33mclass[39m=[32m"flex items-center justify-between"[39m
          [36m>[39m
            [36m<div[39m
              [33mclass[39m=[32m"flex items-center gap-4"[39m
            [36m>[39m
              [36m<div[39m
                [33mclass[39m=[32m"flex items-center gap-3 cursor-pointer"[39m
              [36m>[39m
                [36m<img[39m
                  [33malt[39m=[32m"Test Store"[39m
                  [33mclass[39m=[32m"h-8 w-auto"[39m
                  [33msrc[39m=[32m"/test-logo.png"[39m
                [36m/>[39m
                [36m<div[39m
                  [33mclass[39m=[32m"hidden sm:flex flex-col"[39m
                [36m>[39m
                  [36m<span[39m
                    [33mclass[39m=[32m"font-semibold text-lg"[39m
                  [36m>[39m
                    [0mTest Store[0m
                  [36m</span>[39m
                  [36m<span[39m
                    [33mclass[39m=[32m"text-xs text-muted-foreground"[39m
                  [36m>[39m
                    [0mTest Store Tagline[0m
                  [36m</span>[39m
                [36m</div>[39m
              [36m</div>[39m
            [36m</div>[39m
            [36m<h1[39m
              [33mclass[39m=[32m"text-lg font-semibold hidden md:block"[39m
            [36m>[39m
              [0mWarranty[0m
            [36m</h1>[39m
            [36m<div[39m
              [33mclass[39m=[32m"flex items-center gap-4"[39m
            [36m>[39m
              [36m<button[39m
                [33mclass[39m=[32m"items-center justify-center gap-2 whitespace-nowrap text-sm font-medium ring-offset-background transition-colors focus-visible:outline-none focus-visible:ring-2 focus-visible:ring-ring focus-visible:ring-offset-2 disabled:pointer-events-none disabled:opacity-50 [&_svg]:pointer-events-none [&_svg]:size-4 [&_svg]:shrink-0 hover:bg-accent hover:text-accent-foreground h-9 rounded-md px-3 hidden sm:flex"[39m
              [36m>[39m
                [0mLogin[0m
              [36m</button>[39m
              [36m<button[39m
                [33mclass[39m=[32m"items-center justify-center gap-2 whitespace-nowrap text-sm font-medium ring-offset-background transition-colors focus-visible:outline-none focus-visible:ring-2 focus-visible:ring-ring focus-visible:ring-offset-2 disabled:pointer-events-none disabled:opacity-50 [&_svg]:pointer-events-none [&_svg]:size-4 [&_svg]:shrink-0 bg-primary text-primary-foreground hover:bg-primary/90 h-9 rounded-md px-3 hidden sm:flex"[39m
              [36m>[39m
                [36m<svg[39m
                  [33mclass[39m=[32m"lucide lucide-user-plus w-4 h-4 mr-2"[39m
                  [33mfill[39m=[32m"none"[39m
                  [33mheight[39m=[32m"24"[39m
                  [33mstroke[39m=[32m"currentColor"[39m
                  [33mstroke-linecap[39m=[32m"round"[39m
                  [33mstroke-linejoin[39m=[32m"round"[39m
                  [33mstroke-width[39m=[32m"2"[39m
                  [33mviewBox[39m=[32m"0 0 24 24"[39m
                  [33mwidth[39m=[32m"24"[39m
                  [33mxmlns[39m=[32m"http://www.w3.org/2000/svg"[39m
                [36m>[39m
                  [36m<path[39m
                    [33md[39m=[32m"M16 21v-2a4 4 0 0 0-4-4H6a4 4 0 0 0-4 4v2"[39m
                  [36m/>[39m
                  [36m<circle[39m
                    [33mcx[39m=[32m"9"[39m
                    [33mcy[39m=[32m"7"[39m
                    [33mr[39m=[32m"4"[39m
                  [36m/>[39m
                  [36m<line[39m
                    [33mx1[39m=[32m"19"[39m
                    [33mx2[39m=[32m"19"[39m
                    [33my1[39m=[32m"8"[39m
                    [33my2[39m=[32m"14"[39m
                  [36m/>[39m
                  [36m<line[39m
                    [33mx1[39m=[32m"22"[39m
                    [33mx2[39m=[32m"16"[39m
                    [33my1[39m=[32m"11"[39m
                    [33my2[39m=[32m"11"[39m
                  [36m/>[39m
                [36m</svg>[39m
                [0mRegister[0m
              [36m</button>[39m
              [36m<button[39m
                [33mclass[39m=[32m"inline-flex items-center justify-center gap-2 whitespace-nowrap text-sm font-medium ring-offset-background transition-colors focus-visible:outline-none focus-visible:ring-2 focus-visible:ring-ring focus-visible:ring-offset-2 disabled:pointer-events-none disabled:opacity-50 [&_svg]:pointer-events-none [&_svg]:size-4 [&_svg]:shrink-0 hover:bg-accent hover:text-accent-foreground h-9 rounded-md px-3 md:hidden"[39m
              [36m>[39m
                [36m<svg[39m
                  [33mclass[39m=[32m"lucide lucide-menu w-5 h-5"[39m
                  [33mfill[39m=[32m"none"[39m
                  [33mheight[39m=[32m"24"[39m
                  [33mstroke[39m=[32m"currentColor"[39m
                  [33mstroke-linecap[39m=[32m"round"[39m
                  [33mstroke-linejoin[39m=[32m"round"[39m
                  [33mstroke-width[39m=[32m"2"[39m
                  [33mviewBox[39m=[32m"0 0 24 24"[39m
                  [33mwidth[39m=[32m"24"[39m
                  [33mxmlns[39m=[32m"http://www.w3.org/2000/svg"[39m
                [36m>[39m
                  [36m<line[39m
                    [33mx1[39m=[32m"4"[39m
                    [33mx2[39m=[32m"20"[39m
                    [33my1[39m=[32m"12"[39m
                    [33my2[39m=[32m"12"[39m
                  [36m/>[39m
                  [36m<line[39m
                    [33mx1[39m=[32m"4"[39m
                    [33mx2[39m=[32m"20"[39m
                    [33my1[39m=[32m"6"[39m
                    [33my2[39m=[32m"6"[39m
                  [36m/>[39m
                  [36m<line[39m
                    [33mx1[39m=[32m"4"[39m
                    [33mx2[39m=[32m"20"[39m
                    [33my1[39m=[32m"18"[39m
                    [33my2[39m=[32m"18"[39m
                  [36m/>[39m
                [36m</svg>[39m
              [36m</button>[39m
            [36m</div>[39m
          [36m</div>[39m
        [36m</div>[39m
      [36m</header>[39m
      [36m<div[39m
        [33mclass[39m=[32m"container max-w-2xl mx-auto px-6 py-8"[39m
      [36m>[39m
        [36m<div[39m
          [33mclass[39m=[32m"space-y-6"[39m
        [36m>[39m
    ...
stderr | src/test/barcode-scanner-integration.test.tsx > Barcode Scanner Integration > Registration Mode Scanner Behavior > should populate barcode field when scanning in registration mode
Error: useTenant must be used within a TenantProvider
    at Module.useTenant (/home/aswin/Works/kirimku/smartseller-storefront/src/contexts/TenantContext.tsx:386:11)
    at Header (/home/aswin/Works/kirimku/smartseller-storefront/src/components/common/Header.tsx:39:22)
    at renderWithHooks (/home/aswin/Works/kirimku/smartseller-storefront/node_modules/react-dom/cjs/react-dom.development.js:15486:18)
    at mountIndeterminateComponent (/home/aswin/Works/kirimku/smartseller-storefront/node_modules/react-dom/cjs/react-dom.development.js:20103:13)
    at beginWork (/home/aswin/Works/kirimku/smartseller-storefront/node_modules/react-dom/cjs/react-dom.development.js:21626:16)
    at HTMLUnknownElement.callCallback (/home/aswin/Works/kirimku/smartseller-storefront/node_modules/react-dom/cjs/react-dom.development.js:4164:14)
    at HTMLUnknownElement.callTheUserObjectsOperation (/home/aswin/Works/kirimku/smartseller-storefront/node_modules/jsdom/lib/jsdom/living/generated/EventListener.js:26:30)
    at innerInvokeEventListeners (/home/aswin/Works/kirimku/smartseller-storefront/node_modules/jsdom/lib/jsdom/living/events/EventTarget-impl.js:360:16)
    at invokeEventListeners (/home/aswin/Works/kirimku/smartseller-storefront/node_modules/jsdom/lib/jsdom/living/events/EventTarget-impl.js:296:3)
    at HTMLUnknownElementImpl._dispatch (/home/aswin/Works/kirimku/smartseller-storefront/node_modules/jsdom/lib/jsdom/living/events/EventTarget-impl.js:243:9)
Error: useTenant must be used within a TenantProvider
    at Module.useTenant (/home/aswin/Works/kirimku/smartseller-storefront/src/contexts/TenantContext.tsx:386:11)
    at Header (/home/aswin/Works/kirimku/smartseller-storefront/src/components/common/Header.tsx:39:22)
    at renderWithHooks (/home/aswin/Works/kirimku/smartseller-storefront/node_modules/react-dom/cjs/react-dom.development.js:15486:18)
    at mountIndeterminateComponent (/home/aswin/Works/kirimku/smartseller-storefront/node_modules/react-dom/cjs/react-dom.development.js:20103:13)
    at beginWork (/home/aswin/Works/kirimku/smartseller-storefront/node_modules/react-dom/cjs/react-dom.development.js:21626:16)
    at HTMLUnknownElement.callCallback (/home/aswin/Works/kirimku/smartseller-storefront/node_modules/react-dom/cjs/react-dom.development.js:4164:14)
    at HTMLUnknownElement.callTheUserObjectsOperation (/home/aswin/Works/kirimku/smartseller-storefront/node_modules/jsdom/lib/jsdom/living/generated/EventListener.js:26:30)
    at innerInvokeEventListeners (/home/aswin/Works/kirimku/smartseller-storefront/node_modules/jsdom/lib/jsdom/living/events/EventTarget-impl.js:360:16)
    at invokeEventListeners (/home/aswin/Works/kirimku/smartseller-storefront/node_modules/jsdom/lib/jsdom/living/events/EventTarget-impl.js:296:3)
    at HTMLUnknownElementImpl._dispatch (/home/aswin/Works/kirimku/smartseller-storefront/node_modules/jsdom/lib/jsdom/living/events/EventTarget-impl.js:243:9)
The above error occurred in the <Header> component:

    at Header (/home/aswin/Works/kirimku/smartseller-storefront/src/components/common/Header.tsx:23:19)
    at div
    at Warranty (/home/aswin/Works/kirimku/smartseller-storefront/src/pages/Warranty.tsx:143:65)
    at Router (/home/aswin/Works/kirimku/smartseller-storefront/node_modules/react-router/dist/umd/react-router.development.js:1207:17)
    at BrowserRouter (/home/aswin/Works/kirimku/smartseller-storefront/node_modules/react-router-dom/dist/umd/react-router-dom.development.js:695:7)

Consider adding an error boundary to your tree to customize error handling behavior.
Visit https://reactjs.org/link/error-boundaries to learn more about error boundaries.

stderr | src/test/barcode-scanner-integration.test.tsx > Barcode Scanner Integration > Registration Mode Scanner Behavior > should not perform lookup when scanning in registration mode
Error: useTenant must be used within a TenantProvider
    at Module.useTenant (/home/aswin/Works/kirimku/smartseller-storefront/src/contexts/TenantContext.tsx:386:11)
    at Header (/home/aswin/Works/kirimku/smartseller-storefront/src/components/common/Header.tsx:39:22)
    at renderWithHooks (/home/aswin/Works/kirimku/smartseller-storefront/node_modules/react-dom/cjs/react-dom.development.js:15486:18)
    at mountIndeterminateComponent (/home/aswin/Works/kirimku/smartseller-storefront/node_modules/react-dom/cjs/react-dom.development.js:20103:13)
    at beginWork (/home/aswin/Works/kirimku/smartseller-storefront/node_modules/react-dom/cjs/react-dom.development.js:21626:16)
    at HTMLUnknownElement.callCallback (/home/aswin/Works/kirimku/smartseller-storefront/node_modules/react-dom/cjs/react-dom.development.js:4164:14)
    at HTMLUnknownElement.callTheUserObjectsOperation (/home/aswin/Works/kirimku/smartseller-storefront/node_modules/jsdom/lib/jsdom/living/generated/EventListener.js:26:30)
    at innerInvokeEventListeners (/home/aswin/Works/kirimku/smartseller-storefront/node_modules/jsdom/lib/jsdom/living/events/EventTarget-impl.js:360:16)
    at invokeEventListeners (/home/aswin/Works/kirimku/smartseller-storefront/node_modules/jsdom/lib/jsdom/living/events/EventTarget-impl.js:296:3)
    at HTMLUnknownElementImpl._dispatch (/home/aswin/Works/kirimku/smartseller-storefront/node_modules/jsdom/lib/jsdom/living/events/EventTarget-impl.js:243:9)
Error: useTenant must be used within a TenantProvider
    at Module.useTenant (/home/aswin/Works/kirimku/smartseller-storefront/src/contexts/TenantContext.tsx:386:11)
    at Header (/home/aswin/Works/kirimku/smartseller-storefront/src/components/common/Header.tsx:39:22)
    at renderWithHooks (/home/aswin/Works/kirimku/smartseller-storefront/node_modules/react-dom/cjs/react-dom.development.js:15486:18)
    at mountIndeterminateComponent (/home/aswin/Works/kirimku/smartseller-storefront/node_modules/react-dom/cjs/react-dom.development.js:20103:13)
    at beginWork (/home/aswin/Works/kirimku/smartseller-storefront/node_modules/react-dom/cjs/react-dom.development.js:21626:16)
    at HTMLUnknownElement.callCallback (/home/aswin/Works/kirimku/smartseller-storefront/node_modules/react-dom/cjs/react-dom.development.js:4164:14)
    at HTMLUnknownElement.callTheUserObjectsOperation (/home/aswin/Works/kirimku/smartseller-storefront/node_modules/jsdom/lib/jsdom/living/generated/EventListener.js:26:30)
    at innerInvokeEventListeners (/home/aswin/Works/kirimku/smartseller-storefront/node_modules/jsdom/lib/jsdom/living/events/EventTarget-impl.js:360:16)
    at invokeEventListeners (/home/aswin/Works/kirimku/smartseller-storefront/node_modules/jsdom/lib/jsdom/living/events/EventTarget-impl.js:296:3)
    at HTMLUnknownElementImpl._dispatch (/home/aswin/Works/kirimku/smartseller-storefront/node_modules/jsdom/lib/jsdom/living/events/EventTarget-impl.js:243:9)
The above error occurred in the <Header> component:

    at Header (/home/aswin/Works/kirimku/smartseller-storefront/src/components/common/Header.tsx:23:19)
    at div
    at Warranty (/home/aswin/Works/kirimku/smartseller-storefront/src/pages/Warranty.tsx:143:65)
    at Router (/home/aswin/Works/kirimku/smartseller-storefront/node_modules/react-router/dist/umd/react-router.development.js:1207:17)
    at BrowserRouter (/home/aswin/Works/kirimku/smartseller-storefront/node_modules/react-router-dom/dist/umd/react-router-dom.development.js:695:7)

Consider adding an error boundary to your tree to customize error handling behavior.
Visit https://reactjs.org/link/error-boundaries to learn more about error boundaries.

stderr | src/test/barcode-scanner-integration.test.tsx > Barcode Scanner Integration > Scanner UI Behavior > should close scanner when close button is clicked
Error: useTenant must be used within a TenantProvider
    at Module.useTenant (/home/aswin/Works/kirimku/smartseller-storefront/src/contexts/TenantContext.tsx:386:11)
    at Header (/home/aswin/Works/kirimku/smartseller-storefront/src/components/common/Header.tsx:39:22)
    at renderWithHooks (/home/aswin/Works/kirimku/smartseller-storefront/node_modules/react-dom/cjs/react-dom.development.js:15486:18)
    at mountIndeterminateComponent (/home/aswin/Works/kirimku/smartseller-storefront/node_modules/react-dom/cjs/react-dom.development.js:20103:13)
    at beginWork (/home/aswin/Works/kirimku/smartseller-storefront/node_modules/react-dom/cjs/react-dom.development.js:21626:16)
    at HTMLUnknownElement.callCallback (/home/aswin/Works/kirimku/smartseller-storefront/node_modules/react-dom/cjs/react-dom.development.js:4164:14)
    at HTMLUnknownElement.callTheUserObjectsOperation (/home/aswin/Works/kirimku/smartseller-storefront/node_modules/jsdom/lib/jsdom/living/generated/EventListener.js:26:30)
    at innerInvokeEventListeners (/home/aswin/Works/kirimku/smartseller-storefront/node_modules/jsdom/lib/jsdom/living/events/EventTarget-impl.js:360:16)
    at invokeEventListeners (/home/aswin/Works/kirimku/smartseller-storefront/node_modules/jsdom/lib/jsdom/living/events/EventTarget-impl.js:296:3)
    at HTMLUnknownElementImpl._dispatch (/home/aswin/Works/kirimku/smartseller-storefront/node_modules/jsdom/lib/jsdom/living/events/EventTarget-impl.js:243:9)
Error: useTenant must be used within a TenantProvider
    at Module.useTenant (/home/aswin/Works/kirimku/smartseller-storefront/src/contexts/TenantContext.tsx:386:11)
    at Header (/home/aswin/Works/kirimku/smartseller-storefront/src/components/common/Header.tsx:39:22)
    at renderWithHooks (/home/aswin/Works/kirimku/smartseller-storefront/node_modules/react-dom/cjs/react-dom.development.js:15486:18)
    at mountIndeterminateComponent (/home/aswin/Works/kirimku/smartseller-storefront/node_modules/react-dom/cjs/react-dom.development.js:20103:13)
    at beginWork (/home/aswin/Works/kirimku/smartseller-storefront/node_modules/react-dom/cjs/react-dom.development.js:21626:16)
    at HTMLUnknownElement.callCallback (/home/aswin/Works/kirimku/smartseller-storefront/node_modules/react-dom/cjs/react-dom.development.js:4164:14)
    at HTMLUnknownElement.callTheUserObjectsOperation (/home/aswin/Works/kirimku/smartseller-storefront/node_modules/jsdom/lib/jsdom/living/generated/EventListener.js:26:30)
    at innerInvokeEventListeners (/home/aswin/Works/kirimku/smartseller-storefront/node_modules/jsdom/lib/jsdom/living/events/EventTarget-impl.js:360:16)
    at invokeEventListeners (/home/aswin/Works/kirimku/smartseller-storefront/node_modules/jsdom/lib/jsdom/living/events/EventTarget-impl.js:296:3)
    at HTMLUnknownElementImpl._dispatch (/home/aswin/Works/kirimku/smartseller-storefront/node_modules/jsdom/lib/jsdom/living/events/EventTarget-impl.js:243:9)
The above error occurred in the <Header> component:

    at Header (/home/aswin/Works/kirimku/smartseller-storefront/src/components/common/Header.tsx:23:19)
    at div
    at Warranty (/home/aswin/Works/kirimku/smartseller-storefront/src/pages/Warranty.tsx:143:65)
    at Router (/home/aswin/Works/kirimku/smartseller-storefront/node_modules/react-router/dist/umd/react-router.development.js:1207:17)
    at BrowserRouter (/home/aswin/Works/kirimku/smartseller-storefront/node_modules/react-router-dom/dist/umd/react-router-dom.development.js:695:7)

Consider adding an error boundary to your tree to customize error handling behavior.
Visit https://reactjs.org/link/error-boundaries to learn more about error boundaries.

 × src/test/barcode-scanner-integration.test.tsx > Barcode Scanner Integration > Scanner Mode Management > should set scanner mode to register when opened from registration step 25ms
   → useTenant must be used within a TenantProvider
 × src/test/barcode-scanner-integration.test.tsx > Barcode Scanner Integration > Lookup Mode Scanner Behavior > should perform warranty lookup when barcode is scanned in lookup mode 22ms
   → useTenant must be used within a TenantProvider
 × src/test/barcode-scanner-integration.test.tsx > Barcode Scanner Integration > Lookup Mode Scanner Behavior > should handle lookup failure when scanning invalid barcode 17ms
   → useTenant must be used within a TenantProvider
 × src/test/barcode-scanner-integration.test.tsx > Barcode Scanner Integration > Lookup Mode Scanner Behavior > should handle network errors during lookup scan 20ms
   → useTenant must be used within a TenantProvider
 × src/test/barcode-scanner-integration.test.tsx > Barcode Scanner Integration > Registration Mode Scanner Behavior > should populate barcode field when scanning in registration mode 22ms
   → useTenant must be used within a TenantProvider
 × src/test/barcode-scanner-integration.test.tsx > Barcode Scanner Integration > Registration Mode Scanner Behavior > should not perform lookup when scanning in registration mode 11ms
   → useTenant must be used within a TenantProvider
stderr | src/test/barcode-scanner-integration.test.tsx > Barcode Scanner Integration > Scanner UI Behavior > should show scanner overlay when opened
Error: useTenant must be used within a TenantProvider
    at Module.useTenant (/home/aswin/Works/kirimku/smartseller-storefront/src/contexts/TenantContext.tsx:386:11)
    at Header (/home/aswin/Works/kirimku/smartseller-storefront/src/components/common/Header.tsx:39:22)
    at renderWithHooks (/home/aswin/Works/kirimku/smartseller-storefront/node_modules/react-dom/cjs/react-dom.development.js:15486:18)
    at mountIndeterminateComponent (/home/aswin/Works/kirimku/smartseller-storefront/node_modules/react-dom/cjs/react-dom.development.js:20103:13)
    at beginWork (/home/aswin/Works/kirimku/smartseller-storefront/node_modules/react-dom/cjs/react-dom.development.js:21626:16)
    at HTMLUnknownElement.callCallback (/home/aswin/Works/kirimku/smartseller-storefront/node_modules/react-dom/cjs/react-dom.development.js:4164:14)
    at HTMLUnknownElement.callTheUserObjectsOperation (/home/aswin/Works/kirimku/smartseller-storefront/node_modules/jsdom/lib/jsdom/living/generated/EventListener.js:26:30)
    at innerInvokeEventListeners (/home/aswin/Works/kirimku/smartseller-storefront/node_modules/jsdom/lib/jsdom/living/events/EventTarget-impl.js:360:16)
    at invokeEventListeners (/home/aswin/Works/kirimku/smartseller-storefront/node_modules/jsdom/lib/jsdom/living/events/EventTarget-impl.js:296:3)
    at HTMLUnknownElementImpl._dispatch (/home/aswin/Works/kirimku/smartseller-storefront/node_modules/jsdom/lib/jsdom/living/events/EventTarget-impl.js:243:9)
Error: useTenant must be used within a TenantProvider
    at Module.useTenant (/home/aswin/Works/kirimku/smartseller-storefront/src/contexts/TenantContext.tsx:386:11)
    at Header (/home/aswin/Works/kirimku/smartseller-storefront/src/components/common/Header.tsx:39:22)
    at renderWithHooks (/home/aswin/Works/kirimku/smartseller-storefront/node_modules/react-dom/cjs/react-dom.development.js:15486:18)
    at mountIndeterminateComponent (/home/aswin/Works/kirimku/smartseller-storefront/node_modules/react-dom/cjs/react-dom.development.js:20103:13)
    at beginWork (/home/aswin/Works/kirimku/smartseller-storefront/node_modules/react-dom/cjs/react-dom.development.js:21626:16)
    at HTMLUnknownElement.callCallback (/home/aswin/Works/kirimku/smartseller-storefront/node_modules/react-dom/cjs/react-dom.development.js:4164:14)
    at HTMLUnknownElement.callTheUserObjectsOperation (/home/aswin/Works/kirimku/smartseller-storefront/node_modules/jsdom/lib/jsdom/living/generated/EventListener.js:26:30)
    at innerInvokeEventListeners (/home/aswin/Works/kirimku/smartseller-storefront/node_modules/jsdom/lib/jsdom/living/events/EventTarget-impl.js:360:16)
    at invokeEventListeners (/home/aswin/Works/kirimku/smartseller-storefront/node_modules/jsdom/lib/jsdom/living/events/EventTarget-impl.js:296:3)
    at HTMLUnknownElementImpl._dispatch (/home/aswin/Works/kirimku/smartseller-storefront/node_modules/jsdom/lib/jsdom/living/events/EventTarget-impl.js:243:9)
The above error occurred in the <Header> component:

    at Header (/home/aswin/Works/kirimku/smartseller-storefront/src/components/common/Header.tsx:23:19)
    at div
    at Warranty (/home/aswin/Works/kirimku/smartseller-storefront/src/pages/Warranty.tsx:143:65)
    at Router (/home/aswin/Works/kirimku/smartseller-storefront/node_modules/react-router/dist/umd/react-router.development.js:1207:17)
    at BrowserRouter (/home/aswin/Works/kirimku/smartseller-storefront/node_modules/react-router-dom/dist/umd/react-router-dom.development.js:695:7)

Consider adding an error boundary to your tree to customize error handling behavior.
Visit https://reactjs.org/link/error-boundaries to learn more about error boundaries.

stderr | src/test/barcode-scanner-integration.test.tsx > Barcode Scanner Integration > Scanner UI Behavior > should disable scan buttons while scanning is in progress
Error: useTenant must be used within a TenantProvider
    at Module.useTenant (/home/aswin/Works/kirimku/smartseller-storefront/src/contexts/TenantContext.tsx:386:11)
    at Header (/home/aswin/Works/kirimku/smartseller-storefront/src/components/common/Header.tsx:39:22)
    at renderWithHooks (/home/aswin/Works/kirimku/smartseller-storefront/node_modules/react-dom/cjs/react-dom.development.js:15486:18)
    at mountIndeterminateComponent (/home/aswin/Works/kirimku/smartseller-storefront/node_modules/react-dom/cjs/react-dom.development.js:20103:13)
    at beginWork (/home/aswin/Works/kirimku/smartseller-storefront/node_modules/react-dom/cjs/react-dom.development.js:21626:16)
    at HTMLUnknownElement.callCallback (/home/aswin/Works/kirimku/smartseller-storefront/node_modules/react-dom/cjs/react-dom.development.js:4164:14)
    at HTMLUnknownElement.callTheUserObjectsOperation (/home/aswin/Works/kirimku/smartseller-storefront/node_modules/jsdom/lib/jsdom/living/generated/EventListener.js:26:30)
    at innerInvokeEventListeners (/home/aswin/Works/kirimku/smartseller-storefront/node_modules/jsdom/lib/jsdom/living/events/EventTarget-impl.js:360:16)
    at invokeEventListeners (/home/aswin/Works/kirimku/smartseller-storefront/node_modules/jsdom/lib/jsdom/living/events/EventTarget-impl.js:296:3)
    at HTMLUnknownElementImpl._dispatch (/home/aswin/Works/kirimku/smartseller-storefront/node_modules/jsdom/lib/jsdom/living/events/EventTarget-impl.js:243:9)
Error: useTenant must be used within a TenantProvider
    at Module.useTenant (/home/aswin/Works/kirimku/smartseller-storefront/src/contexts/TenantContext.tsx:386:11)
    at Header (/home/aswin/Works/kirimku/smartseller-storefront/src/components/common/Header.tsx:39:22)
    at renderWithHooks (/home/aswin/Works/kirimku/smartseller-storefront/node_modules/react-dom/cjs/react-dom.development.js:15486:18)
    at mountIndeterminateComponent (/home/aswin/Works/kirimku/smartseller-storefront/node_modules/react-dom/cjs/react-dom.development.js:20103:13)
    at beginWork (/home/aswin/Works/kirimku/smartseller-storefront/node_modules/react-dom/cjs/react-dom.development.js:21626:16)
    at HTMLUnknownElement.callCallback (/home/aswin/Works/kirimku/smartseller-storefront/node_modules/react-dom/cjs/react-dom.development.js:4164:14)
    at HTMLUnknownElement.callTheUserObjectsOperation (/home/aswin/Works/kirimku/smartseller-storefront/node_modules/jsdom/lib/jsdom/living/generated/EventListener.js:26:30)
    at innerInvokeEventListeners (/home/aswin/Works/kirimku/smartseller-storefront/node_modules/jsdom/lib/jsdom/living/events/EventTarget-impl.js:360:16)
    at invokeEventListeners (/home/aswin/Works/kirimku/smartseller-storefront/node_modules/jsdom/lib/jsdom/living/events/EventTarget-impl.js:296:3)
    at HTMLUnknownElementImpl._dispatch (/home/aswin/Works/kirimku/smartseller-storefront/node_modules/jsdom/lib/jsdom/living/events/EventTarget-impl.js:243:9)
The above error occurred in the <Header> component:

    at Header (/home/aswin/Works/kirimku/smartseller-storefront/src/components/common/Header.tsx:23:19)
    at div
    at Warranty (/home/aswin/Works/kirimku/smartseller-storefront/src/pages/Warranty.tsx:143:65)
    at Router (/home/aswin/Works/kirimku/smartseller-storefront/node_modules/react-router/dist/umd/react-router.development.js:1207:17)
    at BrowserRouter (/home/aswin/Works/kirimku/smartseller-storefront/node_modules/react-router-dom/dist/umd/react-router-dom.development.js:695:7)

Consider adding an error boundary to your tree to customize error handling behavior.
Visit https://reactjs.org/link/error-boundaries to learn more about error boundaries.

stderr | src/test/barcode-scanner-integration.test.tsx > Barcode Scanner Integration > Scanner State Management > should maintain scanner mode across multiple scans
Error: useTenant must be used within a TenantProvider
    at Module.useTenant (/home/aswin/Works/kirimku/smartseller-storefront/src/contexts/TenantContext.tsx:386:11)
    at Header (/home/aswin/Works/kirimku/smartseller-storefront/src/components/common/Header.tsx:39:22)
    at renderWithHooks (/home/aswin/Works/kirimku/smartseller-storefront/node_modules/react-dom/cjs/react-dom.development.js:15486:18)
    at mountIndeterminateComponent (/home/aswin/Works/kirimku/smartseller-storefront/node_modules/react-dom/cjs/react-dom.development.js:20103:13)
    at beginWork (/home/aswin/Works/kirimku/smartseller-storefront/node_modules/react-dom/cjs/react-dom.development.js:21626:16)
    at HTMLUnknownElement.callCallback (/home/aswin/Works/kirimku/smartseller-storefront/node_modules/react-dom/cjs/react-dom.development.js:4164:14)
    at HTMLUnknownElement.callTheUserObjectsOperation (/home/aswin/Works/kirimku/smartseller-storefront/node_modules/jsdom/lib/jsdom/living/generated/EventListener.js:26:30)
    at innerInvokeEventListeners (/home/aswin/Works/kirimku/smartseller-storefront/node_modules/jsdom/lib/jsdom/living/events/EventTarget-impl.js:360:16)
    at invokeEventListeners (/home/aswin/Works/kirimku/smartseller-storefront/node_modules/jsdom/lib/jsdom/living/events/EventTarget-impl.js:296:3)
    at HTMLUnknownElementImpl._dispatch (/home/aswin/Works/kirimku/smartseller-storefront/node_modules/jsdom/lib/jsdom/living/events/EventTarget-impl.js:243:9)
Error: useTenant must be used within a TenantProvider
    at Module.useTenant (/home/aswin/Works/kirimku/smartseller-storefront/src/contexts/TenantContext.tsx:386:11)
    at Header (/home/aswin/Works/kirimku/smartseller-storefront/src/components/common/Header.tsx:39:22)
    at renderWithHooks (/home/aswin/Works/kirimku/smartseller-storefront/node_modules/react-dom/cjs/react-dom.development.js:15486:18)
    at mountIndeterminateComponent (/home/aswin/Works/kirimku/smartseller-storefront/node_modules/react-dom/cjs/react-dom.development.js:20103:13)
    at beginWork (/home/aswin/Works/kirimku/smartseller-storefront/node_modules/react-dom/cjs/react-dom.development.js:21626:16)
    at HTMLUnknownElement.callCallback (/home/aswin/Works/kirimku/smartseller-storefront/node_modules/react-dom/cjs/react-dom.development.js:4164:14)
    at HTMLUnknownElement.callTheUserObjectsOperation (/home/aswin/Works/kirimku/smartseller-storefront/node_modules/jsdom/lib/jsdom/living/generated/EventListener.js:26:30)
    at innerInvokeEventListeners (/home/aswin/Works/kirimku/smartseller-storefront/node_modules/jsdom/lib/jsdom/living/events/EventTarget-impl.js:360:16)
    at invokeEventListeners (/home/aswin/Works/kirimku/smartseller-storefront/node_modules/jsdom/lib/jsdom/living/events/EventTarget-impl.js:296:3)
    at HTMLUnknownElementImpl._dispatch (/home/aswin/Works/kirimku/smartseller-storefront/node_modules/jsdom/lib/jsdom/living/events/EventTarget-impl.js:243:9)
The above error occurred in the <Header> component:

    at Header (/home/aswin/Works/kirimku/smartseller-storefront/src/components/common/Header.tsx:23:19)
    at div
    at Warranty (/home/aswin/Works/kirimku/smartseller-storefront/src/pages/Warranty.tsx:143:65)
    at Router (/home/aswin/Works/kirimku/smartseller-storefront/node_modules/react-router/dist/umd/react-router.development.js:1207:17)
    at BrowserRouter (/home/aswin/Works/kirimku/smartseller-storefront/node_modules/react-router-dom/dist/umd/react-router-dom.development.js:695:7)

Consider adding an error boundary to your tree to customize error handling behavior.
Visit https://reactjs.org/link/error-boundaries to learn more about error boundaries.

 × src/test/barcode-scanner-integration.test.tsx > Barcode Scanner Integration > Scanner UI Behavior > should close scanner when close button is clicked 9ms
   → useTenant must be used within a TenantProvider
 × src/test/barcode-scanner-integration.test.tsx > Barcode Scanner Integration > Scanner UI Behavior > should show scanner overlay when opened 9ms
   → useTenant must be used within a TenantProvider
 × src/test/barcode-scanner-integration.test.tsx > Barcode Scanner Integration > Scanner UI Behavior > should disable scan buttons while scanning is in progress 12ms
   → useTenant must be used within a TenantProvider
 × src/test/barcode-scanner-integration.test.tsx > Barcode Scanner Integration > Scanner State Management > should maintain scanner mode across multiple scans 21ms
   → useTenant must be used within a TenantProvider
stderr | src/test/warranty-registration.test.tsx > Warranty Registration > Registration Form State Management > should update customer information fields
Warning: An update to Warranty inside a test was not wrapped in act(...).

When testing, code that causes React state updates should be wrapped into act(...):

act(() => {
  /* fire events that update state */
});
/* assert on the output */

This ensures that you're testing the behavior the user would see in the browser. Learn more at https://reactjs.org/link/wrap-tests-with-act
    at Warranty (/home/aswin/Works/kirimku/smartseller-storefront/src/pages/Warranty.tsx:143:65)
    at Router (/home/aswin/Works/kirimku/smartseller-storefront/node_modules/react-router/dist/umd/react-router.development.js:1207:17)
    at BrowserRouter (/home/aswin/Works/kirimku/smartseller-storefront/node_modules/react-router-dom/dist/umd/react-router-dom.development.js:695:7)
    at AllTheProviders (/home/aswin/Works/kirimku/smartseller-storefront/src/test/test-utils.tsx:186:28)
Warning: An update to Warranty inside a test was not wrapped in act(...).

When testing, code that causes React state updates should be wrapped into act(...):

act(() => {
  /* fire events that update state */
});
/* assert on the output */

This ensures that you're testing the behavior the user would see in the browser. Learn more at https://reactjs.org/link/wrap-tests-with-act
    at Warranty (/home/aswin/Works/kirimku/smartseller-storefront/src/pages/Warranty.tsx:143:65)
    at Router (/home/aswin/Works/kirimku/smartseller-storefront/node_modules/react-router/dist/umd/react-router.development.js:1207:17)
    at BrowserRouter (/home/aswin/Works/kirimku/smartseller-storefront/node_modules/react-router-dom/dist/umd/react-router-dom.development.js:695:7)
    at AllTheProviders (/home/aswin/Works/kirimku/smartseller-storefront/src/test/test-utils.tsx:186:28)

stderr | src/test/warranty-registration.test.tsx > Warranty Registration > Form Validation > should show error when submitting without barcode
Warning: An update to Warranty inside a test was not wrapped in act(...).

When testing, code that causes React state updates should be wrapped into act(...):

act(() => {
  /* fire events that update state */
});
/* assert on the output */

This ensures that you're testing the behavior the user would see in the browser. Learn more at https://reactjs.org/link/wrap-tests-with-act
    at Warranty (/home/aswin/Works/kirimku/smartseller-storefront/src/pages/Warranty.tsx:143:65)
    at Router (/home/aswin/Works/kirimku/smartseller-storefront/node_modules/react-router/dist/umd/react-router.development.js:1207:17)
    at BrowserRouter (/home/aswin/Works/kirimku/smartseller-storefront/node_modules/react-router-dom/dist/umd/react-router-dom.development.js:695:7)
    at AllTheProviders (/home/aswin/Works/kirimku/smartseller-storefront/src/test/test-utils.tsx:186:28)
Warning: An update to Warranty inside a test was not wrapped in act(...).

When testing, code that causes React state updates should be wrapped into act(...):

act(() => {
  /* fire events that update state */
});
/* assert on the output */

This ensures that you're testing the behavior the user would see in the browser. Learn more at https://reactjs.org/link/wrap-tests-with-act
    at Warranty (/home/aswin/Works/kirimku/smartseller-storefront/src/pages/Warranty.tsx:143:65)
    at Router (/home/aswin/Works/kirimku/smartseller-storefront/node_modules/react-router/dist/umd/react-router.development.js:1207:17)
    at BrowserRouter (/home/aswin/Works/kirimku/smartseller-storefront/node_modules/react-router-dom/dist/umd/react-router-dom.development.js:695:7)
    at AllTheProviders (/home/aswin/Works/kirimku/smartseller-storefront/src/test/test-utils.tsx:186:28)

stderr | src/test/warranty-registration.test.tsx > Warranty Registration > Form Validation > should validate required fields before submission
Warning: An update to Warranty inside a test was not wrapped in act(...).

When testing, code that causes React state updates should be wrapped into act(...):

act(() => {
  /* fire events that update state */
});
/* assert on the output */

This ensures that you're testing the behavior the user would see in the browser. Learn more at https://reactjs.org/link/wrap-tests-with-act
    at Warranty (/home/aswin/Works/kirimku/smartseller-storefront/src/pages/Warranty.tsx:143:65)
    at Router (/home/aswin/Works/kirimku/smartseller-storefront/node_modules/react-router/dist/umd/react-router.development.js:1207:17)
    at BrowserRouter (/home/aswin/Works/kirimku/smartseller-storefront/node_modules/react-router-dom/dist/umd/react-router-dom.development.js:695:7)
    at AllTheProviders (/home/aswin/Works/kirimku/smartseller-storefront/src/test/test-utils.tsx:186:28)
Warning: An update to Warranty inside a test was not wrapped in act(...).

When testing, code that causes React state updates should be wrapped into act(...):

act(() => {
  /* fire events that update state */
});
/* assert on the output */

This ensures that you're testing the behavior the user would see in the browser. Learn more at https://reactjs.org/link/wrap-tests-with-act
    at Warranty (/home/aswin/Works/kirimku/smartseller-storefront/src/pages/Warranty.tsx:143:65)
    at Router (/home/aswin/Works/kirimku/smartseller-storefront/node_modules/react-router/dist/umd/react-router.development.js:1207:17)
    at BrowserRouter (/home/aswin/Works/kirimku/smartseller-storefront/node_modules/react-router-dom/dist/umd/react-router-dom.development.js:695:7)
    at AllTheProviders (/home/aswin/Works/kirimku/smartseller-storefront/src/test/test-utils.tsx:186:28)

stderr | src/test/warranty-registration.test.tsx > Warranty Registration > Barcode Scanner Integration > should open barcode scanner when scan button is clicked
Warning: An update to Warranty inside a test was not wrapped in act(...).

When testing, code that causes React state updates should be wrapped into act(...):

act(() => {
  /* fire events that update state */
});
/* assert on the output */

This ensures that you're testing the behavior the user would see in the browser. Learn more at https://reactjs.org/link/wrap-tests-with-act
    at Warranty (/home/aswin/Works/kirimku/smartseller-storefront/src/pages/Warranty.tsx:143:65)
    at Router (/home/aswin/Works/kirimku/smartseller-storefront/node_modules/react-router/dist/umd/react-router.development.js:1207:17)
    at BrowserRouter (/home/aswin/Works/kirimku/smartseller-storefront/node_modules/react-router-dom/dist/umd/react-router-dom.development.js:695:7)
    at AllTheProviders (/home/aswin/Works/kirimku/smartseller-storefront/src/test/test-utils.tsx:186:28)
Warning: An update to Warranty inside a test was not wrapped in act(...).

When testing, code that causes React state updates should be wrapped into act(...):

act(() => {
  /* fire events that update state */
});
/* assert on the output */

This ensures that you're testing the behavior the user would see in the browser. Learn more at https://reactjs.org/link/wrap-tests-with-act
    at Warranty (/home/aswin/Works/kirimku/smartseller-storefront/src/pages/Warranty.tsx:143:65)
    at Router (/home/aswin/Works/kirimku/smartseller-storefront/node_modules/react-router/dist/umd/react-router.development.js:1207:17)
    at BrowserRouter (/home/aswin/Works/kirimku/smartseller-storefront/node_modules/react-router-dom/dist/umd/react-router-dom.development.js:695:7)
    at AllTheProviders (/home/aswin/Works/kirimku/smartseller-storefront/src/test/test-utils.tsx:186:28)

 × src/test/warranty-registration.test.tsx > Warranty Registration > Registration Form State Management > should initialize registration form with empty values 74ms
   → Unable to find an element with the text: Register New Product. This could be because the text is broken up by multiple elements. In this case, you can provide a function for your text matcher to make your matcher more flexible.

Ignored nodes: comments, script, style
[36m<body>[39m
  [36m<div>[39m
    [36m<div[39m
      [33mclass[39m=[32m"min-h-screen bg-background pb-24"[39m
    [36m>[39m
      [36m<header[39m
        [33mclass[39m=[32m"sticky top-0 z-40 bg-background/95 backdrop-blur-lg border-b border-border"[39m
      [36m>[39m
        [36m<div[39m
          [33mclass[39m=[32m"container max-w-7xl mx-auto px-4 py-4"[39m
        [36m>[39m
          [36m<div[39m
            [33mclass[39m=[32m"flex items-center justify-between"[39m
          [36m>[39m
            [36m<div[39m
              [33mclass[39m=[32m"flex items-center gap-4"[39m
            [36m>[39m
              [36m<div[39m
                [33mclass[39m=[32m"flex items-center gap-3 cursor-pointer"[39m
              [36m>[39m
                [36m<img[39m
                  [33malt[39m=[32m"Test Store"[39m
                  [33mclass[39m=[32m"h-8 w-auto"[39m
                  [33msrc[39m=[32m"/test-logo.png"[39m
                [36m/>[39m
                [36m<div[39m
                  [33mclass[39m=[32m"hidden sm:flex flex-col"[39m
                [36m>[39m
                  [36m<span[39m
                    [33mclass[39m=[32m"font-semibold text-lg"[39m
                  [36m>[39m
                    [0mTest Store[0m
                  [36m</span>[39m
                  [36m<span[39m
                    [33mclass[39m=[32m"text-xs text-muted-foreground"[39m
                  [36m>[39m
                    [0mTest Store Tagline[0m
                  [36m</span>[39m
                [36m</div>[39m
              [36m</div>[39m
            [36m</div>[39m
            [36m<h1[39m
              [33mclass[39m=[32m"text-lg font-semibold hidden md:block"[39m
            [36m>[39m
              [0mWarranty[0m
            [36m</h1>[39m
            [36m<div[39m
              [33mclass[39m=[32m"flex items-center gap-4"[39m
            [36m>[39m
              [36m<button[39m
                [33mclass[39m=[32m"items-center justify-center gap-2 whitespace-nowrap text-sm font-medium ring-offset-background transition-colors focus-visible:outline-none focus-visible:ring-2 focus-visible:ring-ring focus-visible:ring-offset-2 disabled:pointer-events-none disabled:opacity-50 [&_svg]:pointer-events-none [&_svg]:size-4 [&_svg]:shrink-0 hover:bg-accent hover:text-accent-foreground h-9 rounded-md px-3 hidden sm:flex"[39m
              [36m>[39m
                [0mLogin[0m
              [36m</button>[39m
              [36m<button[39m
                [33mclass[39m=[32m"items-center justify-center gap-2 whitespace-nowrap text-sm font-medium ring-offset-background transition-colors focus-visible:outline-none focus-visible:ring-2 focus-visible:ring-ring focus-visible:ring-offset-2 disabled:pointer-events-none disabled:opacity-50 [&_svg]:pointer-events-none [&_svg]:size-4 [&_svg]:shrink-0 bg-primary text-primary-foreground hover:bg-primary/90 h-9 rounded-md px-3 hidden sm:flex"[39m
              [36m>[39m
                [36m<svg[39m
                  [33mclass[39m=[32m"lucide lucide-user-plus w-4 h-4 mr-2"[39m
                  [33mfill[39m=[32m"none"[39m
                  [33mheight[39m=[32m"24"[39m
                  [33mstroke[39m=[32m"currentColor"[39m
                  [33mstroke-linecap[39m=[32m"round"[39m
                  [33mstroke-linejoin[39m=[32m"round"[39m
                  [33mstroke-width[39m=[32m"2"[39m
                  [33mviewBox[39m=[32m"0 0 24 24"[39m
                  [33mwidth[39m=[32m"24"[39m
                  [33mxmlns[39m=[32m"http://www.w3.org/2000/svg"[39m
                [36m>[39m
                  [36m<path[39m
                    [33md[39m=[32m"M16 21v-2a4 4 0 0 0-4-4H6a4 4 0 0 0-4 4v2"[39m
                  [36m/>[39m
                  [36m<circle[39m
                    [33mcx[39m=[32m"9"[39m
                    [33mcy[39m=[32m"7"[39m
                    [33mr[39m=[32m"4"[39m
                  [36m/>[39m
                  [36m<line[39m
                    [33mx1[39m=[32m"19"[39m
                    [33mx2[39m=[32m"19"[39m
                    [33my1[39m=[32m"8"[39m
                    [33my2[39m=[32m"14"[39m
                  [36m/>[39m
                  [36m<line[39m
                    [33mx1[39m=[32m"22"[39m
                    [33mx2[39m=[32m"16"[39m
                    [33my1[39m=[32m"11"[39m
                    [33my2[39m=[32m"11"[39m
                  [36m/>[39m
                [36m</svg>[39m
                [0mRegister[0m
              [36m</button>[39m
              [36m<button[39m
                [33mclass[39m=[32m"inline-flex items-center justify-center gap-2 whitespace-nowrap text-sm font-medium ring-offset-background transition-colors focus-visible:outline-none focus-visible:ring-2 focus-visible:ring-ring focus-visible:ring-offset-2 disabled:pointer-events-none disabled:opacity-50 [&_svg]:pointer-events-none [&_svg]:size-4 [&_svg]:shrink-0 hover:bg-accent hover:text-accent-foreground h-9 rounded-md px-3 md:hidden"[39m
              [36m>[39m
                [36m<svg[39m
                  [33mclass[39m=[32m"lucide lucide-menu w-5 h-5"[39m
                  [33mfill[39m=[32m"none"[39m
                  [33mheight[39m=[32m"24"[39m
                  [33mstroke[39m=[32m"currentColor"[39m
                  [33mstroke-linecap[39m=[32m"round"[39m
                  [33mstroke-linejoin[39m=[32m"round"[39m
                  [33mstroke-width[39m=[32m"2"[39m
                  [33mviewBox[39m=[32m"0 0 24 24"[39m
                  [33mwidth[39m=[32m"24"[39m
                  [33mxmlns[39m=[32m"http://www.w3.org/2000/svg"[39m
                [36m>[39m
                  [36m<line[39m
                    [33mx1[39m=[32m"4"[39m
                    [33mx2[39m=[32m"20"[39m
                    [33my1[39m=[32m"12"[39m
                    [33my2[39m=[32m"12"[39m
                  [36m/>[39m
                  [36m<line[39m
                    [33mx1[39m=[32m"4"[39m
                    [33mx2[39m=[32m"20"[39m
                    [33my1[39m=[32m"6"[39m
                    [33my2[39m=[32m"6"[39m
                  [36m/>[39m
                  [36m<line[39m
                    [33mx1[39m=[32m"4"[39m
                    [33mx2[39m=[32m"20"[39m
                    [33my1[39m=[32m"18"[39m
                    [33my2[39m=[32m"18"[39m
                  [36m/>[39m
                [36m</svg>[39m
              [36m</button>[39m
            [36m</div>[39m
          [36m</div>[39m
        [36m</div>[39m
      [36m</header>[39m
      [36m<div[39m
        [33mclass[39m=[32m"container max-w-2xl mx-auto px-6 py-8"[39m
      [36m>[39m
        [36m<div[39m
          [33mclass[39m=[32m"space-y-6"[39m
        [36m>[39m
    ...
 × src/test/warranty-registration.test.tsx > Warranty Registration > Registration Form State Management > should update barcode field when user types 24ms
   → Unable to find an element with the text: Register New Product. This could be because the text is broken up by multiple elements. In this case, you can provide a function for your text matcher to make your matcher more flexible.

Ignored nodes: comments, script, style
[36m<body>[39m
  [36m<div>[39m
    [36m<div[39m
      [33mclass[39m=[32m"min-h-screen bg-background pb-24"[39m
    [36m>[39m
      [36m<header[39m
        [33mclass[39m=[32m"sticky top-0 z-40 bg-background/95 backdrop-blur-lg border-b border-border"[39m
      [36m>[39m
        [36m<div[39m
          [33mclass[39m=[32m"container max-w-7xl mx-auto px-4 py-4"[39m
        [36m>[39m
          [36m<div[39m
            [33mclass[39m=[32m"flex items-center justify-between"[39m
          [36m>[39m
            [36m<div[39m
              [33mclass[39m=[32m"flex items-center gap-4"[39m
            [36m>[39m
              [36m<div[39m
                [33mclass[39m=[32m"flex items-center gap-3 cursor-pointer"[39m
              [36m>[39m
                [36m<img[39m
                  [33malt[39m=[32m"Test Store"[39m
                  [33mclass[39m=[32m"h-8 w-auto"[39m
                  [33msrc[39m=[32m"/test-logo.png"[39m
                [36m/>[39m
                [36m<div[39m
                  [33mclass[39m=[32m"hidden sm:flex flex-col"[39m
                [36m>[39m
                  [36m<span[39m
                    [33mclass[39m=[32m"font-semibold text-lg"[39m
                  [36m>[39m
                    [0mTest Store[0m
                  [36m</span>[39m
                  [36m<span[39m
                    [33mclass[39m=[32m"text-xs text-muted-foreground"[39m
                  [36m>[39m
                    [0mTest Store Tagline[0m
                  [36m</span>[39m
                [36m</div>[39m
              [36m</div>[39m
            [36m</div>[39m
            [36m<h1[39m
              [33mclass[39m=[32m"text-lg font-semibold hidden md:block"[39m
            [36m>[39m
              [0mWarranty[0m
            [36m</h1>[39m
            [36m<div[39m
              [33mclass[39m=[32m"flex items-center gap-4"[39m
            [36m>[39m
              [36m<button[39m
                [33mclass[39m=[32m"items-center justify-center gap-2 whitespace-nowrap text-sm font-medium ring-offset-background transition-colors focus-visible:outline-none focus-visible:ring-2 focus-visible:ring-ring focus-visible:ring-offset-2 disabled:pointer-events-none disabled:opacity-50 [&_svg]:pointer-events-none [&_svg]:size-4 [&_svg]:shrink-0 hover:bg-accent hover:text-accent-foreground h-9 rounded-md px-3 hidden sm:flex"[39m
              [36m>[39m
                [0mLogin[0m
              [36m</button>[39m
              [36m<button[39m
                [33mclass[39m=[32m"items-center justify-center gap-2 whitespace-nowrap text-sm font-medium ring-offset-background transition-colors focus-visible:outline-none focus-visible:ring-2 focus-visible:ring-ring focus-visible:ring-offset-2 disabled:pointer-events-none disabled:opacity-50 [&_svg]:pointer-events-none [&_svg]:size-4 [&_svg]:shrink-0 bg-primary text-primary-foreground hover:bg-primary/90 h-9 rounded-md px-3 hidden sm:flex"[39m
              [36m>[39m
                [36m<svg[39m
                  [33mclass[39m=[32m"lucide lucide-user-plus w-4 h-4 mr-2"[39m
                  [33mfill[39m=[32m"none"[39m
                  [33mheight[39m=[32m"24"[39m
                  [33mstroke[39m=[32m"currentColor"[39m
                  [33mstroke-linecap[39m=[32m"round"[39m
                  [33mstroke-linejoin[39m=[32m"round"[39m
                  [33mstroke-width[39m=[32m"2"[39m
                  [33mviewBox[39m=[32m"0 0 24 24"[39m
                  [33mwidth[39m=[32m"24"[39m
                  [33mxmlns[39m=[32m"http://www.w3.org/2000/svg"[39m
                [36m>[39m
                  [36m<path[39m
                    [33md[39m=[32m"M16 21v-2a4 4 0 0 0-4-4H6a4 4 0 0 0-4 4v2"[39m
                  [36m/>[39m
                  [36m<circle[39m
                    [33mcx[39m=[32m"9"[39m
                    [33mcy[39m=[32m"7"[39m
                    [33mr[39m=[32m"4"[39m
                  [36m/>[39m
                  [36m<line[39m
                    [33mx1[39m=[32m"19"[39m
                    [33mx2[39m=[32m"19"[39m
                    [33my1[39m=[32m"8"[39m
                    [33my2[39m=[32m"14"[39m
                  [36m/>[39m
                  [36m<line[39m
                    [33mx1[39m=[32m"22"[39m
                    [33mx2[39m=[32m"16"[39m
                    [33my1[39m=[32m"11"[39m
                    [33my2[39m=[32m"11"[39m
                  [36m/>[39m
                [36m</svg>[39m
                [0mRegister[0m
              [36m</button>[39m
              [36m<button[39m
                [33mclass[39m=[32m"inline-flex items-center justify-center gap-2 whitespace-nowrap text-sm font-medium ring-offset-background transition-colors focus-visible:outline-none focus-visible:ring-2 focus-visible:ring-ring focus-visible:ring-offset-2 disabled:pointer-events-none disabled:opacity-50 [&_svg]:pointer-events-none [&_svg]:size-4 [&_svg]:shrink-0 hover:bg-accent hover:text-accent-foreground h-9 rounded-md px-3 md:hidden"[39m
              [36m>[39m
                [36m<svg[39m
                  [33mclass[39m=[32m"lucide lucide-menu w-5 h-5"[39m
                  [33mfill[39m=[32m"none"[39m
                  [33mheight[39m=[32m"24"[39m
                  [33mstroke[39m=[32m"currentColor"[39m
                  [33mstroke-linecap[39m=[32m"round"[39m
                  [33mstroke-linejoin[39m=[32m"round"[39m
                  [33mstroke-width[39m=[32m"2"[39m
                  [33mviewBox[39m=[32m"0 0 24 24"[39m
                  [33mwidth[39m=[32m"24"[39m
                  [33mxmlns[39m=[32m"http://www.w3.org/2000/svg"[39m
                [36m>[39m
                  [36m<line[39m
                    [33mx1[39m=[32m"4"[39m
                    [33mx2[39m=[32m"20"[39m
                    [33my1[39m=[32m"12"[39m
                    [33my2[39m=[32m"12"[39m
                  [36m/>[39m
                  [36m<line[39m
                    [33mx1[39m=[32m"4"[39m
                    [33mx2[39m=[32m"20"[39m
                    [33my1[39m=[32m"6"[39m
                    [33my2[39m=[32m"6"[39m
                  [36m/>[39m
                  [36m<line[39m
                    [33mx1[39m=[32m"4"[39m
                    [33mx2[39m=[32m"20"[39m
                    [33my1[39m=[32m"18"[39m
                    [33my2[39m=[32m"18"[39m
                  [36m/>[39m
                [36m</svg>[39m
              [36m</button>[39m
            [36m</div>[39m
          [36m</div>[39m
        [36m</div>[39m
      [36m</header>[39m
      [36m<div[39m
        [33mclass[39m=[32m"container max-w-2xl mx-auto px-6 py-8"[39m
      [36m>[39m
        [36m<div[39m
          [33mclass[39m=[32m"space-y-6"[39m
        [36m>[39m
    ...
 × src/test/warranty-registration.test.tsx > Warranty Registration > Registration Form State Management > should update product SKU field when user types 35ms
   → Unable to find an element with the text: Register New Product. This could be because the text is broken up by multiple elements. In this case, you can provide a function for your text matcher to make your matcher more flexible.

Ignored nodes: comments, script, style
[36m<body>[39m
  [36m<div>[39m
    [36m<div[39m
      [33mclass[39m=[32m"min-h-screen bg-background pb-24"[39m
    [36m>[39m
      [36m<header[39m
        [33mclass[39m=[32m"sticky top-0 z-40 bg-background/95 backdrop-blur-lg border-b border-border"[39m
      [36m>[39m
        [36m<div[39m
          [33mclass[39m=[32m"container max-w-7xl mx-auto px-4 py-4"[39m
        [36m>[39m
          [36m<div[39m
            [33mclass[39m=[32m"flex items-center justify-between"[39m
          [36m>[39m
            [36m<div[39m
              [33mclass[39m=[32m"flex items-center gap-4"[39m
            [36m>[39m
              [36m<div[39m
                [33mclass[39m=[32m"flex items-center gap-3 cursor-pointer"[39m
              [36m>[39m
                [36m<img[39m
                  [33malt[39m=[32m"Test Store"[39m
                  [33mclass[39m=[32m"h-8 w-auto"[39m
                  [33msrc[39m=[32m"/test-logo.png"[39m
                [36m/>[39m
                [36m<div[39m
                  [33mclass[39m=[32m"hidden sm:flex flex-col"[39m
                [36m>[39m
                  [36m<span[39m
                    [33mclass[39m=[32m"font-semibold text-lg"[39m
                  [36m>[39m
                    [0mTest Store[0m
                  [36m</span>[39m
                  [36m<span[39m
                    [33mclass[39m=[32m"text-xs text-muted-foreground"[39m
                  [36m>[39m
                    [0mTest Store Tagline[0m
                  [36m</span>[39m
                [36m</div>[39m
              [36m</div>[39m
            [36m</div>[39m
            [36m<h1[39m
              [33mclass[39m=[32m"text-lg font-semibold hidden md:block"[39m
            [36m>[39m
              [0mWarranty[0m
            [36m</h1>[39m
            [36m<div[39m
              [33mclass[39m=[32m"flex items-center gap-4"[39m
            [36m>[39m
              [36m<button[39m
                [33mclass[39m=[32m"items-center justify-center gap-2 whitespace-nowrap text-sm font-medium ring-offset-background transition-colors focus-visible:outline-none focus-visible:ring-2 focus-visible:ring-ring focus-visible:ring-offset-2 disabled:pointer-events-none disabled:opacity-50 [&_svg]:pointer-events-none [&_svg]:size-4 [&_svg]:shrink-0 hover:bg-accent hover:text-accent-foreground h-9 rounded-md px-3 hidden sm:flex"[39m
              [36m>[39m
                [0mLogin[0m
              [36m</button>[39m
              [36m<button[39m
                [33mclass[39m=[32m"items-center justify-center gap-2 whitespace-nowrap text-sm font-medium ring-offset-background transition-colors focus-visible:outline-none focus-visible:ring-2 focus-visible:ring-ring focus-visible:ring-offset-2 disabled:pointer-events-none disabled:opacity-50 [&_svg]:pointer-events-none [&_svg]:size-4 [&_svg]:shrink-0 bg-primary text-primary-foreground hover:bg-primary/90 h-9 rounded-md px-3 hidden sm:flex"[39m
              [36m>[39m
                [36m<svg[39m
                  [33mclass[39m=[32m"lucide lucide-user-plus w-4 h-4 mr-2"[39m
                  [33mfill[39m=[32m"none"[39m
                  [33mheight[39m=[32m"24"[39m
                  [33mstroke[39m=[32m"currentColor"[39m
                  [33mstroke-linecap[39m=[32m"round"[39m
                  [33mstroke-linejoin[39m=[32m"round"[39m
                  [33mstroke-width[39m=[32m"2"[39m
                  [33mviewBox[39m=[32m"0 0 24 24"[39m
                  [33mwidth[39m=[32m"24"[39m
                  [33mxmlns[39m=[32m"http://www.w3.org/2000/svg"[39m
                [36m>[39m
                  [36m<path[39m
                    [33md[39m=[32m"M16 21v-2a4 4 0 0 0-4-4H6a4 4 0 0 0-4 4v2"[39m
                  [36m/>[39m
                  [36m<circle[39m
                    [33mcx[39m=[32m"9"[39m
                    [33mcy[39m=[32m"7"[39m
                    [33mr[39m=[32m"4"[39m
                  [36m/>[39m
                  [36m<line[39m
                    [33mx1[39m=[32m"19"[39m
                    [33mx2[39m=[32m"19"[39m
                    [33my1[39m=[32m"8"[39m
                    [33my2[39m=[32m"14"[39m
                  [36m/>[39m
                  [36m<line[39m
                    [33mx1[39m=[32m"22"[39m
                    [33mx2[39m=[32m"16"[39m
                    [33my1[39m=[32m"11"[39m
                    [33my2[39m=[32m"11"[39m
                  [36m/>[39m
                [36m</svg>[39m
                [0mRegister[0m
              [36m</button>[39m
              [36m<button[39m
                [33mclass[39m=[32m"inline-flex items-center justify-center gap-2 whitespace-nowrap text-sm font-medium ring-offset-background transition-colors focus-visible:outline-none focus-visible:ring-2 focus-visible:ring-ring focus-visible:ring-offset-2 disabled:pointer-events-none disabled:opacity-50 [&_svg]:pointer-events-none [&_svg]:size-4 [&_svg]:shrink-0 hover:bg-accent hover:text-accent-foreground h-9 rounded-md px-3 md:hidden"[39m
              [36m>[39m
                [36m<svg[39m
                  [33mclass[39m=[32m"lucide lucide-menu w-5 h-5"[39m
                  [33mfill[39m=[32m"none"[39m
                  [33mheight[39m=[32m"24"[39m
                  [33mstroke[39m=[32m"currentColor"[39m
                  [33mstroke-linecap[39m=[32m"round"[39m
                  [33mstroke-linejoin[39m=[32m"round"[39m
                  [33mstroke-width[39m=[32m"2"[39m
                  [33mviewBox[39m=[32m"0 0 24 24"[39m
                  [33mwidth[39m=[32m"24"[39m
                  [33mxmlns[39m=[32m"http://www.w3.org/2000/svg"[39m
                [36m>[39m
                  [36m<line[39m
                    [33mx1[39m=[32m"4"[39m
                    [33mx2[39m=[32m"20"[39m
                    [33my1[39m=[32m"12"[39m
                    [33my2[39m=[32m"12"[39m
                  [36m/>[39m
                  [36m<line[39m
                    [33mx1[39m=[32m"4"[39m
                    [33mx2[39m=[32m"20"[39m
                    [33my1[39m=[32m"6"[39m
                    [33my2[39m=[32m"6"[39m
                  [36m/>[39m
                  [36m<line[39m
                    [33mx1[39m=[32m"4"[39m
                    [33mx2[39m=[32m"20"[39m
                    [33my1[39m=[32m"18"[39m
                    [33my2[39m=[32m"18"[39m
                  [36m/>[39m
                [36m</svg>[39m
              [36m</button>[39m
            [36m</div>[39m
          [36m</div>[39m
        [36m</div>[39m
      [36m</header>[39m
      [36m<div[39m
        [33mclass[39m=[32m"container max-w-2xl mx-auto px-6 py-8"[39m
      [36m>[39m
        [36m<div[39m
          [33mclass[39m=[32m"space-y-6"[39m
        [36m>[39m
    ...
 × src/test/warranty-registration.test.tsx > Warranty Registration > Registration Form State Management > should update customer information fields 27ms
   → Unable to find an element with the text: Register New Product. This could be because the text is broken up by multiple elements. In this case, you can provide a function for your text matcher to make your matcher more flexible.

Ignored nodes: comments, script, style
[36m<body>[39m
  [36m<div>[39m
    [36m<div[39m
      [33mclass[39m=[32m"min-h-screen bg-background pb-24"[39m
    [36m>[39m
      [36m<header[39m
        [33mclass[39m=[32m"sticky top-0 z-40 bg-background/95 backdrop-blur-lg border-b border-border"[39m
      [36m>[39m
        [36m<div[39m
          [33mclass[39m=[32m"container max-w-7xl mx-auto px-4 py-4"[39m
        [36m>[39m
          [36m<div[39m
            [33mclass[39m=[32m"flex items-center justify-between"[39m
          [36m>[39m
            [36m<div[39m
              [33mclass[39m=[32m"flex items-center gap-4"[39m
            [36m>[39m
              [36m<div[39m
                [33mclass[39m=[32m"flex items-center gap-3 cursor-pointer"[39m
              [36m>[39m
                [36m<img[39m
                  [33malt[39m=[32m"Test Store"[39m
                  [33mclass[39m=[32m"h-8 w-auto"[39m
                  [33msrc[39m=[32m"/test-logo.png"[39m
                [36m/>[39m
                [36m<div[39m
                  [33mclass[39m=[32m"hidden sm:flex flex-col"[39m
                [36m>[39m
                  [36m<span[39m
                    [33mclass[39m=[32m"font-semibold text-lg"[39m
                  [36m>[39m
                    [0mTest Store[0m
                  [36m</span>[39m
                  [36m<span[39m
                    [33mclass[39m=[32m"text-xs text-muted-foreground"[39m
                  [36m>[39m
                    [0mTest Store Tagline[0m
                  [36m</span>[39m
                [36m</div>[39m
              [36m</div>[39m
            [36m</div>[39m
            [36m<h1[39m
              [33mclass[39m=[32m"text-lg font-semibold hidden md:block"[39m
            [36m>[39m
              [0mWarranty[0m
            [36m</h1>[39m
            [36m<div[39m
              [33mclass[39m=[32m"flex items-center gap-4"[39m
            [36m>[39m
              [36m<button[39m
                [33mclass[39m=[32m"items-center justify-center gap-2 whitespace-nowrap text-sm font-medium ring-offset-background transition-colors focus-visible:outline-none focus-visible:ring-2 focus-visible:ring-ring focus-visible:ring-offset-2 disabled:pointer-events-none disabled:opacity-50 [&_svg]:pointer-events-none [&_svg]:size-4 [&_svg]:shrink-0 hover:bg-accent hover:text-accent-foreground h-9 rounded-md px-3 hidden sm:flex"[39m
              [36m>[39m
                [0mLogin[0m
              [36m</button>[39m
              [36m<button[39m
                [33mclass[39m=[32m"items-center justify-center gap-2 whitespace-nowrap text-sm font-medium ring-offset-background transition-colors focus-visible:outline-none focus-visible:ring-2 focus-visible:ring-ring focus-visible:ring-offset-2 disabled:pointer-events-none disabled:opacity-50 [&_svg]:pointer-events-none [&_svg]:size-4 [&_svg]:shrink-0 bg-primary text-primary-foreground hover:bg-primary/90 h-9 rounded-md px-3 hidden sm:flex"[39m
              [36m>[39m
                [36m<svg[39m
                  [33mclass[39m=[32m"lucide lucide-user-plus w-4 h-4 mr-2"[39m
                  [33mfill[39m=[32m"none"[39m
                  [33mheight[39m=[32m"24"[39m
                  [33mstroke[39m=[32m"currentColor"[39m
                  [33mstroke-linecap[39m=[32m"round"[39m
                  [33mstroke-linejoin[39m=[32m"round"[39m
                  [33mstroke-width[39m=[32m"2"[39m
                  [33mviewBox[39m=[32m"0 0 24 24"[39m
                  [33mwidth[39m=[32m"24"[39m
                  [33mxmlns[39m=[32m"http://www.w3.org/2000/svg"[39m
                [36m>[39m
                  [36m<path[39m
                    [33md[39m=[32m"M16 21v-2a4 4 0 0 0-4-4H6a4 4 0 0 0-4 4v2"[39m
                  [36m/>[39m
                  [36m<circle[39m
                    [33mcx[39m=[32m"9"[39m
                    [33mcy[39m=[32m"7"[39m
                    [33mr[39m=[32m"4"[39m
                  [36m/>[39m
                  [36m<line[39m
                    [33mx1[39m=[32m"19"[39m
                    [33mx2[39m=[32m"19"[39m
                    [33my1[39m=[32m"8"[39m
                    [33my2[39m=[32m"14"[39m
                  [36m/>[39m
                  [36m<line[39m
                    [33mx1[39m=[32m"22"[39m
                    [33mx2[39m=[32m"16"[39m
                    [33my1[39m=[32m"11"[39m
                    [33my2[39m=[32m"11"[39m
                  [36m/>[39m
                [36m</svg>[39m
                [0mRegister[0m
              [36m</button>[39m
              [36m<button[39m
                [33mclass[39m=[32m"inline-flex items-center justify-center gap-2 whitespace-nowrap text-sm font-medium ring-offset-background transition-colors focus-visible:outline-none focus-visible:ring-2 focus-visible:ring-ring focus-visible:ring-offset-2 disabled:pointer-events-none disabled:opacity-50 [&_svg]:pointer-events-none [&_svg]:size-4 [&_svg]:shrink-0 hover:bg-accent hover:text-accent-foreground h-9 rounded-md px-3 md:hidden"[39m
              [36m>[39m
                [36m<svg[39m
                  [33mclass[39m=[32m"lucide lucide-menu w-5 h-5"[39m
                  [33mfill[39m=[32m"none"[39m
                  [33mheight[39m=[32m"24"[39m
                  [33mstroke[39m=[32m"currentColor"[39m
                  [33mstroke-linecap[39m=[32m"round"[39m
                  [33mstroke-linejoin[39m=[32m"round"[39m
                  [33mstroke-width[39m=[32m"2"[39m
                  [33mviewBox[39m=[32m"0 0 24 24"[39m
                  [33mwidth[39m=[32m"24"[39m
                  [33mxmlns[39m=[32m"http://www.w3.org/2000/svg"[39m
                [36m>[39m
                  [36m<line[39m
                    [33mx1[39m=[32m"4"[39m
                    [33mx2[39m=[32m"20"[39m
                    [33my1[39m=[32m"12"[39m
                    [33my2[39m=[32m"12"[39m
                  [36m/>[39m
                  [36m<line[39m
                    [33mx1[39m=[32m"4"[39m
                    [33mx2[39m=[32m"20"[39m
                    [33my1[39m=[32m"6"[39m
                    [33my2[39m=[32m"6"[39m
                  [36m/>[39m
                  [36m<line[39m
                    [33mx1[39m=[32m"4"[39m
                    [33mx2[39m=[32m"20"[39m
                    [33my1[39m=[32m"18"[39m
                    [33my2[39m=[32m"18"[39m
                  [36m/>[39m
                [36m</svg>[39m
              [36m</button>[39m
            [36m</div>[39m
          [36m</div>[39m
        [36m</div>[39m
      [36m</header>[39m
      [36m<div[39m
        [33mclass[39m=[32m"container max-w-2xl mx-auto px-6 py-8"[39m
      [36m>[39m
        [36m<div[39m
          [33mclass[39m=[32m"space-y-6"[39m
        [36m>[39m
    ...
 × src/test/warranty-registration.test.tsx > Warranty Registration > Form Validation > should show error when submitting without barcode 28ms
   → Unable to find an element with the text: Register New Product. This could be because the text is broken up by multiple elements. In this case, you can provide a function for your text matcher to make your matcher more flexible.

Ignored nodes: comments, script, style
[36m<body>[39m
  [36m<div>[39m
    [36m<div[39m
      [33mclass[39m=[32m"min-h-screen bg-background pb-24"[39m
    [36m>[39m
      [36m<header[39m
        [33mclass[39m=[32m"sticky top-0 z-40 bg-background/95 backdrop-blur-lg border-b border-border"[39m
      [36m>[39m
        [36m<div[39m
          [33mclass[39m=[32m"container max-w-7xl mx-auto px-4 py-4"[39m
        [36m>[39m
          [36m<div[39m
            [33mclass[39m=[32m"flex items-center justify-between"[39m
          [36m>[39m
            [36m<div[39m
              [33mclass[39m=[32m"flex items-center gap-4"[39m
            [36m>[39m
              [36m<div[39m
                [33mclass[39m=[32m"flex items-center gap-3 cursor-pointer"[39m
              [36m>[39m
                [36m<img[39m
                  [33malt[39m=[32m"Test Store"[39m
                  [33mclass[39m=[32m"h-8 w-auto"[39m
                  [33msrc[39m=[32m"/test-logo.png"[39m
                [36m/>[39m
                [36m<div[39m
                  [33mclass[39m=[32m"hidden sm:flex flex-col"[39m
                [36m>[39m
                  [36m<span[39m
                    [33mclass[39m=[32m"font-semibold text-lg"[39m
                  [36m>[39m
                    [0mTest Store[0m
                  [36m</span>[39m
                  [36m<span[39m
                    [33mclass[39m=[32m"text-xs text-muted-foreground"[39m
                  [36m>[39m
                    [0mTest Store Tagline[0m
                  [36m</span>[39m
                [36m</div>[39m
              [36m</div>[39m
            [36m</div>[39m
            [36m<h1[39m
              [33mclass[39m=[32m"text-lg font-semibold hidden md:block"[39m
            [36m>[39m
              [0mWarranty[0m
            [36m</h1>[39m
            [36m<div[39m
              [33mclass[39m=[32m"flex items-center gap-4"[39m
            [36m>[39m
              [36m<button[39m
                [33mclass[39m=[32m"items-center justify-center gap-2 whitespace-nowrap text-sm font-medium ring-offset-background transition-colors focus-visible:outline-none focus-visible:ring-2 focus-visible:ring-ring focus-visible:ring-offset-2 disabled:pointer-events-none disabled:opacity-50 [&_svg]:pointer-events-none [&_svg]:size-4 [&_svg]:shrink-0 hover:bg-accent hover:text-accent-foreground h-9 rounded-md px-3 hidden sm:flex"[39m
              [36m>[39m
                [0mLogin[0m
              [36m</button>[39m
              [36m<button[39m
                [33mclass[39m=[32m"items-center justify-center gap-2 whitespace-nowrap text-sm font-medium ring-offset-background transition-colors focus-visible:outline-none focus-visible:ring-2 focus-visible:ring-ring focus-visible:ring-offset-2 disabled:pointer-events-none disabled:opacity-50 [&_svg]:pointer-events-none [&_svg]:size-4 [&_svg]:shrink-0 bg-primary text-primary-foreground hover:bg-primary/90 h-9 rounded-md px-3 hidden sm:flex"[39m
              [36m>[39m
                [36m<svg[39m
                  [33mclass[39m=[32m"lucide lucide-user-plus w-4 h-4 mr-2"[39m
                  [33mfill[39m=[32m"none"[39m
                  [33mheight[39m=[32m"24"[39m
                  [33mstroke[39m=[32m"currentColor"[39m
                  [33mstroke-linecap[39m=[32m"round"[39m
                  [33mstroke-linejoin[39m=[32m"round"[39m
                  [33mstroke-width[39m=[32m"2"[39m
                  [33mviewBox[39m=[32m"0 0 24 24"[39m
                  [33mwidth[39m=[32m"24"[39m
                  [33mxmlns[39m=[32m"http://www.w3.org/2000/svg"[39m
                [36m>[39m
                  [36m<path[39m
                    [33md[39m=[32m"M16 21v-2a4 4 0 0 0-4-4H6a4 4 0 0 0-4 4v2"[39m
                  [36m/>[39m
                  [36m<circle[39m
                    [33mcx[39m=[32m"9"[39m
                    [33mcy[39m=[32m"7"[39m
                    [33mr[39m=[32m"4"[39m
                  [36m/>[39m
                  [36m<line[39m
                    [33mx1[39m=[32m"19"[39m
                    [33mx2[39m=[32m"19"[39m
                    [33my1[39m=[32m"8"[39m
                    [33my2[39m=[32m"14"[39m
                  [36m/>[39m
                  [36m<line[39m
                    [33mx1[39m=[32m"22"[39m
                    [33mx2[39m=[32m"16"[39m
                    [33my1[39m=[32m"11"[39m
                    [33my2[39m=[32m"11"[39m
                  [36m/>[39m
                [36m</svg>[39m
                [0mRegister[0m
              [36m</button>[39m
              [36m<button[39m
                [33mclass[39m=[32m"inline-flex items-center justify-center gap-2 whitespace-nowrap text-sm font-medium ring-offset-background transition-colors focus-visible:outline-none focus-visible:ring-2 focus-visible:ring-ring focus-visible:ring-offset-2 disabled:pointer-events-none disabled:opacity-50 [&_svg]:pointer-events-none [&_svg]:size-4 [&_svg]:shrink-0 hover:bg-accent hover:text-accent-foreground h-9 rounded-md px-3 md:hidden"[39m
              [36m>[39m
                [36m<svg[39m
                  [33mclass[39m=[32m"lucide lucide-menu w-5 h-5"[39m
                  [33mfill[39m=[32m"none"[39m
                  [33mheight[39m=[32m"24"[39m
                  [33mstroke[39m=[32m"currentColor"[39m
                  [33mstroke-linecap[39m=[32m"round"[39m
                  [33mstroke-linejoin[39m=[32m"round"[39m
                  [33mstroke-width[39m=[32m"2"[39m
                  [33mviewBox[39m=[32m"0 0 24 24"[39m
                  [33mwidth[39m=[32m"24"[39m
                  [33mxmlns[39m=[32m"http://www.w3.org/2000/svg"[39m
                [36m>[39m
                  [36m<line[39m
                    [33mx1[39m=[32m"4"[39m
                    [33mx2[39m=[32m"20"[39m
                    [33my1[39m=[32m"12"[39m
                    [33my2[39m=[32m"12"[39m
                  [36m/>[39m
                  [36m<line[39m
                    [33mx1[39m=[32m"4"[39m
                    [33mx2[39m=[32m"20"[39m
                    [33my1[39m=[32m"6"[39m
                    [33my2[39m=[32m"6"[39m
                  [36m/>[39m
                  [36m<line[39m
                    [33mx1[39m=[32m"4"[39m
                    [33mx2[39m=[32m"20"[39m
                    [33my1[39m=[32m"18"[39m
                    [33my2[39m=[32m"18"[39m
                  [36m/>[39m
                [36m</svg>[39m
              [36m</button>[39m
            [36m</div>[39m
          [36m</div>[39m
        [36m</div>[39m
      [36m</header>[39m
      [36m<div[39m
        [33mclass[39m=[32m"container max-w-2xl mx-auto px-6 py-8"[39m
      [36m>[39m
        [36m<div[39m
          [33mclass[39m=[32m"space-y-6"[39m
        [36m>[39m
    ...
 × src/test/warranty-registration.test.tsx > Warranty Registration > Form Validation > should validate required fields before submission 32ms
   → Unable to find an element with the text: Register New Product. This could be because the text is broken up by multiple elements. In this case, you can provide a function for your text matcher to make your matcher more flexible.

Ignored nodes: comments, script, style
[36m<body>[39m
  [36m<div>[39m
    [36m<div[39m
      [33mclass[39m=[32m"min-h-screen bg-background pb-24"[39m
    [36m>[39m
      [36m<header[39m
        [33mclass[39m=[32m"sticky top-0 z-40 bg-background/95 backdrop-blur-lg border-b border-border"[39m
      [36m>[39m
        [36m<div[39m
          [33mclass[39m=[32m"container max-w-7xl mx-auto px-4 py-4"[39m
        [36m>[39m
          [36m<div[39m
            [33mclass[39m=[32m"flex items-center justify-between"[39m
          [36m>[39m
            [36m<div[39m
              [33mclass[39m=[32m"flex items-center gap-4"[39m
            [36m>[39m
              [36m<div[39m
                [33mclass[39m=[32m"flex items-center gap-3 cursor-pointer"[39m
              [36m>[39m
                [36m<img[39m
                  [33malt[39m=[32m"Test Store"[39m
                  [33mclass[39m=[32m"h-8 w-auto"[39m
                  [33msrc[39m=[32m"/test-logo.png"[39m
                [36m/>[39m
                [36m<div[39m
                  [33mclass[39m=[32m"hidden sm:flex flex-col"[39m
                [36m>[39m
                  [36m<span[39m
                    [33mclass[39m=[32m"font-semibold text-lg"[39m
                  [36m>[39m
                    [0mTest Store[0m
                  [36m</span>[39m
                  [36m<span[39m
                    [33mclass[39m=[32m"text-xs text-muted-foreground"[39m
                  [36m>[39m
                    [0mTest Store Tagline[0m
                  [36m</span>[39m
                [36m</div>[39m
              [36m</div>[39m
            [36m</div>[39m
            [36m<h1[39m
              [33mclass[39m=[32m"text-lg font-semibold hidden md:block"[39m
            [36m>[39m
              [0mWarranty[0m
            [36m</h1>[39m
            [36m<div[39m
              [33mclass[39m=[32m"flex items-center gap-4"[39m
            [36m>[39m
              [36m<button[39m
                [33mclass[39m=[32m"items-center justify-center gap-2 whitespace-nowrap text-sm font-medium ring-offset-background transition-colors focus-visible:outline-none focus-visible:ring-2 focus-visible:ring-ring focus-visible:ring-offset-2 disabled:pointer-events-none disabled:opacity-50 [&_svg]:pointer-events-none [&_svg]:size-4 [&_svg]:shrink-0 hover:bg-accent hover:text-accent-foreground h-9 rounded-md px-3 hidden sm:flex"[39m
              [36m>[39m
                [0mLogin[0m
              [36m</button>[39m
              [36m<button[39m
                [33mclass[39m=[32m"items-center justify-center gap-2 whitespace-nowrap text-sm font-medium ring-offset-background transition-colors focus-visible:outline-none focus-visible:ring-2 focus-visible:ring-ring focus-visible:ring-offset-2 disabled:pointer-events-none disabled:opacity-50 [&_svg]:pointer-events-none [&_svg]:size-4 [&_svg]:shrink-0 bg-primary text-primary-foreground hover:bg-primary/90 h-9 rounded-md px-3 hidden sm:flex"[39m
              [36m>[39m
                [36m<svg[39m
                  [33mclass[39m=[32m"lucide lucide-user-plus w-4 h-4 mr-2"[39m
                  [33mfill[39m=[32m"none"[39m
                  [33mheight[39m=[32m"24"[39m
                  [33mstroke[39m=[32m"currentColor"[39m
                  [33mstroke-linecap[39m=[32m"round"[39m
                  [33mstroke-linejoin[39m=[32m"round"[39m
                  [33mstroke-width[39m=[32m"2"[39m
                  [33mviewBox[39m=[32m"0 0 24 24"[39m
                  [33mwidth[39m=[32m"24"[39m
                  [33mxmlns[39m=[32m"http://www.w3.org/2000/svg"[39m
                [36m>[39m
                  [36m<path[39m
                    [33md[39m=[32m"M16 21v-2a4 4 0 0 0-4-4H6a4 4 0 0 0-4 4v2"[39m
                  [36m/>[39m
                  [36m<circle[39m
                    [33mcx[39m=[32m"9"[39m
                    [33mcy[39m=[32m"7"[39m
                    [33mr[39m=[32m"4"[39m
                  [36m/>[39m
                  [36m<line[39m
                    [33mx1[39m=[32m"19"[39m
                    [33mx2[39m=[32m"19"[39m
                    [33my1[39m=[32m"8"[39m
                    [33my2[39m=[32m"14"[39m
                  [36m/>[39m
                  [36m<line[39m
                    [33mx1[39m=[32m"22"[39m
                    [33mx2[39m=[32m"16"[39m
                    [33my1[39m=[32m"11"[39m
                    [33my2[39m=[32m"11"[39m
                  [36m/>[39m
                [36m</svg>[39m
                [0mRegister[0m
              [36m</button>[39m
              [36m<button[39m
                [33mclass[39m=[32m"inline-flex items-center justify-center gap-2 whitespace-nowrap text-sm font-medium ring-offset-background transition-colors focus-visible:outline-none focus-visible:ring-2 focus-visible:ring-ring focus-visible:ring-offset-2 disabled:pointer-events-none disabled:opacity-50 [&_svg]:pointer-events-none [&_svg]:size-4 [&_svg]:shrink-0 hover:bg-accent hover:text-accent-foreground h-9 rounded-md px-3 md:hidden"[39m
              [36m>[39m
                [36m<svg[39m
                  [33mclass[39m=[32m"lucide lucide-menu w-5 h-5"[39m
                  [33mfill[39m=[32m"none"[39m
                  [33mheight[39m=[32m"24"[39m
                  [33mstroke[39m=[32m"currentColor"[39m
                  [33mstroke-linecap[39m=[32m"round"[39m
                  [33mstroke-linejoin[39m=[32m"round"[39m
                  [33mstroke-width[39m=[32m"2"[39m
                  [33mviewBox[39m=[32m"0 0 24 24"[39m
                  [33mwidth[39m=[32m"24"[39m
                  [33mxmlns[39m=[32m"http://www.w3.org/2000/svg"[39m
                [36m>[39m
                  [36m<line[39m
                    [33mx1[39m=[32m"4"[39m
                    [33mx2[39m=[32m"20"[39m
                    [33my1[39m=[32m"12"[39m
                    [33my2[39m=[32m"12"[39m
                  [36m/>[39m
                  [36m<line[39m
                    [33mx1[39m=[32m"4"[39m
                    [33mx2[39m=[32m"20"[39m
                    [33my1[39m=[32m"6"[39m
                    [33my2[39m=[32m"6"[39m
                  [36m/>[39m
                  [36m<line[39m
                    [33mx1[39m=[32m"4"[39m
                    [33mx2[39m=[32m"20"[39m
                    [33my1[39m=[32m"18"[39m
                    [33my2[39m=[32m"18"[39m
                  [36m/>[39m
                [36m</svg>[39m
              [36m</button>[39m
            [36m</div>[39m
          [36m</div>[39m
        [36m</div>[39m
      [36m</header>[39m
      [36m<div[39m
        [33mclass[39m=[32m"container max-w-2xl mx-auto px-6 py-8"[39m
      [36m>[39m
        [36m<div[39m
          [33mclass[39m=[32m"space-y-6"[39m
        [36m>[39m
    ...
stderr | src/test/warranty-registration.test.tsx > Warranty Registration > Barcode Scanner Integration > should populate barcode field when scanner detects code
Warning: An update to Warranty inside a test was not wrapped in act(...).

When testing, code that causes React state updates should be wrapped into act(...):

act(() => {
  /* fire events that update state */
});
/* assert on the output */

This ensures that you're testing the behavior the user would see in the browser. Learn more at https://reactjs.org/link/wrap-tests-with-act
    at Warranty (/home/aswin/Works/kirimku/smartseller-storefront/src/pages/Warranty.tsx:143:65)
    at Router (/home/aswin/Works/kirimku/smartseller-storefront/node_modules/react-router/dist/umd/react-router.development.js:1207:17)
    at BrowserRouter (/home/aswin/Works/kirimku/smartseller-storefront/node_modules/react-router-dom/dist/umd/react-router-dom.development.js:695:7)
    at AllTheProviders (/home/aswin/Works/kirimku/smartseller-storefront/src/test/test-utils.tsx:186:28)
Warning: An update to Warranty inside a test was not wrapped in act(...).

When testing, code that causes React state updates should be wrapped into act(...):

act(() => {
  /* fire events that update state */
});
/* assert on the output */

This ensures that you're testing the behavior the user would see in the browser. Learn more at https://reactjs.org/link/wrap-tests-with-act
    at Warranty (/home/aswin/Works/kirimku/smartseller-storefront/src/pages/Warranty.tsx:143:65)
    at Router (/home/aswin/Works/kirimku/smartseller-storefront/node_modules/react-router/dist/umd/react-router.development.js:1207:17)
    at BrowserRouter (/home/aswin/Works/kirimku/smartseller-storefront/node_modules/react-router-dom/dist/umd/react-router-dom.development.js:695:7)
    at AllTheProviders (/home/aswin/Works/kirimku/smartseller-storefront/src/test/test-utils.tsx:186:28)

stderr | src/test/warranty-registration.test.tsx > Warranty Registration > Barcode Scanner Integration > should close scanner when close button is clicked
Warning: An update to Warranty inside a test was not wrapped in act(...).

When testing, code that causes React state updates should be wrapped into act(...):

act(() => {
  /* fire events that update state */
});
/* assert on the output */

This ensures that you're testing the behavior the user would see in the browser. Learn more at https://reactjs.org/link/wrap-tests-with-act
    at Warranty (/home/aswin/Works/kirimku/smartseller-storefront/src/pages/Warranty.tsx:143:65)
    at Router (/home/aswin/Works/kirimku/smartseller-storefront/node_modules/react-router/dist/umd/react-router.development.js:1207:17)
    at BrowserRouter (/home/aswin/Works/kirimku/smartseller-storefront/node_modules/react-router-dom/dist/umd/react-router-dom.development.js:695:7)
    at AllTheProviders (/home/aswin/Works/kirimku/smartseller-storefront/src/test/test-utils.tsx:186:28)
Warning: An update to Warranty inside a test was not wrapped in act(...).

When testing, code that causes React state updates should be wrapped into act(...):

act(() => {
  /* fire events that update state */
});
/* assert on the output */

This ensures that you're testing the behavior the user would see in the browser. Learn more at https://reactjs.org/link/wrap-tests-with-act
    at Warranty (/home/aswin/Works/kirimku/smartseller-storefront/src/pages/Warranty.tsx:143:65)
    at Router (/home/aswin/Works/kirimku/smartseller-storefront/node_modules/react-router/dist/umd/react-router.development.js:1207:17)
    at BrowserRouter (/home/aswin/Works/kirimku/smartseller-storefront/node_modules/react-router-dom/dist/umd/react-router-dom.development.js:695:7)
    at AllTheProviders (/home/aswin/Works/kirimku/smartseller-storefront/src/test/test-utils.tsx:186:28)

stderr | src/test/warranty-registration.test.tsx > Warranty Registration > Registration Submission > should successfully submit registration with valid data
Warning: An update to Warranty inside a test was not wrapped in act(...).

When testing, code that causes React state updates should be wrapped into act(...):

act(() => {
  /* fire events that update state */
});
/* assert on the output */

This ensures that you're testing the behavior the user would see in the browser. Learn more at https://reactjs.org/link/wrap-tests-with-act
    at Warranty (/home/aswin/Works/kirimku/smartseller-storefront/src/pages/Warranty.tsx:143:65)
    at Router (/home/aswin/Works/kirimku/smartseller-storefront/node_modules/react-router/dist/umd/react-router.development.js:1207:17)
    at BrowserRouter (/home/aswin/Works/kirimku/smartseller-storefront/node_modules/react-router-dom/dist/umd/react-router-dom.development.js:695:7)
    at AllTheProviders (/home/aswin/Works/kirimku/smartseller-storefront/src/test/test-utils.tsx:186:28)
Warning: An update to Warranty inside a test was not wrapped in act(...).

When testing, code that causes React state updates should be wrapped into act(...):

act(() => {
  /* fire events that update state */
});
/* assert on the output */

This ensures that you're testing the behavior the user would see in the browser. Learn more at https://reactjs.org/link/wrap-tests-with-act
    at Warranty (/home/aswin/Works/kirimku/smartseller-storefront/src/pages/Warranty.tsx:143:65)
    at Router (/home/aswin/Works/kirimku/smartseller-storefront/node_modules/react-router/dist/umd/react-router.development.js:1207:17)
    at BrowserRouter (/home/aswin/Works/kirimku/smartseller-storefront/node_modules/react-router-dom/dist/umd/react-router-dom.development.js:695:7)
    at AllTheProviders (/home/aswin/Works/kirimku/smartseller-storefront/src/test/test-utils.tsx:186:28)

stderr | src/test/warranty-registration.test.tsx > Warranty Registration > Registration Submission > should handle registration failure
Warning: An update to Warranty inside a test was not wrapped in act(...).

When testing, code that causes React state updates should be wrapped into act(...):

act(() => {
  /* fire events that update state */
});
/* assert on the output */

This ensures that you're testing the behavior the user would see in the browser. Learn more at https://reactjs.org/link/wrap-tests-with-act
    at Warranty (/home/aswin/Works/kirimku/smartseller-storefront/src/pages/Warranty.tsx:143:65)
    at Router (/home/aswin/Works/kirimku/smartseller-storefront/node_modules/react-router/dist/umd/react-router.development.js:1207:17)
    at BrowserRouter (/home/aswin/Works/kirimku/smartseller-storefront/node_modules/react-router-dom/dist/umd/react-router-dom.development.js:695:7)
    at AllTheProviders (/home/aswin/Works/kirimku/smartseller-storefront/src/test/test-utils.tsx:186:28)
Warning: An update to Warranty inside a test was not wrapped in act(...).

When testing, code that causes React state updates should be wrapped into act(...):

act(() => {
  /* fire events that update state */
});
/* assert on the output */

This ensures that you're testing the behavior the user would see in the browser. Learn more at https://reactjs.org/link/wrap-tests-with-act
    at Warranty (/home/aswin/Works/kirimku/smartseller-storefront/src/pages/Warranty.tsx:143:65)
    at Router (/home/aswin/Works/kirimku/smartseller-storefront/node_modules/react-router/dist/umd/react-router.development.js:1207:17)
    at BrowserRouter (/home/aswin/Works/kirimku/smartseller-storefront/node_modules/react-router-dom/dist/umd/react-router-dom.development.js:695:7)
    at AllTheProviders (/home/aswin/Works/kirimku/smartseller-storefront/src/test/test-utils.tsx:186:28)

stderr | src/test/warranty-registration.test.tsx > Warranty Registration > Registration Submission > should handle network errors during registration
Warning: An update to Warranty inside a test was not wrapped in act(...).

When testing, code that causes React state updates should be wrapped into act(...):

act(() => {
  /* fire events that update state */
});
/* assert on the output */

This ensures that you're testing the behavior the user would see in the browser. Learn more at https://reactjs.org/link/wrap-tests-with-act
    at Warranty (/home/aswin/Works/kirimku/smartseller-storefront/src/pages/Warranty.tsx:143:65)
    at Router (/home/aswin/Works/kirimku/smartseller-storefront/node_modules/react-router/dist/umd/react-router.development.js:1207:17)
    at BrowserRouter (/home/aswin/Works/kirimku/smartseller-storefront/node_modules/react-router-dom/dist/umd/react-router-dom.development.js:695:7)
    at AllTheProviders (/home/aswin/Works/kirimku/smartseller-storefront/src/test/test-utils.tsx:186:28)
Warning: An update to Warranty inside a test was not wrapped in act(...).

When testing, code that causes React state updates should be wrapped into act(...):

act(() => {
  /* fire events that update state */
});
/* assert on the output */

This ensures that you're testing the behavior the user would see in the browser. Learn more at https://reactjs.org/link/wrap-tests-with-act
    at Warranty (/home/aswin/Works/kirimku/smartseller-storefront/src/pages/Warranty.tsx:143:65)
    at Router (/home/aswin/Works/kirimku/smartseller-storefront/node_modules/react-router/dist/umd/react-router.development.js:1207:17)
    at BrowserRouter (/home/aswin/Works/kirimku/smartseller-storefront/node_modules/react-router-dom/dist/umd/react-router-dom.development.js:695:7)
    at AllTheProviders (/home/aswin/Works/kirimku/smartseller-storefront/src/test/test-utils.tsx:186:28)

stderr | src/test/warranty-registration.test.tsx > Warranty Registration > Navigation > should navigate back to lookup step when back button is clicked
Warning: An update to Warranty inside a test was not wrapped in act(...).

When testing, code that causes React state updates should be wrapped into act(...):

act(() => {
  /* fire events that update state */
});
/* assert on the output */

This ensures that you're testing the behavior the user would see in the browser. Learn more at https://reactjs.org/link/wrap-tests-with-act
    at Warranty (/home/aswin/Works/kirimku/smartseller-storefront/src/pages/Warranty.tsx:143:65)
    at Router (/home/aswin/Works/kirimku/smartseller-storefront/node_modules/react-router/dist/umd/react-router.development.js:1207:17)
    at BrowserRouter (/home/aswin/Works/kirimku/smartseller-storefront/node_modules/react-router-dom/dist/umd/react-router-dom.development.js:695:7)
    at AllTheProviders (/home/aswin/Works/kirimku/smartseller-storefront/src/test/test-utils.tsx:186:28)
Warning: An update to Warranty inside a test was not wrapped in act(...).

When testing, code that causes React state updates should be wrapped into act(...):

act(() => {
  /* fire events that update state */
});
/* assert on the output */

This ensures that you're testing the behavior the user would see in the browser. Learn more at https://reactjs.org/link/wrap-tests-with-act
    at Warranty (/home/aswin/Works/kirimku/smartseller-storefront/src/pages/Warranty.tsx:143:65)
    at Router (/home/aswin/Works/kirimku/smartseller-storefront/node_modules/react-router/dist/umd/react-router.development.js:1207:17)
    at BrowserRouter (/home/aswin/Works/kirimku/smartseller-storefront/node_modules/react-router-dom/dist/umd/react-router-dom.development.js:695:7)
    at AllTheProviders (/home/aswin/Works/kirimku/smartseller-storefront/src/test/test-utils.tsx:186:28)

stderr | src/test/warranty-registration.test.tsx > Warranty Registration > Navigation > should show register another product option on success
Warning: An update to Warranty inside a test was not wrapped in act(...).

When testing, code that causes React state updates should be wrapped into act(...):

act(() => {
  /* fire events that update state */
});
/* assert on the output */

This ensures that you're testing the behavior the user would see in the browser. Learn more at https://reactjs.org/link/wrap-tests-with-act
    at Warranty (/home/aswin/Works/kirimku/smartseller-storefront/src/pages/Warranty.tsx:143:65)
    at Router (/home/aswin/Works/kirimku/smartseller-storefront/node_modules/react-router/dist/umd/react-router.development.js:1207:17)
    at BrowserRouter (/home/aswin/Works/kirimku/smartseller-storefront/node_modules/react-router-dom/dist/umd/react-router-dom.development.js:695:7)
    at AllTheProviders (/home/aswin/Works/kirimku/smartseller-storefront/src/test/test-utils.tsx:186:28)
Warning: An update to Warranty inside a test was not wrapped in act(...).

When testing, code that causes React state updates should be wrapped into act(...):

act(() => {
  /* fire events that update state */
});
/* assert on the output */

This ensures that you're testing the behavior the user would see in the browser. Learn more at https://reactjs.org/link/wrap-tests-with-act
    at Warranty (/home/aswin/Works/kirimku/smartseller-storefront/src/pages/Warranty.tsx:143:65)
    at Router (/home/aswin/Works/kirimku/smartseller-storefront/node_modules/react-router/dist/umd/react-router.development.js:1207:17)
    at BrowserRouter (/home/aswin/Works/kirimku/smartseller-storefront/node_modules/react-router-dom/dist/umd/react-router-dom.development.js:695:7)
    at AllTheProviders (/home/aswin/Works/kirimku/smartseller-storefront/src/test/test-utils.tsx:186:28)

 × src/test/warranty-registration.test.tsx > Warranty Registration > Barcode Scanner Integration > should open barcode scanner when scan button is clicked 22ms
   → Unable to find an element with the text: Register New Product. This could be because the text is broken up by multiple elements. In this case, you can provide a function for your text matcher to make your matcher more flexible.

Ignored nodes: comments, script, style
[36m<body>[39m
  [36m<div>[39m
    [36m<div[39m
      [33mclass[39m=[32m"min-h-screen bg-background pb-24"[39m
    [36m>[39m
      [36m<header[39m
        [33mclass[39m=[32m"sticky top-0 z-40 bg-background/95 backdrop-blur-lg border-b border-border"[39m
      [36m>[39m
        [36m<div[39m
          [33mclass[39m=[32m"container max-w-7xl mx-auto px-4 py-4"[39m
        [36m>[39m
          [36m<div[39m
            [33mclass[39m=[32m"flex items-center justify-between"[39m
          [36m>[39m
            [36m<div[39m
              [33mclass[39m=[32m"flex items-center gap-4"[39m
            [36m>[39m
              [36m<div[39m
                [33mclass[39m=[32m"flex items-center gap-3 cursor-pointer"[39m
              [36m>[39m
                [36m<img[39m
                  [33malt[39m=[32m"Test Store"[39m
                  [33mclass[39m=[32m"h-8 w-auto"[39m
                  [33msrc[39m=[32m"/test-logo.png"[39m
                [36m/>[39m
                [36m<div[39m
                  [33mclass[39m=[32m"hidden sm:flex flex-col"[39m
                [36m>[39m
                  [36m<span[39m
                    [33mclass[39m=[32m"font-semibold text-lg"[39m
                  [36m>[39m
                    [0mTest Store[0m
                  [36m</span>[39m
                  [36m<span[39m
                    [33mclass[39m=[32m"text-xs text-muted-foreground"[39m
                  [36m>[39m
                    [0mTest Store Tagline[0m
                  [36m</span>[39m
                [36m</div>[39m
              [36m</div>[39m
            [36m</div>[39m
            [36m<h1[39m
              [33mclass[39m=[32m"text-lg font-semibold hidden md:block"[39m
            [36m>[39m
              [0mWarranty[0m
            [36m</h1>[39m
            [36m<div[39m
              [33mclass[39m=[32m"flex items-center gap-4"[39m
            [36m>[39m
              [36m<button[39m
                [33mclass[39m=[32m"items-center justify-center gap-2 whitespace-nowrap text-sm font-medium ring-offset-background transition-colors focus-visible:outline-none focus-visible:ring-2 focus-visible:ring-ring focus-visible:ring-offset-2 disabled:pointer-events-none disabled:opacity-50 [&_svg]:pointer-events-none [&_svg]:size-4 [&_svg]:shrink-0 hover:bg-accent hover:text-accent-foreground h-9 rounded-md px-3 hidden sm:flex"[39m
              [36m>[39m
                [0mLogin[0m
              [36m</button>[39m
              [36m<button[39m
                [33mclass[39m=[32m"items-center justify-center gap-2 whitespace-nowrap text-sm font-medium ring-offset-background transition-colors focus-visible:outline-none focus-visible:ring-2 focus-visible:ring-ring focus-visible:ring-offset-2 disabled:pointer-events-none disabled:opacity-50 [&_svg]:pointer-events-none [&_svg]:size-4 [&_svg]:shrink-0 bg-primary text-primary-foreground hover:bg-primary/90 h-9 rounded-md px-3 hidden sm:flex"[39m
              [36m>[39m
                [36m<svg[39m
                  [33mclass[39m=[32m"lucide lucide-user-plus w-4 h-4 mr-2"[39m
                  [33mfill[39m=[32m"none"[39m
                  [33mheight[39m=[32m"24"[39m
                  [33mstroke[39m=[32m"currentColor"[39m
                  [33mstroke-linecap[39m=[32m"round"[39m
                  [33mstroke-linejoin[39m=[32m"round"[39m
                  [33mstroke-width[39m=[32m"2"[39m
                  [33mviewBox[39m=[32m"0 0 24 24"[39m
                  [33mwidth[39m=[32m"24"[39m
                  [33mxmlns[39m=[32m"http://www.w3.org/2000/svg"[39m
                [36m>[39m
                  [36m<path[39m
                    [33md[39m=[32m"M16 21v-2a4 4 0 0 0-4-4H6a4 4 0 0 0-4 4v2"[39m
                  [36m/>[39m
                  [36m<circle[39m
                    [33mcx[39m=[32m"9"[39m
                    [33mcy[39m=[32m"7"[39m
                    [33mr[39m=[32m"4"[39m
                  [36m/>[39m
                  [36m<line[39m
                    [33mx1[39m=[32m"19"[39m
                    [33mx2[39m=[32m"19"[39m
                    [33my1[39m=[32m"8"[39m
                    [33my2[39m=[32m"14"[39m
                  [36m/>[39m
                  [36m<line[39m
                    [33mx1[39m=[32m"22"[39m
                    [33mx2[39m=[32m"16"[39m
                    [33my1[39m=[32m"11"[39m
                    [33my2[39m=[32m"11"[39m
                  [36m/>[39m
                [36m</svg>[39m
                [0mRegister[0m
              [36m</button>[39m
              [36m<button[39m
                [33mclass[39m=[32m"inline-flex items-center justify-center gap-2 whitespace-nowrap text-sm font-medium ring-offset-background transition-colors focus-visible:outline-none focus-visible:ring-2 focus-visible:ring-ring focus-visible:ring-offset-2 disabled:pointer-events-none disabled:opacity-50 [&_svg]:pointer-events-none [&_svg]:size-4 [&_svg]:shrink-0 hover:bg-accent hover:text-accent-foreground h-9 rounded-md px-3 md:hidden"[39m
              [36m>[39m
                [36m<svg[39m
                  [33mclass[39m=[32m"lucide lucide-menu w-5 h-5"[39m
                  [33mfill[39m=[32m"none"[39m
                  [33mheight[39m=[32m"24"[39m
                  [33mstroke[39m=[32m"currentColor"[39m
                  [33mstroke-linecap[39m=[32m"round"[39m
                  [33mstroke-linejoin[39m=[32m"round"[39m
                  [33mstroke-width[39m=[32m"2"[39m
                  [33mviewBox[39m=[32m"0 0 24 24"[39m
                  [33mwidth[39m=[32m"24"[39m
                  [33mxmlns[39m=[32m"http://www.w3.org/2000/svg"[39m
                [36m>[39m
                  [36m<line[39m
                    [33mx1[39m=[32m"4"[39m
                    [33mx2[39m=[32m"20"[39m
                    [33my1[39m=[32m"12"[39m
                    [33my2[39m=[32m"12"[39m
                  [36m/>[39m
                  [36m<line[39m
                    [33mx1[39m=[32m"4"[39m
                    [33mx2[39m=[32m"20"[39m
                    [33my1[39m=[32m"6"[39m
                    [33my2[39m=[32m"6"[39m
                  [36m/>[39m
                  [36m<line[39m
                    [33mx1[39m=[32m"4"[39m
                    [33mx2[39m=[32m"20"[39m
                    [33my1[39m=[32m"18"[39m
                    [33my2[39m=[32m"18"[39m
                  [36m/>[39m
                [36m</svg>[39m
              [36m</button>[39m
            [36m</div>[39m
          [36m</div>[39m
        [36m</div>[39m
      [36m</header>[39m
      [36m<div[39m
        [33mclass[39m=[32m"container max-w-2xl mx-auto px-6 py-8"[39m
      [36m>[39m
        [36m<div[39m
          [33mclass[39m=[32m"space-y-6"[39m
        [36m>[39m
    ...
 × src/test/warranty-registration.test.tsx > Warranty Registration > Barcode Scanner Integration > should populate barcode field when scanner detects code 22ms
   → Unable to find an element with the text: Register New Product. This could be because the text is broken up by multiple elements. In this case, you can provide a function for your text matcher to make your matcher more flexible.

Ignored nodes: comments, script, style
[36m<body>[39m
  [36m<div>[39m
    [36m<div[39m
      [33mclass[39m=[32m"min-h-screen bg-background pb-24"[39m
    [36m>[39m
      [36m<header[39m
        [33mclass[39m=[32m"sticky top-0 z-40 bg-background/95 backdrop-blur-lg border-b border-border"[39m
      [36m>[39m
        [36m<div[39m
          [33mclass[39m=[32m"container max-w-7xl mx-auto px-4 py-4"[39m
        [36m>[39m
          [36m<div[39m
            [33mclass[39m=[32m"flex items-center justify-between"[39m
          [36m>[39m
            [36m<div[39m
              [33mclass[39m=[32m"flex items-center gap-4"[39m
            [36m>[39m
              [36m<div[39m
                [33mclass[39m=[32m"flex items-center gap-3 cursor-pointer"[39m
              [36m>[39m
                [36m<img[39m
                  [33malt[39m=[32m"Test Store"[39m
                  [33mclass[39m=[32m"h-8 w-auto"[39m
                  [33msrc[39m=[32m"/test-logo.png"[39m
                [36m/>[39m
                [36m<div[39m
                  [33mclass[39m=[32m"hidden sm:flex flex-col"[39m
                [36m>[39m
                  [36m<span[39m
                    [33mclass[39m=[32m"font-semibold text-lg"[39m
                  [36m>[39m
                    [0mTest Store[0m
                  [36m</span>[39m
                  [36m<span[39m
                    [33mclass[39m=[32m"text-xs text-muted-foreground"[39m
                  [36m>[39m
                    [0mTest Store Tagline[0m
                  [36m</span>[39m
                [36m</div>[39m
              [36m</div>[39m
            [36m</div>[39m
            [36m<h1[39m
              [33mclass[39m=[32m"text-lg font-semibold hidden md:block"[39m
            [36m>[39m
              [0mWarranty[0m
            [36m</h1>[39m
            [36m<div[39m
              [33mclass[39m=[32m"flex items-center gap-4"[39m
            [36m>[39m
              [36m<button[39m
                [33mclass[39m=[32m"items-center justify-center gap-2 whitespace-nowrap text-sm font-medium ring-offset-background transition-colors focus-visible:outline-none focus-visible:ring-2 focus-visible:ring-ring focus-visible:ring-offset-2 disabled:pointer-events-none disabled:opacity-50 [&_svg]:pointer-events-none [&_svg]:size-4 [&_svg]:shrink-0 hover:bg-accent hover:text-accent-foreground h-9 rounded-md px-3 hidden sm:flex"[39m
              [36m>[39m
                [0mLogin[0m
              [36m</button>[39m
              [36m<button[39m
                [33mclass[39m=[32m"items-center justify-center gap-2 whitespace-nowrap text-sm font-medium ring-offset-background transition-colors focus-visible:outline-none focus-visible:ring-2 focus-visible:ring-ring focus-visible:ring-offset-2 disabled:pointer-events-none disabled:opacity-50 [&_svg]:pointer-events-none [&_svg]:size-4 [&_svg]:shrink-0 bg-primary text-primary-foreground hover:bg-primary/90 h-9 rounded-md px-3 hidden sm:flex"[39m
              [36m>[39m
                [36m<svg[39m
                  [33mclass[39m=[32m"lucide lucide-user-plus w-4 h-4 mr-2"[39m
                  [33mfill[39m=[32m"none"[39m
                  [33mheight[39m=[32m"24"[39m
                  [33mstroke[39m=[32m"currentColor"[39m
                  [33mstroke-linecap[39m=[32m"round"[39m
                  [33mstroke-linejoin[39m=[32m"round"[39m
                  [33mstroke-width[39m=[32m"2"[39m
                  [33mviewBox[39m=[32m"0 0 24 24"[39m
                  [33mwidth[39m=[32m"24"[39m
                  [33mxmlns[39m=[32m"http://www.w3.org/2000/svg"[39m
                [36m>[39m
                  [36m<path[39m
                    [33md[39m=[32m"M16 21v-2a4 4 0 0 0-4-4H6a4 4 0 0 0-4 4v2"[39m
                  [36m/>[39m
                  [36m<circle[39m
                    [33mcx[39m=[32m"9"[39m
                    [33mcy[39m=[32m"7"[39m
                    [33mr[39m=[32m"4"[39m
                  [36m/>[39m
                  [36m<line[39m
                    [33mx1[39m=[32m"19"[39m
                    [33mx2[39m=[32m"19"[39m
                    [33my1[39m=[32m"8"[39m
                    [33my2[39m=[32m"14"[39m
                  [36m/>[39m
                  [36m<line[39m
                    [33mx1[39m=[32m"22"[39m
                    [33mx2[39m=[32m"16"[39m
                    [33my1[39m=[32m"11"[39m
                    [33my2[39m=[32m"11"[39m
                  [36m/>[39m
                [36m</svg>[39m
                [0mRegister[0m
              [36m</button>[39m
              [36m<button[39m
                [33mclass[39m=[32m"inline-flex items-center justify-center gap-2 whitespace-nowrap text-sm font-medium ring-offset-background transition-colors focus-visible:outline-none focus-visible:ring-2 focus-visible:ring-ring focus-visible:ring-offset-2 disabled:pointer-events-none disabled:opacity-50 [&_svg]:pointer-events-none [&_svg]:size-4 [&_svg]:shrink-0 hover:bg-accent hover:text-accent-foreground h-9 rounded-md px-3 md:hidden"[39m
              [36m>[39m
                [36m<svg[39m
                  [33mclass[39m=[32m"lucide lucide-menu w-5 h-5"[39m
                  [33mfill[39m=[32m"none"[39m
                  [33mheight[39m=[32m"24"[39m
                  [33mstroke[39m=[32m"currentColor"[39m
                  [33mstroke-linecap[39m=[32m"round"[39m
                  [33mstroke-linejoin[39m=[32m"round"[39m
                  [33mstroke-width[39m=[32m"2"[39m
                  [33mviewBox[39m=[32m"0 0 24 24"[39m
                  [33mwidth[39m=[32m"24"[39m
                  [33mxmlns[39m=[32m"http://www.w3.org/2000/svg"[39m
                [36m>[39m
                  [36m<line[39m
                    [33mx1[39m=[32m"4"[39m
                    [33mx2[39m=[32m"20"[39m
                    [33my1[39m=[32m"12"[39m
                    [33my2[39m=[32m"12"[39m
                  [36m/>[39m
                  [36m<line[39m
                    [33mx1[39m=[32m"4"[39m
                    [33mx2[39m=[32m"20"[39m
                    [33my1[39m=[32m"6"[39m
                    [33my2[39m=[32m"6"[39m
                  [36m/>[39m
                  [36m<line[39m
                    [33mx1[39m=[32m"4"[39m
                    [33mx2[39m=[32m"20"[39m
                    [33my1[39m=[32m"18"[39m
                    [33my2[39m=[32m"18"[39m
                  [36m/>[39m
                [36m</svg>[39m
              [36m</button>[39m
            [36m</div>[39m
          [36m</div>[39m
        [36m</div>[39m
      [36m</header>[39m
      [36m<div[39m
        [33mclass[39m=[32m"container max-w-2xl mx-auto px-6 py-8"[39m
      [36m>[39m
        [36m<div[39m
          [33mclass[39m=[32m"space-y-6"[39m
        [36m>[39m
    ...
 × src/test/warranty-registration.test.tsx > Warranty Registration > Barcode Scanner Integration > should close scanner when close button is clicked 23ms
   → Unable to find an element with the text: Register New Product. This could be because the text is broken up by multiple elements. In this case, you can provide a function for your text matcher to make your matcher more flexible.

Ignored nodes: comments, script, style
[36m<body>[39m
  [36m<div>[39m
    [36m<div[39m
      [33mclass[39m=[32m"min-h-screen bg-background pb-24"[39m
    [36m>[39m
      [36m<header[39m
        [33mclass[39m=[32m"sticky top-0 z-40 bg-background/95 backdrop-blur-lg border-b border-border"[39m
      [36m>[39m
        [36m<div[39m
          [33mclass[39m=[32m"container max-w-7xl mx-auto px-4 py-4"[39m
        [36m>[39m
          [36m<div[39m
            [33mclass[39m=[32m"flex items-center justify-between"[39m
          [36m>[39m
            [36m<div[39m
              [33mclass[39m=[32m"flex items-center gap-4"[39m
            [36m>[39m
              [36m<div[39m
                [33mclass[39m=[32m"flex items-center gap-3 cursor-pointer"[39m
              [36m>[39m
                [36m<img[39m
                  [33malt[39m=[32m"Test Store"[39m
                  [33mclass[39m=[32m"h-8 w-auto"[39m
                  [33msrc[39m=[32m"/test-logo.png"[39m
                [36m/>[39m
                [36m<div[39m
                  [33mclass[39m=[32m"hidden sm:flex flex-col"[39m
                [36m>[39m
                  [36m<span[39m
                    [33mclass[39m=[32m"font-semibold text-lg"[39m
                  [36m>[39m
                    [0mTest Store[0m
                  [36m</span>[39m
                  [36m<span[39m
                    [33mclass[39m=[32m"text-xs text-muted-foreground"[39m
                  [36m>[39m
                    [0mTest Store Tagline[0m
                  [36m</span>[39m
                [36m</div>[39m
              [36m</div>[39m
            [36m</div>[39m
            [36m<h1[39m
              [33mclass[39m=[32m"text-lg font-semibold hidden md:block"[39m
            [36m>[39m
              [0mWarranty[0m
            [36m</h1>[39m
            [36m<div[39m
              [33mclass[39m=[32m"flex items-center gap-4"[39m
            [36m>[39m
              [36m<button[39m
                [33mclass[39m=[32m"items-center justify-center gap-2 whitespace-nowrap text-sm font-medium ring-offset-background transition-colors focus-visible:outline-none focus-visible:ring-2 focus-visible:ring-ring focus-visible:ring-offset-2 disabled:pointer-events-none disabled:opacity-50 [&_svg]:pointer-events-none [&_svg]:size-4 [&_svg]:shrink-0 hover:bg-accent hover:text-accent-foreground h-9 rounded-md px-3 hidden sm:flex"[39m
              [36m>[39m
                [0mLogin[0m
              [36m</button>[39m
              [36m<button[39m
                [33mclass[39m=[32m"items-center justify-center gap-2 whitespace-nowrap text-sm font-medium ring-offset-background transition-colors focus-visible:outline-none focus-visible:ring-2 focus-visible:ring-ring focus-visible:ring-offset-2 disabled:pointer-events-none disabled:opacity-50 [&_svg]:pointer-events-none [&_svg]:size-4 [&_svg]:shrink-0 bg-primary text-primary-foreground hover:bg-primary/90 h-9 rounded-md px-3 hidden sm:flex"[39m
              [36m>[39m
                [36m<svg[39m
                  [33mclass[39m=[32m"lucide lucide-user-plus w-4 h-4 mr-2"[39m
                  [33mfill[39m=[32m"none"[39m
                  [33mheight[39m=[32m"24"[39m
                  [33mstroke[39m=[32m"currentColor"[39m
                  [33mstroke-linecap[39m=[32m"round"[39m
                  [33mstroke-linejoin[39m=[32m"round"[39m
                  [33mstroke-width[39m=[32m"2"[39m
                  [33mviewBox[39m=[32m"0 0 24 24"[39m
                  [33mwidth[39m=[32m"24"[39m
                  [33mxmlns[39m=[32m"http://www.w3.org/2000/svg"[39m
                [36m>[39m
                  [36m<path[39m
                    [33md[39m=[32m"M16 21v-2a4 4 0 0 0-4-4H6a4 4 0 0 0-4 4v2"[39m
                  [36m/>[39m
                  [36m<circle[39m
                    [33mcx[39m=[32m"9"[39m
                    [33mcy[39m=[32m"7"[39m
                    [33mr[39m=[32m"4"[39m
                  [36m/>[39m
                  [36m<line[39m
                    [33mx1[39m=[32m"19"[39m
                    [33mx2[39m=[32m"19"[39m
                    [33my1[39m=[32m"8"[39m
                    [33my2[39m=[32m"14"[39m
                  [36m/>[39m
                  [36m<line[39m
                    [33mx1[39m=[32m"22"[39m
                    [33mx2[39m=[32m"16"[39m
                    [33my1[39m=[32m"11"[39m
                    [33my2[39m=[32m"11"[39m
                  [36m/>[39m
                [36m</svg>[39m
                [0mRegister[0m
              [36m</button>[39m
              [36m<button[39m
                [33mclass[39m=[32m"inline-flex items-center justify-center gap-2 whitespace-nowrap text-sm font-medium ring-offset-background transition-colors focus-visible:outline-none focus-visible:ring-2 focus-visible:ring-ring focus-visible:ring-offset-2 disabled:pointer-events-none disabled:opacity-50 [&_svg]:pointer-events-none [&_svg]:size-4 [&_svg]:shrink-0 hover:bg-accent hover:text-accent-foreground h-9 rounded-md px-3 md:hidden"[39m
              [36m>[39m
                [36m<svg[39m
                  [33mclass[39m=[32m"lucide lucide-menu w-5 h-5"[39m
                  [33mfill[39m=[32m"none"[39m
                  [33mheight[39m=[32m"24"[39m
                  [33mstroke[39m=[32m"currentColor"[39m
                  [33mstroke-linecap[39m=[32m"round"[39m
                  [33mstroke-linejoin[39m=[32m"round"[39m
                  [33mstroke-width[39m=[32m"2"[39m
                  [33mviewBox[39m=[32m"0 0 24 24"[39m
                  [33mwidth[39m=[32m"24"[39m
                  [33mxmlns[39m=[32m"http://www.w3.org/2000/svg"[39m
                [36m>[39m
                  [36m<line[39m
                    [33mx1[39m=[32m"4"[39m
                    [33mx2[39m=[32m"20"[39m
                    [33my1[39m=[32m"12"[39m
                    [33my2[39m=[32m"12"[39m
                  [36m/>[39m
                  [36m<line[39m
                    [33mx1[39m=[32m"4"[39m
                    [33mx2[39m=[32m"20"[39m
                    [33my1[39m=[32m"6"[39m
                    [33my2[39m=[32m"6"[39m
                  [36m/>[39m
                  [36m<line[39m
                    [33mx1[39m=[32m"4"[39m
                    [33mx2[39m=[32m"20"[39m
                    [33my1[39m=[32m"18"[39m
                    [33my2[39m=[32m"18"[39m
                  [36m/>[39m
                [36m</svg>[39m
              [36m</button>[39m
            [36m</div>[39m
          [36m</div>[39m
        [36m</div>[39m
      [36m</header>[39m
      [36m<div[39m
        [33mclass[39m=[32m"container max-w-2xl mx-auto px-6 py-8"[39m
      [36m>[39m
        [36m<div[39m
          [33mclass[39m=[32m"space-y-6"[39m
        [36m>[39m
    ...
 × src/test/warranty-registration.test.tsx > Warranty Registration > Registration Submission > should successfully submit registration with valid data 21ms
   → Unable to find an element with the text: Register New Product. This could be because the text is broken up by multiple elements. In this case, you can provide a function for your text matcher to make your matcher more flexible.

Ignored nodes: comments, script, style
[36m<body>[39m
  [36m<div>[39m
    [36m<div[39m
      [33mclass[39m=[32m"min-h-screen bg-background pb-24"[39m
    [36m>[39m
      [36m<header[39m
        [33mclass[39m=[32m"sticky top-0 z-40 bg-background/95 backdrop-blur-lg border-b border-border"[39m
      [36m>[39m
        [36m<div[39m
          [33mclass[39m=[32m"container max-w-7xl mx-auto px-4 py-4"[39m
        [36m>[39m
          [36m<div[39m
            [33mclass[39m=[32m"flex items-center justify-between"[39m
          [36m>[39m
            [36m<div[39m
              [33mclass[39m=[32m"flex items-center gap-4"[39m
            [36m>[39m
              [36m<div[39m
                [33mclass[39m=[32m"flex items-center gap-3 cursor-pointer"[39m
              [36m>[39m
                [36m<img[39m
                  [33malt[39m=[32m"Test Store"[39m
                  [33mclass[39m=[32m"h-8 w-auto"[39m
                  [33msrc[39m=[32m"/test-logo.png"[39m
                [36m/>[39m
                [36m<div[39m
                  [33mclass[39m=[32m"hidden sm:flex flex-col"[39m
                [36m>[39m
                  [36m<span[39m
                    [33mclass[39m=[32m"font-semibold text-lg"[39m
                  [36m>[39m
                    [0mTest Store[0m
                  [36m</span>[39m
                  [36m<span[39m
                    [33mclass[39m=[32m"text-xs text-muted-foreground"[39m
                  [36m>[39m
                    [0mTest Store Tagline[0m
                  [36m</span>[39m
                [36m</div>[39m
              [36m</div>[39m
            [36m</div>[39m
            [36m<h1[39m
              [33mclass[39m=[32m"text-lg font-semibold hidden md:block"[39m
            [36m>[39m
              [0mWarranty[0m
            [36m</h1>[39m
            [36m<div[39m
              [33mclass[39m=[32m"flex items-center gap-4"[39m
            [36m>[39m
              [36m<button[39m
                [33mclass[39m=[32m"items-center justify-center gap-2 whitespace-nowrap text-sm font-medium ring-offset-background transition-colors focus-visible:outline-none focus-visible:ring-2 focus-visible:ring-ring focus-visible:ring-offset-2 disabled:pointer-events-none disabled:opacity-50 [&_svg]:pointer-events-none [&_svg]:size-4 [&_svg]:shrink-0 hover:bg-accent hover:text-accent-foreground h-9 rounded-md px-3 hidden sm:flex"[39m
              [36m>[39m
                [0mLogin[0m
              [36m</button>[39m
              [36m<button[39m
                [33mclass[39m=[32m"items-center justify-center gap-2 whitespace-nowrap text-sm font-medium ring-offset-background transition-colors focus-visible:outline-none focus-visible:ring-2 focus-visible:ring-ring focus-visible:ring-offset-2 disabled:pointer-events-none disabled:opacity-50 [&_svg]:pointer-events-none [&_svg]:size-4 [&_svg]:shrink-0 bg-primary text-primary-foreground hover:bg-primary/90 h-9 rounded-md px-3 hidden sm:flex"[39m
              [36m>[39m
                [36m<svg[39m
                  [33mclass[39m=[32m"lucide lucide-user-plus w-4 h-4 mr-2"[39m
                  [33mfill[39m=[32m"none"[39m
                  [33mheight[39m=[32m"24"[39m
                  [33mstroke[39m=[32m"currentColor"[39m
                  [33mstroke-linecap[39m=[32m"round"[39m
                  [33mstroke-linejoin[39m=[32m"round"[39m
                  [33mstroke-width[39m=[32m"2"[39m
                  [33mviewBox[39m=[32m"0 0 24 24"[39m
                  [33mwidth[39m=[32m"24"[39m
                  [33mxmlns[39m=[32m"http://www.w3.org/2000/svg"[39m
                [36m>[39m
                  [36m<path[39m
                    [33md[39m=[32m"M16 21v-2a4 4 0 0 0-4-4H6a4 4 0 0 0-4 4v2"[39m
                  [36m/>[39m
                  [36m<circle[39m
                    [33mcx[39m=[32m"9"[39m
                    [33mcy[39m=[32m"7"[39m
                    [33mr[39m=[32m"4"[39m
                  [36m/>[39m
                  [36m<line[39m
                    [33mx1[39m=[32m"19"[39m
                    [33mx2[39m=[32m"19"[39m
                    [33my1[39m=[32m"8"[39m
                    [33my2[39m=[32m"14"[39m
                  [36m/>[39m
                  [36m<line[39m
                    [33mx1[39m=[32m"22"[39m
                    [33mx2[39m=[32m"16"[39m
                    [33my1[39m=[32m"11"[39m
                    [33my2[39m=[32m"11"[39m
                  [36m/>[39m
                [36m</svg>[39m
                [0mRegister[0m
              [36m</button>[39m
              [36m<button[39m
                [33mclass[39m=[32m"inline-flex items-center justify-center gap-2 whitespace-nowrap text-sm font-medium ring-offset-background transition-colors focus-visible:outline-none focus-visible:ring-2 focus-visible:ring-ring focus-visible:ring-offset-2 disabled:pointer-events-none disabled:opacity-50 [&_svg]:pointer-events-none [&_svg]:size-4 [&_svg]:shrink-0 hover:bg-accent hover:text-accent-foreground h-9 rounded-md px-3 md:hidden"[39m
              [36m>[39m
                [36m<svg[39m
                  [33mclass[39m=[32m"lucide lucide-menu w-5 h-5"[39m
                  [33mfill[39m=[32m"none"[39m
                  [33mheight[39m=[32m"24"[39m
                  [33mstroke[39m=[32m"currentColor"[39m
                  [33mstroke-linecap[39m=[32m"round"[39m
                  [33mstroke-linejoin[39m=[32m"round"[39m
                  [33mstroke-width[39m=[32m"2"[39m
                  [33mviewBox[39m=[32m"0 0 24 24"[39m
                  [33mwidth[39m=[32m"24"[39m
                  [33mxmlns[39m=[32m"http://www.w3.org/2000/svg"[39m
                [36m>[39m
                  [36m<line[39m
                    [33mx1[39m=[32m"4"[39m
                    [33mx2[39m=[32m"20"[39m
                    [33my1[39m=[32m"12"[39m
                    [33my2[39m=[32m"12"[39m
                  [36m/>[39m
                  [36m<line[39m
                    [33mx1[39m=[32m"4"[39m
                    [33mx2[39m=[32m"20"[39m
                    [33my1[39m=[32m"6"[39m
                    [33my2[39m=[32m"6"[39m
                  [36m/>[39m
                  [36m<line[39m
                    [33mx1[39m=[32m"4"[39m
                    [33mx2[39m=[32m"20"[39m
                    [33my1[39m=[32m"18"[39m
                    [33my2[39m=[32m"18"[39m
                  [36m/>[39m
                [36m</svg>[39m
              [36m</button>[39m
            [36m</div>[39m
          [36m</div>[39m
        [36m</div>[39m
      [36m</header>[39m
      [36m<div[39m
        [33mclass[39m=[32m"container max-w-2xl mx-auto px-6 py-8"[39m
      [36m>[39m
        [36m<div[39m
          [33mclass[39m=[32m"space-y-6"[39m
        [36m>[39m
    ...
 × src/test/warranty-registration.test.tsx > Warranty Registration > Registration Submission > should handle registration failure 17ms
   → Unable to find an element with the text: Register New Product. This could be because the text is broken up by multiple elements. In this case, you can provide a function for your text matcher to make your matcher more flexible.

Ignored nodes: comments, script, style
[36m<body>[39m
  [36m<div>[39m
    [36m<div[39m
      [33mclass[39m=[32m"min-h-screen bg-background pb-24"[39m
    [36m>[39m
      [36m<header[39m
        [33mclass[39m=[32m"sticky top-0 z-40 bg-background/95 backdrop-blur-lg border-b border-border"[39m
      [36m>[39m
        [36m<div[39m
          [33mclass[39m=[32m"container max-w-7xl mx-auto px-4 py-4"[39m
        [36m>[39m
          [36m<div[39m
            [33mclass[39m=[32m"flex items-center justify-between"[39m
          [36m>[39m
            [36m<div[39m
              [33mclass[39m=[32m"flex items-center gap-4"[39m
            [36m>[39m
              [36m<div[39m
                [33mclass[39m=[32m"flex items-center gap-3 cursor-pointer"[39m
              [36m>[39m
                [36m<img[39m
                  [33malt[39m=[32m"Test Store"[39m
                  [33mclass[39m=[32m"h-8 w-auto"[39m
                  [33msrc[39m=[32m"/test-logo.png"[39m
                [36m/>[39m
                [36m<div[39m
                  [33mclass[39m=[32m"hidden sm:flex flex-col"[39m
                [36m>[39m
                  [36m<span[39m
                    [33mclass[39m=[32m"font-semibold text-lg"[39m
                  [36m>[39m
                    [0mTest Store[0m
                  [36m</span>[39m
                  [36m<span[39m
                    [33mclass[39m=[32m"text-xs text-muted-foreground"[39m
                  [36m>[39m
                    [0mTest Store Tagline[0m
                  [36m</span>[39m
                [36m</div>[39m
              [36m</div>[39m
            [36m</div>[39m
            [36m<h1[39m
              [33mclass[39m=[32m"text-lg font-semibold hidden md:block"[39m
            [36m>[39m
              [0mWarranty[0m
            [36m</h1>[39m
            [36m<div[39m
              [33mclass[39m=[32m"flex items-center gap-4"[39m
            [36m>[39m
              [36m<button[39m
                [33mclass[39m=[32m"items-center justify-center gap-2 whitespace-nowrap text-sm font-medium ring-offset-background transition-colors focus-visible:outline-none focus-visible:ring-2 focus-visible:ring-ring focus-visible:ring-offset-2 disabled:pointer-events-none disabled:opacity-50 [&_svg]:pointer-events-none [&_svg]:size-4 [&_svg]:shrink-0 hover:bg-accent hover:text-accent-foreground h-9 rounded-md px-3 hidden sm:flex"[39m
              [36m>[39m
                [0mLogin[0m
              [36m</button>[39m
              [36m<button[39m
                [33mclass[39m=[32m"items-center justify-center gap-2 whitespace-nowrap text-sm font-medium ring-offset-background transition-colors focus-visible:outline-none focus-visible:ring-2 focus-visible:ring-ring focus-visible:ring-offset-2 disabled:pointer-events-none disabled:opacity-50 [&_svg]:pointer-events-none [&_svg]:size-4 [&_svg]:shrink-0 bg-primary text-primary-foreground hover:bg-primary/90 h-9 rounded-md px-3 hidden sm:flex"[39m
              [36m>[39m
                [36m<svg[39m
                  [33mclass[39m=[32m"lucide lucide-user-plus w-4 h-4 mr-2"[39m
                  [33mfill[39m=[32m"none"[39m
                  [33mheight[39m=[32m"24"[39m
                  [33mstroke[39m=[32m"currentColor"[39m
                  [33mstroke-linecap[39m=[32m"round"[39m
                  [33mstroke-linejoin[39m=[32m"round"[39m
                  [33mstroke-width[39m=[32m"2"[39m
                  [33mviewBox[39m=[32m"0 0 24 24"[39m
                  [33mwidth[39m=[32m"24"[39m
                  [33mxmlns[39m=[32m"http://www.w3.org/2000/svg"[39m
                [36m>[39m
                  [36m<path[39m
                    [33md[39m=[32m"M16 21v-2a4 4 0 0 0-4-4H6a4 4 0 0 0-4 4v2"[39m
                  [36m/>[39m
                  [36m<circle[39m
                    [33mcx[39m=[32m"9"[39m
                    [33mcy[39m=[32m"7"[39m
                    [33mr[39m=[32m"4"[39m
                  [36m/>[39m
                  [36m<line[39m
                    [33mx1[39m=[32m"19"[39m
                    [33mx2[39m=[32m"19"[39m
                    [33my1[39m=[32m"8"[39m
                    [33my2[39m=[32m"14"[39m
                  [36m/>[39m
                  [36m<line[39m
                    [33mx1[39m=[32m"22"[39m
                    [33mx2[39m=[32m"16"[39m
                    [33my1[39m=[32m"11"[39m
                    [33my2[39m=[32m"11"[39m
                  [36m/>[39m
                [36m</svg>[39m
                [0mRegister[0m
              [36m</button>[39m
              [36m<button[39m
                [33mclass[39m=[32m"inline-flex items-center justify-center gap-2 whitespace-nowrap text-sm font-medium ring-offset-background transition-colors focus-visible:outline-none focus-visible:ring-2 focus-visible:ring-ring focus-visible:ring-offset-2 disabled:pointer-events-none disabled:opacity-50 [&_svg]:pointer-events-none [&_svg]:size-4 [&_svg]:shrink-0 hover:bg-accent hover:text-accent-foreground h-9 rounded-md px-3 md:hidden"[39m
              [36m>[39m
                [36m<svg[39m
                  [33mclass[39m=[32m"lucide lucide-menu w-5 h-5"[39m
                  [33mfill[39m=[32m"none"[39m
                  [33mheight[39m=[32m"24"[39m
                  [33mstroke[39m=[32m"currentColor"[39m
                  [33mstroke-linecap[39m=[32m"round"[39m
                  [33mstroke-linejoin[39m=[32m"round"[39m
                  [33mstroke-width[39m=[32m"2"[39m
                  [33mviewBox[39m=[32m"0 0 24 24"[39m
                  [33mwidth[39m=[32m"24"[39m
                  [33mxmlns[39m=[32m"http://www.w3.org/2000/svg"[39m
                [36m>[39m
                  [36m<line[39m
                    [33mx1[39m=[32m"4"[39m
                    [33mx2[39m=[32m"20"[39m
                    [33my1[39m=[32m"12"[39m
                    [33my2[39m=[32m"12"[39m
                  [36m/>[39m
                  [36m<line[39m
                    [33mx1[39m=[32m"4"[39m
                    [33mx2[39m=[32m"20"[39m
                    [33my1[39m=[32m"6"[39m
                    [33my2[39m=[32m"6"[39m
                  [36m/>[39m
                  [36m<line[39m
                    [33mx1[39m=[32m"4"[39m
                    [33mx2[39m=[32m"20"[39m
                    [33my1[39m=[32m"18"[39m
                    [33my2[39m=[32m"18"[39m
                  [36m/>[39m
                [36m</svg>[39m
              [36m</button>[39m
            [36m</div>[39m
          [36m</div>[39m
        [36m</div>[39m
      [36m</header>[39m
      [36m<div[39m
        [33mclass[39m=[32m"container max-w-2xl mx-auto px-6 py-8"[39m
      [36m>[39m
        [36m<div[39m
          [33mclass[39m=[32m"space-y-6"[39m
        [36m>[39m
    ...
 × src/test/warranty-registration.test.tsx > Warranty Registration > Registration Submission > should handle network errors during registration 78ms
   → Unable to find an element with the text: Register New Product. This could be because the text is broken up by multiple elements. In this case, you can provide a function for your text matcher to make your matcher more flexible.

Ignored nodes: comments, script, style
[36m<body>[39m
  [36m<div>[39m
    [36m<div[39m
      [33mclass[39m=[32m"min-h-screen bg-background pb-24"[39m
    [36m>[39m
      [36m<header[39m
        [33mclass[39m=[32m"sticky top-0 z-40 bg-background/95 backdrop-blur-lg border-b border-border"[39m
      [36m>[39m
        [36m<div[39m
          [33mclass[39m=[32m"container max-w-7xl mx-auto px-4 py-4"[39m
        [36m>[39m
          [36m<div[39m
            [33mclass[39m=[32m"flex items-center justify-between"[39m
          [36m>[39m
            [36m<div[39m
              [33mclass[39m=[32m"flex items-center gap-4"[39m
            [36m>[39m
              [36m<div[39m
                [33mclass[39m=[32m"flex items-center gap-3 cursor-pointer"[39m
              [36m>[39m
                [36m<img[39m
                  [33malt[39m=[32m"Test Store"[39m
                  [33mclass[39m=[32m"h-8 w-auto"[39m
                  [33msrc[39m=[32m"/test-logo.png"[39m
                [36m/>[39m
                [36m<div[39m
                  [33mclass[39m=[32m"hidden sm:flex flex-col"[39m
                [36m>[39m
                  [36m<span[39m
                    [33mclass[39m=[32m"font-semibold text-lg"[39m
                  [36m>[39m
                    [0mTest Store[0m
                  [36m</span>[39m
                  [36m<span[39m
                    [33mclass[39m=[32m"text-xs text-muted-foreground"[39m
                  [36m>[39m
                    [0mTest Store Tagline[0m
                  [36m</span>[39m
                [36m</div>[39m
              [36m</div>[39m
            [36m</div>[39m
            [36m<h1[39m
              [33mclass[39m=[32m"text-lg font-semibold hidden md:block"[39m
            [36m>[39m
              [0mWarranty[0m
            [36m</h1>[39m
            [36m<div[39m
              [33mclass[39m=[32m"flex items-center gap-4"[39m
            [36m>[39m
              [36m<button[39m
                [33mclass[39m=[32m"items-center justify-center gap-2 whitespace-nowrap text-sm font-medium ring-offset-background transition-colors focus-visible:outline-none focus-visible:ring-2 focus-visible:ring-ring focus-visible:ring-offset-2 disabled:pointer-events-none disabled:opacity-50 [&_svg]:pointer-events-none [&_svg]:size-4 [&_svg]:shrink-0 hover:bg-accent hover:text-accent-foreground h-9 rounded-md px-3 hidden sm:flex"[39m
              [36m>[39m
                [0mLogin[0m
              [36m</button>[39m
              [36m<button[39m
                [33mclass[39m=[32m"items-center justify-center gap-2 whitespace-nowrap text-sm font-medium ring-offset-background transition-colors focus-visible:outline-none focus-visible:ring-2 focus-visible:ring-ring focus-visible:ring-offset-2 disabled:pointer-events-none disabled:opacity-50 [&_svg]:pointer-events-none [&_svg]:size-4 [&_svg]:shrink-0 bg-primary text-primary-foreground hover:bg-primary/90 h-9 rounded-md px-3 hidden sm:flex"[39m
              [36m>[39m
                [36m<svg[39m
                  [33mclass[39m=[32m"lucide lucide-user-plus w-4 h-4 mr-2"[39m
                  [33mfill[39m=[32m"none"[39m
                  [33mheight[39m=[32m"24"[39m
                  [33mstroke[39m=[32m"currentColor"[39m
                  [33mstroke-linecap[39m=[32m"round"[39m
                  [33mstroke-linejoin[39m=[32m"round"[39m
                  [33mstroke-width[39m=[32m"2"[39m
                  [33mviewBox[39m=[32m"0 0 24 24"[39m
                  [33mwidth[39m=[32m"24"[39m
                  [33mxmlns[39m=[32m"http://www.w3.org/2000/svg"[39m
                [36m>[39m
                  [36m<path[39m
                    [33md[39m=[32m"M16 21v-2a4 4 0 0 0-4-4H6a4 4 0 0 0-4 4v2"[39m
                  [36m/>[39m
                  [36m<circle[39m
                    [33mcx[39m=[32m"9"[39m
                    [33mcy[39m=[32m"7"[39m
                    [33mr[39m=[32m"4"[39m
                  [36m/>[39m
                  [36m<line[39m
                    [33mx1[39m=[32m"19"[39m
                    [33mx2[39m=[32m"19"[39m
                    [33my1[39m=[32m"8"[39m
                    [33my2[39m=[32m"14"[39m
                  [36m/>[39m
                  [36m<line[39m
                    [33mx1[39m=[32m"22"[39m
                    [33mx2[39m=[32m"16"[39m
                    [33my1[39m=[32m"11"[39m
                    [33my2[39m=[32m"11"[39m
                  [36m/>[39m
                [36m</svg>[39m
                [0mRegister[0m
              [36m</button>[39m
              [36m<button[39m
                [33mclass[39m=[32m"inline-flex items-center justify-center gap-2 whitespace-nowrap text-sm font-medium ring-offset-background transition-colors focus-visible:outline-none focus-visible:ring-2 focus-visible:ring-ring focus-visible:ring-offset-2 disabled:pointer-events-none disabled:opacity-50 [&_svg]:pointer-events-none [&_svg]:size-4 [&_svg]:shrink-0 hover:bg-accent hover:text-accent-foreground h-9 rounded-md px-3 md:hidden"[39m
              [36m>[39m
                [36m<svg[39m
                  [33mclass[39m=[32m"lucide lucide-menu w-5 h-5"[39m
                  [33mfill[39m=[32m"none"[39m
                  [33mheight[39m=[32m"24"[39m
                  [33mstroke[39m=[32m"currentColor"[39m
                  [33mstroke-linecap[39m=[32m"round"[39m
                  [33mstroke-linejoin[39m=[32m"round"[39m
                  [33mstroke-width[39m=[32m"2"[39m
                  [33mviewBox[39m=[32m"0 0 24 24"[39m
                  [33mwidth[39m=[32m"24"[39m
                  [33mxmlns[39m=[32m"http://www.w3.org/2000/svg"[39m
                [36m>[39m
                  [36m<line[39m
                    [33mx1[39m=[32m"4"[39m
                    [33mx2[39m=[32m"20"[39m
                    [33my1[39m=[32m"12"[39m
                    [33my2[39m=[32m"12"[39m
                  [36m/>[39m
                  [36m<line[39m
                    [33mx1[39m=[32m"4"[39m
                    [33mx2[39m=[32m"20"[39m
                    [33my1[39m=[32m"6"[39m
                    [33my2[39m=[32m"6"[39m
                  [36m/>[39m
                  [36m<line[39m
                    [33mx1[39m=[32m"4"[39m
                    [33mx2[39m=[32m"20"[39m
                    [33my1[39m=[32m"18"[39m
                    [33my2[39m=[32m"18"[39m
                  [36m/>[39m
                [36m</svg>[39m
              [36m</button>[39m
            [36m</div>[39m
          [36m</div>[39m
        [36m</div>[39m
      [36m</header>[39m
      [36m<div[39m
        [33mclass[39m=[32m"container max-w-2xl mx-auto px-6 py-8"[39m
      [36m>[39m
        [36m<div[39m
          [33mclass[39m=[32m"space-y-6"[39m
        [36m>[39m
    ...
 × src/test/warranty-registration.test.tsx > Warranty Registration > Navigation > should navigate back to lookup step when back button is clicked 14ms
   → Unable to find an element with the text: Register New Product. This could be because the text is broken up by multiple elements. In this case, you can provide a function for your text matcher to make your matcher more flexible.

Ignored nodes: comments, script, style
[36m<body>[39m
  [36m<div>[39m
    [36m<div[39m
      [33mclass[39m=[32m"min-h-screen bg-background pb-24"[39m
    [36m>[39m
      [36m<header[39m
        [33mclass[39m=[32m"sticky top-0 z-40 bg-background/95 backdrop-blur-lg border-b border-border"[39m
      [36m>[39m
        [36m<div[39m
          [33mclass[39m=[32m"container max-w-7xl mx-auto px-4 py-4"[39m
        [36m>[39m
          [36m<div[39m
            [33mclass[39m=[32m"flex items-center justify-between"[39m
          [36m>[39m
            [36m<div[39m
              [33mclass[39m=[32m"flex items-center gap-4"[39m
            [36m>[39m
              [36m<div[39m
                [33mclass[39m=[32m"flex items-center gap-3 cursor-pointer"[39m
              [36m>[39m
                [36m<img[39m
                  [33malt[39m=[32m"Test Store"[39m
                  [33mclass[39m=[32m"h-8 w-auto"[39m
                  [33msrc[39m=[32m"/test-logo.png"[39m
                [36m/>[39m
                [36m<div[39m
                  [33mclass[39m=[32m"hidden sm:flex flex-col"[39m
                [36m>[39m
                  [36m<span[39m
                    [33mclass[39m=[32m"font-semibold text-lg"[39m
                  [36m>[39m
                    [0mTest Store[0m
                  [36m</span>[39m
                  [36m<span[39m
                    [33mclass[39m=[32m"text-xs text-muted-foreground"[39m
                  [36m>[39m
                    [0mTest Store Tagline[0m
                  [36m</span>[39m
                [36m</div>[39m
              [36m</div>[39m
            [36m</div>[39m
            [36m<h1[39m
              [33mclass[39m=[32m"text-lg font-semibold hidden md:block"[39m
            [36m>[39m
              [0mWarranty[0m
            [36m</h1>[39m
            [36m<div[39m
              [33mclass[39m=[32m"flex items-center gap-4"[39m
            [36m>[39m
              [36m<button[39m
                [33mclass[39m=[32m"items-center justify-center gap-2 whitespace-nowrap text-sm font-medium ring-offset-background transition-colors focus-visible:outline-none focus-visible:ring-2 focus-visible:ring-ring focus-visible:ring-offset-2 disabled:pointer-events-none disabled:opacity-50 [&_svg]:pointer-events-none [&_svg]:size-4 [&_svg]:shrink-0 hover:bg-accent hover:text-accent-foreground h-9 rounded-md px-3 hidden sm:flex"[39m
              [36m>[39m
                [0mLogin[0m
              [36m</button>[39m
              [36m<button[39m
                [33mclass[39m=[32m"items-center justify-center gap-2 whitespace-nowrap text-sm font-medium ring-offset-background transition-colors focus-visible:outline-none focus-visible:ring-2 focus-visible:ring-ring focus-visible:ring-offset-2 disabled:pointer-events-none disabled:opacity-50 [&_svg]:pointer-events-none [&_svg]:size-4 [&_svg]:shrink-0 bg-primary text-primary-foreground hover:bg-primary/90 h-9 rounded-md px-3 hidden sm:flex"[39m
              [36m>[39m
                [36m<svg[39m
                  [33mclass[39m=[32m"lucide lucide-user-plus w-4 h-4 mr-2"[39m
                  [33mfill[39m=[32m"none"[39m
                  [33mheight[39m=[32m"24"[39m
                  [33mstroke[39m=[32m"currentColor"[39m
                  [33mstroke-linecap[39m=[32m"round"[39m
                  [33mstroke-linejoin[39m=[32m"round"[39m
                  [33mstroke-width[39m=[32m"2"[39m
                  [33mviewBox[39m=[32m"0 0 24 24"[39m
                  [33mwidth[39m=[32m"24"[39m
                  [33mxmlns[39m=[32m"http://www.w3.org/2000/svg"[39m
                [36m>[39m
                  [36m<path[39m
                    [33md[39m=[32m"M16 21v-2a4 4 0 0 0-4-4H6a4 4 0 0 0-4 4v2"[39m
                  [36m/>[39m
                  [36m<circle[39m
                    [33mcx[39m=[32m"9"[39m
                    [33mcy[39m=[32m"7"[39m
                    [33mr[39m=[32m"4"[39m
                  [36m/>[39m
                  [36m<line[39m
                    [33mx1[39m=[32m"19"[39m
                    [33mx2[39m=[32m"19"[39m
                    [33my1[39m=[32m"8"[39m
                    [33my2[39m=[32m"14"[39m
                  [36m/>[39m
                  [36m<line[39m
                    [33mx1[39m=[32m"22"[39m
                    [33mx2[39m=[32m"16"[39m
                    [33my1[39m=[32m"11"[39m
                    [33my2[39m=[32m"11"[39m
                  [36m/>[39m
                [36m</svg>[39m
                [0mRegister[0m
              [36m</button>[39m
              [36m<button[39m
                [33mclass[39m=[32m"inline-flex items-center justify-center gap-2 whitespace-nowrap text-sm font-medium ring-offset-background transition-colors focus-visible:outline-none focus-visible:ring-2 focus-visible:ring-ring focus-visible:ring-offset-2 disabled:pointer-events-none disabled:opacity-50 [&_svg]:pointer-events-none [&_svg]:size-4 [&_svg]:shrink-0 hover:bg-accent hover:text-accent-foreground h-9 rounded-md px-3 md:hidden"[39m
              [36m>[39m
                [36m<svg[39m
                  [33mclass[39m=[32m"lucide lucide-menu w-5 h-5"[39m
                  [33mfill[39m=[32m"none"[39m
                  [33mheight[39m=[32m"24"[39m
                  [33mstroke[39m=[32m"currentColor"[39m
                  [33mstroke-linecap[39m=[32m"round"[39m
                  [33mstroke-linejoin[39m=[32m"round"[39m
                  [33mstroke-width[39m=[32m"2"[39m
                  [33mviewBox[39m=[32m"0 0 24 24"[39m
                  [33mwidth[39m=[32m"24"[39m
                  [33mxmlns[39m=[32m"http://www.w3.org/2000/svg"[39m
                [36m>[39m
                  [36m<line[39m
                    [33mx1[39m=[32m"4"[39m
                    [33mx2[39m=[32m"20"[39m
                    [33my1[39m=[32m"12"[39m
                    [33my2[39m=[32m"12"[39m
                  [36m/>[39m
                  [36m<line[39m
                    [33mx1[39m=[32m"4"[39m
                    [33mx2[39m=[32m"20"[39m
                    [33my1[39m=[32m"6"[39m
                    [33my2[39m=[32m"6"[39m
                  [36m/>[39m
                  [36m<line[39m
                    [33mx1[39m=[32m"4"[39m
                    [33mx2[39m=[32m"20"[39m
                    [33my1[39m=[32m"18"[39m
                    [33my2[39m=[32m"18"[39m
                  [36m/>[39m
                [36m</svg>[39m
              [36m</button>[39m
            [36m</div>[39m
          [36m</div>[39m
        [36m</div>[39m
      [36m</header>[39m
      [36m<div[39m
        [33mclass[39m=[32m"container max-w-2xl mx-auto px-6 py-8"[39m
      [36m>[39m
        [36m<div[39m
          [33mclass[39m=[32m"space-y-6"[39m
        [36m>[39m
    ...
 × src/test/warranty-registration.test.tsx > Warranty Registration > Navigation > should show register another product option on success 18ms
   → Unable to find an element with the text: Register New Product. This could be because the text is broken up by multiple elements. In this case, you can provide a function for your text matcher to make your matcher more flexible.

Ignored nodes: comments, script, style
[36m<body>[39m
  [36m<div>[39m
    [36m<div[39m
      [33mclass[39m=[32m"min-h-screen bg-background pb-24"[39m
    [36m>[39m
      [36m<header[39m
        [33mclass[39m=[32m"sticky top-0 z-40 bg-background/95 backdrop-blur-lg border-b border-border"[39m
      [36m>[39m
        [36m<div[39m
          [33mclass[39m=[32m"container max-w-7xl mx-auto px-4 py-4"[39m
        [36m>[39m
          [36m<div[39m
            [33mclass[39m=[32m"flex items-center justify-between"[39m
          [36m>[39m
            [36m<div[39m
              [33mclass[39m=[32m"flex items-center gap-4"[39m
            [36m>[39m
              [36m<div[39m
                [33mclass[39m=[32m"flex items-center gap-3 cursor-pointer"[39m
              [36m>[39m
                [36m<img[39m
                  [33malt[39m=[32m"Test Store"[39m
                  [33mclass[39m=[32m"h-8 w-auto"[39m
                  [33msrc[39m=[32m"/test-logo.png"[39m
                [36m/>[39m
                [36m<div[39m
                  [33mclass[39m=[32m"hidden sm:flex flex-col"[39m
                [36m>[39m
                  [36m<span[39m
                    [33mclass[39m=[32m"font-semibold text-lg"[39m
                  [36m>[39m
                    [0mTest Store[0m
                  [36m</span>[39m
                  [36m<span[39m
                    [33mclass[39m=[32m"text-xs text-muted-foreground"[39m
                  [36m>[39m
                    [0mTest Store Tagline[0m
                  [36m</span>[39m
                [36m</div>[39m
              [36m</div>[39m
            [36m</div>[39m
            [36m<h1[39m
              [33mclass[39m=[32m"text-lg font-semibold hidden md:block"[39m
            [36m>[39m
              [0mWarranty[0m
            [36m</h1>[39m
            [36m<div[39m
              [33mclass[39m=[32m"flex items-center gap-4"[39m
            [36m>[39m
              [36m<button[39m
                [33mclass[39m=[32m"items-center justify-center gap-2 whitespace-nowrap text-sm font-medium ring-offset-background transition-colors focus-visible:outline-none focus-visible:ring-2 focus-visible:ring-ring focus-visible:ring-offset-2 disabled:pointer-events-none disabled:opacity-50 [&_svg]:pointer-events-none [&_svg]:size-4 [&_svg]:shrink-0 hover:bg-accent hover:text-accent-foreground h-9 rounded-md px-3 hidden sm:flex"[39m
              [36m>[39m
                [0mLogin[0m
              [36m</button>[39m
              [36m<button[39m
                [33mclass[39m=[32m"items-center justify-center gap-2 whitespace-nowrap text-sm font-medium ring-offset-background transition-colors focus-visible:outline-none focus-visible:ring-2 focus-visible:ring-ring focus-visible:ring-offset-2 disabled:pointer-events-none disabled:opacity-50 [&_svg]:pointer-events-none [&_svg]:size-4 [&_svg]:shrink-0 bg-primary text-primary-foreground hover:bg-primary/90 h-9 rounded-md px-3 hidden sm:flex"[39m
              [36m>[39m
                [36m<svg[39m
                  [33mclass[39m=[32m"lucide lucide-user-plus w-4 h-4 mr-2"[39m
                  [33mfill[39m=[32m"none"[39m
                  [33mheight[39m=[32m"24"[39m
                  [33mstroke[39m=[32m"currentColor"[39m
                  [33mstroke-linecap[39m=[32m"round"[39m
                  [33mstroke-linejoin[39m=[32m"round"[39m
                  [33mstroke-width[39m=[32m"2"[39m
                  [33mviewBox[39m=[32m"0 0 24 24"[39m
                  [33mwidth[39m=[32m"24"[39m
                  [33mxmlns[39m=[32m"http://www.w3.org/2000/svg"[39m
                [36m>[39m
                  [36m<path[39m
                    [33md[39m=[32m"M16 21v-2a4 4 0 0 0-4-4H6a4 4 0 0 0-4 4v2"[39m
                  [36m/>[39m
                  [36m<circle[39m
                    [33mcx[39m=[32m"9"[39m
                    [33mcy[39m=[32m"7"[39m
                    [33mr[39m=[32m"4"[39m
                  [36m/>[39m
                  [36m<line[39m
                    [33mx1[39m=[32m"19"[39m
                    [33mx2[39m=[32m"19"[39m
                    [33my1[39m=[32m"8"[39m
                    [33my2[39m=[32m"14"[39m
                  [36m/>[39m
                  [36m<line[39m
                    [33mx1[39m=[32m"22"[39m
                    [33mx2[39m=[32m"16"[39m
                    [33my1[39m=[32m"11"[39m
                    [33my2[39m=[32m"11"[39m
                  [36m/>[39m
                [36m</svg>[39m
                [0mRegister[0m
              [36m</button>[39m
              [36m<button[39m
                [33mclass[39m=[32m"inline-flex items-center justify-center gap-2 whitespace-nowrap text-sm font-medium ring-offset-background transition-colors focus-visible:outline-none focus-visible:ring-2 focus-visible:ring-ring focus-visible:ring-offset-2 disabled:pointer-events-none disabled:opacity-50 [&_svg]:pointer-events-none [&_svg]:size-4 [&_svg]:shrink-0 hover:bg-accent hover:text-accent-foreground h-9 rounded-md px-3 md:hidden"[39m
              [36m>[39m
                [36m<svg[39m
                  [33mclass[39m=[32m"lucide lucide-menu w-5 h-5"[39m
                  [33mfill[39m=[32m"none"[39m
                  [33mheight[39m=[32m"24"[39m
                  [33mstroke[39m=[32m"currentColor"[39m
                  [33mstroke-linecap[39m=[32m"round"[39m
                  [33mstroke-linejoin[39m=[32m"round"[39m
                  [33mstroke-width[39m=[32m"2"[39m
                  [33mviewBox[39m=[32m"0 0 24 24"[39m
                  [33mwidth[39m=[32m"24"[39m
                  [33mxmlns[39m=[32m"http://www.w3.org/2000/svg"[39m
                [36m>[39m
                  [36m<line[39m
                    [33mx1[39m=[32m"4"[39m
                    [33mx2[39m=[32m"20"[39m
                    [33my1[39m=[32m"12"[39m
                    [33my2[39m=[32m"12"[39m
                  [36m/>[39m
                  [36m<line[39m
                    [33mx1[39m=[32m"4"[39m
                    [33mx2[39m=[32m"20"[39m
                    [33my1[39m=[32m"6"[39m
                    [33my2[39m=[32m"6"[39m
                  [36m/>[39m
                  [36m<line[39m
                    [33mx1[39m=[32m"4"[39m
                    [33mx2[39m=[32m"20"[39m
                    [33my1[39m=[32m"18"[39m
                    [33my2[39m=[32m"18"[39m
                  [36m/>[39m
                [36m</svg>[39m
              [36m</button>[39m
            [36m</div>[39m
          [36m</div>[39m
        [36m</div>[39m
      [36m</header>[39m
      [36m<div[39m
        [33mclass[39m=[32m"container max-w-2xl mx-auto px-6 py-8"[39m
      [36m>[39m
        [36m<div[39m
          [33mclass[39m=[32m"space-y-6"[39m
        [36m>[39m
    ...
 × src/test/warranty-ui-components.test.tsx > Warranty UI Components > Navigation and Step Management > should navigate to registration step when register button is clicked 31ms
   → Unable to find an element with the text: Register New Product. This could be because the text is broken up by multiple elements. In this case, you can provide a function for your text matcher to make your matcher more flexible.

Ignored nodes: comments, script, style
[36m<body>[39m
  [36m<div>[39m
    [36m<div[39m
      [33mclass[39m=[32m"min-h-screen bg-background pb-24"[39m
    [36m>[39m
      [36m<header[39m
        [33mclass[39m=[32m"sticky top-0 z-40 bg-background/95 backdrop-blur-lg border-b border-border"[39m
      [36m>[39m
        [36m<div[39m
          [33mclass[39m=[32m"container max-w-7xl mx-auto px-4 py-4"[39m
        [36m>[39m
          [36m<div[39m
            [33mclass[39m=[32m"flex items-center justify-between"[39m
          [36m>[39m
            [36m<div[39m
              [33mclass[39m=[32m"flex items-center gap-4"[39m
            [36m>[39m
              [36m<div[39m
                [33mclass[39m=[32m"flex items-center gap-3 cursor-pointer"[39m
              [36m>[39m
                [36m<img[39m
                  [33malt[39m=[32m"Test Store"[39m
                  [33mclass[39m=[32m"h-8 w-auto"[39m
                  [33msrc[39m=[32m"/test-logo.png"[39m
                [36m/>[39m
                [36m<div[39m
                  [33mclass[39m=[32m"hidden sm:flex flex-col"[39m
                [36m>[39m
                  [36m<span[39m
                    [33mclass[39m=[32m"font-semibold text-lg"[39m
                  [36m>[39m
                    [0mTest Store[0m
                  [36m</span>[39m
                  [36m<span[39m
                    [33mclass[39m=[32m"text-xs text-muted-foreground"[39m
                  [36m>[39m
                    [0mTest Store Tagline[0m
                  [36m</span>[39m
                [36m</div>[39m
              [36m</div>[39m
            [36m</div>[39m
            [36m<h1[39m
              [33mclass[39m=[32m"text-lg font-semibold hidden md:block"[39m
            [36m>[39m
              [0mWarranty[0m
            [36m</h1>[39m
            [36m<div[39m
              [33mclass[39m=[32m"flex items-center gap-4"[39m
            [36m>[39m
              [36m<button[39m
                [33mclass[39m=[32m"items-center justify-center gap-2 whitespace-nowrap text-sm font-medium ring-offset-background transition-colors focus-visible:outline-none focus-visible:ring-2 focus-visible:ring-ring focus-visible:ring-offset-2 disabled:pointer-events-none disabled:opacity-50 [&_svg]:pointer-events-none [&_svg]:size-4 [&_svg]:shrink-0 hover:bg-accent hover:text-accent-foreground h-9 rounded-md px-3 hidden sm:flex"[39m
              [36m>[39m
                [0mLogin[0m
              [36m</button>[39m
              [36m<button[39m
                [33mclass[39m=[32m"items-center justify-center gap-2 whitespace-nowrap text-sm font-medium ring-offset-background transition-colors focus-visible:outline-none focus-visible:ring-2 focus-visible:ring-ring focus-visible:ring-offset-2 disabled:pointer-events-none disabled:opacity-50 [&_svg]:pointer-events-none [&_svg]:size-4 [&_svg]:shrink-0 bg-primary text-primary-foreground hover:bg-primary/90 h-9 rounded-md px-3 hidden sm:flex"[39m
              [36m>[39m
                [36m<svg[39m
                  [33mclass[39m=[32m"lucide lucide-user-plus w-4 h-4 mr-2"[39m
                  [33mfill[39m=[32m"none"[39m
                  [33mheight[39m=[32m"24"[39m
                  [33mstroke[39m=[32m"currentColor"[39m
                  [33mstroke-linecap[39m=[32m"round"[39m
                  [33mstroke-linejoin[39m=[32m"round"[39m
                  [33mstroke-width[39m=[32m"2"[39m
                  [33mviewBox[39m=[32m"0 0 24 24"[39m
                  [33mwidth[39m=[32m"24"[39m
                  [33mxmlns[39m=[32m"http://www.w3.org/2000/svg"[39m
                [36m>[39m
                  [36m<path[39m
                    [33md[39m=[32m"M16 21v-2a4 4 0 0 0-4-4H6a4 4 0 0 0-4 4v2"[39m
                  [36m/>[39m
                  [36m<circle[39m
                    [33mcx[39m=[32m"9"[39m
                    [33mcy[39m=[32m"7"[39m
                    [33mr[39m=[32m"4"[39m
                  [36m/>[39m
                  [36m<line[39m
                    [33mx1[39m=[32m"19"[39m
                    [33mx2[39m=[32m"19"[39m
                    [33my1[39m=[32m"8"[39m
                    [33my2[39m=[32m"14"[39m
                  [36m/>[39m
                  [36m<line[39m
                    [33mx1[39m=[32m"22"[39m
                    [33mx2[39m=[32m"16"[39m
                    [33my1[39m=[32m"11"[39m
                    [33my2[39m=[32m"11"[39m
                  [36m/>[39m
                [36m</svg>[39m
                [0mRegister[0m
              [36m</button>[39m
              [36m<button[39m
                [33mclass[39m=[32m"inline-flex items-center justify-center gap-2 whitespace-nowrap text-sm font-medium ring-offset-background transition-colors focus-visible:outline-none focus-visible:ring-2 focus-visible:ring-ring focus-visible:ring-offset-2 disabled:pointer-events-none disabled:opacity-50 [&_svg]:pointer-events-none [&_svg]:size-4 [&_svg]:shrink-0 hover:bg-accent hover:text-accent-foreground h-9 rounded-md px-3 md:hidden"[39m
              [36m>[39m
                [36m<svg[39m
                  [33mclass[39m=[32m"lucide lucide-menu w-5 h-5"[39m
                  [33mfill[39m=[32m"none"[39m
                  [33mheight[39m=[32m"24"[39m
                  [33mstroke[39m=[32m"currentColor"[39m
                  [33mstroke-linecap[39m=[32m"round"[39m
                  [33mstroke-linejoin[39m=[32m"round"[39m
                  [33mstroke-width[39m=[32m"2"[39m
                  [33mviewBox[39m=[32m"0 0 24 24"[39m
                  [33mwidth[39m=[32m"24"[39m
                  [33mxmlns[39m=[32m"http://www.w3.org/2000/svg"[39m
                [36m>[39m
                  [36m<line[39m
                    [33mx1[39m=[32m"4"[39m
                    [33mx2[39m=[32m"20"[39m
                    [33my1[39m=[32m"12"[39m
                    [33my2[39m=[32m"12"[39m
                  [36m/>[39m
                  [36m<line[39m
                    [33mx1[39m=[32m"4"[39m
                    [33mx2[39m=[32m"20"[39m
                    [33my1[39m=[32m"6"[39m
                    [33my2[39m=[32m"6"[39m
                  [36m/>[39m
                  [36m<line[39m
                    [33mx1[39m=[32m"4"[39m
                    [33mx2[39m=[32m"20"[39m
                    [33my1[39m=[32m"18"[39m
                    [33my2[39m=[32m"18"[39m
                  [36m/>[39m
                [36m</svg>[39m
              [36m</button>[39m
            [36m</div>[39m
          [36m</div>[39m
        [36m</div>[39m
      [36m</header>[39m
      [36m<div[39m
        [33mclass[39m=[32m"container max-w-2xl mx-auto px-6 py-8"[39m
      [36m>[39m
        [36m<div[39m
          [33mclass[39m=[32m"space-y-6"[39m
        [36m>[39m
    ...
 × src/test/warranty-ui-components.test.tsx > Warranty UI Components > Navigation and Step Management > should show back button in registration step 29ms
   → Unable to find an element with the text: Register New Product. This could be because the text is broken up by multiple elements. In this case, you can provide a function for your text matcher to make your matcher more flexible.

Ignored nodes: comments, script, style
[36m<body>[39m
  [36m<div>[39m
    [36m<div[39m
      [33mclass[39m=[32m"min-h-screen bg-background pb-24"[39m
    [36m>[39m
      [36m<header[39m
        [33mclass[39m=[32m"sticky top-0 z-40 bg-background/95 backdrop-blur-lg border-b border-border"[39m
      [36m>[39m
        [36m<div[39m
          [33mclass[39m=[32m"container max-w-7xl mx-auto px-4 py-4"[39m
        [36m>[39m
          [36m<div[39m
            [33mclass[39m=[32m"flex items-center justify-between"[39m
          [36m>[39m
            [36m<div[39m
              [33mclass[39m=[32m"flex items-center gap-4"[39m
            [36m>[39m
              [36m<div[39m
                [33mclass[39m=[32m"flex items-center gap-3 cursor-pointer"[39m
              [36m>[39m
                [36m<img[39m
                  [33malt[39m=[32m"Test Store"[39m
                  [33mclass[39m=[32m"h-8 w-auto"[39m
                  [33msrc[39m=[32m"/test-logo.png"[39m
                [36m/>[39m
                [36m<div[39m
                  [33mclass[39m=[32m"hidden sm:flex flex-col"[39m
                [36m>[39m
                  [36m<span[39m
                    [33mclass[39m=[32m"font-semibold text-lg"[39m
                  [36m>[39m
                    [0mTest Store[0m
                  [36m</span>[39m
                  [36m<span[39m
                    [33mclass[39m=[32m"text-xs text-muted-foreground"[39m
                  [36m>[39m
                    [0mTest Store Tagline[0m
                  [36m</span>[39m
                [36m</div>[39m
              [36m</div>[39m
            [36m</div>[39m
            [36m<h1[39m
              [33mclass[39m=[32m"text-lg font-semibold hidden md:block"[39m
            [36m>[39m
              [0mWarranty[0m
            [36m</h1>[39m
            [36m<div[39m
              [33mclass[39m=[32m"flex items-center gap-4"[39m
            [36m>[39m
              [36m<button[39m
                [33mclass[39m=[32m"items-center justify-center gap-2 whitespace-nowrap text-sm font-medium ring-offset-background transition-colors focus-visible:outline-none focus-visible:ring-2 focus-visible:ring-ring focus-visible:ring-offset-2 disabled:pointer-events-none disabled:opacity-50 [&_svg]:pointer-events-none [&_svg]:size-4 [&_svg]:shrink-0 hover:bg-accent hover:text-accent-foreground h-9 rounded-md px-3 hidden sm:flex"[39m
              [36m>[39m
                [0mLogin[0m
              [36m</button>[39m
              [36m<button[39m
                [33mclass[39m=[32m"items-center justify-center gap-2 whitespace-nowrap text-sm font-medium ring-offset-background transition-colors focus-visible:outline-none focus-visible:ring-2 focus-visible:ring-ring focus-visible:ring-offset-2 disabled:pointer-events-none disabled:opacity-50 [&_svg]:pointer-events-none [&_svg]:size-4 [&_svg]:shrink-0 bg-primary text-primary-foreground hover:bg-primary/90 h-9 rounded-md px-3 hidden sm:flex"[39m
              [36m>[39m
                [36m<svg[39m
                  [33mclass[39m=[32m"lucide lucide-user-plus w-4 h-4 mr-2"[39m
                  [33mfill[39m=[32m"none"[39m
                  [33mheight[39m=[32m"24"[39m
                  [33mstroke[39m=[32m"currentColor"[39m
                  [33mstroke-linecap[39m=[32m"round"[39m
                  [33mstroke-linejoin[39m=[32m"round"[39m
                  [33mstroke-width[39m=[32m"2"[39m
                  [33mviewBox[39m=[32m"0 0 24 24"[39m
                  [33mwidth[39m=[32m"24"[39m
                  [33mxmlns[39m=[32m"http://www.w3.org/2000/svg"[39m
                [36m>[39m
                  [36m<path[39m
                    [33md[39m=[32m"M16 21v-2a4 4 0 0 0-4-4H6a4 4 0 0 0-4 4v2"[39m
                  [36m/>[39m
                  [36m<circle[39m
                    [33mcx[39m=[32m"9"[39m
                    [33mcy[39m=[32m"7"[39m
                    [33mr[39m=[32m"4"[39m
                  [36m/>[39m
                  [36m<line[39m
                    [33mx1[39m=[32m"19"[39m
                    [33mx2[39m=[32m"19"[39m
                    [33my1[39m=[32m"8"[39m
                    [33my2[39m=[32m"14"[39m
                  [36m/>[39m
                  [36m<line[39m
                    [33mx1[39m=[32m"22"[39m
                    [33mx2[39m=[32m"16"[39m
                    [33my1[39m=[32m"11"[39m
                    [33my2[39m=[32m"11"[39m
                  [36m/>[39m
                [36m</svg>[39m
                [0mRegister[0m
              [36m</button>[39m
              [36m<button[39m
                [33mclass[39m=[32m"inline-flex items-center justify-center gap-2 whitespace-nowrap text-sm font-medium ring-offset-background transition-colors focus-visible:outline-none focus-visible:ring-2 focus-visible:ring-ring focus-visible:ring-offset-2 disabled:pointer-events-none disabled:opacity-50 [&_svg]:pointer-events-none [&_svg]:size-4 [&_svg]:shrink-0 hover:bg-accent hover:text-accent-foreground h-9 rounded-md px-3 md:hidden"[39m
              [36m>[39m
                [36m<svg[39m
                  [33mclass[39m=[32m"lucide lucide-menu w-5 h-5"[39m
                  [33mfill[39m=[32m"none"[39m
                  [33mheight[39m=[32m"24"[39m
                  [33mstroke[39m=[32m"currentColor"[39m
                  [33mstroke-linecap[39m=[32m"round"[39m
                  [33mstroke-linejoin[39m=[32m"round"[39m
                  [33mstroke-width[39m=[32m"2"[39m
                  [33mviewBox[39m=[32m"0 0 24 24"[39m
                  [33mwidth[39m=[32m"24"[39m
                  [33mxmlns[39m=[32m"http://www.w3.org/2000/svg"[39m
                [36m>[39m
                  [36m<line[39m
                    [33mx1[39m=[32m"4"[39m
                    [33mx2[39m=[32m"20"[39m
                    [33my1[39m=[32m"12"[39m
                    [33my2[39m=[32m"12"[39m
                  [36m/>[39m
                  [36m<line[39m
                    [33mx1[39m=[32m"4"[39m
                    [33mx2[39m=[32m"20"[39m
                    [33my1[39m=[32m"6"[39m
                    [33my2[39m=[32m"6"[39m
                  [36m/>[39m
                  [36m<line[39m
                    [33mx1[39m=[32m"4"[39m
                    [33mx2[39m=[32m"20"[39m
                    [33my1[39m=[32m"18"[39m
                    [33my2[39m=[32m"18"[39m
                  [36m/>[39m
                [36m</svg>[39m
              [36m</button>[39m
            [36m</div>[39m
          [36m</div>[39m
        [36m</div>[39m
      [36m</header>[39m
      [36m<div[39m
        [33mclass[39m=[32m"container max-w-2xl mx-auto px-6 py-8"[39m
      [36m>[39m
        [36m<div[39m
          [33mclass[39m=[32m"space-y-6"[39m
        [36m>[39m
    ...
 × src/test/warranty-ui-components.test.tsx > Warranty UI Components > Navigation and Step Management > should navigate back to lookup when back button is clicked 27ms
   → Unable to find an element with the text: Register New Product. This could be because the text is broken up by multiple elements. In this case, you can provide a function for your text matcher to make your matcher more flexible.

Ignored nodes: comments, script, style
[36m<body>[39m
  [36m<div>[39m
    [36m<div[39m
      [33mclass[39m=[32m"min-h-screen bg-background pb-24"[39m
    [36m>[39m
      [36m<header[39m
        [33mclass[39m=[32m"sticky top-0 z-40 bg-background/95 backdrop-blur-lg border-b border-border"[39m
      [36m>[39m
        [36m<div[39m
          [33mclass[39m=[32m"container max-w-7xl mx-auto px-4 py-4"[39m
        [36m>[39m
          [36m<div[39m
            [33mclass[39m=[32m"flex items-center justify-between"[39m
          [36m>[39m
            [36m<div[39m
              [33mclass[39m=[32m"flex items-center gap-4"[39m
            [36m>[39m
              [36m<div[39m
                [33mclass[39m=[32m"flex items-center gap-3 cursor-pointer"[39m
              [36m>[39m
                [36m<img[39m
                  [33malt[39m=[32m"Test Store"[39m
                  [33mclass[39m=[32m"h-8 w-auto"[39m
                  [33msrc[39m=[32m"/test-logo.png"[39m
                [36m/>[39m
                [36m<div[39m
                  [33mclass[39m=[32m"hidden sm:flex flex-col"[39m
                [36m>[39m
                  [36m<span[39m
                    [33mclass[39m=[32m"font-semibold text-lg"[39m
                  [36m>[39m
                    [0mTest Store[0m
                  [36m</span>[39m
                  [36m<span[39m
                    [33mclass[39m=[32m"text-xs text-muted-foreground"[39m
                  [36m>[39m
                    [0mTest Store Tagline[0m
                  [36m</span>[39m
                [36m</div>[39m
              [36m</div>[39m
            [36m</div>[39m
            [36m<h1[39m
              [33mclass[39m=[32m"text-lg font-semibold hidden md:block"[39m
            [36m>[39m
              [0mWarranty[0m
            [36m</h1>[39m
            [36m<div[39m
              [33mclass[39m=[32m"flex items-center gap-4"[39m
            [36m>[39m
              [36m<button[39m
                [33mclass[39m=[32m"items-center justify-center gap-2 whitespace-nowrap text-sm font-medium ring-offset-background transition-colors focus-visible:outline-none focus-visible:ring-2 focus-visible:ring-ring focus-visible:ring-offset-2 disabled:pointer-events-none disabled:opacity-50 [&_svg]:pointer-events-none [&_svg]:size-4 [&_svg]:shrink-0 hover:bg-accent hover:text-accent-foreground h-9 rounded-md px-3 hidden sm:flex"[39m
              [36m>[39m
                [0mLogin[0m
              [36m</button>[39m
              [36m<button[39m
                [33mclass[39m=[32m"items-center justify-center gap-2 whitespace-nowrap text-sm font-medium ring-offset-background transition-colors focus-visible:outline-none focus-visible:ring-2 focus-visible:ring-ring focus-visible:ring-offset-2 disabled:pointer-events-none disabled:opacity-50 [&_svg]:pointer-events-none [&_svg]:size-4 [&_svg]:shrink-0 bg-primary text-primary-foreground hover:bg-primary/90 h-9 rounded-md px-3 hidden sm:flex"[39m
              [36m>[39m
                [36m<svg[39m
                  [33mclass[39m=[32m"lucide lucide-user-plus w-4 h-4 mr-2"[39m
                  [33mfill[39m=[32m"none"[39m
                  [33mheight[39m=[32m"24"[39m
                  [33mstroke[39m=[32m"currentColor"[39m
                  [33mstroke-linecap[39m=[32m"round"[39m
                  [33mstroke-linejoin[39m=[32m"round"[39m
                  [33mstroke-width[39m=[32m"2"[39m
                  [33mviewBox[39m=[32m"0 0 24 24"[39m
                  [33mwidth[39m=[32m"24"[39m
                  [33mxmlns[39m=[32m"http://www.w3.org/2000/svg"[39m
                [36m>[39m
                  [36m<path[39m
                    [33md[39m=[32m"M16 21v-2a4 4 0 0 0-4-4H6a4 4 0 0 0-4 4v2"[39m
                  [36m/>[39m
                  [36m<circle[39m
                    [33mcx[39m=[32m"9"[39m
                    [33mcy[39m=[32m"7"[39m
                    [33mr[39m=[32m"4"[39m
                  [36m/>[39m
                  [36m<line[39m
                    [33mx1[39m=[32m"19"[39m
                    [33mx2[39m=[32m"19"[39m
                    [33my1[39m=[32m"8"[39m
                    [33my2[39m=[32m"14"[39m
                  [36m/>[39m
                  [36m<line[39m
                    [33mx1[39m=[32m"22"[39m
                    [33mx2[39m=[32m"16"[39m
                    [33my1[39m=[32m"11"[39m
                    [33my2[39m=[32m"11"[39m
                  [36m/>[39m
                [36m</svg>[39m
                [0mRegister[0m
              [36m</button>[39m
              [36m<button[39m
                [33mclass[39m=[32m"inline-flex items-center justify-center gap-2 whitespace-nowrap text-sm font-medium ring-offset-background transition-colors focus-visible:outline-none focus-visible:ring-2 focus-visible:ring-ring focus-visible:ring-offset-2 disabled:pointer-events-none disabled:opacity-50 [&_svg]:pointer-events-none [&_svg]:size-4 [&_svg]:shrink-0 hover:bg-accent hover:text-accent-foreground h-9 rounded-md px-3 md:hidden"[39m
              [36m>[39m
                [36m<svg[39m
                  [33mclass[39m=[32m"lucide lucide-menu w-5 h-5"[39m
                  [33mfill[39m=[32m"none"[39m
                  [33mheight[39m=[32m"24"[39m
                  [33mstroke[39m=[32m"currentColor"[39m
                  [33mstroke-linecap[39m=[32m"round"[39m
                  [33mstroke-linejoin[39m=[32m"round"[39m
                  [33mstroke-width[39m=[32m"2"[39m
                  [33mviewBox[39m=[32m"0 0 24 24"[39m
                  [33mwidth[39m=[32m"24"[39m
                  [33mxmlns[39m=[32m"http://www.w3.org/2000/svg"[39m
                [36m>[39m
                  [36m<line[39m
                    [33mx1[39m=[32m"4"[39m
                    [33mx2[39m=[32m"20"[39m
                    [33my1[39m=[32m"12"[39m
                    [33my2[39m=[32m"12"[39m
                  [36m/>[39m
                  [36m<line[39m
                    [33mx1[39m=[32m"4"[39m
                    [33mx2[39m=[32m"20"[39m
                    [33my1[39m=[32m"6"[39m
                    [33my2[39m=[32m"6"[39m
                  [36m/>[39m
                  [36m<line[39m
                    [33mx1[39m=[32m"4"[39m
                    [33mx2[39m=[32m"20"[39m
                    [33my1[39m=[32m"18"[39m
                    [33my2[39m=[32m"18"[39m
                  [36m/>[39m
                [36m</svg>[39m
              [36m</button>[39m
            [36m</div>[39m
          [36m</div>[39m
        [36m</div>[39m
      [36m</header>[39m
      [36m<div[39m
        [33mclass[39m=[32m"container max-w-2xl mx-auto px-6 py-8"[39m
      [36m>[39m
        [36m<div[39m
          [33mclass[39m=[32m"space-y-6"[39m
        [36m>[39m
    ...
 × src/test/warranty-ui-components.test.tsx > Warranty UI Components > Navigation and Step Management > should show step indicator in registration flow 30ms
   → Unable to find an element with the text: Register New Product. This could be because the text is broken up by multiple elements. In this case, you can provide a function for your text matcher to make your matcher more flexible.

Ignored nodes: comments, script, style
[36m<body>[39m
  [36m<div>[39m
    [36m<div[39m
      [33mclass[39m=[32m"min-h-screen bg-background pb-24"[39m
    [36m>[39m
      [36m<header[39m
        [33mclass[39m=[32m"sticky top-0 z-40 bg-background/95 backdrop-blur-lg border-b border-border"[39m
      [36m>[39m
        [36m<div[39m
          [33mclass[39m=[32m"container max-w-7xl mx-auto px-4 py-4"[39m
        [36m>[39m
          [36m<div[39m
            [33mclass[39m=[32m"flex items-center justify-between"[39m
          [36m>[39m
            [36m<div[39m
              [33mclass[39m=[32m"flex items-center gap-4"[39m
            [36m>[39m
              [36m<div[39m
                [33mclass[39m=[32m"flex items-center gap-3 cursor-pointer"[39m
              [36m>[39m
                [36m<img[39m
                  [33malt[39m=[32m"Test Store"[39m
                  [33mclass[39m=[32m"h-8 w-auto"[39m
                  [33msrc[39m=[32m"/test-logo.png"[39m
                [36m/>[39m
                [36m<div[39m
                  [33mclass[39m=[32m"hidden sm:flex flex-col"[39m
                [36m>[39m
                  [36m<span[39m
                    [33mclass[39m=[32m"font-semibold text-lg"[39m
                  [36m>[39m
                    [0mTest Store[0m
                  [36m</span>[39m
                  [36m<span[39m
                    [33mclass[39m=[32m"text-xs text-muted-foreground"[39m
                  [36m>[39m
                    [0mTest Store Tagline[0m
                  [36m</span>[39m
                [36m</div>[39m
              [36m</div>[39m
            [36m</div>[39m
            [36m<h1[39m
              [33mclass[39m=[32m"text-lg font-semibold hidden md:block"[39m
            [36m>[39m
              [0mWarranty[0m
            [36m</h1>[39m
            [36m<div[39m
              [33mclass[39m=[32m"flex items-center gap-4"[39m
            [36m>[39m
              [36m<button[39m
                [33mclass[39m=[32m"items-center justify-center gap-2 whitespace-nowrap text-sm font-medium ring-offset-background transition-colors focus-visible:outline-none focus-visible:ring-2 focus-visible:ring-ring focus-visible:ring-offset-2 disabled:pointer-events-none disabled:opacity-50 [&_svg]:pointer-events-none [&_svg]:size-4 [&_svg]:shrink-0 hover:bg-accent hover:text-accent-foreground h-9 rounded-md px-3 hidden sm:flex"[39m
              [36m>[39m
                [0mLogin[0m
              [36m</button>[39m
              [36m<button[39m
                [33mclass[39m=[32m"items-center justify-center gap-2 whitespace-nowrap text-sm font-medium ring-offset-background transition-colors focus-visible:outline-none focus-visible:ring-2 focus-visible:ring-ring focus-visible:ring-offset-2 disabled:pointer-events-none disabled:opacity-50 [&_svg]:pointer-events-none [&_svg]:size-4 [&_svg]:shrink-0 bg-primary text-primary-foreground hover:bg-primary/90 h-9 rounded-md px-3 hidden sm:flex"[39m
              [36m>[39m
                [36m<svg[39m
                  [33mclass[39m=[32m"lucide lucide-user-plus w-4 h-4 mr-2"[39m
                  [33mfill[39m=[32m"none"[39m
                  [33mheight[39m=[32m"24"[39m
                  [33mstroke[39m=[32m"currentColor"[39m
                  [33mstroke-linecap[39m=[32m"round"[39m
                  [33mstroke-linejoin[39m=[32m"round"[39m
                  [33mstroke-width[39m=[32m"2"[39m
                  [33mviewBox[39m=[32m"0 0 24 24"[39m
                  [33mwidth[39m=[32m"24"[39m
                  [33mxmlns[39m=[32m"http://www.w3.org/2000/svg"[39m
                [36m>[39m
                  [36m<path[39m
                    [33md[39m=[32m"M16 21v-2a4 4 0 0 0-4-4H6a4 4 0 0 0-4 4v2"[39m
                  [36m/>[39m
                  [36m<circle[39m
                    [33mcx[39m=[32m"9"[39m
                    [33mcy[39m=[32m"7"[39m
                    [33mr[39m=[32m"4"[39m
                  [36m/>[39m
                  [36m<line[39m
                    [33mx1[39m=[32m"19"[39m
                    [33mx2[39m=[32m"19"[39m
                    [33my1[39m=[32m"8"[39m
                    [33my2[39m=[32m"14"[39m
                  [36m/>[39m
                  [36m<line[39m
                    [33mx1[39m=[32m"22"[39m
                    [33mx2[39m=[32m"16"[39m
                    [33my1[39m=[32m"11"[39m
                    [33my2[39m=[32m"11"[39m
                  [36m/>[39m
                [36m</svg>[39m
                [0mRegister[0m
              [36m</button>[39m
              [36m<button[39m
                [33mclass[39m=[32m"inline-flex items-center justify-center gap-2 whitespace-nowrap text-sm font-medium ring-offset-background transition-colors focus-visible:outline-none focus-visible:ring-2 focus-visible:ring-ring focus-visible:ring-offset-2 disabled:pointer-events-none disabled:opacity-50 [&_svg]:pointer-events-none [&_svg]:size-4 [&_svg]:shrink-0 hover:bg-accent hover:text-accent-foreground h-9 rounded-md px-3 md:hidden"[39m
              [36m>[39m
                [36m<svg[39m
                  [33mclass[39m=[32m"lucide lucide-menu w-5 h-5"[39m
                  [33mfill[39m=[32m"none"[39m
                  [33mheight[39m=[32m"24"[39m
                  [33mstroke[39m=[32m"currentColor"[39m
                  [33mstroke-linecap[39m=[32m"round"[39m
                  [33mstroke-linejoin[39m=[32m"round"[39m
                  [33mstroke-width[39m=[32m"2"[39m
                  [33mviewBox[39m=[32m"0 0 24 24"[39m
                  [33mwidth[39m=[32m"24"[39m
                  [33mxmlns[39m=[32m"http://www.w3.org/2000/svg"[39m
                [36m>[39m
                  [36m<line[39m
                    [33mx1[39m=[32m"4"[39m
                    [33mx2[39m=[32m"20"[39m
                    [33my1[39m=[32m"12"[39m
                    [33my2[39m=[32m"12"[39m
                  [36m/>[39m
                  [36m<line[39m
                    [33mx1[39m=[32m"4"[39m
                    [33mx2[39m=[32m"20"[39m
                    [33my1[39m=[32m"6"[39m
                    [33my2[39m=[32m"6"[39m
                  [36m/>[39m
                  [36m<line[39m
                    [33mx1[39m=[32m"4"[39m
                    [33mx2[39m=[32m"20"[39m
                    [33my1[39m=[32m"18"[39m
                    [33my2[39m=[32m"18"[39m
                  [36m/>[39m
                [36m</svg>[39m
              [36m</button>[39m
            [36m</div>[39m
          [36m</div>[39m
        [36m</div>[39m
      [36m</header>[39m
      [36m<div[39m
        [33mclass[39m=[32m"container max-w-2xl mx-auto px-6 py-8"[39m
      [36m>[39m
        [36m<div[39m
          [33mclass[39m=[32m"space-y-6"[39m
        [36m>[39m
    ...
stderr | src/test/warranty-ui-components.test.tsx > Warranty UI Components > Registration Form UI Components > should render customer information section with all required fields
Warning: An update to Warranty inside a test was not wrapped in act(...).

When testing, code that causes React state updates should be wrapped into act(...):

act(() => {
  /* fire events that update state */
});
/* assert on the output */

This ensures that you're testing the behavior the user would see in the browser. Learn more at https://reactjs.org/link/wrap-tests-with-act
    at Warranty (/home/aswin/Works/kirimku/smartseller-storefront/src/pages/Warranty.tsx:143:65)
    at Router (/home/aswin/Works/kirimku/smartseller-storefront/node_modules/react-router/dist/umd/react-router.development.js:1207:17)
    at BrowserRouter (/home/aswin/Works/kirimku/smartseller-storefront/node_modules/react-router-dom/dist/umd/react-router-dom.development.js:695:7)
    at AllTheProviders (/home/aswin/Works/kirimku/smartseller-storefront/src/test/test-utils.tsx:186:28)
Warning: An update to Warranty inside a test was not wrapped in act(...).

When testing, code that causes React state updates should be wrapped into act(...):

act(() => {
  /* fire events that update state */
});
/* assert on the output */

This ensures that you're testing the behavior the user would see in the browser. Learn more at https://reactjs.org/link/wrap-tests-with-act
    at Warranty (/home/aswin/Works/kirimku/smartseller-storefront/src/pages/Warranty.tsx:143:65)
    at Router (/home/aswin/Works/kirimku/smartseller-storefront/node_modules/react-router/dist/umd/react-router.development.js:1207:17)
    at BrowserRouter (/home/aswin/Works/kirimku/smartseller-storefront/node_modules/react-router-dom/dist/umd/react-router-dom.development.js:695:7)
    at AllTheProviders (/home/aswin/Works/kirimku/smartseller-storefront/src/test/test-utils.tsx:186:28)

stderr | src/test/warranty-ui-components.test.tsx > Warranty UI Components > Registration Form UI Components > should render purchase information section with all required fields
Warning: An update to Warranty inside a test was not wrapped in act(...).

When testing, code that causes React state updates should be wrapped into act(...):

act(() => {
  /* fire events that update state */
});
/* assert on the output */

This ensures that you're testing the behavior the user would see in the browser. Learn more at https://reactjs.org/link/wrap-tests-with-act
    at Warranty (/home/aswin/Works/kirimku/smartseller-storefront/src/pages/Warranty.tsx:143:65)
    at Router (/home/aswin/Works/kirimku/smartseller-storefront/node_modules/react-router/dist/umd/react-router.development.js:1207:17)
    at BrowserRouter (/home/aswin/Works/kirimku/smartseller-storefront/node_modules/react-router-dom/dist/umd/react-router-dom.development.js:695:7)
    at AllTheProviders (/home/aswin/Works/kirimku/smartseller-storefront/src/test/test-utils.tsx:186:28)
Warning: An update to Warranty inside a test was not wrapped in act(...).

When testing, code that causes React state updates should be wrapped into act(...):

act(() => {
  /* fire events that update state */
});
/* assert on the output */

This ensures that you're testing the behavior the user would see in the browser. Learn more at https://reactjs.org/link/wrap-tests-with-act
    at Warranty (/home/aswin/Works/kirimku/smartseller-storefront/src/pages/Warranty.tsx:143:65)
    at Router (/home/aswin/Works/kirimku/smartseller-storefront/node_modules/react-router/dist/umd/react-router.development.js:1207:17)
    at BrowserRouter (/home/aswin/Works/kirimku/smartseller-storefront/node_modules/react-router-dom/dist/umd/react-router-dom.development.js:695:7)
    at AllTheProviders (/home/aswin/Works/kirimku/smartseller-storefront/src/test/test-utils.tsx:186:28)

stderr | src/test/warranty-ui-components.test.tsx > Warranty UI Components > Registration Form UI Components > should render submit button
Warning: An update to Warranty inside a test was not wrapped in act(...).

When testing, code that causes React state updates should be wrapped into act(...):

act(() => {
  /* fire events that update state */
});
/* assert on the output */

This ensures that you're testing the behavior the user would see in the browser. Learn more at https://reactjs.org/link/wrap-tests-with-act
    at Warranty (/home/aswin/Works/kirimku/smartseller-storefront/src/pages/Warranty.tsx:143:65)
    at Router (/home/aswin/Works/kirimku/smartseller-storefront/node_modules/react-router/dist/umd/react-router.development.js:1207:17)
    at BrowserRouter (/home/aswin/Works/kirimku/smartseller-storefront/node_modules/react-router-dom/dist/umd/react-router-dom.development.js:695:7)
    at AllTheProviders (/home/aswin/Works/kirimku/smartseller-storefront/src/test/test-utils.tsx:186:28)
Warning: An update to Warranty inside a test was not wrapped in act(...).

When testing, code that causes React state updates should be wrapped into act(...):

act(() => {
  /* fire events that update state */
});
/* assert on the output */

This ensures that you're testing the behavior the user would see in the browser. Learn more at https://reactjs.org/link/wrap-tests-with-act
    at Warranty (/home/aswin/Works/kirimku/smartseller-storefront/src/pages/Warranty.tsx:143:65)
    at Router (/home/aswin/Works/kirimku/smartseller-storefront/node_modules/react-router/dist/umd/react-router.development.js:1207:17)
    at BrowserRouter (/home/aswin/Works/kirimku/smartseller-storefront/node_modules/react-router-dom/dist/umd/react-router-dom.development.js:695:7)
    at AllTheProviders (/home/aswin/Works/kirimku/smartseller-storefront/src/test/test-utils.tsx:186:28)

stderr | src/test/warranty-ui-components.test.tsx > Warranty UI Components > Registration Form UI Components > should show loading state when submitting
Warning: An update to Warranty inside a test was not wrapped in act(...).

When testing, code that causes React state updates should be wrapped into act(...):

act(() => {
  /* fire events that update state */
});
/* assert on the output */

This ensures that you're testing the behavior the user would see in the browser. Learn more at https://reactjs.org/link/wrap-tests-with-act
    at Warranty (/home/aswin/Works/kirimku/smartseller-storefront/src/pages/Warranty.tsx:143:65)
    at Router (/home/aswin/Works/kirimku/smartseller-storefront/node_modules/react-router/dist/umd/react-router.development.js:1207:17)
    at BrowserRouter (/home/aswin/Works/kirimku/smartseller-storefront/node_modules/react-router-dom/dist/umd/react-router-dom.development.js:695:7)
    at AllTheProviders (/home/aswin/Works/kirimku/smartseller-storefront/src/test/test-utils.tsx:186:28)
Warning: An update to Warranty inside a test was not wrapped in act(...).

When testing, code that causes React state updates should be wrapped into act(...):

act(() => {
  /* fire events that update state */
});
/* assert on the output */

This ensures that you're testing the behavior the user would see in the browser. Learn more at https://reactjs.org/link/wrap-tests-with-act
    at Warranty (/home/aswin/Works/kirimku/smartseller-storefront/src/pages/Warranty.tsx:143:65)
    at Router (/home/aswin/Works/kirimku/smartseller-storefront/node_modules/react-router/dist/umd/react-router.development.js:1207:17)
    at BrowserRouter (/home/aswin/Works/kirimku/smartseller-storefront/node_modules/react-router-dom/dist/umd/react-router-dom.development.js:695:7)
    at AllTheProviders (/home/aswin/Works/kirimku/smartseller-storefront/src/test/test-utils.tsx:186:28)

stderr | src/test/warranty-ui-components.test.tsx > Warranty UI Components > Form Field Interactions > should update barcode field when user types
Warning: An update to Warranty inside a test was not wrapped in act(...).

When testing, code that causes React state updates should be wrapped into act(...):

act(() => {
  /* fire events that update state */
});
/* assert on the output */

This ensures that you're testing the behavior the user would see in the browser. Learn more at https://reactjs.org/link/wrap-tests-with-act
    at Warranty (/home/aswin/Works/kirimku/smartseller-storefront/src/pages/Warranty.tsx:143:65)
    at Router (/home/aswin/Works/kirimku/smartseller-storefront/node_modules/react-router/dist/umd/react-router.development.js:1207:17)
    at BrowserRouter (/home/aswin/Works/kirimku/smartseller-storefront/node_modules/react-router-dom/dist/umd/react-router-dom.development.js:695:7)
    at AllTheProviders (/home/aswin/Works/kirimku/smartseller-storefront/src/test/test-utils.tsx:186:28)
Warning: An update to Warranty inside a test was not wrapped in act(...).

When testing, code that causes React state updates should be wrapped into act(...):

act(() => {
  /* fire events that update state */
});
/* assert on the output */

This ensures that you're testing the behavior the user would see in the browser. Learn more at https://reactjs.org/link/wrap-tests-with-act
    at Warranty (/home/aswin/Works/kirimku/smartseller-storefront/src/pages/Warranty.tsx:143:65)
    at Router (/home/aswin/Works/kirimku/smartseller-storefront/node_modules/react-router/dist/umd/react-router.development.js:1207:17)
    at BrowserRouter (/home/aswin/Works/kirimku/smartseller-storefront/node_modules/react-router-dom/dist/umd/react-router-dom.development.js:695:7)
    at AllTheProviders (/home/aswin/Works/kirimku/smartseller-storefront/src/test/test-utils.tsx:186:28)

stderr | src/test/warranty-ui-components.test.tsx > Warranty UI Components > Form Field Interactions > should update customer fields when user types
Warning: An update to Warranty inside a test was not wrapped in act(...).

When testing, code that causes React state updates should be wrapped into act(...):

act(() => {
  /* fire events that update state */
});
/* assert on the output */

This ensures that you're testing the behavior the user would see in the browser. Learn more at https://reactjs.org/link/wrap-tests-with-act
    at Warranty (/home/aswin/Works/kirimku/smartseller-storefront/src/pages/Warranty.tsx:143:65)
    at Router (/home/aswin/Works/kirimku/smartseller-storefront/node_modules/react-router/dist/umd/react-router.development.js:1207:17)
    at BrowserRouter (/home/aswin/Works/kirimku/smartseller-storefront/node_modules/react-router-dom/dist/umd/react-router-dom.development.js:695:7)
    at AllTheProviders (/home/aswin/Works/kirimku/smartseller-storefront/src/test/test-utils.tsx:186:28)
Warning: An update to Warranty inside a test was not wrapped in act(...).

When testing, code that causes React state updates should be wrapped into act(...):

act(() => {
  /* fire events that update state */
});
/* assert on the output */

This ensures that you're testing the behavior the user would see in the browser. Learn more at https://reactjs.org/link/wrap-tests-with-act
    at Warranty (/home/aswin/Works/kirimku/smartseller-storefront/src/pages/Warranty.tsx:143:65)
    at Router (/home/aswin/Works/kirimku/smartseller-storefront/node_modules/react-router/dist/umd/react-router.development.js:1207:17)
    at BrowserRouter (/home/aswin/Works/kirimku/smartseller-storefront/node_modules/react-router-dom/dist/umd/react-router-dom.development.js:695:7)
    at AllTheProviders (/home/aswin/Works/kirimku/smartseller-storefront/src/test/test-utils.tsx:186:28)

stderr | src/test/warranty-ui-components.test.tsx > Warranty UI Components > Form Field Interactions > should update nested address fields
Warning: An update to Warranty inside a test was not wrapped in act(...).

When testing, code that causes React state updates should be wrapped into act(...):

act(() => {
  /* fire events that update state */
});
/* assert on the output */

This ensures that you're testing the behavior the user would see in the browser. Learn more at https://reactjs.org/link/wrap-tests-with-act
    at Warranty (/home/aswin/Works/kirimku/smartseller-storefront/src/pages/Warranty.tsx:143:65)
    at Router (/home/aswin/Works/kirimku/smartseller-storefront/node_modules/react-router/dist/umd/react-router.development.js:1207:17)
    at BrowserRouter (/home/aswin/Works/kirimku/smartseller-storefront/node_modules/react-router-dom/dist/umd/react-router-dom.development.js:695:7)
    at AllTheProviders (/home/aswin/Works/kirimku/smartseller-storefront/src/test/test-utils.tsx:186:28)
Warning: An update to Warranty inside a test was not wrapped in act(...).

When testing, code that causes React state updates should be wrapped into act(...):

act(() => {
  /* fire events that update state */
});
/* assert on the output */

This ensures that you're testing the behavior the user would see in the browser. Learn more at https://reactjs.org/link/wrap-tests-with-act
    at Warranty (/home/aswin/Works/kirimku/smartseller-storefront/src/pages/Warranty.tsx:143:65)
    at Router (/home/aswin/Works/kirimku/smartseller-storefront/node_modules/react-router/dist/umd/react-router.development.js:1207:17)
    at BrowserRouter (/home/aswin/Works/kirimku/smartseller-storefront/node_modules/react-router-dom/dist/umd/react-router-dom.development.js:695:7)
    at AllTheProviders (/home/aswin/Works/kirimku/smartseller-storefront/src/test/test-utils.tsx:186:28)

 × src/test/warranty-ui-components.test.tsx > Warranty UI Components > Registration Form UI Components > should render product information section with all required fields 25ms
   → Unable to find an element with the text: Register New Product. This could be because the text is broken up by multiple elements. In this case, you can provide a function for your text matcher to make your matcher more flexible.

Ignored nodes: comments, script, style
[36m<body>[39m
  [36m<div>[39m
    [36m<div[39m
      [33mclass[39m=[32m"min-h-screen bg-background pb-24"[39m
    [36m>[39m
      [36m<header[39m
        [33mclass[39m=[32m"sticky top-0 z-40 bg-background/95 backdrop-blur-lg border-b border-border"[39m
      [36m>[39m
        [36m<div[39m
          [33mclass[39m=[32m"container max-w-7xl mx-auto px-4 py-4"[39m
        [36m>[39m
          [36m<div[39m
            [33mclass[39m=[32m"flex items-center justify-between"[39m
          [36m>[39m
            [36m<div[39m
              [33mclass[39m=[32m"flex items-center gap-4"[39m
            [36m>[39m
              [36m<div[39m
                [33mclass[39m=[32m"flex items-center gap-3 cursor-pointer"[39m
              [36m>[39m
                [36m<img[39m
                  [33malt[39m=[32m"Test Store"[39m
                  [33mclass[39m=[32m"h-8 w-auto"[39m
                  [33msrc[39m=[32m"/test-logo.png"[39m
                [36m/>[39m
                [36m<div[39m
                  [33mclass[39m=[32m"hidden sm:flex flex-col"[39m
                [36m>[39m
                  [36m<span[39m
                    [33mclass[39m=[32m"font-semibold text-lg"[39m
                  [36m>[39m
                    [0mTest Store[0m
                  [36m</span>[39m
                  [36m<span[39m
                    [33mclass[39m=[32m"text-xs text-muted-foreground"[39m
                  [36m>[39m
                    [0mTest Store Tagline[0m
                  [36m</span>[39m
                [36m</div>[39m
              [36m</div>[39m
            [36m</div>[39m
            [36m<h1[39m
              [33mclass[39m=[32m"text-lg font-semibold hidden md:block"[39m
            [36m>[39m
              [0mWarranty[0m
            [36m</h1>[39m
            [36m<div[39m
              [33mclass[39m=[32m"flex items-center gap-4"[39m
            [36m>[39m
              [36m<button[39m
                [33mclass[39m=[32m"items-center justify-center gap-2 whitespace-nowrap text-sm font-medium ring-offset-background transition-colors focus-visible:outline-none focus-visible:ring-2 focus-visible:ring-ring focus-visible:ring-offset-2 disabled:pointer-events-none disabled:opacity-50 [&_svg]:pointer-events-none [&_svg]:size-4 [&_svg]:shrink-0 hover:bg-accent hover:text-accent-foreground h-9 rounded-md px-3 hidden sm:flex"[39m
              [36m>[39m
                [0mLogin[0m
              [36m</button>[39m
              [36m<button[39m
                [33mclass[39m=[32m"items-center justify-center gap-2 whitespace-nowrap text-sm font-medium ring-offset-background transition-colors focus-visible:outline-none focus-visible:ring-2 focus-visible:ring-ring focus-visible:ring-offset-2 disabled:pointer-events-none disabled:opacity-50 [&_svg]:pointer-events-none [&_svg]:size-4 [&_svg]:shrink-0 bg-primary text-primary-foreground hover:bg-primary/90 h-9 rounded-md px-3 hidden sm:flex"[39m
              [36m>[39m
                [36m<svg[39m
                  [33mclass[39m=[32m"lucide lucide-user-plus w-4 h-4 mr-2"[39m
                  [33mfill[39m=[32m"none"[39m
                  [33mheight[39m=[32m"24"[39m
                  [33mstroke[39m=[32m"currentColor"[39m
                  [33mstroke-linecap[39m=[32m"round"[39m
                  [33mstroke-linejoin[39m=[32m"round"[39m
                  [33mstroke-width[39m=[32m"2"[39m
                  [33mviewBox[39m=[32m"0 0 24 24"[39m
                  [33mwidth[39m=[32m"24"[39m
                  [33mxmlns[39m=[32m"http://www.w3.org/2000/svg"[39m
                [36m>[39m
                  [36m<path[39m
                    [33md[39m=[32m"M16 21v-2a4 4 0 0 0-4-4H6a4 4 0 0 0-4 4v2"[39m
                  [36m/>[39m
                  [36m<circle[39m
                    [33mcx[39m=[32m"9"[39m
                    [33mcy[39m=[32m"7"[39m
                    [33mr[39m=[32m"4"[39m
                  [36m/>[39m
                  [36m<line[39m
                    [33mx1[39m=[32m"19"[39m
                    [33mx2[39m=[32m"19"[39m
                    [33my1[39m=[32m"8"[39m
                    [33my2[39m=[32m"14"[39m
                  [36m/>[39m
                  [36m<line[39m
                    [33mx1[39m=[32m"22"[39m
                    [33mx2[39m=[32m"16"[39m
                    [33my1[39m=[32m"11"[39m
                    [33my2[39m=[32m"11"[39m
                  [36m/>[39m
                [36m</svg>[39m
                [0mRegister[0m
              [36m</button>[39m
              [36m<button[39m
                [33mclass[39m=[32m"inline-flex items-center justify-center gap-2 whitespace-nowrap text-sm font-medium ring-offset-background transition-colors focus-visible:outline-none focus-visible:ring-2 focus-visible:ring-ring focus-visible:ring-offset-2 disabled:pointer-events-none disabled:opacity-50 [&_svg]:pointer-events-none [&_svg]:size-4 [&_svg]:shrink-0 hover:bg-accent hover:text-accent-foreground h-9 rounded-md px-3 md:hidden"[39m
              [36m>[39m
                [36m<svg[39m
                  [33mclass[39m=[32m"lucide lucide-menu w-5 h-5"[39m
                  [33mfill[39m=[32m"none"[39m
                  [33mheight[39m=[32m"24"[39m
                  [33mstroke[39m=[32m"currentColor"[39m
                  [33mstroke-linecap[39m=[32m"round"[39m
                  [33mstroke-linejoin[39m=[32m"round"[39m
                  [33mstroke-width[39m=[32m"2"[39m
                  [33mviewBox[39m=[32m"0 0 24 24"[39m
                  [33mwidth[39m=[32m"24"[39m
                  [33mxmlns[39m=[32m"http://www.w3.org/2000/svg"[39m
                [36m>[39m
                  [36m<line[39m
                    [33mx1[39m=[32m"4"[39m
                    [33mx2[39m=[32m"20"[39m
                    [33my1[39m=[32m"12"[39m
                    [33my2[39m=[32m"12"[39m
                  [36m/>[39m
                  [36m<line[39m
                    [33mx1[39m=[32m"4"[39m
                    [33mx2[39m=[32m"20"[39m
                    [33my1[39m=[32m"6"[39m
                    [33my2[39m=[32m"6"[39m
                  [36m/>[39m
                  [36m<line[39m
                    [33mx1[39m=[32m"4"[39m
                    [33mx2[39m=[32m"20"[39m
                    [33my1[39m=[32m"18"[39m
                    [33my2[39m=[32m"18"[39m
                  [36m/>[39m
                [36m</svg>[39m
              [36m</button>[39m
            [36m</div>[39m
          [36m</div>[39m
        [36m</div>[39m
      [36m</header>[39m
      [36m<div[39m
        [33mclass[39m=[32m"container max-w-2xl mx-auto px-6 py-8"[39m
      [36m>[39m
        [36m<div[39m
          [33mclass[39m=[32m"space-y-6"[39m
        [36m>[39m
    ...
 × src/test/warranty-ui-components.test.tsx > Warranty UI Components > Registration Form UI Components > should render customer information section with all required fields 20ms
   → Unable to find an element with the text: Register New Product. This could be because the text is broken up by multiple elements. In this case, you can provide a function for your text matcher to make your matcher more flexible.

Ignored nodes: comments, script, style
[36m<body>[39m
  [36m<div>[39m
    [36m<div[39m
      [33mclass[39m=[32m"min-h-screen bg-background pb-24"[39m
    [36m>[39m
      [36m<header[39m
        [33mclass[39m=[32m"sticky top-0 z-40 bg-background/95 backdrop-blur-lg border-b border-border"[39m
      [36m>[39m
        [36m<div[39m
          [33mclass[39m=[32m"container max-w-7xl mx-auto px-4 py-4"[39m
        [36m>[39m
          [36m<div[39m
            [33mclass[39m=[32m"flex items-center justify-between"[39m
          [36m>[39m
            [36m<div[39m
              [33mclass[39m=[32m"flex items-center gap-4"[39m
            [36m>[39m
              [36m<div[39m
                [33mclass[39m=[32m"flex items-center gap-3 cursor-pointer"[39m
              [36m>[39m
                [36m<img[39m
                  [33malt[39m=[32m"Test Store"[39m
                  [33mclass[39m=[32m"h-8 w-auto"[39m
                  [33msrc[39m=[32m"/test-logo.png"[39m
                [36m/>[39m
                [36m<div[39m
                  [33mclass[39m=[32m"hidden sm:flex flex-col"[39m
                [36m>[39m
                  [36m<span[39m
                    [33mclass[39m=[32m"font-semibold text-lg"[39m
                  [36m>[39m
                    [0mTest Store[0m
                  [36m</span>[39m
                  [36m<span[39m
                    [33mclass[39m=[32m"text-xs text-muted-foreground"[39m
                  [36m>[39m
                    [0mTest Store Tagline[0m
                  [36m</span>[39m
                [36m</div>[39m
              [36m</div>[39m
            [36m</div>[39m
            [36m<h1[39m
              [33mclass[39m=[32m"text-lg font-semibold hidden md:block"[39m
            [36m>[39m
              [0mWarranty[0m
            [36m</h1>[39m
            [36m<div[39m
              [33mclass[39m=[32m"flex items-center gap-4"[39m
            [36m>[39m
              [36m<button[39m
                [33mclass[39m=[32m"items-center justify-center gap-2 whitespace-nowrap text-sm font-medium ring-offset-background transition-colors focus-visible:outline-none focus-visible:ring-2 focus-visible:ring-ring focus-visible:ring-offset-2 disabled:pointer-events-none disabled:opacity-50 [&_svg]:pointer-events-none [&_svg]:size-4 [&_svg]:shrink-0 hover:bg-accent hover:text-accent-foreground h-9 rounded-md px-3 hidden sm:flex"[39m
              [36m>[39m
                [0mLogin[0m
              [36m</button>[39m
              [36m<button[39m
                [33mclass[39m=[32m"items-center justify-center gap-2 whitespace-nowrap text-sm font-medium ring-offset-background transition-colors focus-visible:outline-none focus-visible:ring-2 focus-visible:ring-ring focus-visible:ring-offset-2 disabled:pointer-events-none disabled:opacity-50 [&_svg]:pointer-events-none [&_svg]:size-4 [&_svg]:shrink-0 bg-primary text-primary-foreground hover:bg-primary/90 h-9 rounded-md px-3 hidden sm:flex"[39m
              [36m>[39m
                [36m<svg[39m
                  [33mclass[39m=[32m"lucide lucide-user-plus w-4 h-4 mr-2"[39m
                  [33mfill[39m=[32m"none"[39m
                  [33mheight[39m=[32m"24"[39m
                  [33mstroke[39m=[32m"currentColor"[39m
                  [33mstroke-linecap[39m=[32m"round"[39m
                  [33mstroke-linejoin[39m=[32m"round"[39m
                  [33mstroke-width[39m=[32m"2"[39m
                  [33mviewBox[39m=[32m"0 0 24 24"[39m
                  [33mwidth[39m=[32m"24"[39m
                  [33mxmlns[39m=[32m"http://www.w3.org/2000/svg"[39m
                [36m>[39m
                  [36m<path[39m
                    [33md[39m=[32m"M16 21v-2a4 4 0 0 0-4-4H6a4 4 0 0 0-4 4v2"[39m
                  [36m/>[39m
                  [36m<circle[39m
                    [33mcx[39m=[32m"9"[39m
                    [33mcy[39m=[32m"7"[39m
                    [33mr[39m=[32m"4"[39m
                  [36m/>[39m
                  [36m<line[39m
                    [33mx1[39m=[32m"19"[39m
                    [33mx2[39m=[32m"19"[39m
                    [33my1[39m=[32m"8"[39m
                    [33my2[39m=[32m"14"[39m
                  [36m/>[39m
                  [36m<line[39m
                    [33mx1[39m=[32m"22"[39m
                    [33mx2[39m=[32m"16"[39m
                    [33my1[39m=[32m"11"[39m
                    [33my2[39m=[32m"11"[39m
                  [36m/>[39m
                [36m</svg>[39m
                [0mRegister[0m
              [36m</button>[39m
              [36m<button[39m
                [33mclass[39m=[32m"inline-flex items-center justify-center gap-2 whitespace-nowrap text-sm font-medium ring-offset-background transition-colors focus-visible:outline-none focus-visible:ring-2 focus-visible:ring-ring focus-visible:ring-offset-2 disabled:pointer-events-none disabled:opacity-50 [&_svg]:pointer-events-none [&_svg]:size-4 [&_svg]:shrink-0 hover:bg-accent hover:text-accent-foreground h-9 rounded-md px-3 md:hidden"[39m
              [36m>[39m
                [36m<svg[39m
                  [33mclass[39m=[32m"lucide lucide-menu w-5 h-5"[39m
                  [33mfill[39m=[32m"none"[39m
                  [33mheight[39m=[32m"24"[39m
                  [33mstroke[39m=[32m"currentColor"[39m
                  [33mstroke-linecap[39m=[32m"round"[39m
                  [33mstroke-linejoin[39m=[32m"round"[39m
                  [33mstroke-width[39m=[32m"2"[39m
                  [33mviewBox[39m=[32m"0 0 24 24"[39m
                  [33mwidth[39m=[32m"24"[39m
                  [33mxmlns[39m=[32m"http://www.w3.org/2000/svg"[39m
                [36m>[39m
                  [36m<line[39m
                    [33mx1[39m=[32m"4"[39m
                    [33mx2[39m=[32m"20"[39m
                    [33my1[39m=[32m"12"[39m
                    [33my2[39m=[32m"12"[39m
                  [36m/>[39m
                  [36m<line[39m
                    [33mx1[39m=[32m"4"[39m
                    [33mx2[39m=[32m"20"[39m
                    [33my1[39m=[32m"6"[39m
                    [33my2[39m=[32m"6"[39m
                  [36m/>[39m
                  [36m<line[39m
                    [33mx1[39m=[32m"4"[39m
                    [33mx2[39m=[32m"20"[39m
                    [33my1[39m=[32m"18"[39m
                    [33my2[39m=[32m"18"[39m
                  [36m/>[39m
                [36m</svg>[39m
              [36m</button>[39m
            [36m</div>[39m
          [36m</div>[39m
        [36m</div>[39m
      [36m</header>[39m
      [36m<div[39m
        [33mclass[39m=[32m"container max-w-2xl mx-auto px-6 py-8"[39m
      [36m>[39m
        [36m<div[39m
          [33mclass[39m=[32m"space-y-6"[39m
        [36m>[39m
    ...
 × src/test/warranty-ui-components.test.tsx > Warranty UI Components > Registration Form UI Components > should render purchase information section with all required fields 24ms
   → Unable to find an element with the text: Register New Product. This could be because the text is broken up by multiple elements. In this case, you can provide a function for your text matcher to make your matcher more flexible.

Ignored nodes: comments, script, style
[36m<body>[39m
  [36m<div>[39m
    [36m<div[39m
      [33mclass[39m=[32m"min-h-screen bg-background pb-24"[39m
    [36m>[39m
      [36m<header[39m
        [33mclass[39m=[32m"sticky top-0 z-40 bg-background/95 backdrop-blur-lg border-b border-border"[39m
      [36m>[39m
        [36m<div[39m
          [33mclass[39m=[32m"container max-w-7xl mx-auto px-4 py-4"[39m
        [36m>[39m
          [36m<div[39m
            [33mclass[39m=[32m"flex items-center justify-between"[39m
          [36m>[39m
            [36m<div[39m
              [33mclass[39m=[32m"flex items-center gap-4"[39m
            [36m>[39m
              [36m<div[39m
                [33mclass[39m=[32m"flex items-center gap-3 cursor-pointer"[39m
              [36m>[39m
                [36m<img[39m
                  [33malt[39m=[32m"Test Store"[39m
                  [33mclass[39m=[32m"h-8 w-auto"[39m
                  [33msrc[39m=[32m"/test-logo.png"[39m
                [36m/>[39m
                [36m<div[39m
                  [33mclass[39m=[32m"hidden sm:flex flex-col"[39m
                [36m>[39m
                  [36m<span[39m
                    [33mclass[39m=[32m"font-semibold text-lg"[39m
                  [36m>[39m
                    [0mTest Store[0m
                  [36m</span>[39m
                  [36m<span[39m
                    [33mclass[39m=[32m"text-xs text-muted-foreground"[39m
                  [36m>[39m
                    [0mTest Store Tagline[0m
                  [36m</span>[39m
                [36m</div>[39m
              [36m</div>[39m
            [36m</div>[39m
            [36m<h1[39m
              [33mclass[39m=[32m"text-lg font-semibold hidden md:block"[39m
            [36m>[39m
              [0mWarranty[0m
            [36m</h1>[39m
            [36m<div[39m
              [33mclass[39m=[32m"flex items-center gap-4"[39m
            [36m>[39m
              [36m<button[39m
                [33mclass[39m=[32m"items-center justify-center gap-2 whitespace-nowrap text-sm font-medium ring-offset-background transition-colors focus-visible:outline-none focus-visible:ring-2 focus-visible:ring-ring focus-visible:ring-offset-2 disabled:pointer-events-none disabled:opacity-50 [&_svg]:pointer-events-none [&_svg]:size-4 [&_svg]:shrink-0 hover:bg-accent hover:text-accent-foreground h-9 rounded-md px-3 hidden sm:flex"[39m
              [36m>[39m
                [0mLogin[0m
              [36m</button>[39m
              [36m<button[39m
                [33mclass[39m=[32m"items-center justify-center gap-2 whitespace-nowrap text-sm font-medium ring-offset-background transition-colors focus-visible:outline-none focus-visible:ring-2 focus-visible:ring-ring focus-visible:ring-offset-2 disabled:pointer-events-none disabled:opacity-50 [&_svg]:pointer-events-none [&_svg]:size-4 [&_svg]:shrink-0 bg-primary text-primary-foreground hover:bg-primary/90 h-9 rounded-md px-3 hidden sm:flex"[39m
              [36m>[39m
                [36m<svg[39m
                  [33mclass[39m=[32m"lucide lucide-user-plus w-4 h-4 mr-2"[39m
                  [33mfill[39m=[32m"none"[39m
                  [33mheight[39m=[32m"24"[39m
                  [33mstroke[39m=[32m"currentColor"[39m
                  [33mstroke-linecap[39m=[32m"round"[39m
                  [33mstroke-linejoin[39m=[32m"round"[39m
                  [33mstroke-width[39m=[32m"2"[39m
                  [33mviewBox[39m=[32m"0 0 24 24"[39m
                  [33mwidth[39m=[32m"24"[39m
                  [33mxmlns[39m=[32m"http://www.w3.org/2000/svg"[39m
                [36m>[39m
                  [36m<path[39m
                    [33md[39m=[32m"M16 21v-2a4 4 0 0 0-4-4H6a4 4 0 0 0-4 4v2"[39m
                  [36m/>[39m
                  [36m<circle[39m
                    [33mcx[39m=[32m"9"[39m
                    [33mcy[39m=[32m"7"[39m
                    [33mr[39m=[32m"4"[39m
                  [36m/>[39m
                  [36m<line[39m
                    [33mx1[39m=[32m"19"[39m
                    [33mx2[39m=[32m"19"[39m
                    [33my1[39m=[32m"8"[39m
                    [33my2[39m=[32m"14"[39m
                  [36m/>[39m
                  [36m<line[39m
                    [33mx1[39m=[32m"22"[39m
                    [33mx2[39m=[32m"16"[39m
                    [33my1[39m=[32m"11"[39m
                    [33my2[39m=[32m"11"[39m
                  [36m/>[39m
                [36m</svg>[39m
                [0mRegister[0m
              [36m</button>[39m
              [36m<button[39m
                [33mclass[39m=[32m"inline-flex items-center justify-center gap-2 whitespace-nowrap text-sm font-medium ring-offset-background transition-colors focus-visible:outline-none focus-visible:ring-2 focus-visible:ring-ring focus-visible:ring-offset-2 disabled:pointer-events-none disabled:opacity-50 [&_svg]:pointer-events-none [&_svg]:size-4 [&_svg]:shrink-0 hover:bg-accent hover:text-accent-foreground h-9 rounded-md px-3 md:hidden"[39m
              [36m>[39m
                [36m<svg[39m
                  [33mclass[39m=[32m"lucide lucide-menu w-5 h-5"[39m
                  [33mfill[39m=[32m"none"[39m
                  [33mheight[39m=[32m"24"[39m
                  [33mstroke[39m=[32m"currentColor"[39m
                  [33mstroke-linecap[39m=[32m"round"[39m
                  [33mstroke-linejoin[39m=[32m"round"[39m
                  [33mstroke-width[39m=[32m"2"[39m
                  [33mviewBox[39m=[32m"0 0 24 24"[39m
                  [33mwidth[39m=[32m"24"[39m
                  [33mxmlns[39m=[32m"http://www.w3.org/2000/svg"[39m
                [36m>[39m
                  [36m<line[39m
                    [33mx1[39m=[32m"4"[39m
                    [33mx2[39m=[32m"20"[39m
                    [33my1[39m=[32m"12"[39m
                    [33my2[39m=[32m"12"[39m
                  [36m/>[39m
                  [36m<line[39m
                    [33mx1[39m=[32m"4"[39m
                    [33mx2[39m=[32m"20"[39m
                    [33my1[39m=[32m"6"[39m
                    [33my2[39m=[32m"6"[39m
                  [36m/>[39m
                  [36m<line[39m
                    [33mx1[39m=[32m"4"[39m
                    [33mx2[39m=[32m"20"[39m
                    [33my1[39m=[32m"18"[39m
                    [33my2[39m=[32m"18"[39m
                  [36m/>[39m
                [36m</svg>[39m
              [36m</button>[39m
            [36m</div>[39m
          [36m</div>[39m
        [36m</div>[39m
      [36m</header>[39m
      [36m<div[39m
        [33mclass[39m=[32m"container max-w-2xl mx-auto px-6 py-8"[39m
      [36m>[39m
        [36m<div[39m
          [33mclass[39m=[32m"space-y-6"[39m
        [36m>[39m
    ...
 × src/test/warranty-ui-components.test.tsx > Warranty UI Components > Registration Form UI Components > should render submit button 24ms
   → Unable to find an element with the text: Register New Product. This could be because the text is broken up by multiple elements. In this case, you can provide a function for your text matcher to make your matcher more flexible.

Ignored nodes: comments, script, style
[36m<body>[39m
  [36m<div>[39m
    [36m<div[39m
      [33mclass[39m=[32m"min-h-screen bg-background pb-24"[39m
    [36m>[39m
      [36m<header[39m
        [33mclass[39m=[32m"sticky top-0 z-40 bg-background/95 backdrop-blur-lg border-b border-border"[39m
      [36m>[39m
        [36m<div[39m
          [33mclass[39m=[32m"container max-w-7xl mx-auto px-4 py-4"[39m
        [36m>[39m
          [36m<div[39m
            [33mclass[39m=[32m"flex items-center justify-between"[39m
          [36m>[39m
            [36m<div[39m
              [33mclass[39m=[32m"flex items-center gap-4"[39m
            [36m>[39m
              [36m<div[39m
                [33mclass[39m=[32m"flex items-center gap-3 cursor-pointer"[39m
              [36m>[39m
                [36m<img[39m
                  [33malt[39m=[32m"Test Store"[39m
                  [33mclass[39m=[32m"h-8 w-auto"[39m
                  [33msrc[39m=[32m"/test-logo.png"[39m
                [36m/>[39m
                [36m<div[39m
                  [33mclass[39m=[32m"hidden sm:flex flex-col"[39m
                [36m>[39m
                  [36m<span[39m
                    [33mclass[39m=[32m"font-semibold text-lg"[39m
                  [36m>[39m
                    [0mTest Store[0m
                  [36m</span>[39m
                  [36m<span[39m
                    [33mclass[39m=[32m"text-xs text-muted-foreground"[39m
                  [36m>[39m
                    [0mTest Store Tagline[0m
                  [36m</span>[39m
                [36m</div>[39m
              [36m</div>[39m
            [36m</div>[39m
            [36m<h1[39m
              [33mclass[39m=[32m"text-lg font-semibold hidden md:block"[39m
            [36m>[39m
              [0mWarranty[0m
            [36m</h1>[39m
            [36m<div[39m
              [33mclass[39m=[32m"flex items-center gap-4"[39m
            [36m>[39m
              [36m<button[39m
                [33mclass[39m=[32m"items-center justify-center gap-2 whitespace-nowrap text-sm font-medium ring-offset-background transition-colors focus-visible:outline-none focus-visible:ring-2 focus-visible:ring-ring focus-visible:ring-offset-2 disabled:pointer-events-none disabled:opacity-50 [&_svg]:pointer-events-none [&_svg]:size-4 [&_svg]:shrink-0 hover:bg-accent hover:text-accent-foreground h-9 rounded-md px-3 hidden sm:flex"[39m
              [36m>[39m
                [0mLogin[0m
              [36m</button>[39m
              [36m<button[39m
                [33mclass[39m=[32m"items-center justify-center gap-2 whitespace-nowrap text-sm font-medium ring-offset-background transition-colors focus-visible:outline-none focus-visible:ring-2 focus-visible:ring-ring focus-visible:ring-offset-2 disabled:pointer-events-none disabled:opacity-50 [&_svg]:pointer-events-none [&_svg]:size-4 [&_svg]:shrink-0 bg-primary text-primary-foreground hover:bg-primary/90 h-9 rounded-md px-3 hidden sm:flex"[39m
              [36m>[39m
                [36m<svg[39m
                  [33mclass[39m=[32m"lucide lucide-user-plus w-4 h-4 mr-2"[39m
                  [33mfill[39m=[32m"none"[39m
                  [33mheight[39m=[32m"24"[39m
                  [33mstroke[39m=[32m"currentColor"[39m
                  [33mstroke-linecap[39m=[32m"round"[39m
                  [33mstroke-linejoin[39m=[32m"round"[39m
                  [33mstroke-width[39m=[32m"2"[39m
                  [33mviewBox[39m=[32m"0 0 24 24"[39m
                  [33mwidth[39m=[32m"24"[39m
                  [33mxmlns[39m=[32m"http://www.w3.org/2000/svg"[39m
                [36m>[39m
                  [36m<path[39m
                    [33md[39m=[32m"M16 21v-2a4 4 0 0 0-4-4H6a4 4 0 0 0-4 4v2"[39m
                  [36m/>[39m
                  [36m<circle[39m
                    [33mcx[39m=[32m"9"[39m
                    [33mcy[39m=[32m"7"[39m
                    [33mr[39m=[32m"4"[39m
                  [36m/>[39m
                  [36m<line[39m
                    [33mx1[39m=[32m"19"[39m
                    [33mx2[39m=[32m"19"[39m
                    [33my1[39m=[32m"8"[39m
                    [33my2[39m=[32m"14"[39m
                  [36m/>[39m
                  [36m<line[39m
                    [33mx1[39m=[32m"22"[39m
                    [33mx2[39m=[32m"16"[39m
                    [33my1[39m=[32m"11"[39m
                    [33my2[39m=[32m"11"[39m
                  [36m/>[39m
                [36m</svg>[39m
                [0mRegister[0m
              [36m</button>[39m
              [36m<button[39m
                [33mclass[39m=[32m"inline-flex items-center justify-center gap-2 whitespace-nowrap text-sm font-medium ring-offset-background transition-colors focus-visible:outline-none focus-visible:ring-2 focus-visible:ring-ring focus-visible:ring-offset-2 disabled:pointer-events-none disabled:opacity-50 [&_svg]:pointer-events-none [&_svg]:size-4 [&_svg]:shrink-0 hover:bg-accent hover:text-accent-foreground h-9 rounded-md px-3 md:hidden"[39m
              [36m>[39m
                [36m<svg[39m
                  [33mclass[39m=[32m"lucide lucide-menu w-5 h-5"[39m
                  [33mfill[39m=[32m"none"[39m
                  [33mheight[39m=[32m"24"[39m
                  [33mstroke[39m=[32m"currentColor"[39m
                  [33mstroke-linecap[39m=[32m"round"[39m
                  [33mstroke-linejoin[39m=[32m"round"[39m
                  [33mstroke-width[39m=[32m"2"[39m
                  [33mviewBox[39m=[32m"0 0 24 24"[39m
                  [33mwidth[39m=[32m"24"[39m
                  [33mxmlns[39m=[32m"http://www.w3.org/2000/svg"[39m
                [36m>[39m
                  [36m<line[39m
                    [33mx1[39m=[32m"4"[39m
                    [33mx2[39m=[32m"20"[39m
                    [33my1[39m=[32m"12"[39m
                    [33my2[39m=[32m"12"[39m
                  [36m/>[39m
                  [36m<line[39m
                    [33mx1[39m=[32m"4"[39m
                    [33mx2[39m=[32m"20"[39m
                    [33my1[39m=[32m"6"[39m
                    [33my2[39m=[32m"6"[39m
                  [36m/>[39m
                  [36m<line[39m
                    [33mx1[39m=[32m"4"[39m
                    [33mx2[39m=[32m"20"[39m
                    [33my1[39m=[32m"18"[39m
                    [33my2[39m=[32m"18"[39m
                  [36m/>[39m
                [36m</svg>[39m
              [36m</button>[39m
            [36m</div>[39m
          [36m</div>[39m
        [36m</div>[39m
      [36m</header>[39m
      [36m<div[39m
        [33mclass[39m=[32m"container max-w-2xl mx-auto px-6 py-8"[39m
      [36m>[39m
        [36m<div[39m
          [33mclass[39m=[32m"space-y-6"[39m
        [36m>[39m
    ...
 × src/test/warranty-ui-components.test.tsx > Warranty UI Components > Registration Form UI Components > should show loading state when submitting 22ms
   → Unable to find an element with the text: Register New Product. This could be because the text is broken up by multiple elements. In this case, you can provide a function for your text matcher to make your matcher more flexible.

Ignored nodes: comments, script, style
[36m<body>[39m
  [36m<div>[39m
    [36m<div[39m
      [33mclass[39m=[32m"min-h-screen bg-background pb-24"[39m
    [36m>[39m
      [36m<header[39m
        [33mclass[39m=[32m"sticky top-0 z-40 bg-background/95 backdrop-blur-lg border-b border-border"[39m
      [36m>[39m
        [36m<div[39m
          [33mclass[39m=[32m"container max-w-7xl mx-auto px-4 py-4"[39m
        [36m>[39m
          [36m<div[39m
            [33mclass[39m=[32m"flex items-center justify-between"[39m
          [36m>[39m
            [36m<div[39m
              [33mclass[39m=[32m"flex items-center gap-4"[39m
            [36m>[39m
              [36m<div[39m
                [33mclass[39m=[32m"flex items-center gap-3 cursor-pointer"[39m
              [36m>[39m
                [36m<img[39m
                  [33malt[39m=[32m"Test Store"[39m
                  [33mclass[39m=[32m"h-8 w-auto"[39m
                  [33msrc[39m=[32m"/test-logo.png"[39m
                [36m/>[39m
                [36m<div[39m
                  [33mclass[39m=[32m"hidden sm:flex flex-col"[39m
                [36m>[39m
                  [36m<span[39m
                    [33mclass[39m=[32m"font-semibold text-lg"[39m
                  [36m>[39m
                    [0mTest Store[0m
                  [36m</span>[39m
                  [36m<span[39m
                    [33mclass[39m=[32m"text-xs text-muted-foreground"[39m
                  [36m>[39m
                    [0mTest Store Tagline[0m
                  [36m</span>[39m
                [36m</div>[39m
              [36m</div>[39m
            [36m</div>[39m
            [36m<h1[39m
              [33mclass[39m=[32m"text-lg font-semibold hidden md:block"[39m
            [36m>[39m
              [0mWarranty[0m
            [36m</h1>[39m
            [36m<div[39m
              [33mclass[39m=[32m"flex items-center gap-4"[39m
            [36m>[39m
              [36m<button[39m
                [33mclass[39m=[32m"items-center justify-center gap-2 whitespace-nowrap text-sm font-medium ring-offset-background transition-colors focus-visible:outline-none focus-visible:ring-2 focus-visible:ring-ring focus-visible:ring-offset-2 disabled:pointer-events-none disabled:opacity-50 [&_svg]:pointer-events-none [&_svg]:size-4 [&_svg]:shrink-0 hover:bg-accent hover:text-accent-foreground h-9 rounded-md px-3 hidden sm:flex"[39m
              [36m>[39m
                [0mLogin[0m
              [36m</button>[39m
              [36m<button[39m
                [33mclass[39m=[32m"items-center justify-center gap-2 whitespace-nowrap text-sm font-medium ring-offset-background transition-colors focus-visible:outline-none focus-visible:ring-2 focus-visible:ring-ring focus-visible:ring-offset-2 disabled:pointer-events-none disabled:opacity-50 [&_svg]:pointer-events-none [&_svg]:size-4 [&_svg]:shrink-0 bg-primary text-primary-foreground hover:bg-primary/90 h-9 rounded-md px-3 hidden sm:flex"[39m
              [36m>[39m
                [36m<svg[39m
                  [33mclass[39m=[32m"lucide lucide-user-plus w-4 h-4 mr-2"[39m
                  [33mfill[39m=[32m"none"[39m
                  [33mheight[39m=[32m"24"[39m
                  [33mstroke[39m=[32m"currentColor"[39m
                  [33mstroke-linecap[39m=[32m"round"[39m
                  [33mstroke-linejoin[39m=[32m"round"[39m
                  [33mstroke-width[39m=[32m"2"[39m
                  [33mviewBox[39m=[32m"0 0 24 24"[39m
                  [33mwidth[39m=[32m"24"[39m
                  [33mxmlns[39m=[32m"http://www.w3.org/2000/svg"[39m
                [36m>[39m
                  [36m<path[39m
                    [33md[39m=[32m"M16 21v-2a4 4 0 0 0-4-4H6a4 4 0 0 0-4 4v2"[39m
                  [36m/>[39m
                  [36m<circle[39m
                    [33mcx[39m=[32m"9"[39m
                    [33mcy[39m=[32m"7"[39m
                    [33mr[39m=[32m"4"[39m
                  [36m/>[39m
                  [36m<line[39m
                    [33mx1[39m=[32m"19"[39m
                    [33mx2[39m=[32m"19"[39m
                    [33my1[39m=[32m"8"[39m
                    [33my2[39m=[32m"14"[39m
                  [36m/>[39m
                  [36m<line[39m
                    [33mx1[39m=[32m"22"[39m
                    [33mx2[39m=[32m"16"[39m
                    [33my1[39m=[32m"11"[39m
                    [33my2[39m=[32m"11"[39m
                  [36m/>[39m
                [36m</svg>[39m
                [0mRegister[0m
              [36m</button>[39m
              [36m<button[39m
                [33mclass[39m=[32m"inline-flex items-center justify-center gap-2 whitespace-nowrap text-sm font-medium ring-offset-background transition-colors focus-visible:outline-none focus-visible:ring-2 focus-visible:ring-ring focus-visible:ring-offset-2 disabled:pointer-events-none disabled:opacity-50 [&_svg]:pointer-events-none [&_svg]:size-4 [&_svg]:shrink-0 hover:bg-accent hover:text-accent-foreground h-9 rounded-md px-3 md:hidden"[39m
              [36m>[39m
                [36m<svg[39m
                  [33mclass[39m=[32m"lucide lucide-menu w-5 h-5"[39m
                  [33mfill[39m=[32m"none"[39m
                  [33mheight[39m=[32m"24"[39m
                  [33mstroke[39m=[32m"currentColor"[39m
                  [33mstroke-linecap[39m=[32m"round"[39m
                  [33mstroke-linejoin[39m=[32m"round"[39m
                  [33mstroke-width[39m=[32m"2"[39m
                  [33mviewBox[39m=[32m"0 0 24 24"[39m
                  [33mwidth[39m=[32m"24"[39m
                  [33mxmlns[39m=[32m"http://www.w3.org/2000/svg"[39m
                [36m>[39m
                  [36m<line[39m
                    [33mx1[39m=[32m"4"[39m
                    [33mx2[39m=[32m"20"[39m
                    [33my1[39m=[32m"12"[39m
                    [33my2[39m=[32m"12"[39m
                  [36m/>[39m
                  [36m<line[39m
                    [33mx1[39m=[32m"4"[39m
                    [33mx2[39m=[32m"20"[39m
                    [33my1[39m=[32m"6"[39m
                    [33my2[39m=[32m"6"[39m
                  [36m/>[39m
                  [36m<line[39m
                    [33mx1[39m=[32m"4"[39m
                    [33mx2[39m=[32m"20"[39m
                    [33my1[39m=[32m"18"[39m
                    [33my2[39m=[32m"18"[39m
                  [36m/>[39m
                [36m</svg>[39m
              [36m</button>[39m
            [36m</div>[39m
          [36m</div>[39m
        [36m</div>[39m
      [36m</header>[39m
      [36m<div[39m
        [33mclass[39m=[32m"container max-w-2xl mx-auto px-6 py-8"[39m
      [36m>[39m
        [36m<div[39m
          [33mclass[39m=[32m"space-y-6"[39m
        [36m>[39m
    ...
stderr | src/test/warranty-ui-components.test.tsx > Warranty UI Components > Form Field Interactions > should handle date input for purchase date
Warning: An update to Warranty inside a test was not wrapped in act(...).

When testing, code that causes React state updates should be wrapped into act(...):

act(() => {
  /* fire events that update state */
});
/* assert on the output */

This ensures that you're testing the behavior the user would see in the browser. Learn more at https://reactjs.org/link/wrap-tests-with-act
    at Warranty (/home/aswin/Works/kirimku/smartseller-storefront/src/pages/Warranty.tsx:143:65)
    at Router (/home/aswin/Works/kirimku/smartseller-storefront/node_modules/react-router/dist/umd/react-router.development.js:1207:17)
    at BrowserRouter (/home/aswin/Works/kirimku/smartseller-storefront/node_modules/react-router-dom/dist/umd/react-router-dom.development.js:695:7)
    at AllTheProviders (/home/aswin/Works/kirimku/smartseller-storefront/src/test/test-utils.tsx:186:28)
Warning: An update to Warranty inside a test was not wrapped in act(...).

When testing, code that causes React state updates should be wrapped into act(...):

act(() => {
  /* fire events that update state */
});
/* assert on the output */

This ensures that you're testing the behavior the user would see in the browser. Learn more at https://reactjs.org/link/wrap-tests-with-act
    at Warranty (/home/aswin/Works/kirimku/smartseller-storefront/src/pages/Warranty.tsx:143:65)
    at Router (/home/aswin/Works/kirimku/smartseller-storefront/node_modules/react-router/dist/umd/react-router.development.js:1207:17)
    at BrowserRouter (/home/aswin/Works/kirimku/smartseller-storefront/node_modules/react-router-dom/dist/umd/react-router-dom.development.js:695:7)
    at AllTheProviders (/home/aswin/Works/kirimku/smartseller-storefront/src/test/test-utils.tsx:186:28)

stderr | src/test/warranty-ui-components.test.tsx > Warranty UI Components > Form Field Interactions > should clear form when reset is triggered
Warning: An update to Warranty inside a test was not wrapped in act(...).

When testing, code that causes React state updates should be wrapped into act(...):

act(() => {
  /* fire events that update state */
});
/* assert on the output */

This ensures that you're testing the behavior the user would see in the browser. Learn more at https://reactjs.org/link/wrap-tests-with-act
    at Warranty (/home/aswin/Works/kirimku/smartseller-storefront/src/pages/Warranty.tsx:143:65)
    at Router (/home/aswin/Works/kirimku/smartseller-storefront/node_modules/react-router/dist/umd/react-router.development.js:1207:17)
    at BrowserRouter (/home/aswin/Works/kirimku/smartseller-storefront/node_modules/react-router-dom/dist/umd/react-router-dom.development.js:695:7)
    at AllTheProviders (/home/aswin/Works/kirimku/smartseller-storefront/src/test/test-utils.tsx:186:28)
Warning: An update to Warranty inside a test was not wrapped in act(...).

When testing, code that causes React state updates should be wrapped into act(...):

act(() => {
  /* fire events that update state */
});
/* assert on the output */

This ensures that you're testing the behavior the user would see in the browser. Learn more at https://reactjs.org/link/wrap-tests-with-act
    at Warranty (/home/aswin/Works/kirimku/smartseller-storefront/src/pages/Warranty.tsx:143:65)
    at Router (/home/aswin/Works/kirimku/smartseller-storefront/node_modules/react-router/dist/umd/react-router.development.js:1207:17)
    at BrowserRouter (/home/aswin/Works/kirimku/smartseller-storefront/node_modules/react-router-dom/dist/umd/react-router-dom.development.js:695:7)
    at AllTheProviders (/home/aswin/Works/kirimku/smartseller-storefront/src/test/test-utils.tsx:186:28)

stderr | src/test/warranty-ui-components.test.tsx > Warranty UI Components > Form Validation UI > should show validation error for empty barcode
Warning: An update to Warranty inside a test was not wrapped in act(...).

When testing, code that causes React state updates should be wrapped into act(...):

act(() => {
  /* fire events that update state */
});
/* assert on the output */

This ensures that you're testing the behavior the user would see in the browser. Learn more at https://reactjs.org/link/wrap-tests-with-act
    at Warranty (/home/aswin/Works/kirimku/smartseller-storefront/src/pages/Warranty.tsx:143:65)
    at Router (/home/aswin/Works/kirimku/smartseller-storefront/node_modules/react-router/dist/umd/react-router.development.js:1207:17)
    at BrowserRouter (/home/aswin/Works/kirimku/smartseller-storefront/node_modules/react-router-dom/dist/umd/react-router-dom.development.js:695:7)
    at AllTheProviders (/home/aswin/Works/kirimku/smartseller-storefront/src/test/test-utils.tsx:186:28)
Warning: An update to Warranty inside a test was not wrapped in act(...).

When testing, code that causes React state updates should be wrapped into act(...):

act(() => {
  /* fire events that update state */
});
/* assert on the output */

This ensures that you're testing the behavior the user would see in the browser. Learn more at https://reactjs.org/link/wrap-tests-with-act
    at Warranty (/home/aswin/Works/kirimku/smartseller-storefront/src/pages/Warranty.tsx:143:65)
    at Router (/home/aswin/Works/kirimku/smartseller-storefront/node_modules/react-router/dist/umd/react-router.development.js:1207:17)
    at BrowserRouter (/home/aswin/Works/kirimku/smartseller-storefront/node_modules/react-router-dom/dist/umd/react-router-dom.development.js:695:7)
    at AllTheProviders (/home/aswin/Works/kirimku/smartseller-storefront/src/test/test-utils.tsx:186:28)

stderr | src/test/warranty-ui-components.test.tsx > Warranty UI Components > Form Validation UI > should show validation error for invalid email format
Warning: An update to Warranty inside a test was not wrapped in act(...).

When testing, code that causes React state updates should be wrapped into act(...):

act(() => {
  /* fire events that update state */
});
/* assert on the output */

This ensures that you're testing the behavior the user would see in the browser. Learn more at https://reactjs.org/link/wrap-tests-with-act
    at Warranty (/home/aswin/Works/kirimku/smartseller-storefront/src/pages/Warranty.tsx:143:65)
    at Router (/home/aswin/Works/kirimku/smartseller-storefront/node_modules/react-router/dist/umd/react-router.development.js:1207:17)
    at BrowserRouter (/home/aswin/Works/kirimku/smartseller-storefront/node_modules/react-router-dom/dist/umd/react-router-dom.development.js:695:7)
    at AllTheProviders (/home/aswin/Works/kirimku/smartseller-storefront/src/test/test-utils.tsx:186:28)
Warning: An update to Warranty inside a test was not wrapped in act(...).

When testing, code that causes React state updates should be wrapped into act(...):

act(() => {
  /* fire events that update state */
});
/* assert on the output */

This ensures that you're testing the behavior the user would see in the browser. Learn more at https://reactjs.org/link/wrap-tests-with-act
    at Warranty (/home/aswin/Works/kirimku/smartseller-storefront/src/pages/Warranty.tsx:143:65)
    at Router (/home/aswin/Works/kirimku/smartseller-storefront/node_modules/react-router/dist/umd/react-router.development.js:1207:17)
    at BrowserRouter (/home/aswin/Works/kirimku/smartseller-storefront/node_modules/react-router-dom/dist/umd/react-router-dom.development.js:695:7)
    at AllTheProviders (/home/aswin/Works/kirimku/smartseller-storefront/src/test/test-utils.tsx:186:28)

stderr | src/test/warranty-ui-components.test.tsx > Warranty UI Components > Form Validation UI > should show validation error for short barcode
Warning: An update to Warranty inside a test was not wrapped in act(...).

When testing, code that causes React state updates should be wrapped into act(...):

act(() => {
  /* fire events that update state */
});
/* assert on the output */

This ensures that you're testing the behavior the user would see in the browser. Learn more at https://reactjs.org/link/wrap-tests-with-act
    at Warranty (/home/aswin/Works/kirimku/smartseller-storefront/src/pages/Warranty.tsx:143:65)
    at Router (/home/aswin/Works/kirimku/smartseller-storefront/node_modules/react-router/dist/umd/react-router.development.js:1207:17)
    at BrowserRouter (/home/aswin/Works/kirimku/smartseller-storefront/node_modules/react-router-dom/dist/umd/react-router-dom.development.js:695:7)
    at AllTheProviders (/home/aswin/Works/kirimku/smartseller-storefront/src/test/test-utils.tsx:186:28)
Warning: An update to Warranty inside a test was not wrapped in act(...).

When testing, code that causes React state updates should be wrapped into act(...):

act(() => {
  /* fire events that update state */
});
/* assert on the output */

This ensures that you're testing the behavior the user would see in the browser. Learn more at https://reactjs.org/link/wrap-tests-with-act
    at Warranty (/home/aswin/Works/kirimku/smartseller-storefront/src/pages/Warranty.tsx:143:65)
    at Router (/home/aswin/Works/kirimku/smartseller-storefront/node_modules/react-router/dist/umd/react-router.development.js:1207:17)
    at BrowserRouter (/home/aswin/Works/kirimku/smartseller-storefront/node_modules/react-router-dom/dist/umd/react-router-dom.development.js:695:7)
    at AllTheProviders (/home/aswin/Works/kirimku/smartseller-storefront/src/test/test-utils.tsx:186:28)

stderr | src/test/warranty-ui-components.test.tsx > Warranty UI Components > Form Validation UI > should clear validation errors when fields are corrected
Warning: An update to Warranty inside a test was not wrapped in act(...).

When testing, code that causes React state updates should be wrapped into act(...):

act(() => {
  /* fire events that update state */
});
/* assert on the output */

This ensures that you're testing the behavior the user would see in the browser. Learn more at https://reactjs.org/link/wrap-tests-with-act
    at Warranty (/home/aswin/Works/kirimku/smartseller-storefront/src/pages/Warranty.tsx:143:65)
    at Router (/home/aswin/Works/kirimku/smartseller-storefront/node_modules/react-router/dist/umd/react-router.development.js:1207:17)
    at BrowserRouter (/home/aswin/Works/kirimku/smartseller-storefront/node_modules/react-router-dom/dist/umd/react-router-dom.development.js:695:7)
    at AllTheProviders (/home/aswin/Works/kirimku/smartseller-storefront/src/test/test-utils.tsx:186:28)
Warning: An update to Warranty inside a test was not wrapped in act(...).

When testing, code that causes React state updates should be wrapped into act(...):

act(() => {
  /* fire events that update state */
});
/* assert on the output */

This ensures that you're testing the behavior the user would see in the browser. Learn more at https://reactjs.org/link/wrap-tests-with-act
    at Warranty (/home/aswin/Works/kirimku/smartseller-storefront/src/pages/Warranty.tsx:143:65)
    at Router (/home/aswin/Works/kirimku/smartseller-storefront/node_modules/react-router/dist/umd/react-router.development.js:1207:17)
    at BrowserRouter (/home/aswin/Works/kirimku/smartseller-storefront/node_modules/react-router-dom/dist/umd/react-router-dom.development.js:695:7)
    at AllTheProviders (/home/aswin/Works/kirimku/smartseller-storefront/src/test/test-utils.tsx:186:28)

stderr | src/test/warranty-ui-components.test.tsx > Warranty UI Components > Success and Error States > should show success message after successful registration
Warning: An update to Warranty inside a test was not wrapped in act(...).

When testing, code that causes React state updates should be wrapped into act(...):

act(() => {
  /* fire events that update state */
});
/* assert on the output */

This ensures that you're testing the behavior the user would see in the browser. Learn more at https://reactjs.org/link/wrap-tests-with-act
    at Warranty (/home/aswin/Works/kirimku/smartseller-storefront/src/pages/Warranty.tsx:143:65)
    at Router (/home/aswin/Works/kirimku/smartseller-storefront/node_modules/react-router/dist/umd/react-router.development.js:1207:17)
    at BrowserRouter (/home/aswin/Works/kirimku/smartseller-storefront/node_modules/react-router-dom/dist/umd/react-router-dom.development.js:695:7)
    at AllTheProviders (/home/aswin/Works/kirimku/smartseller-storefront/src/test/test-utils.tsx:186:28)
Warning: An update to Warranty inside a test was not wrapped in act(...).

When testing, code that causes React state updates should be wrapped into act(...):

act(() => {
  /* fire events that update state */
});
/* assert on the output */

This ensures that you're testing the behavior the user would see in the browser. Learn more at https://reactjs.org/link/wrap-tests-with-act
    at Warranty (/home/aswin/Works/kirimku/smartseller-storefront/src/pages/Warranty.tsx:143:65)
    at Router (/home/aswin/Works/kirimku/smartseller-storefront/node_modules/react-router/dist/umd/react-router.development.js:1207:17)
    at BrowserRouter (/home/aswin/Works/kirimku/smartseller-storefront/node_modules/react-router-dom/dist/umd/react-router-dom.development.js:695:7)
    at AllTheProviders (/home/aswin/Works/kirimku/smartseller-storefront/src/test/test-utils.tsx:186:28)

 × src/test/warranty-ui-components.test.tsx > Warranty UI Components > Form Field Interactions > should update barcode field when user types 85ms
   → Unable to find an element with the text: Register New Product. This could be because the text is broken up by multiple elements. In this case, you can provide a function for your text matcher to make your matcher more flexible.

Ignored nodes: comments, script, style
[36m<body>[39m
  [36m<div>[39m
    [36m<div[39m
      [33mclass[39m=[32m"min-h-screen bg-background pb-24"[39m
    [36m>[39m
      [36m<header[39m
        [33mclass[39m=[32m"sticky top-0 z-40 bg-background/95 backdrop-blur-lg border-b border-border"[39m
      [36m>[39m
        [36m<div[39m
          [33mclass[39m=[32m"container max-w-7xl mx-auto px-4 py-4"[39m
        [36m>[39m
          [36m<div[39m
            [33mclass[39m=[32m"flex items-center justify-between"[39m
          [36m>[39m
            [36m<div[39m
              [33mclass[39m=[32m"flex items-center gap-4"[39m
            [36m>[39m
              [36m<div[39m
                [33mclass[39m=[32m"flex items-center gap-3 cursor-pointer"[39m
              [36m>[39m
                [36m<img[39m
                  [33malt[39m=[32m"Test Store"[39m
                  [33mclass[39m=[32m"h-8 w-auto"[39m
                  [33msrc[39m=[32m"/test-logo.png"[39m
                [36m/>[39m
                [36m<div[39m
                  [33mclass[39m=[32m"hidden sm:flex flex-col"[39m
                [36m>[39m
                  [36m<span[39m
                    [33mclass[39m=[32m"font-semibold text-lg"[39m
                  [36m>[39m
                    [0mTest Store[0m
                  [36m</span>[39m
                  [36m<span[39m
                    [33mclass[39m=[32m"text-xs text-muted-foreground"[39m
                  [36m>[39m
                    [0mTest Store Tagline[0m
                  [36m</span>[39m
                [36m</div>[39m
              [36m</div>[39m
            [36m</div>[39m
            [36m<h1[39m
              [33mclass[39m=[32m"text-lg font-semibold hidden md:block"[39m
            [36m>[39m
              [0mWarranty[0m
            [36m</h1>[39m
            [36m<div[39m
              [33mclass[39m=[32m"flex items-center gap-4"[39m
            [36m>[39m
              [36m<button[39m
                [33mclass[39m=[32m"items-center justify-center gap-2 whitespace-nowrap text-sm font-medium ring-offset-background transition-colors focus-visible:outline-none focus-visible:ring-2 focus-visible:ring-ring focus-visible:ring-offset-2 disabled:pointer-events-none disabled:opacity-50 [&_svg]:pointer-events-none [&_svg]:size-4 [&_svg]:shrink-0 hover:bg-accent hover:text-accent-foreground h-9 rounded-md px-3 hidden sm:flex"[39m
              [36m>[39m
                [0mLogin[0m
              [36m</button>[39m
              [36m<button[39m
                [33mclass[39m=[32m"items-center justify-center gap-2 whitespace-nowrap text-sm font-medium ring-offset-background transition-colors focus-visible:outline-none focus-visible:ring-2 focus-visible:ring-ring focus-visible:ring-offset-2 disabled:pointer-events-none disabled:opacity-50 [&_svg]:pointer-events-none [&_svg]:size-4 [&_svg]:shrink-0 bg-primary text-primary-foreground hover:bg-primary/90 h-9 rounded-md px-3 hidden sm:flex"[39m
              [36m>[39m
                [36m<svg[39m
                  [33mclass[39m=[32m"lucide lucide-user-plus w-4 h-4 mr-2"[39m
                  [33mfill[39m=[32m"none"[39m
                  [33mheight[39m=[32m"24"[39m
                  [33mstroke[39m=[32m"currentColor"[39m
                  [33mstroke-linecap[39m=[32m"round"[39m
                  [33mstroke-linejoin[39m=[32m"round"[39m
                  [33mstroke-width[39m=[32m"2"[39m
                  [33mviewBox[39m=[32m"0 0 24 24"[39m
                  [33mwidth[39m=[32m"24"[39m
                  [33mxmlns[39m=[32m"http://www.w3.org/2000/svg"[39m
                [36m>[39m
                  [36m<path[39m
                    [33md[39m=[32m"M16 21v-2a4 4 0 0 0-4-4H6a4 4 0 0 0-4 4v2"[39m
                  [36m/>[39m
                  [36m<circle[39m
                    [33mcx[39m=[32m"9"[39m
                    [33mcy[39m=[32m"7"[39m
                    [33mr[39m=[32m"4"[39m
                  [36m/>[39m
                  [36m<line[39m
                    [33mx1[39m=[32m"19"[39m
                    [33mx2[39m=[32m"19"[39m
                    [33my1[39m=[32m"8"[39m
                    [33my2[39m=[32m"14"[39m
                  [36m/>[39m
                  [36m<line[39m
                    [33mx1[39m=[32m"22"[39m
                    [33mx2[39m=[32m"16"[39m
                    [33my1[39m=[32m"11"[39m
                    [33my2[39m=[32m"11"[39m
                  [36m/>[39m
                [36m</svg>[39m
                [0mRegister[0m
              [36m</button>[39m
              [36m<button[39m
                [33mclass[39m=[32m"inline-flex items-center justify-center gap-2 whitespace-nowrap text-sm font-medium ring-offset-background transition-colors focus-visible:outline-none focus-visible:ring-2 focus-visible:ring-ring focus-visible:ring-offset-2 disabled:pointer-events-none disabled:opacity-50 [&_svg]:pointer-events-none [&_svg]:size-4 [&_svg]:shrink-0 hover:bg-accent hover:text-accent-foreground h-9 rounded-md px-3 md:hidden"[39m
              [36m>[39m
                [36m<svg[39m
                  [33mclass[39m=[32m"lucide lucide-menu w-5 h-5"[39m
                  [33mfill[39m=[32m"none"[39m
                  [33mheight[39m=[32m"24"[39m
                  [33mstroke[39m=[32m"currentColor"[39m
                  [33mstroke-linecap[39m=[32m"round"[39m
                  [33mstroke-linejoin[39m=[32m"round"[39m
                  [33mstroke-width[39m=[32m"2"[39m
                  [33mviewBox[39m=[32m"0 0 24 24"[39m
                  [33mwidth[39m=[32m"24"[39m
                  [33mxmlns[39m=[32m"http://www.w3.org/2000/svg"[39m
                [36m>[39m
                  [36m<line[39m
                    [33mx1[39m=[32m"4"[39m
                    [33mx2[39m=[32m"20"[39m
                    [33my1[39m=[32m"12"[39m
                    [33my2[39m=[32m"12"[39m
                  [36m/>[39m
                  [36m<line[39m
                    [33mx1[39m=[32m"4"[39m
                    [33mx2[39m=[32m"20"[39m
                    [33my1[39m=[32m"6"[39m
                    [33my2[39m=[32m"6"[39m
                  [36m/>[39m
                  [36m<line[39m
                    [33mx1[39m=[32m"4"[39m
                    [33mx2[39m=[32m"20"[39m
                    [33my1[39m=[32m"18"[39m
                    [33my2[39m=[32m"18"[39m
                  [36m/>[39m
                [36m</svg>[39m
              [36m</button>[39m
            [36m</div>[39m
          [36m</div>[39m
        [36m</div>[39m
      [36m</header>[39m
      [36m<div[39m
        [33mclass[39m=[32m"container max-w-2xl mx-auto px-6 py-8"[39m
      [36m>[39m
        [36m<div[39m
          [33mclass[39m=[32m"space-y-6"[39m
        [36m>[39m
    ...
 × src/test/warranty-ui-components.test.tsx > Warranty UI Components > Form Field Interactions > should update customer fields when user types 27ms
   → Unable to find an element with the text: Register New Product. This could be because the text is broken up by multiple elements. In this case, you can provide a function for your text matcher to make your matcher more flexible.

Ignored nodes: comments, script, style
[36m<body>[39m
  [36m<div>[39m
    [36m<div[39m
      [33mclass[39m=[32m"min-h-screen bg-background pb-24"[39m
    [36m>[39m
      [36m<header[39m
        [33mclass[39m=[32m"sticky top-0 z-40 bg-background/95 backdrop-blur-lg border-b border-border"[39m
      [36m>[39m
        [36m<div[39m
          [33mclass[39m=[32m"container max-w-7xl mx-auto px-4 py-4"[39m
        [36m>[39m
          [36m<div[39m
            [33mclass[39m=[32m"flex items-center justify-between"[39m
          [36m>[39m
            [36m<div[39m
              [33mclass[39m=[32m"flex items-center gap-4"[39m
            [36m>[39m
              [36m<div[39m
                [33mclass[39m=[32m"flex items-center gap-3 cursor-pointer"[39m
              [36m>[39m
                [36m<img[39m
                  [33malt[39m=[32m"Test Store"[39m
                  [33mclass[39m=[32m"h-8 w-auto"[39m
                  [33msrc[39m=[32m"/test-logo.png"[39m
                [36m/>[39m
                [36m<div[39m
                  [33mclass[39m=[32m"hidden sm:flex flex-col"[39m
                [36m>[39m
                  [36m<span[39m
                    [33mclass[39m=[32m"font-semibold text-lg"[39m
                  [36m>[39m
                    [0mTest Store[0m
                  [36m</span>[39m
                  [36m<span[39m
                    [33mclass[39m=[32m"text-xs text-muted-foreground"[39m
                  [36m>[39m
                    [0mTest Store Tagline[0m
                  [36m</span>[39m
                [36m</div>[39m
              [36m</div>[39m
            [36m</div>[39m
            [36m<h1[39m
              [33mclass[39m=[32m"text-lg font-semibold hidden md:block"[39m
            [36m>[39m
              [0mWarranty[0m
            [36m</h1>[39m
            [36m<div[39m
              [33mclass[39m=[32m"flex items-center gap-4"[39m
            [36m>[39m
              [36m<button[39m
                [33mclass[39m=[32m"items-center justify-center gap-2 whitespace-nowrap text-sm font-medium ring-offset-background transition-colors focus-visible:outline-none focus-visible:ring-2 focus-visible:ring-ring focus-visible:ring-offset-2 disabled:pointer-events-none disabled:opacity-50 [&_svg]:pointer-events-none [&_svg]:size-4 [&_svg]:shrink-0 hover:bg-accent hover:text-accent-foreground h-9 rounded-md px-3 hidden sm:flex"[39m
              [36m>[39m
                [0mLogin[0m
              [36m</button>[39m
              [36m<button[39m
                [33mclass[39m=[32m"items-center justify-center gap-2 whitespace-nowrap text-sm font-medium ring-offset-background transition-colors focus-visible:outline-none focus-visible:ring-2 focus-visible:ring-ring focus-visible:ring-offset-2 disabled:pointer-events-none disabled:opacity-50 [&_svg]:pointer-events-none [&_svg]:size-4 [&_svg]:shrink-0 bg-primary text-primary-foreground hover:bg-primary/90 h-9 rounded-md px-3 hidden sm:flex"[39m
              [36m>[39m
                [36m<svg[39m
                  [33mclass[39m=[32m"lucide lucide-user-plus w-4 h-4 mr-2"[39m
                  [33mfill[39m=[32m"none"[39m
                  [33mheight[39m=[32m"24"[39m
                  [33mstroke[39m=[32m"currentColor"[39m
                  [33mstroke-linecap[39m=[32m"round"[39m
                  [33mstroke-linejoin[39m=[32m"round"[39m
                  [33mstroke-width[39m=[32m"2"[39m
                  [33mviewBox[39m=[32m"0 0 24 24"[39m
                  [33mwidth[39m=[32m"24"[39m
                  [33mxmlns[39m=[32m"http://www.w3.org/2000/svg"[39m
                [36m>[39m
                  [36m<path[39m
                    [33md[39m=[32m"M16 21v-2a4 4 0 0 0-4-4H6a4 4 0 0 0-4 4v2"[39m
                  [36m/>[39m
                  [36m<circle[39m
                    [33mcx[39m=[32m"9"[39m
                    [33mcy[39m=[32m"7"[39m
                    [33mr[39m=[32m"4"[39m
                  [36m/>[39m
                  [36m<line[39m
                    [33mx1[39m=[32m"19"[39m
                    [33mx2[39m=[32m"19"[39m
                    [33my1[39m=[32m"8"[39m
                    [33my2[39m=[32m"14"[39m
                  [36m/>[39m
                  [36m<line[39m
                    [33mx1[39m=[32m"22"[39m
                    [33mx2[39m=[32m"16"[39m
                    [33my1[39m=[32m"11"[39m
                    [33my2[39m=[32m"11"[39m
                  [36m/>[39m
                [36m</svg>[39m
                [0mRegister[0m
              [36m</button>[39m
              [36m<button[39m
                [33mclass[39m=[32m"inline-flex items-center justify-center gap-2 whitespace-nowrap text-sm font-medium ring-offset-background transition-colors focus-visible:outline-none focus-visible:ring-2 focus-visible:ring-ring focus-visible:ring-offset-2 disabled:pointer-events-none disabled:opacity-50 [&_svg]:pointer-events-none [&_svg]:size-4 [&_svg]:shrink-0 hover:bg-accent hover:text-accent-foreground h-9 rounded-md px-3 md:hidden"[39m
              [36m>[39m
                [36m<svg[39m
                  [33mclass[39m=[32m"lucide lucide-menu w-5 h-5"[39m
                  [33mfill[39m=[32m"none"[39m
                  [33mheight[39m=[32m"24"[39m
                  [33mstroke[39m=[32m"currentColor"[39m
                  [33mstroke-linecap[39m=[32m"round"[39m
                  [33mstroke-linejoin[39m=[32m"round"[39m
                  [33mstroke-width[39m=[32m"2"[39m
                  [33mviewBox[39m=[32m"0 0 24 24"[39m
                  [33mwidth[39m=[32m"24"[39m
                  [33mxmlns[39m=[32m"http://www.w3.org/2000/svg"[39m
                [36m>[39m
                  [36m<line[39m
                    [33mx1[39m=[32m"4"[39m
                    [33mx2[39m=[32m"20"[39m
                    [33my1[39m=[32m"12"[39m
                    [33my2[39m=[32m"12"[39m
                  [36m/>[39m
                  [36m<line[39m
                    [33mx1[39m=[32m"4"[39m
                    [33mx2[39m=[32m"20"[39m
                    [33my1[39m=[32m"6"[39m
                    [33my2[39m=[32m"6"[39m
                  [36m/>[39m
                  [36m<line[39m
                    [33mx1[39m=[32m"4"[39m
                    [33mx2[39m=[32m"20"[39m
                    [33my1[39m=[32m"18"[39m
                    [33my2[39m=[32m"18"[39m
                  [36m/>[39m
                [36m</svg>[39m
              [36m</button>[39m
            [36m</div>[39m
          [36m</div>[39m
        [36m</div>[39m
      [36m</header>[39m
      [36m<div[39m
        [33mclass[39m=[32m"container max-w-2xl mx-auto px-6 py-8"[39m
      [36m>[39m
        [36m<div[39m
          [33mclass[39m=[32m"space-y-6"[39m
        [36m>[39m
    ...
stderr | src/test/warranty-ui-components.test.tsx > Warranty UI Components > Success and Error States > should show error message when registration fails
Warning: An update to Warranty inside a test was not wrapped in act(...).

When testing, code that causes React state updates should be wrapped into act(...):

act(() => {
  /* fire events that update state */
});
/* assert on the output */

This ensures that you're testing the behavior the user would see in the browser. Learn more at https://reactjs.org/link/wrap-tests-with-act
    at Warranty (/home/aswin/Works/kirimku/smartseller-storefront/src/pages/Warranty.tsx:143:65)
    at Router (/home/aswin/Works/kirimku/smartseller-storefront/node_modules/react-router/dist/umd/react-router.development.js:1207:17)
    at BrowserRouter (/home/aswin/Works/kirimku/smartseller-storefront/node_modules/react-router-dom/dist/umd/react-router-dom.development.js:695:7)
    at AllTheProviders (/home/aswin/Works/kirimku/smartseller-storefront/src/test/test-utils.tsx:186:28)
Warning: An update to Warranty inside a test was not wrapped in act(...).

When testing, code that causes React state updates should be wrapped into act(...):

act(() => {
  /* fire events that update state */
});
/* assert on the output */

This ensures that you're testing the behavior the user would see in the browser. Learn more at https://reactjs.org/link/wrap-tests-with-act
    at Warranty (/home/aswin/Works/kirimku/smartseller-storefront/src/pages/Warranty.tsx:143:65)
    at Router (/home/aswin/Works/kirimku/smartseller-storefront/node_modules/react-router/dist/umd/react-router.development.js:1207:17)
    at BrowserRouter (/home/aswin/Works/kirimku/smartseller-storefront/node_modules/react-router-dom/dist/umd/react-router-dom.development.js:695:7)
    at AllTheProviders (/home/aswin/Works/kirimku/smartseller-storefront/src/test/test-utils.tsx:186:28)

stderr | src/test/warranty-ui-components.test.tsx > Warranty UI Components > Success and Error States > should handle network errors gracefully
Warning: An update to Warranty inside a test was not wrapped in act(...).

When testing, code that causes React state updates should be wrapped into act(...):

act(() => {
  /* fire events that update state */
});
/* assert on the output */

This ensures that you're testing the behavior the user would see in the browser. Learn more at https://reactjs.org/link/wrap-tests-with-act
    at Warranty (/home/aswin/Works/kirimku/smartseller-storefront/src/pages/Warranty.tsx:143:65)
    at Router (/home/aswin/Works/kirimku/smartseller-storefront/node_modules/react-router/dist/umd/react-router.development.js:1207:17)
    at BrowserRouter (/home/aswin/Works/kirimku/smartseller-storefront/node_modules/react-router-dom/dist/umd/react-router-dom.development.js:695:7)
    at AllTheProviders (/home/aswin/Works/kirimku/smartseller-storefront/src/test/test-utils.tsx:186:28)
Warning: An update to Warranty inside a test was not wrapped in act(...).

When testing, code that causes React state updates should be wrapped into act(...):

act(() => {
  /* fire events that update state */
});
/* assert on the output */

This ensures that you're testing the behavior the user would see in the browser. Learn more at https://reactjs.org/link/wrap-tests-with-act
    at Warranty (/home/aswin/Works/kirimku/smartseller-storefront/src/pages/Warranty.tsx:143:65)
    at Router (/home/aswin/Works/kirimku/smartseller-storefront/node_modules/react-router/dist/umd/react-router.development.js:1207:17)
    at BrowserRouter (/home/aswin/Works/kirimku/smartseller-storefront/node_modules/react-router-dom/dist/umd/react-router-dom.development.js:695:7)
    at AllTheProviders (/home/aswin/Works/kirimku/smartseller-storefront/src/test/test-utils.tsx:186:28)

stderr | src/test/warranty-ui-components.test.tsx > Warranty UI Components > Accessibility > should have proper form labels and accessibility attributes
Warning: An update to Warranty inside a test was not wrapped in act(...).

When testing, code that causes React state updates should be wrapped into act(...):

act(() => {
  /* fire events that update state */
});
/* assert on the output */

This ensures that you're testing the behavior the user would see in the browser. Learn more at https://reactjs.org/link/wrap-tests-with-act
    at Warranty (/home/aswin/Works/kirimku/smartseller-storefront/src/pages/Warranty.tsx:143:65)
    at Router (/home/aswin/Works/kirimku/smartseller-storefront/node_modules/react-router/dist/umd/react-router.development.js:1207:17)
    at BrowserRouter (/home/aswin/Works/kirimku/smartseller-storefront/node_modules/react-router-dom/dist/umd/react-router-dom.development.js:695:7)
    at AllTheProviders (/home/aswin/Works/kirimku/smartseller-storefront/src/test/test-utils.tsx:186:28)
Warning: An update to Warranty inside a test was not wrapped in act(...).

When testing, code that causes React state updates should be wrapped into act(...):

act(() => {
  /* fire events that update state */
});
/* assert on the output */

This ensures that you're testing the behavior the user would see in the browser. Learn more at https://reactjs.org/link/wrap-tests-with-act
    at Warranty (/home/aswin/Works/kirimku/smartseller-storefront/src/pages/Warranty.tsx:143:65)
    at Router (/home/aswin/Works/kirimku/smartseller-storefront/node_modules/react-router/dist/umd/react-router.development.js:1207:17)
    at BrowserRouter (/home/aswin/Works/kirimku/smartseller-storefront/node_modules/react-router-dom/dist/umd/react-router-dom.development.js:695:7)
    at AllTheProviders (/home/aswin/Works/kirimku/smartseller-storefront/src/test/test-utils.tsx:186:28)

 × src/test/warranty-ui-components.test.tsx > Warranty UI Components > Form Field Interactions > should update nested address fields 18ms
   → Unable to find an element with the text: Register New Product. This could be because the text is broken up by multiple elements. In this case, you can provide a function for your text matcher to make your matcher more flexible.

Ignored nodes: comments, script, style
[36m<body>[39m
  [36m<div>[39m
    [36m<div[39m
      [33mclass[39m=[32m"min-h-screen bg-background pb-24"[39m
    [36m>[39m
      [36m<header[39m
        [33mclass[39m=[32m"sticky top-0 z-40 bg-background/95 backdrop-blur-lg border-b border-border"[39m
      [36m>[39m
        [36m<div[39m
          [33mclass[39m=[32m"container max-w-7xl mx-auto px-4 py-4"[39m
        [36m>[39m
          [36m<div[39m
            [33mclass[39m=[32m"flex items-center justify-between"[39m
          [36m>[39m
            [36m<div[39m
              [33mclass[39m=[32m"flex items-center gap-4"[39m
            [36m>[39m
              [36m<div[39m
                [33mclass[39m=[32m"flex items-center gap-3 cursor-pointer"[39m
              [36m>[39m
                [36m<img[39m
                  [33malt[39m=[32m"Test Store"[39m
                  [33mclass[39m=[32m"h-8 w-auto"[39m
                  [33msrc[39m=[32m"/test-logo.png"[39m
                [36m/>[39m
                [36m<div[39m
                  [33mclass[39m=[32m"hidden sm:flex flex-col"[39m
                [36m>[39m
                  [36m<span[39m
                    [33mclass[39m=[32m"font-semibold text-lg"[39m
                  [36m>[39m
                    [0mTest Store[0m
                  [36m</span>[39m
                  [36m<span[39m
                    [33mclass[39m=[32m"text-xs text-muted-foreground"[39m
                  [36m>[39m
                    [0mTest Store Tagline[0m
                  [36m</span>[39m
                [36m</div>[39m
              [36m</div>[39m
            [36m</div>[39m
            [36m<h1[39m
              [33mclass[39m=[32m"text-lg font-semibold hidden md:block"[39m
            [36m>[39m
              [0mWarranty[0m
            [36m</h1>[39m
            [36m<div[39m
              [33mclass[39m=[32m"flex items-center gap-4"[39m
            [36m>[39m
              [36m<button[39m
                [33mclass[39m=[32m"items-center justify-center gap-2 whitespace-nowrap text-sm font-medium ring-offset-background transition-colors focus-visible:outline-none focus-visible:ring-2 focus-visible:ring-ring focus-visible:ring-offset-2 disabled:pointer-events-none disabled:opacity-50 [&_svg]:pointer-events-none [&_svg]:size-4 [&_svg]:shrink-0 hover:bg-accent hover:text-accent-foreground h-9 rounded-md px-3 hidden sm:flex"[39m
              [36m>[39m
                [0mLogin[0m
              [36m</button>[39m
              [36m<button[39m
                [33mclass[39m=[32m"items-center justify-center gap-2 whitespace-nowrap text-sm font-medium ring-offset-background transition-colors focus-visible:outline-none focus-visible:ring-2 focus-visible:ring-ring focus-visible:ring-offset-2 disabled:pointer-events-none disabled:opacity-50 [&_svg]:pointer-events-none [&_svg]:size-4 [&_svg]:shrink-0 bg-primary text-primary-foreground hover:bg-primary/90 h-9 rounded-md px-3 hidden sm:flex"[39m
              [36m>[39m
                [36m<svg[39m
                  [33mclass[39m=[32m"lucide lucide-user-plus w-4 h-4 mr-2"[39m
                  [33mfill[39m=[32m"none"[39m
                  [33mheight[39m=[32m"24"[39m
                  [33mstroke[39m=[32m"currentColor"[39m
                  [33mstroke-linecap[39m=[32m"round"[39m
                  [33mstroke-linejoin[39m=[32m"round"[39m
                  [33mstroke-width[39m=[32m"2"[39m
                  [33mviewBox[39m=[32m"0 0 24 24"[39m
                  [33mwidth[39m=[32m"24"[39m
                  [33mxmlns[39m=[32m"http://www.w3.org/2000/svg"[39m
                [36m>[39m
                  [36m<path[39m
                    [33md[39m=[32m"M16 21v-2a4 4 0 0 0-4-4H6a4 4 0 0 0-4 4v2"[39m
                  [36m/>[39m
                  [36m<circle[39m
                    [33mcx[39m=[32m"9"[39m
                    [33mcy[39m=[32m"7"[39m
                    [33mr[39m=[32m"4"[39m
                  [36m/>[39m
                  [36m<line[39m
                    [33mx1[39m=[32m"19"[39m
                    [33mx2[39m=[32m"19"[39m
                    [33my1[39m=[32m"8"[39m
                    [33my2[39m=[32m"14"[39m
                  [36m/>[39m
                  [36m<line[39m
                    [33mx1[39m=[32m"22"[39m
                    [33mx2[39m=[32m"16"[39m
                    [33my1[39m=[32m"11"[39m
                    [33my2[39m=[32m"11"[39m
                  [36m/>[39m
                [36m</svg>[39m
                [0mRegister[0m
              [36m</button>[39m
              [36m<button[39m
                [33mclass[39m=[32m"inline-flex items-center justify-center gap-2 whitespace-nowrap text-sm font-medium ring-offset-background transition-colors focus-visible:outline-none focus-visible:ring-2 focus-visible:ring-ring focus-visible:ring-offset-2 disabled:pointer-events-none disabled:opacity-50 [&_svg]:pointer-events-none [&_svg]:size-4 [&_svg]:shrink-0 hover:bg-accent hover:text-accent-foreground h-9 rounded-md px-3 md:hidden"[39m
              [36m>[39m
                [36m<svg[39m
                  [33mclass[39m=[32m"lucide lucide-menu w-5 h-5"[39m
                  [33mfill[39m=[32m"none"[39m
                  [33mheight[39m=[32m"24"[39m
                  [33mstroke[39m=[32m"currentColor"[39m
                  [33mstroke-linecap[39m=[32m"round"[39m
                  [33mstroke-linejoin[39m=[32m"round"[39m
                  [33mstroke-width[39m=[32m"2"[39m
                  [33mviewBox[39m=[32m"0 0 24 24"[39m
                  [33mwidth[39m=[32m"24"[39m
                  [33mxmlns[39m=[32m"http://www.w3.org/2000/svg"[39m
                [36m>[39m
                  [36m<line[39m
                    [33mx1[39m=[32m"4"[39m
                    [33mx2[39m=[32m"20"[39m
                    [33my1[39m=[32m"12"[39m
                    [33my2[39m=[32m"12"[39m
                  [36m/>[39m
                  [36m<line[39m
                    [33mx1[39m=[32m"4"[39m
                    [33mx2[39m=[32m"20"[39m
                    [33my1[39m=[32m"6"[39m
                    [33my2[39m=[32m"6"[39m
                  [36m/>[39m
                  [36m<line[39m
                    [33mx1[39m=[32m"4"[39m
                    [33mx2[39m=[32m"20"[39m
                    [33my1[39m=[32m"18"[39m
                    [33my2[39m=[32m"18"[39m
                  [36m/>[39m
                [36m</svg>[39m
              [36m</button>[39m
            [36m</div>[39m
          [36m</div>[39m
        [36m</div>[39m
      [36m</header>[39m
      [36m<div[39m
        [33mclass[39m=[32m"container max-w-2xl mx-auto px-6 py-8"[39m
      [36m>[39m
        [36m<div[39m
          [33mclass[39m=[32m"space-y-6"[39m
        [36m>[39m
    ...
 × src/test/warranty-ui-components.test.tsx > Warranty UI Components > Form Field Interactions > should handle date input for purchase date 20ms
   → Unable to find an element with the text: Register New Product. This could be because the text is broken up by multiple elements. In this case, you can provide a function for your text matcher to make your matcher more flexible.

Ignored nodes: comments, script, style
[36m<body>[39m
  [36m<div>[39m
    [36m<div[39m
      [33mclass[39m=[32m"min-h-screen bg-background pb-24"[39m
    [36m>[39m
      [36m<header[39m
        [33mclass[39m=[32m"sticky top-0 z-40 bg-background/95 backdrop-blur-lg border-b border-border"[39m
      [36m>[39m
        [36m<div[39m
          [33mclass[39m=[32m"container max-w-7xl mx-auto px-4 py-4"[39m
        [36m>[39m
          [36m<div[39m
            [33mclass[39m=[32m"flex items-center justify-between"[39m
          [36m>[39m
            [36m<div[39m
              [33mclass[39m=[32m"flex items-center gap-4"[39m
            [36m>[39m
              [36m<div[39m
                [33mclass[39m=[32m"flex items-center gap-3 cursor-pointer"[39m
              [36m>[39m
                [36m<img[39m
                  [33malt[39m=[32m"Test Store"[39m
                  [33mclass[39m=[32m"h-8 w-auto"[39m
                  [33msrc[39m=[32m"/test-logo.png"[39m
                [36m/>[39m
                [36m<div[39m
                  [33mclass[39m=[32m"hidden sm:flex flex-col"[39m
                [36m>[39m
                  [36m<span[39m
                    [33mclass[39m=[32m"font-semibold text-lg"[39m
                  [36m>[39m
                    [0mTest Store[0m
                  [36m</span>[39m
                  [36m<span[39m
                    [33mclass[39m=[32m"text-xs text-muted-foreground"[39m
                  [36m>[39m
                    [0mTest Store Tagline[0m
                  [36m</span>[39m
                [36m</div>[39m
              [36m</div>[39m
            [36m</div>[39m
            [36m<h1[39m
              [33mclass[39m=[32m"text-lg font-semibold hidden md:block"[39m
            [36m>[39m
              [0mWarranty[0m
            [36m</h1>[39m
            [36m<div[39m
              [33mclass[39m=[32m"flex items-center gap-4"[39m
            [36m>[39m
              [36m<button[39m
                [33mclass[39m=[32m"items-center justify-center gap-2 whitespace-nowrap text-sm font-medium ring-offset-background transition-colors focus-visible:outline-none focus-visible:ring-2 focus-visible:ring-ring focus-visible:ring-offset-2 disabled:pointer-events-none disabled:opacity-50 [&_svg]:pointer-events-none [&_svg]:size-4 [&_svg]:shrink-0 hover:bg-accent hover:text-accent-foreground h-9 rounded-md px-3 hidden sm:flex"[39m
              [36m>[39m
                [0mLogin[0m
              [36m</button>[39m
              [36m<button[39m
                [33mclass[39m=[32m"items-center justify-center gap-2 whitespace-nowrap text-sm font-medium ring-offset-background transition-colors focus-visible:outline-none focus-visible:ring-2 focus-visible:ring-ring focus-visible:ring-offset-2 disabled:pointer-events-none disabled:opacity-50 [&_svg]:pointer-events-none [&_svg]:size-4 [&_svg]:shrink-0 bg-primary text-primary-foreground hover:bg-primary/90 h-9 rounded-md px-3 hidden sm:flex"[39m
              [36m>[39m
                [36m<svg[39m
                  [33mclass[39m=[32m"lucide lucide-user-plus w-4 h-4 mr-2"[39m
                  [33mfill[39m=[32m"none"[39m
                  [33mheight[39m=[32m"24"[39m
                  [33mstroke[39m=[32m"currentColor"[39m
                  [33mstroke-linecap[39m=[32m"round"[39m
                  [33mstroke-linejoin[39m=[32m"round"[39m
                  [33mstroke-width[39m=[32m"2"[39m
                  [33mviewBox[39m=[32m"0 0 24 24"[39m
                  [33mwidth[39m=[32m"24"[39m
                  [33mxmlns[39m=[32m"http://www.w3.org/2000/svg"[39m
                [36m>[39m
                  [36m<path[39m
                    [33md[39m=[32m"M16 21v-2a4 4 0 0 0-4-4H6a4 4 0 0 0-4 4v2"[39m
                  [36m/>[39m
                  [36m<circle[39m
                    [33mcx[39m=[32m"9"[39m
                    [33mcy[39m=[32m"7"[39m
                    [33mr[39m=[32m"4"[39m
                  [36m/>[39m
                  [36m<line[39m
                    [33mx1[39m=[32m"19"[39m
                    [33mx2[39m=[32m"19"[39m
                    [33my1[39m=[32m"8"[39m
                    [33my2[39m=[32m"14"[39m
                  [36m/>[39m
                  [36m<line[39m
                    [33mx1[39m=[32m"22"[39m
                    [33mx2[39m=[32m"16"[39m
                    [33my1[39m=[32m"11"[39m
                    [33my2[39m=[32m"11"[39m
                  [36m/>[39m
                [36m</svg>[39m
                [0mRegister[0m
              [36m</button>[39m
              [36m<button[39m
                [33mclass[39m=[32m"inline-flex items-center justify-center gap-2 whitespace-nowrap text-sm font-medium ring-offset-background transition-colors focus-visible:outline-none focus-visible:ring-2 focus-visible:ring-ring focus-visible:ring-offset-2 disabled:pointer-events-none disabled:opacity-50 [&_svg]:pointer-events-none [&_svg]:size-4 [&_svg]:shrink-0 hover:bg-accent hover:text-accent-foreground h-9 rounded-md px-3 md:hidden"[39m
              [36m>[39m
                [36m<svg[39m
                  [33mclass[39m=[32m"lucide lucide-menu w-5 h-5"[39m
                  [33mfill[39m=[32m"none"[39m
                  [33mheight[39m=[32m"24"[39m
                  [33mstroke[39m=[32m"currentColor"[39m
                  [33mstroke-linecap[39m=[32m"round"[39m
                  [33mstroke-linejoin[39m=[32m"round"[39m
                  [33mstroke-width[39m=[32m"2"[39m
                  [33mviewBox[39m=[32m"0 0 24 24"[39m
                  [33mwidth[39m=[32m"24"[39m
                  [33mxmlns[39m=[32m"http://www.w3.org/2000/svg"[39m
                [36m>[39m
                  [36m<line[39m
                    [33mx1[39m=[32m"4"[39m
                    [33mx2[39m=[32m"20"[39m
                    [33my1[39m=[32m"12"[39m
                    [33my2[39m=[32m"12"[39m
                  [36m/>[39m
                  [36m<line[39m
                    [33mx1[39m=[32m"4"[39m
                    [33mx2[39m=[32m"20"[39m
                    [33my1[39m=[32m"6"[39m
                    [33my2[39m=[32m"6"[39m
                  [36m/>[39m
                  [36m<line[39m
                    [33mx1[39m=[32m"4"[39m
                    [33mx2[39m=[32m"20"[39m
                    [33my1[39m=[32m"18"[39m
                    [33my2[39m=[32m"18"[39m
                  [36m/>[39m
                [36m</svg>[39m
              [36m</button>[39m
            [36m</div>[39m
          [36m</div>[39m
        [36m</div>[39m
      [36m</header>[39m
      [36m<div[39m
        [33mclass[39m=[32m"container max-w-2xl mx-auto px-6 py-8"[39m
      [36m>[39m
        [36m<div[39m
          [33mclass[39m=[32m"space-y-6"[39m
        [36m>[39m
    ...
 × src/test/warranty-ui-components.test.tsx > Warranty UI Components > Form Field Interactions > should clear form when reset is triggered 19ms
   → Unable to find an element with the text: Register New Product. This could be because the text is broken up by multiple elements. In this case, you can provide a function for your text matcher to make your matcher more flexible.

Ignored nodes: comments, script, style
[36m<body>[39m
  [36m<div>[39m
    [36m<div[39m
      [33mclass[39m=[32m"min-h-screen bg-background pb-24"[39m
    [36m>[39m
      [36m<header[39m
        [33mclass[39m=[32m"sticky top-0 z-40 bg-background/95 backdrop-blur-lg border-b border-border"[39m
      [36m>[39m
        [36m<div[39m
          [33mclass[39m=[32m"container max-w-7xl mx-auto px-4 py-4"[39m
        [36m>[39m
          [36m<div[39m
            [33mclass[39m=[32m"flex items-center justify-between"[39m
          [36m>[39m
            [36m<div[39m
              [33mclass[39m=[32m"flex items-center gap-4"[39m
            [36m>[39m
              [36m<div[39m
                [33mclass[39m=[32m"flex items-center gap-3 cursor-pointer"[39m
              [36m>[39m
                [36m<img[39m
                  [33malt[39m=[32m"Test Store"[39m
                  [33mclass[39m=[32m"h-8 w-auto"[39m
                  [33msrc[39m=[32m"/test-logo.png"[39m
                [36m/>[39m
                [36m<div[39m
                  [33mclass[39m=[32m"hidden sm:flex flex-col"[39m
                [36m>[39m
                  [36m<span[39m
                    [33mclass[39m=[32m"font-semibold text-lg"[39m
                  [36m>[39m
                    [0mTest Store[0m
                  [36m</span>[39m
                  [36m<span[39m
                    [33mclass[39m=[32m"text-xs text-muted-foreground"[39m
                  [36m>[39m
                    [0mTest Store Tagline[0m
                  [36m</span>[39m
                [36m</div>[39m
              [36m</div>[39m
            [36m</div>[39m
            [36m<h1[39m
              [33mclass[39m=[32m"text-lg font-semibold hidden md:block"[39m
            [36m>[39m
              [0mWarranty[0m
            [36m</h1>[39m
            [36m<div[39m
              [33mclass[39m=[32m"flex items-center gap-4"[39m
            [36m>[39m
              [36m<button[39m
                [33mclass[39m=[32m"items-center justify-center gap-2 whitespace-nowrap text-sm font-medium ring-offset-background transition-colors focus-visible:outline-none focus-visible:ring-2 focus-visible:ring-ring focus-visible:ring-offset-2 disabled:pointer-events-none disabled:opacity-50 [&_svg]:pointer-events-none [&_svg]:size-4 [&_svg]:shrink-0 hover:bg-accent hover:text-accent-foreground h-9 rounded-md px-3 hidden sm:flex"[39m
              [36m>[39m
                [0mLogin[0m
              [36m</button>[39m
              [36m<button[39m
                [33mclass[39m=[32m"items-center justify-center gap-2 whitespace-nowrap text-sm font-medium ring-offset-background transition-colors focus-visible:outline-none focus-visible:ring-2 focus-visible:ring-ring focus-visible:ring-offset-2 disabled:pointer-events-none disabled:opacity-50 [&_svg]:pointer-events-none [&_svg]:size-4 [&_svg]:shrink-0 bg-primary text-primary-foreground hover:bg-primary/90 h-9 rounded-md px-3 hidden sm:flex"[39m
              [36m>[39m
                [36m<svg[39m
                  [33mclass[39m=[32m"lucide lucide-user-plus w-4 h-4 mr-2"[39m
                  [33mfill[39m=[32m"none"[39m
                  [33mheight[39m=[32m"24"[39m
                  [33mstroke[39m=[32m"currentColor"[39m
                  [33mstroke-linecap[39m=[32m"round"[39m
                  [33mstroke-linejoin[39m=[32m"round"[39m
                  [33mstroke-width[39m=[32m"2"[39m
                  [33mviewBox[39m=[32m"0 0 24 24"[39m
                  [33mwidth[39m=[32m"24"[39m
                  [33mxmlns[39m=[32m"http://www.w3.org/2000/svg"[39m
                [36m>[39m
                  [36m<path[39m
                    [33md[39m=[32m"M16 21v-2a4 4 0 0 0-4-4H6a4 4 0 0 0-4 4v2"[39m
                  [36m/>[39m
                  [36m<circle[39m
                    [33mcx[39m=[32m"9"[39m
                    [33mcy[39m=[32m"7"[39m
                    [33mr[39m=[32m"4"[39m
                  [36m/>[39m
                  [36m<line[39m
                    [33mx1[39m=[32m"19"[39m
                    [33mx2[39m=[32m"19"[39m
                    [33my1[39m=[32m"8"[39m
                    [33my2[39m=[32m"14"[39m
                  [36m/>[39m
                  [36m<line[39m
                    [33mx1[39m=[32m"22"[39m
                    [33mx2[39m=[32m"16"[39m
                    [33my1[39m=[32m"11"[39m
                    [33my2[39m=[32m"11"[39m
                  [36m/>[39m
                [36m</svg>[39m
                [0mRegister[0m
              [36m</button>[39m
              [36m<button[39m
                [33mclass[39m=[32m"inline-flex items-center justify-center gap-2 whitespace-nowrap text-sm font-medium ring-offset-background transition-colors focus-visible:outline-none focus-visible:ring-2 focus-visible:ring-ring focus-visible:ring-offset-2 disabled:pointer-events-none disabled:opacity-50 [&_svg]:pointer-events-none [&_svg]:size-4 [&_svg]:shrink-0 hover:bg-accent hover:text-accent-foreground h-9 rounded-md px-3 md:hidden"[39m
              [36m>[39m
                [36m<svg[39m
                  [33mclass[39m=[32m"lucide lucide-menu w-5 h-5"[39m
                  [33mfill[39m=[32m"none"[39m
                  [33mheight[39m=[32m"24"[39m
                  [33mstroke[39m=[32m"currentColor"[39m
                  [33mstroke-linecap[39m=[32m"round"[39m
                  [33mstroke-linejoin[39m=[32m"round"[39m
                  [33mstroke-width[39m=[32m"2"[39m
                  [33mviewBox[39m=[32m"0 0 24 24"[39m
                  [33mwidth[39m=[32m"24"[39m
                  [33mxmlns[39m=[32m"http://www.w3.org/2000/svg"[39m
                [36m>[39m
                  [36m<line[39m
                    [33mx1[39m=[32m"4"[39m
                    [33mx2[39m=[32m"20"[39m
                    [33my1[39m=[32m"12"[39m
                    [33my2[39m=[32m"12"[39m
                  [36m/>[39m
                  [36m<line[39m
                    [33mx1[39m=[32m"4"[39m
                    [33mx2[39m=[32m"20"[39m
                    [33my1[39m=[32m"6"[39m
                    [33my2[39m=[32m"6"[39m
                  [36m/>[39m
                  [36m<line[39m
                    [33mx1[39m=[32m"4"[39m
                    [33mx2[39m=[32m"20"[39m
                    [33my1[39m=[32m"18"[39m
                    [33my2[39m=[32m"18"[39m
                  [36m/>[39m
                [36m</svg>[39m
              [36m</button>[39m
            [36m</div>[39m
          [36m</div>[39m
        [36m</div>[39m
      [36m</header>[39m
      [36m<div[39m
        [33mclass[39m=[32m"container max-w-2xl mx-auto px-6 py-8"[39m
      [36m>[39m
        [36m<div[39m
          [33mclass[39m=[32m"space-y-6"[39m
        [36m>[39m
    ...
 × src/test/warranty-ui-components.test.tsx > Warranty UI Components > Form Validation UI > should show validation error for empty barcode 13ms
   → Unable to find an element with the text: Register New Product. This could be because the text is broken up by multiple elements. In this case, you can provide a function for your text matcher to make your matcher more flexible.

Ignored nodes: comments, script, style
[36m<body>[39m
  [36m<div>[39m
    [36m<div[39m
      [33mclass[39m=[32m"min-h-screen bg-background pb-24"[39m
    [36m>[39m
      [36m<header[39m
        [33mclass[39m=[32m"sticky top-0 z-40 bg-background/95 backdrop-blur-lg border-b border-border"[39m
      [36m>[39m
        [36m<div[39m
          [33mclass[39m=[32m"container max-w-7xl mx-auto px-4 py-4"[39m
        [36m>[39m
          [36m<div[39m
            [33mclass[39m=[32m"flex items-center justify-between"[39m
          [36m>[39m
            [36m<div[39m
              [33mclass[39m=[32m"flex items-center gap-4"[39m
            [36m>[39m
              [36m<div[39m
                [33mclass[39m=[32m"flex items-center gap-3 cursor-pointer"[39m
              [36m>[39m
                [36m<img[39m
                  [33malt[39m=[32m"Test Store"[39m
                  [33mclass[39m=[32m"h-8 w-auto"[39m
                  [33msrc[39m=[32m"/test-logo.png"[39m
                [36m/>[39m
                [36m<div[39m
                  [33mclass[39m=[32m"hidden sm:flex flex-col"[39m
                [36m>[39m
                  [36m<span[39m
                    [33mclass[39m=[32m"font-semibold text-lg"[39m
                  [36m>[39m
                    [0mTest Store[0m
                  [36m</span>[39m
                  [36m<span[39m
                    [33mclass[39m=[32m"text-xs text-muted-foreground"[39m
                  [36m>[39m
                    [0mTest Store Tagline[0m
                  [36m</span>[39m
                [36m</div>[39m
              [36m</div>[39m
            [36m</div>[39m
            [36m<h1[39m
              [33mclass[39m=[32m"text-lg font-semibold hidden md:block"[39m
            [36m>[39m
              [0mWarranty[0m
            [36m</h1>[39m
            [36m<div[39m
              [33mclass[39m=[32m"flex items-center gap-4"[39m
            [36m>[39m
              [36m<button[39m
                [33mclass[39m=[32m"items-center justify-center gap-2 whitespace-nowrap text-sm font-medium ring-offset-background transition-colors focus-visible:outline-none focus-visible:ring-2 focus-visible:ring-ring focus-visible:ring-offset-2 disabled:pointer-events-none disabled:opacity-50 [&_svg]:pointer-events-none [&_svg]:size-4 [&_svg]:shrink-0 hover:bg-accent hover:text-accent-foreground h-9 rounded-md px-3 hidden sm:flex"[39m
              [36m>[39m
                [0mLogin[0m
              [36m</button>[39m
              [36m<button[39m
                [33mclass[39m=[32m"items-center justify-center gap-2 whitespace-nowrap text-sm font-medium ring-offset-background transition-colors focus-visible:outline-none focus-visible:ring-2 focus-visible:ring-ring focus-visible:ring-offset-2 disabled:pointer-events-none disabled:opacity-50 [&_svg]:pointer-events-none [&_svg]:size-4 [&_svg]:shrink-0 bg-primary text-primary-foreground hover:bg-primary/90 h-9 rounded-md px-3 hidden sm:flex"[39m
              [36m>[39m
                [36m<svg[39m
                  [33mclass[39m=[32m"lucide lucide-user-plus w-4 h-4 mr-2"[39m
                  [33mfill[39m=[32m"none"[39m
                  [33mheight[39m=[32m"24"[39m
                  [33mstroke[39m=[32m"currentColor"[39m
                  [33mstroke-linecap[39m=[32m"round"[39m
                  [33mstroke-linejoin[39m=[32m"round"[39m
                  [33mstroke-width[39m=[32m"2"[39m
                  [33mviewBox[39m=[32m"0 0 24 24"[39m
                  [33mwidth[39m=[32m"24"[39m
                  [33mxmlns[39m=[32m"http://www.w3.org/2000/svg"[39m
                [36m>[39m
                  [36m<path[39m
                    [33md[39m=[32m"M16 21v-2a4 4 0 0 0-4-4H6a4 4 0 0 0-4 4v2"[39m
                  [36m/>[39m
                  [36m<circle[39m
                    [33mcx[39m=[32m"9"[39m
                    [33mcy[39m=[32m"7"[39m
                    [33mr[39m=[32m"4"[39m
                  [36m/>[39m
                  [36m<line[39m
                    [33mx1[39m=[32m"19"[39m
                    [33mx2[39m=[32m"19"[39m
                    [33my1[39m=[32m"8"[39m
                    [33my2[39m=[32m"14"[39m
                  [36m/>[39m
                  [36m<line[39m
                    [33mx1[39m=[32m"22"[39m
                    [33mx2[39m=[32m"16"[39m
                    [33my1[39m=[32m"11"[39m
                    [33my2[39m=[32m"11"[39m
                  [36m/>[39m
                [36m</svg>[39m
                [0mRegister[0m
              [36m</button>[39m
              [36m<button[39m
                [33mclass[39m=[32m"inline-flex items-center justify-center gap-2 whitespace-nowrap text-sm font-medium ring-offset-background transition-colors focus-visible:outline-none focus-visible:ring-2 focus-visible:ring-ring focus-visible:ring-offset-2 disabled:pointer-events-none disabled:opacity-50 [&_svg]:pointer-events-none [&_svg]:size-4 [&_svg]:shrink-0 hover:bg-accent hover:text-accent-foreground h-9 rounded-md px-3 md:hidden"[39m
              [36m>[39m
                [36m<svg[39m
                  [33mclass[39m=[32m"lucide lucide-menu w-5 h-5"[39m
                  [33mfill[39m=[32m"none"[39m
                  [33mheight[39m=[32m"24"[39m
                  [33mstroke[39m=[32m"currentColor"[39m
                  [33mstroke-linecap[39m=[32m"round"[39m
                  [33mstroke-linejoin[39m=[32m"round"[39m
                  [33mstroke-width[39m=[32m"2"[39m
                  [33mviewBox[39m=[32m"0 0 24 24"[39m
                  [33mwidth[39m=[32m"24"[39m
                  [33mxmlns[39m=[32m"http://www.w3.org/2000/svg"[39m
                [36m>[39m
                  [36m<line[39m
                    [33mx1[39m=[32m"4"[39m
                    [33mx2[39m=[32m"20"[39m
                    [33my1[39m=[32m"12"[39m
                    [33my2[39m=[32m"12"[39m
                  [36m/>[39m
                  [36m<line[39m
                    [33mx1[39m=[32m"4"[39m
                    [33mx2[39m=[32m"20"[39m
                    [33my1[39m=[32m"6"[39m
                    [33my2[39m=[32m"6"[39m
                  [36m/>[39m
                  [36m<line[39m
                    [33mx1[39m=[32m"4"[39m
                    [33mx2[39m=[32m"20"[39m
                    [33my1[39m=[32m"18"[39m
                    [33my2[39m=[32m"18"[39m
                  [36m/>[39m
                [36m</svg>[39m
              [36m</button>[39m
            [36m</div>[39m
          [36m</div>[39m
        [36m</div>[39m
      [36m</header>[39m
      [36m<div[39m
        [33mclass[39m=[32m"container max-w-2xl mx-auto px-6 py-8"[39m
      [36m>[39m
        [36m<div[39m
          [33mclass[39m=[32m"space-y-6"[39m
        [36m>[39m
    ...
 × src/test/warranty-ui-components.test.tsx > Warranty UI Components > Form Validation UI > should show validation error for invalid email format 12ms
   → Unable to find an element with the text: Register New Product. This could be because the text is broken up by multiple elements. In this case, you can provide a function for your text matcher to make your matcher more flexible.

Ignored nodes: comments, script, style
[36m<body>[39m
  [36m<div>[39m
    [36m<div[39m
      [33mclass[39m=[32m"min-h-screen bg-background pb-24"[39m
    [36m>[39m
      [36m<header[39m
        [33mclass[39m=[32m"sticky top-0 z-40 bg-background/95 backdrop-blur-lg border-b border-border"[39m
      [36m>[39m
        [36m<div[39m
          [33mclass[39m=[32m"container max-w-7xl mx-auto px-4 py-4"[39m
        [36m>[39m
          [36m<div[39m
            [33mclass[39m=[32m"flex items-center justify-between"[39m
          [36m>[39m
            [36m<div[39m
              [33mclass[39m=[32m"flex items-center gap-4"[39m
            [36m>[39m
              [36m<div[39m
                [33mclass[39m=[32m"flex items-center gap-3 cursor-pointer"[39m
              [36m>[39m
                [36m<img[39m
                  [33malt[39m=[32m"Test Store"[39m
                  [33mclass[39m=[32m"h-8 w-auto"[39m
                  [33msrc[39m=[32m"/test-logo.png"[39m
                [36m/>[39m
                [36m<div[39m
                  [33mclass[39m=[32m"hidden sm:flex flex-col"[39m
                [36m>[39m
                  [36m<span[39m
                    [33mclass[39m=[32m"font-semibold text-lg"[39m
                  [36m>[39m
                    [0mTest Store[0m
                  [36m</span>[39m
                  [36m<span[39m
                    [33mclass[39m=[32m"text-xs text-muted-foreground"[39m
                  [36m>[39m
                    [0mTest Store Tagline[0m
                  [36m</span>[39m
                [36m</div>[39m
              [36m</div>[39m
            [36m</div>[39m
            [36m<h1[39m
              [33mclass[39m=[32m"text-lg font-semibold hidden md:block"[39m
            [36m>[39m
              [0mWarranty[0m
            [36m</h1>[39m
            [36m<div[39m
              [33mclass[39m=[32m"flex items-center gap-4"[39m
            [36m>[39m
              [36m<button[39m
                [33mclass[39m=[32m"items-center justify-center gap-2 whitespace-nowrap text-sm font-medium ring-offset-background transition-colors focus-visible:outline-none focus-visible:ring-2 focus-visible:ring-ring focus-visible:ring-offset-2 disabled:pointer-events-none disabled:opacity-50 [&_svg]:pointer-events-none [&_svg]:size-4 [&_svg]:shrink-0 hover:bg-accent hover:text-accent-foreground h-9 rounded-md px-3 hidden sm:flex"[39m
              [36m>[39m
                [0mLogin[0m
              [36m</button>[39m
              [36m<button[39m
                [33mclass[39m=[32m"items-center justify-center gap-2 whitespace-nowrap text-sm font-medium ring-offset-background transition-colors focus-visible:outline-none focus-visible:ring-2 focus-visible:ring-ring focus-visible:ring-offset-2 disabled:pointer-events-none disabled:opacity-50 [&_svg]:pointer-events-none [&_svg]:size-4 [&_svg]:shrink-0 bg-primary text-primary-foreground hover:bg-primary/90 h-9 rounded-md px-3 hidden sm:flex"[39m
              [36m>[39m
                [36m<svg[39m
                  [33mclass[39m=[32m"lucide lucide-user-plus w-4 h-4 mr-2"[39m
                  [33mfill[39m=[32m"none"[39m
                  [33mheight[39m=[32m"24"[39m
                  [33mstroke[39m=[32m"currentColor"[39m
                  [33mstroke-linecap[39m=[32m"round"[39m
                  [33mstroke-linejoin[39m=[32m"round"[39m
                  [33mstroke-width[39m=[32m"2"[39m
                  [33mviewBox[39m=[32m"0 0 24 24"[39m
                  [33mwidth[39m=[32m"24"[39m
                  [33mxmlns[39m=[32m"http://www.w3.org/2000/svg"[39m
                [36m>[39m
                  [36m<path[39m
                    [33md[39m=[32m"M16 21v-2a4 4 0 0 0-4-4H6a4 4 0 0 0-4 4v2"[39m
                  [36m/>[39m
                  [36m<circle[39m
                    [33mcx[39m=[32m"9"[39m
                    [33mcy[39m=[32m"7"[39m
                    [33mr[39m=[32m"4"[39m
                  [36m/>[39m
                  [36m<line[39m
                    [33mx1[39m=[32m"19"[39m
                    [33mx2[39m=[32m"19"[39m
                    [33my1[39m=[32m"8"[39m
                    [33my2[39m=[32m"14"[39m
                  [36m/>[39m
                  [36m<line[39m
                    [33mx1[39m=[32m"22"[39m
                    [33mx2[39m=[32m"16"[39m
                    [33my1[39m=[32m"11"[39m
                    [33my2[39m=[32m"11"[39m
                  [36m/>[39m
                [36m</svg>[39m
                [0mRegister[0m
              [36m</button>[39m
              [36m<button[39m
                [33mclass[39m=[32m"inline-flex items-center justify-center gap-2 whitespace-nowrap text-sm font-medium ring-offset-background transition-colors focus-visible:outline-none focus-visible:ring-2 focus-visible:ring-ring focus-visible:ring-offset-2 disabled:pointer-events-none disabled:opacity-50 [&_svg]:pointer-events-none [&_svg]:size-4 [&_svg]:shrink-0 hover:bg-accent hover:text-accent-foreground h-9 rounded-md px-3 md:hidden"[39m
              [36m>[39m
                [36m<svg[39m
                  [33mclass[39m=[32m"lucide lucide-menu w-5 h-5"[39m
                  [33mfill[39m=[32m"none"[39m
                  [33mheight[39m=[32m"24"[39m
                  [33mstroke[39m=[32m"currentColor"[39m
                  [33mstroke-linecap[39m=[32m"round"[39m
                  [33mstroke-linejoin[39m=[32m"round"[39m
                  [33mstroke-width[39m=[32m"2"[39m
                  [33mviewBox[39m=[32m"0 0 24 24"[39m
                  [33mwidth[39m=[32m"24"[39m
                  [33mxmlns[39m=[32m"http://www.w3.org/2000/svg"[39m
                [36m>[39m
                  [36m<line[39m
                    [33mx1[39m=[32m"4"[39m
                    [33mx2[39m=[32m"20"[39m
                    [33my1[39m=[32m"12"[39m
                    [33my2[39m=[32m"12"[39m
                  [36m/>[39m
                  [36m<line[39m
                    [33mx1[39m=[32m"4"[39m
                    [33mx2[39m=[32m"20"[39m
                    [33my1[39m=[32m"6"[39m
                    [33my2[39m=[32m"6"[39m
                  [36m/>[39m
                  [36m<line[39m
                    [33mx1[39m=[32m"4"[39m
                    [33mx2[39m=[32m"20"[39m
                    [33my1[39m=[32m"18"[39m
                    [33my2[39m=[32m"18"[39m
                  [36m/>[39m
                [36m</svg>[39m
              [36m</button>[39m
            [36m</div>[39m
          [36m</div>[39m
        [36m</div>[39m
      [36m</header>[39m
      [36m<div[39m
        [33mclass[39m=[32m"container max-w-2xl mx-auto px-6 py-8"[39m
      [36m>[39m
        [36m<div[39m
          [33mclass[39m=[32m"space-y-6"[39m
        [36m>[39m
    ...
 × src/test/warranty-ui-components.test.tsx > Warranty UI Components > Form Validation UI > should show validation error for short barcode 10ms
   → Unable to find an element with the text: Register New Product. This could be because the text is broken up by multiple elements. In this case, you can provide a function for your text matcher to make your matcher more flexible.

Ignored nodes: comments, script, style
[36m<body>[39m
  [36m<div>[39m
    [36m<div[39m
      [33mclass[39m=[32m"min-h-screen bg-background pb-24"[39m
    [36m>[39m
      [36m<header[39m
        [33mclass[39m=[32m"sticky top-0 z-40 bg-background/95 backdrop-blur-lg border-b border-border"[39m
      [36m>[39m
        [36m<div[39m
          [33mclass[39m=[32m"container max-w-7xl mx-auto px-4 py-4"[39m
        [36m>[39m
          [36m<div[39m
            [33mclass[39m=[32m"flex items-center justify-between"[39m
          [36m>[39m
            [36m<div[39m
              [33mclass[39m=[32m"flex items-center gap-4"[39m
            [36m>[39m
              [36m<div[39m
                [33mclass[39m=[32m"flex items-center gap-3 cursor-pointer"[39m
              [36m>[39m
                [36m<img[39m
                  [33malt[39m=[32m"Test Store"[39m
                  [33mclass[39m=[32m"h-8 w-auto"[39m
                  [33msrc[39m=[32m"/test-logo.png"[39m
                [36m/>[39m
                [36m<div[39m
                  [33mclass[39m=[32m"hidden sm:flex flex-col"[39m
                [36m>[39m
                  [36m<span[39m
                    [33mclass[39m=[32m"font-semibold text-lg"[39m
                  [36m>[39m
                    [0mTest Store[0m
                  [36m</span>[39m
                  [36m<span[39m
                    [33mclass[39m=[32m"text-xs text-muted-foreground"[39m
                  [36m>[39m
                    [0mTest Store Tagline[0m
                  [36m</span>[39m
                [36m</div>[39m
              [36m</div>[39m
            [36m</div>[39m
            [36m<h1[39m
              [33mclass[39m=[32m"text-lg font-semibold hidden md:block"[39m
            [36m>[39m
              [0mWarranty[0m
            [36m</h1>[39m
            [36m<div[39m
              [33mclass[39m=[32m"flex items-center gap-4"[39m
            [36m>[39m
              [36m<button[39m
                [33mclass[39m=[32m"items-center justify-center gap-2 whitespace-nowrap text-sm font-medium ring-offset-background transition-colors focus-visible:outline-none focus-visible:ring-2 focus-visible:ring-ring focus-visible:ring-offset-2 disabled:pointer-events-none disabled:opacity-50 [&_svg]:pointer-events-none [&_svg]:size-4 [&_svg]:shrink-0 hover:bg-accent hover:text-accent-foreground h-9 rounded-md px-3 hidden sm:flex"[39m
              [36m>[39m
                [0mLogin[0m
              [36m</button>[39m
              [36m<button[39m
                [33mclass[39m=[32m"items-center justify-center gap-2 whitespace-nowrap text-sm font-medium ring-offset-background transition-colors focus-visible:outline-none focus-visible:ring-2 focus-visible:ring-ring focus-visible:ring-offset-2 disabled:pointer-events-none disabled:opacity-50 [&_svg]:pointer-events-none [&_svg]:size-4 [&_svg]:shrink-0 bg-primary text-primary-foreground hover:bg-primary/90 h-9 rounded-md px-3 hidden sm:flex"[39m
              [36m>[39m
                [36m<svg[39m
                  [33mclass[39m=[32m"lucide lucide-user-plus w-4 h-4 mr-2"[39m
                  [33mfill[39m=[32m"none"[39m
                  [33mheight[39m=[32m"24"[39m
                  [33mstroke[39m=[32m"currentColor"[39m
                  [33mstroke-linecap[39m=[32m"round"[39m
                  [33mstroke-linejoin[39m=[32m"round"[39m
                  [33mstroke-width[39m=[32m"2"[39m
                  [33mviewBox[39m=[32m"0 0 24 24"[39m
                  [33mwidth[39m=[32m"24"[39m
                  [33mxmlns[39m=[32m"http://www.w3.org/2000/svg"[39m
                [36m>[39m
                  [36m<path[39m
                    [33md[39m=[32m"M16 21v-2a4 4 0 0 0-4-4H6a4 4 0 0 0-4 4v2"[39m
                  [36m/>[39m
                  [36m<circle[39m
                    [33mcx[39m=[32m"9"[39m
                    [33mcy[39m=[32m"7"[39m
                    [33mr[39m=[32m"4"[39m
                  [36m/>[39m
                  [36m<line[39m
                    [33mx1[39m=[32m"19"[39m
                    [33mx2[39m=[32m"19"[39m
                    [33my1[39m=[32m"8"[39m
                    [33my2[39m=[32m"14"[39m
                  [36m/>[39m
                  [36m<line[39m
                    [33mx1[39m=[32m"22"[39m
                    [33mx2[39m=[32m"16"[39m
                    [33my1[39m=[32m"11"[39m
                    [33my2[39m=[32m"11"[39m
                  [36m/>[39m
                [36m</svg>[39m
                [0mRegister[0m
              [36m</button>[39m
              [36m<button[39m
                [33mclass[39m=[32m"inline-flex items-center justify-center gap-2 whitespace-nowrap text-sm font-medium ring-offset-background transition-colors focus-visible:outline-none focus-visible:ring-2 focus-visible:ring-ring focus-visible:ring-offset-2 disabled:pointer-events-none disabled:opacity-50 [&_svg]:pointer-events-none [&_svg]:size-4 [&_svg]:shrink-0 hover:bg-accent hover:text-accent-foreground h-9 rounded-md px-3 md:hidden"[39m
              [36m>[39m
                [36m<svg[39m
                  [33mclass[39m=[32m"lucide lucide-menu w-5 h-5"[39m
                  [33mfill[39m=[32m"none"[39m
                  [33mheight[39m=[32m"24"[39m
                  [33mstroke[39m=[32m"currentColor"[39m
                  [33mstroke-linecap[39m=[32m"round"[39m
                  [33mstroke-linejoin[39m=[32m"round"[39m
                  [33mstroke-width[39m=[32m"2"[39m
                  [33mviewBox[39m=[32m"0 0 24 24"[39m
                  [33mwidth[39m=[32m"24"[39m
                  [33mxmlns[39m=[32m"http://www.w3.org/2000/svg"[39m
                [36m>[39m
                  [36m<line[39m
                    [33mx1[39m=[32m"4"[39m
                    [33mx2[39m=[32m"20"[39m
                    [33my1[39m=[32m"12"[39m
                    [33my2[39m=[32m"12"[39m
                  [36m/>[39m
                  [36m<line[39m
                    [33mx1[39m=[32m"4"[39m
                    [33mx2[39m=[32m"20"[39m
                    [33my1[39m=[32m"6"[39m
                    [33my2[39m=[32m"6"[39m
                  [36m/>[39m
                  [36m<line[39m
                    [33mx1[39m=[32m"4"[39m
                    [33mx2[39m=[32m"20"[39m
                    [33my1[39m=[32m"18"[39m
                    [33my2[39m=[32m"18"[39m
                  [36m/>[39m
                [36m</svg>[39m
              [36m</button>[39m
            [36m</div>[39m
          [36m</div>[39m
        [36m</div>[39m
      [36m</header>[39m
      [36m<div[39m
        [33mclass[39m=[32m"container max-w-2xl mx-auto px-6 py-8"[39m
      [36m>[39m
        [36m<div[39m
          [33mclass[39m=[32m"space-y-6"[39m
        [36m>[39m
    ...
 × src/test/warranty-ui-components.test.tsx > Warranty UI Components > Form Validation UI > should clear validation errors when fields are corrected 15ms
   → Unable to find an element with the text: Register New Product. This could be because the text is broken up by multiple elements. In this case, you can provide a function for your text matcher to make your matcher more flexible.

Ignored nodes: comments, script, style
[36m<body>[39m
  [36m<div>[39m
    [36m<div[39m
      [33mclass[39m=[32m"min-h-screen bg-background pb-24"[39m
    [36m>[39m
      [36m<header[39m
        [33mclass[39m=[32m"sticky top-0 z-40 bg-background/95 backdrop-blur-lg border-b border-border"[39m
      [36m>[39m
        [36m<div[39m
          [33mclass[39m=[32m"container max-w-7xl mx-auto px-4 py-4"[39m
        [36m>[39m
          [36m<div[39m
            [33mclass[39m=[32m"flex items-center justify-between"[39m
          [36m>[39m
            [36m<div[39m
              [33mclass[39m=[32m"flex items-center gap-4"[39m
            [36m>[39m
              [36m<div[39m
                [33mclass[39m=[32m"flex items-center gap-3 cursor-pointer"[39m
              [36m>[39m
                [36m<img[39m
                  [33malt[39m=[32m"Test Store"[39m
                  [33mclass[39m=[32m"h-8 w-auto"[39m
                  [33msrc[39m=[32m"/test-logo.png"[39m
                [36m/>[39m
                [36m<div[39m
                  [33mclass[39m=[32m"hidden sm:flex flex-col"[39m
                [36m>[39m
                  [36m<span[39m
                    [33mclass[39m=[32m"font-semibold text-lg"[39m
                  [36m>[39m
                    [0mTest Store[0m
                  [36m</span>[39m
                  [36m<span[39m
                    [33mclass[39m=[32m"text-xs text-muted-foreground"[39m
                  [36m>[39m
                    [0mTest Store Tagline[0m
                  [36m</span>[39m
                [36m</div>[39m
              [36m</div>[39m
            [36m</div>[39m
            [36m<h1[39m
              [33mclass[39m=[32m"text-lg font-semibold hidden md:block"[39m
            [36m>[39m
              [0mWarranty[0m
            [36m</h1>[39m
            [36m<div[39m
              [33mclass[39m=[32m"flex items-center gap-4"[39m
            [36m>[39m
              [36m<button[39m
                [33mclass[39m=[32m"items-center justify-center gap-2 whitespace-nowrap text-sm font-medium ring-offset-background transition-colors focus-visible:outline-none focus-visible:ring-2 focus-visible:ring-ring focus-visible:ring-offset-2 disabled:pointer-events-none disabled:opacity-50 [&_svg]:pointer-events-none [&_svg]:size-4 [&_svg]:shrink-0 hover:bg-accent hover:text-accent-foreground h-9 rounded-md px-3 hidden sm:flex"[39m
              [36m>[39m
                [0mLogin[0m
              [36m</button>[39m
              [36m<button[39m
                [33mclass[39m=[32m"items-center justify-center gap-2 whitespace-nowrap text-sm font-medium ring-offset-background transition-colors focus-visible:outline-none focus-visible:ring-2 focus-visible:ring-ring focus-visible:ring-offset-2 disabled:pointer-events-none disabled:opacity-50 [&_svg]:pointer-events-none [&_svg]:size-4 [&_svg]:shrink-0 bg-primary text-primary-foreground hover:bg-primary/90 h-9 rounded-md px-3 hidden sm:flex"[39m
              [36m>[39m
                [36m<svg[39m
                  [33mclass[39m=[32m"lucide lucide-user-plus w-4 h-4 mr-2"[39m
                  [33mfill[39m=[32m"none"[39m
                  [33mheight[39m=[32m"24"[39m
                  [33mstroke[39m=[32m"currentColor"[39m
                  [33mstroke-linecap[39m=[32m"round"[39m
                  [33mstroke-linejoin[39m=[32m"round"[39m
                  [33mstroke-width[39m=[32m"2"[39m
                  [33mviewBox[39m=[32m"0 0 24 24"[39m
                  [33mwidth[39m=[32m"24"[39m
                  [33mxmlns[39m=[32m"http://www.w3.org/2000/svg"[39m
                [36m>[39m
                  [36m<path[39m
                    [33md[39m=[32m"M16 21v-2a4 4 0 0 0-4-4H6a4 4 0 0 0-4 4v2"[39m
                  [36m/>[39m
                  [36m<circle[39m
                    [33mcx[39m=[32m"9"[39m
                    [33mcy[39m=[32m"7"[39m
                    [33mr[39m=[32m"4"[39m
                  [36m/>[39m
                  [36m<line[39m
                    [33mx1[39m=[32m"19"[39m
                    [33mx2[39m=[32m"19"[39m
                    [33my1[39m=[32m"8"[39m
                    [33my2[39m=[32m"14"[39m
                  [36m/>[39m
                  [36m<line[39m
                    [33mx1[39m=[32m"22"[39m
                    [33mx2[39m=[32m"16"[39m
                    [33my1[39m=[32m"11"[39m
                    [33my2[39m=[32m"11"[39m
                  [36m/>[39m
                [36m</svg>[39m
                [0mRegister[0m
              [36m</button>[39m
              [36m<button[39m
                [33mclass[39m=[32m"inline-flex items-center justify-center gap-2 whitespace-nowrap text-sm font-medium ring-offset-background transition-colors focus-visible:outline-none focus-visible:ring-2 focus-visible:ring-ring focus-visible:ring-offset-2 disabled:pointer-events-none disabled:opacity-50 [&_svg]:pointer-events-none [&_svg]:size-4 [&_svg]:shrink-0 hover:bg-accent hover:text-accent-foreground h-9 rounded-md px-3 md:hidden"[39m
              [36m>[39m
                [36m<svg[39m
                  [33mclass[39m=[32m"lucide lucide-menu w-5 h-5"[39m
                  [33mfill[39m=[32m"none"[39m
                  [33mheight[39m=[32m"24"[39m
                  [33mstroke[39m=[32m"currentColor"[39m
                  [33mstroke-linecap[39m=[32m"round"[39m
                  [33mstroke-linejoin[39m=[32m"round"[39m
                  [33mstroke-width[39m=[32m"2"[39m
                  [33mviewBox[39m=[32m"0 0 24 24"[39m
                  [33mwidth[39m=[32m"24"[39m
                  [33mxmlns[39m=[32m"http://www.w3.org/2000/svg"[39m
                [36m>[39m
                  [36m<line[39m
                    [33mx1[39m=[32m"4"[39m
                    [33mx2[39m=[32m"20"[39m
                    [33my1[39m=[32m"12"[39m
                    [33my2[39m=[32m"12"[39m
                  [36m/>[39m
                  [36m<line[39m
                    [33mx1[39m=[32m"4"[39m
                    [33mx2[39m=[32m"20"[39m
                    [33my1[39m=[32m"6"[39m
                    [33my2[39m=[32m"6"[39m
                  [36m/>[39m
                  [36m<line[39m
                    [33mx1[39m=[32m"4"[39m
                    [33mx2[39m=[32m"20"[39m
                    [33my1[39m=[32m"18"[39m
                    [33my2[39m=[32m"18"[39m
                  [36m/>[39m
                [36m</svg>[39m
              [36m</button>[39m
            [36m</div>[39m
          [36m</div>[39m
        [36m</div>[39m
      [36m</header>[39m
      [36m<div[39m
        [33mclass[39m=[32m"container max-w-2xl mx-auto px-6 py-8"[39m
      [36m>[39m
        [36m<div[39m
          [33mclass[39m=[32m"space-y-6"[39m
        [36m>[39m
    ...
stderr | src/test/warranty-ui-components.test.tsx > Warranty UI Components > Accessibility > should support keyboard navigation
Warning: An update to Warranty inside a test was not wrapped in act(...).

When testing, code that causes React state updates should be wrapped into act(...):

act(() => {
  /* fire events that update state */
});
/* assert on the output */

This ensures that you're testing the behavior the user would see in the browser. Learn more at https://reactjs.org/link/wrap-tests-with-act
    at Warranty (/home/aswin/Works/kirimku/smartseller-storefront/src/pages/Warranty.tsx:143:65)
    at Router (/home/aswin/Works/kirimku/smartseller-storefront/node_modules/react-router/dist/umd/react-router.development.js:1207:17)
    at BrowserRouter (/home/aswin/Works/kirimku/smartseller-storefront/node_modules/react-router-dom/dist/umd/react-router-dom.development.js:695:7)
    at AllTheProviders (/home/aswin/Works/kirimku/smartseller-storefront/src/test/test-utils.tsx:186:28)
Warning: An update to Warranty inside a test was not wrapped in act(...).

When testing, code that causes React state updates should be wrapped into act(...):

act(() => {
  /* fire events that update state */
});
/* assert on the output */

This ensures that you're testing the behavior the user would see in the browser. Learn more at https://reactjs.org/link/wrap-tests-with-act
    at Warranty (/home/aswin/Works/kirimku/smartseller-storefront/src/pages/Warranty.tsx:143:65)
    at Router (/home/aswin/Works/kirimku/smartseller-storefront/node_modules/react-router/dist/umd/react-router.development.js:1207:17)
    at BrowserRouter (/home/aswin/Works/kirimku/smartseller-storefront/node_modules/react-router-dom/dist/umd/react-router-dom.development.js:695:7)
    at AllTheProviders (/home/aswin/Works/kirimku/smartseller-storefront/src/test/test-utils.tsx:186:28)

stderr | src/test/warranty-ui-components.test.tsx > Warranty UI Components > Accessibility > should announce validation errors to screen readers
Warning: An update to Warranty inside a test was not wrapped in act(...).

When testing, code that causes React state updates should be wrapped into act(...):

act(() => {
  /* fire events that update state */
});
/* assert on the output */

This ensures that you're testing the behavior the user would see in the browser. Learn more at https://reactjs.org/link/wrap-tests-with-act
    at Warranty (/home/aswin/Works/kirimku/smartseller-storefront/src/pages/Warranty.tsx:143:65)
    at Router (/home/aswin/Works/kirimku/smartseller-storefront/node_modules/react-router/dist/umd/react-router.development.js:1207:17)
    at BrowserRouter (/home/aswin/Works/kirimku/smartseller-storefront/node_modules/react-router-dom/dist/umd/react-router-dom.development.js:695:7)
    at AllTheProviders (/home/aswin/Works/kirimku/smartseller-storefront/src/test/test-utils.tsx:186:28)
Warning: An update to Warranty inside a test was not wrapped in act(...).

When testing, code that causes React state updates should be wrapped into act(...):

act(() => {
  /* fire events that update state */
});
/* assert on the output */

This ensures that you're testing the behavior the user would see in the browser. Learn more at https://reactjs.org/link/wrap-tests-with-act
    at Warranty (/home/aswin/Works/kirimku/smartseller-storefront/src/pages/Warranty.tsx:143:65)
    at Router (/home/aswin/Works/kirimku/smartseller-storefront/node_modules/react-router/dist/umd/react-router.development.js:1207:17)
    at BrowserRouter (/home/aswin/Works/kirimku/smartseller-storefront/node_modules/react-router-dom/dist/umd/react-router-dom.development.js:695:7)
    at AllTheProviders (/home/aswin/Works/kirimku/smartseller-storefront/src/test/test-utils.tsx:186:28)

 × src/test/warranty-ui-components.test.tsx > Warranty UI Components > Success and Error States > should show success message after successful registration 18ms
   → Unable to find an element with the text: Register New Product. This could be because the text is broken up by multiple elements. In this case, you can provide a function for your text matcher to make your matcher more flexible.

Ignored nodes: comments, script, style
[36m<body>[39m
  [36m<div>[39m
    [36m<div[39m
      [33mclass[39m=[32m"min-h-screen bg-background pb-24"[39m
    [36m>[39m
      [36m<header[39m
        [33mclass[39m=[32m"sticky top-0 z-40 bg-background/95 backdrop-blur-lg border-b border-border"[39m
      [36m>[39m
        [36m<div[39m
          [33mclass[39m=[32m"container max-w-7xl mx-auto px-4 py-4"[39m
        [36m>[39m
          [36m<div[39m
            [33mclass[39m=[32m"flex items-center justify-between"[39m
          [36m>[39m
            [36m<div[39m
              [33mclass[39m=[32m"flex items-center gap-4"[39m
            [36m>[39m
              [36m<div[39m
                [33mclass[39m=[32m"flex items-center gap-3 cursor-pointer"[39m
              [36m>[39m
                [36m<img[39m
                  [33malt[39m=[32m"Test Store"[39m
                  [33mclass[39m=[32m"h-8 w-auto"[39m
                  [33msrc[39m=[32m"/test-logo.png"[39m
                [36m/>[39m
                [36m<div[39m
                  [33mclass[39m=[32m"hidden sm:flex flex-col"[39m
                [36m>[39m
                  [36m<span[39m
                    [33mclass[39m=[32m"font-semibold text-lg"[39m
                  [36m>[39m
                    [0mTest Store[0m
                  [36m</span>[39m
                  [36m<span[39m
                    [33mclass[39m=[32m"text-xs text-muted-foreground"[39m
                  [36m>[39m
                    [0mTest Store Tagline[0m
                  [36m</span>[39m
                [36m</div>[39m
              [36m</div>[39m
            [36m</div>[39m
            [36m<h1[39m
              [33mclass[39m=[32m"text-lg font-semibold hidden md:block"[39m
            [36m>[39m
              [0mWarranty[0m
            [36m</h1>[39m
            [36m<div[39m
              [33mclass[39m=[32m"flex items-center gap-4"[39m
            [36m>[39m
              [36m<button[39m
                [33mclass[39m=[32m"items-center justify-center gap-2 whitespace-nowrap text-sm font-medium ring-offset-background transition-colors focus-visible:outline-none focus-visible:ring-2 focus-visible:ring-ring focus-visible:ring-offset-2 disabled:pointer-events-none disabled:opacity-50 [&_svg]:pointer-events-none [&_svg]:size-4 [&_svg]:shrink-0 hover:bg-accent hover:text-accent-foreground h-9 rounded-md px-3 hidden sm:flex"[39m
              [36m>[39m
                [0mLogin[0m
              [36m</button>[39m
              [36m<button[39m
                [33mclass[39m=[32m"items-center justify-center gap-2 whitespace-nowrap text-sm font-medium ring-offset-background transition-colors focus-visible:outline-none focus-visible:ring-2 focus-visible:ring-ring focus-visible:ring-offset-2 disabled:pointer-events-none disabled:opacity-50 [&_svg]:pointer-events-none [&_svg]:size-4 [&_svg]:shrink-0 bg-primary text-primary-foreground hover:bg-primary/90 h-9 rounded-md px-3 hidden sm:flex"[39m
              [36m>[39m
                [36m<svg[39m
                  [33mclass[39m=[32m"lucide lucide-user-plus w-4 h-4 mr-2"[39m
                  [33mfill[39m=[32m"none"[39m
                  [33mheight[39m=[32m"24"[39m
                  [33mstroke[39m=[32m"currentColor"[39m
                  [33mstroke-linecap[39m=[32m"round"[39m
                  [33mstroke-linejoin[39m=[32m"round"[39m
                  [33mstroke-width[39m=[32m"2"[39m
                  [33mviewBox[39m=[32m"0 0 24 24"[39m
                  [33mwidth[39m=[32m"24"[39m
                  [33mxmlns[39m=[32m"http://www.w3.org/2000/svg"[39m
                [36m>[39m
                  [36m<path[39m
                    [33md[39m=[32m"M16 21v-2a4 4 0 0 0-4-4H6a4 4 0 0 0-4 4v2"[39m
                  [36m/>[39m
                  [36m<circle[39m
                    [33mcx[39m=[32m"9"[39m
                    [33mcy[39m=[32m"7"[39m
                    [33mr[39m=[32m"4"[39m
                  [36m/>[39m
                  [36m<line[39m
                    [33mx1[39m=[32m"19"[39m
                    [33mx2[39m=[32m"19"[39m
                    [33my1[39m=[32m"8"[39m
                    [33my2[39m=[32m"14"[39m
                  [36m/>[39m
                  [36m<line[39m
                    [33mx1[39m=[32m"22"[39m
                    [33mx2[39m=[32m"16"[39m
                    [33my1[39m=[32m"11"[39m
                    [33my2[39m=[32m"11"[39m
                  [36m/>[39m
                [36m</svg>[39m
                [0mRegister[0m
              [36m</button>[39m
              [36m<button[39m
                [33mclass[39m=[32m"inline-flex items-center justify-center gap-2 whitespace-nowrap text-sm font-medium ring-offset-background transition-colors focus-visible:outline-none focus-visible:ring-2 focus-visible:ring-ring focus-visible:ring-offset-2 disabled:pointer-events-none disabled:opacity-50 [&_svg]:pointer-events-none [&_svg]:size-4 [&_svg]:shrink-0 hover:bg-accent hover:text-accent-foreground h-9 rounded-md px-3 md:hidden"[39m
              [36m>[39m
                [36m<svg[39m
                  [33mclass[39m=[32m"lucide lucide-menu w-5 h-5"[39m
                  [33mfill[39m=[32m"none"[39m
                  [33mheight[39m=[32m"24"[39m
                  [33mstroke[39m=[32m"currentColor"[39m
                  [33mstroke-linecap[39m=[32m"round"[39m
                  [33mstroke-linejoin[39m=[32m"round"[39m
                  [33mstroke-width[39m=[32m"2"[39m
                  [33mviewBox[39m=[32m"0 0 24 24"[39m
                  [33mwidth[39m=[32m"24"[39m
                  [33mxmlns[39m=[32m"http://www.w3.org/2000/svg"[39m
                [36m>[39m
                  [36m<line[39m
                    [33mx1[39m=[32m"4"[39m
                    [33mx2[39m=[32m"20"[39m
                    [33my1[39m=[32m"12"[39m
                    [33my2[39m=[32m"12"[39m
                  [36m/>[39m
                  [36m<line[39m
                    [33mx1[39m=[32m"4"[39m
                    [33mx2[39m=[32m"20"[39m
                    [33my1[39m=[32m"6"[39m
                    [33my2[39m=[32m"6"[39m
                  [36m/>[39m
                  [36m<line[39m
                    [33mx1[39m=[32m"4"[39m
                    [33mx2[39m=[32m"20"[39m
                    [33my1[39m=[32m"18"[39m
                    [33my2[39m=[32m"18"[39m
                  [36m/>[39m
                [36m</svg>[39m
              [36m</button>[39m
            [36m</div>[39m
          [36m</div>[39m
        [36m</div>[39m
      [36m</header>[39m
      [36m<div[39m
        [33mclass[39m=[32m"container max-w-2xl mx-auto px-6 py-8"[39m
      [36m>[39m
        [36m<div[39m
          [33mclass[39m=[32m"space-y-6"[39m
        [36m>[39m
    ...
 × src/test/warranty-ui-components.test.tsx > Warranty UI Components > Success and Error States > should show error message when registration fails 12ms
   → Unable to find an element with the text: Register New Product. This could be because the text is broken up by multiple elements. In this case, you can provide a function for your text matcher to make your matcher more flexible.

Ignored nodes: comments, script, style
[36m<body>[39m
  [36m<div>[39m
    [36m<div[39m
      [33mclass[39m=[32m"min-h-screen bg-background pb-24"[39m
    [36m>[39m
      [36m<header[39m
        [33mclass[39m=[32m"sticky top-0 z-40 bg-background/95 backdrop-blur-lg border-b border-border"[39m
      [36m>[39m
        [36m<div[39m
          [33mclass[39m=[32m"container max-w-7xl mx-auto px-4 py-4"[39m
        [36m>[39m
          [36m<div[39m
            [33mclass[39m=[32m"flex items-center justify-between"[39m
          [36m>[39m
            [36m<div[39m
              [33mclass[39m=[32m"flex items-center gap-4"[39m
            [36m>[39m
              [36m<div[39m
                [33mclass[39m=[32m"flex items-center gap-3 cursor-pointer"[39m
              [36m>[39m
                [36m<img[39m
                  [33malt[39m=[32m"Test Store"[39m
                  [33mclass[39m=[32m"h-8 w-auto"[39m
                  [33msrc[39m=[32m"/test-logo.png"[39m
                [36m/>[39m
                [36m<div[39m
                  [33mclass[39m=[32m"hidden sm:flex flex-col"[39m
                [36m>[39m
                  [36m<span[39m
                    [33mclass[39m=[32m"font-semibold text-lg"[39m
                  [36m>[39m
                    [0mTest Store[0m
                  [36m</span>[39m
                  [36m<span[39m
                    [33mclass[39m=[32m"text-xs text-muted-foreground"[39m
                  [36m>[39m
                    [0mTest Store Tagline[0m
                  [36m</span>[39m
                [36m</div>[39m
              [36m</div>[39m
            [36m</div>[39m
            [36m<h1[39m
              [33mclass[39m=[32m"text-lg font-semibold hidden md:block"[39m
            [36m>[39m
              [0mWarranty[0m
            [36m</h1>[39m
            [36m<div[39m
              [33mclass[39m=[32m"flex items-center gap-4"[39m
            [36m>[39m
              [36m<button[39m
                [33mclass[39m=[32m"items-center justify-center gap-2 whitespace-nowrap text-sm font-medium ring-offset-background transition-colors focus-visible:outline-none focus-visible:ring-2 focus-visible:ring-ring focus-visible:ring-offset-2 disabled:pointer-events-none disabled:opacity-50 [&_svg]:pointer-events-none [&_svg]:size-4 [&_svg]:shrink-0 hover:bg-accent hover:text-accent-foreground h-9 rounded-md px-3 hidden sm:flex"[39m
              [36m>[39m
                [0mLogin[0m
              [36m</button>[39m
              [36m<button[39m
                [33mclass[39m=[32m"items-center justify-center gap-2 whitespace-nowrap text-sm font-medium ring-offset-background transition-colors focus-visible:outline-none focus-visible:ring-2 focus-visible:ring-ring focus-visible:ring-offset-2 disabled:pointer-events-none disabled:opacity-50 [&_svg]:pointer-events-none [&_svg]:size-4 [&_svg]:shrink-0 bg-primary text-primary-foreground hover:bg-primary/90 h-9 rounded-md px-3 hidden sm:flex"[39m
              [36m>[39m
                [36m<svg[39m
                  [33mclass[39m=[32m"lucide lucide-user-plus w-4 h-4 mr-2"[39m
                  [33mfill[39m=[32m"none"[39m
                  [33mheight[39m=[32m"24"[39m
                  [33mstroke[39m=[32m"currentColor"[39m
                  [33mstroke-linecap[39m=[32m"round"[39m
                  [33mstroke-linejoin[39m=[32m"round"[39m
                  [33mstroke-width[39m=[32m"2"[39m
                  [33mviewBox[39m=[32m"0 0 24 24"[39m
                  [33mwidth[39m=[32m"24"[39m
                  [33mxmlns[39m=[32m"http://www.w3.org/2000/svg"[39m
                [36m>[39m
                  [36m<path[39m
                    [33md[39m=[32m"M16 21v-2a4 4 0 0 0-4-4H6a4 4 0 0 0-4 4v2"[39m
                  [36m/>[39m
                  [36m<circle[39m
                    [33mcx[39m=[32m"9"[39m
                    [33mcy[39m=[32m"7"[39m
                    [33mr[39m=[32m"4"[39m
                  [36m/>[39m
                  [36m<line[39m
                    [33mx1[39m=[32m"19"[39m
                    [33mx2[39m=[32m"19"[39m
                    [33my1[39m=[32m"8"[39m
                    [33my2[39m=[32m"14"[39m
                  [36m/>[39m
                  [36m<line[39m
                    [33mx1[39m=[32m"22"[39m
                    [33mx2[39m=[32m"16"[39m
                    [33my1[39m=[32m"11"[39m
                    [33my2[39m=[32m"11"[39m
                  [36m/>[39m
                [36m</svg>[39m
                [0mRegister[0m
              [36m</button>[39m
              [36m<button[39m
                [33mclass[39m=[32m"inline-flex items-center justify-center gap-2 whitespace-nowrap text-sm font-medium ring-offset-background transition-colors focus-visible:outline-none focus-visible:ring-2 focus-visible:ring-ring focus-visible:ring-offset-2 disabled:pointer-events-none disabled:opacity-50 [&_svg]:pointer-events-none [&_svg]:size-4 [&_svg]:shrink-0 hover:bg-accent hover:text-accent-foreground h-9 rounded-md px-3 md:hidden"[39m
              [36m>[39m
                [36m<svg[39m
                  [33mclass[39m=[32m"lucide lucide-menu w-5 h-5"[39m
                  [33mfill[39m=[32m"none"[39m
                  [33mheight[39m=[32m"24"[39m
                  [33mstroke[39m=[32m"currentColor"[39m
                  [33mstroke-linecap[39m=[32m"round"[39m
                  [33mstroke-linejoin[39m=[32m"round"[39m
                  [33mstroke-width[39m=[32m"2"[39m
                  [33mviewBox[39m=[32m"0 0 24 24"[39m
                  [33mwidth[39m=[32m"24"[39m
                  [33mxmlns[39m=[32m"http://www.w3.org/2000/svg"[39m
                [36m>[39m
                  [36m<line[39m
                    [33mx1[39m=[32m"4"[39m
                    [33mx2[39m=[32m"20"[39m
                    [33my1[39m=[32m"12"[39m
                    [33my2[39m=[32m"12"[39m
                  [36m/>[39m
                  [36m<line[39m
                    [33mx1[39m=[32m"4"[39m
                    [33mx2[39m=[32m"20"[39m
                    [33my1[39m=[32m"6"[39m
                    [33my2[39m=[32m"6"[39m
                  [36m/>[39m
                  [36m<line[39m
                    [33mx1[39m=[32m"4"[39m
                    [33mx2[39m=[32m"20"[39m
                    [33my1[39m=[32m"18"[39m
                    [33my2[39m=[32m"18"[39m
                  [36m/>[39m
                [36m</svg>[39m
              [36m</button>[39m
            [36m</div>[39m
          [36m</div>[39m
        [36m</div>[39m
      [36m</header>[39m
      [36m<div[39m
        [33mclass[39m=[32m"container max-w-2xl mx-auto px-6 py-8"[39m
      [36m>[39m
        [36m<div[39m
          [33mclass[39m=[32m"space-y-6"[39m
        [36m>[39m
    ...
 × src/test/warranty-ui-components.test.tsx > Warranty UI Components > Success and Error States > should handle network errors gracefully 16ms
   → Unable to find an element with the text: Register New Product. This could be because the text is broken up by multiple elements. In this case, you can provide a function for your text matcher to make your matcher more flexible.

Ignored nodes: comments, script, style
[36m<body>[39m
  [36m<div>[39m
    [36m<div[39m
      [33mclass[39m=[32m"min-h-screen bg-background pb-24"[39m
    [36m>[39m
      [36m<header[39m
        [33mclass[39m=[32m"sticky top-0 z-40 bg-background/95 backdrop-blur-lg border-b border-border"[39m
      [36m>[39m
        [36m<div[39m
          [33mclass[39m=[32m"container max-w-7xl mx-auto px-4 py-4"[39m
        [36m>[39m
          [36m<div[39m
            [33mclass[39m=[32m"flex items-center justify-between"[39m
          [36m>[39m
            [36m<div[39m
              [33mclass[39m=[32m"flex items-center gap-4"[39m
            [36m>[39m
              [36m<div[39m
                [33mclass[39m=[32m"flex items-center gap-3 cursor-pointer"[39m
              [36m>[39m
                [36m<img[39m
                  [33malt[39m=[32m"Test Store"[39m
                  [33mclass[39m=[32m"h-8 w-auto"[39m
                  [33msrc[39m=[32m"/test-logo.png"[39m
                [36m/>[39m
                [36m<div[39m
                  [33mclass[39m=[32m"hidden sm:flex flex-col"[39m
                [36m>[39m
                  [36m<span[39m
                    [33mclass[39m=[32m"font-semibold text-lg"[39m
                  [36m>[39m
                    [0mTest Store[0m
                  [36m</span>[39m
                  [36m<span[39m
                    [33mclass[39m=[32m"text-xs text-muted-foreground"[39m
                  [36m>[39m
                    [0mTest Store Tagline[0m
                  [36m</span>[39m
                [36m</div>[39m
              [36m</div>[39m
            [36m</div>[39m
            [36m<h1[39m
              [33mclass[39m=[32m"text-lg font-semibold hidden md:block"[39m
            [36m>[39m
              [0mWarranty[0m
            [36m</h1>[39m
            [36m<div[39m
              [33mclass[39m=[32m"flex items-center gap-4"[39m
            [36m>[39m
              [36m<button[39m
                [33mclass[39m=[32m"items-center justify-center gap-2 whitespace-nowrap text-sm font-medium ring-offset-background transition-colors focus-visible:outline-none focus-visible:ring-2 focus-visible:ring-ring focus-visible:ring-offset-2 disabled:pointer-events-none disabled:opacity-50 [&_svg]:pointer-events-none [&_svg]:size-4 [&_svg]:shrink-0 hover:bg-accent hover:text-accent-foreground h-9 rounded-md px-3 hidden sm:flex"[39m
              [36m>[39m
                [0mLogin[0m
              [36m</button>[39m
              [36m<button[39m
                [33mclass[39m=[32m"items-center justify-center gap-2 whitespace-nowrap text-sm font-medium ring-offset-background transition-colors focus-visible:outline-none focus-visible:ring-2 focus-visible:ring-ring focus-visible:ring-offset-2 disabled:pointer-events-none disabled:opacity-50 [&_svg]:pointer-events-none [&_svg]:size-4 [&_svg]:shrink-0 bg-primary text-primary-foreground hover:bg-primary/90 h-9 rounded-md px-3 hidden sm:flex"[39m
              [36m>[39m
                [36m<svg[39m
                  [33mclass[39m=[32m"lucide lucide-user-plus w-4 h-4 mr-2"[39m
                  [33mfill[39m=[32m"none"[39m
                  [33mheight[39m=[32m"24"[39m
                  [33mstroke[39m=[32m"currentColor"[39m
                  [33mstroke-linecap[39m=[32m"round"[39m
                  [33mstroke-linejoin[39m=[32m"round"[39m
                  [33mstroke-width[39m=[32m"2"[39m
                  [33mviewBox[39m=[32m"0 0 24 24"[39m
                  [33mwidth[39m=[32m"24"[39m
                  [33mxmlns[39m=[32m"http://www.w3.org/2000/svg"[39m
                [36m>[39m
                  [36m<path[39m
                    [33md[39m=[32m"M16 21v-2a4 4 0 0 0-4-4H6a4 4 0 0 0-4 4v2"[39m
                  [36m/>[39m
                  [36m<circle[39m
                    [33mcx[39m=[32m"9"[39m
                    [33mcy[39m=[32m"7"[39m
                    [33mr[39m=[32m"4"[39m
                  [36m/>[39m
                  [36m<line[39m
                    [33mx1[39m=[32m"19"[39m
                    [33mx2[39m=[32m"19"[39m
                    [33my1[39m=[32m"8"[39m
                    [33my2[39m=[32m"14"[39m
                  [36m/>[39m
                  [36m<line[39m
                    [33mx1[39m=[32m"22"[39m
                    [33mx2[39m=[32m"16"[39m
                    [33my1[39m=[32m"11"[39m
                    [33my2[39m=[32m"11"[39m
                  [36m/>[39m
                [36m</svg>[39m
                [0mRegister[0m
              [36m</button>[39m
              [36m<button[39m
                [33mclass[39m=[32m"inline-flex items-center justify-center gap-2 whitespace-nowrap text-sm font-medium ring-offset-background transition-colors focus-visible:outline-none focus-visible:ring-2 focus-visible:ring-ring focus-visible:ring-offset-2 disabled:pointer-events-none disabled:opacity-50 [&_svg]:pointer-events-none [&_svg]:size-4 [&_svg]:shrink-0 hover:bg-accent hover:text-accent-foreground h-9 rounded-md px-3 md:hidden"[39m
              [36m>[39m
                [36m<svg[39m
                  [33mclass[39m=[32m"lucide lucide-menu w-5 h-5"[39m
                  [33mfill[39m=[32m"none"[39m
                  [33mheight[39m=[32m"24"[39m
                  [33mstroke[39m=[32m"currentColor"[39m
                  [33mstroke-linecap[39m=[32m"round"[39m
                  [33mstroke-linejoin[39m=[32m"round"[39m
                  [33mstroke-width[39m=[32m"2"[39m
                  [33mviewBox[39m=[32m"0 0 24 24"[39m
                  [33mwidth[39m=[32m"24"[39m
                  [33mxmlns[39m=[32m"http://www.w3.org/2000/svg"[39m
                [36m>[39m
                  [36m<line[39m
                    [33mx1[39m=[32m"4"[39m
                    [33mx2[39m=[32m"20"[39m
                    [33my1[39m=[32m"12"[39m
                    [33my2[39m=[32m"12"[39m
                  [36m/>[39m
                  [36m<line[39m
                    [33mx1[39m=[32m"4"[39m
                    [33mx2[39m=[32m"20"[39m
                    [33my1[39m=[32m"6"[39m
                    [33my2[39m=[32m"6"[39m
                  [36m/>[39m
                  [36m<line[39m
                    [33mx1[39m=[32m"4"[39m
                    [33mx2[39m=[32m"20"[39m
                    [33my1[39m=[32m"18"[39m
                    [33my2[39m=[32m"18"[39m
                  [36m/>[39m
                [36m</svg>[39m
              [36m</button>[39m
            [36m</div>[39m
          [36m</div>[39m
        [36m</div>[39m
      [36m</header>[39m
      [36m<div[39m
        [33mclass[39m=[32m"container max-w-2xl mx-auto px-6 py-8"[39m
      [36m>[39m
        [36m<div[39m
          [33mclass[39m=[32m"space-y-6"[39m
        [36m>[39m
    ...
 × src/test/warranty-ui-components.test.tsx > Warranty UI Components > Accessibility > should have proper form labels and accessibility attributes 19ms
   → Unable to find an element with the text: Register New Product. This could be because the text is broken up by multiple elements. In this case, you can provide a function for your text matcher to make your matcher more flexible.

Ignored nodes: comments, script, style
[36m<body>[39m
  [36m<div>[39m
    [36m<div[39m
      [33mclass[39m=[32m"min-h-screen bg-background pb-24"[39m
    [36m>[39m
      [36m<header[39m
        [33mclass[39m=[32m"sticky top-0 z-40 bg-background/95 backdrop-blur-lg border-b border-border"[39m
      [36m>[39m
        [36m<div[39m
          [33mclass[39m=[32m"container max-w-7xl mx-auto px-4 py-4"[39m
        [36m>[39m
          [36m<div[39m
            [33mclass[39m=[32m"flex items-center justify-between"[39m
          [36m>[39m
            [36m<div[39m
              [33mclass[39m=[32m"flex items-center gap-4"[39m
            [36m>[39m
              [36m<div[39m
                [33mclass[39m=[32m"flex items-center gap-3 cursor-pointer"[39m
              [36m>[39m
                [36m<img[39m
                  [33malt[39m=[32m"Test Store"[39m
                  [33mclass[39m=[32m"h-8 w-auto"[39m
                  [33msrc[39m=[32m"/test-logo.png"[39m
                [36m/>[39m
                [36m<div[39m
                  [33mclass[39m=[32m"hidden sm:flex flex-col"[39m
                [36m>[39m
                  [36m<span[39m
                    [33mclass[39m=[32m"font-semibold text-lg"[39m
                  [36m>[39m
                    [0mTest Store[0m
                  [36m</span>[39m
                  [36m<span[39m
                    [33mclass[39m=[32m"text-xs text-muted-foreground"[39m
                  [36m>[39m
                    [0mTest Store Tagline[0m
                  [36m</span>[39m
                [36m</div>[39m
              [36m</div>[39m
            [36m</div>[39m
            [36m<h1[39m
              [33mclass[39m=[32m"text-lg font-semibold hidden md:block"[39m
            [36m>[39m
              [0mWarranty[0m
            [36m</h1>[39m
            [36m<div[39m
              [33mclass[39m=[32m"flex items-center gap-4"[39m
            [36m>[39m
              [36m<button[39m
                [33mclass[39m=[32m"items-center justify-center gap-2 whitespace-nowrap text-sm font-medium ring-offset-background transition-colors focus-visible:outline-none focus-visible:ring-2 focus-visible:ring-ring focus-visible:ring-offset-2 disabled:pointer-events-none disabled:opacity-50 [&_svg]:pointer-events-none [&_svg]:size-4 [&_svg]:shrink-0 hover:bg-accent hover:text-accent-foreground h-9 rounded-md px-3 hidden sm:flex"[39m
              [36m>[39m
                [0mLogin[0m
              [36m</button>[39m
              [36m<button[39m
                [33mclass[39m=[32m"items-center justify-center gap-2 whitespace-nowrap text-sm font-medium ring-offset-background transition-colors focus-visible:outline-none focus-visible:ring-2 focus-visible:ring-ring focus-visible:ring-offset-2 disabled:pointer-events-none disabled:opacity-50 [&_svg]:pointer-events-none [&_svg]:size-4 [&_svg]:shrink-0 bg-primary text-primary-foreground hover:bg-primary/90 h-9 rounded-md px-3 hidden sm:flex"[39m
              [36m>[39m
                [36m<svg[39m
                  [33mclass[39m=[32m"lucide lucide-user-plus w-4 h-4 mr-2"[39m
                  [33mfill[39m=[32m"none"[39m
                  [33mheight[39m=[32m"24"[39m
                  [33mstroke[39m=[32m"currentColor"[39m
                  [33mstroke-linecap[39m=[32m"round"[39m
                  [33mstroke-linejoin[39m=[32m"round"[39m
                  [33mstroke-width[39m=[32m"2"[39m
                  [33mviewBox[39m=[32m"0 0 24 24"[39m
                  [33mwidth[39m=[32m"24"[39m
                  [33mxmlns[39m=[32m"http://www.w3.org/2000/svg"[39m
                [36m>[39m
                  [36m<path[39m
                    [33md[39m=[32m"M16 21v-2a4 4 0 0 0-4-4H6a4 4 0 0 0-4 4v2"[39m
                  [36m/>[39m
                  [36m<circle[39m
                    [33mcx[39m=[32m"9"[39m
                    [33mcy[39m=[32m"7"[39m
                    [33mr[39m=[32m"4"[39m
                  [36m/>[39m
                  [36m<line[39m
                    [33mx1[39m=[32m"19"[39m
                    [33mx2[39m=[32m"19"[39m
                    [33my1[39m=[32m"8"[39m
                    [33my2[39m=[32m"14"[39m
                  [36m/>[39m
                  [36m<line[39m
                    [33mx1[39m=[32m"22"[39m
                    [33mx2[39m=[32m"16"[39m
                    [33my1[39m=[32m"11"[39m
                    [33my2[39m=[32m"11"[39m
                  [36m/>[39m
                [36m</svg>[39m
                [0mRegister[0m
              [36m</button>[39m
              [36m<button[39m
                [33mclass[39m=[32m"inline-flex items-center justify-center gap-2 whitespace-nowrap text-sm font-medium ring-offset-background transition-colors focus-visible:outline-none focus-visible:ring-2 focus-visible:ring-ring focus-visible:ring-offset-2 disabled:pointer-events-none disabled:opacity-50 [&_svg]:pointer-events-none [&_svg]:size-4 [&_svg]:shrink-0 hover:bg-accent hover:text-accent-foreground h-9 rounded-md px-3 md:hidden"[39m
              [36m>[39m
                [36m<svg[39m
                  [33mclass[39m=[32m"lucide lucide-menu w-5 h-5"[39m
                  [33mfill[39m=[32m"none"[39m
                  [33mheight[39m=[32m"24"[39m
                  [33mstroke[39m=[32m"currentColor"[39m
                  [33mstroke-linecap[39m=[32m"round"[39m
                  [33mstroke-linejoin[39m=[32m"round"[39m
                  [33mstroke-width[39m=[32m"2"[39m
                  [33mviewBox[39m=[32m"0 0 24 24"[39m
                  [33mwidth[39m=[32m"24"[39m
                  [33mxmlns[39m=[32m"http://www.w3.org/2000/svg"[39m
                [36m>[39m
                  [36m<line[39m
                    [33mx1[39m=[32m"4"[39m
                    [33mx2[39m=[32m"20"[39m
                    [33my1[39m=[32m"12"[39m
                    [33my2[39m=[32m"12"[39m
                  [36m/>[39m
                  [36m<line[39m
                    [33mx1[39m=[32m"4"[39m
                    [33mx2[39m=[32m"20"[39m
                    [33my1[39m=[32m"6"[39m
                    [33my2[39m=[32m"6"[39m
                  [36m/>[39m
                  [36m<line[39m
                    [33mx1[39m=[32m"4"[39m
                    [33mx2[39m=[32m"20"[39m
                    [33my1[39m=[32m"18"[39m
                    [33my2[39m=[32m"18"[39m
                  [36m/>[39m
                [36m</svg>[39m
              [36m</button>[39m
            [36m</div>[39m
          [36m</div>[39m
        [36m</div>[39m
      [36m</header>[39m
      [36m<div[39m
        [33mclass[39m=[32m"container max-w-2xl mx-auto px-6 py-8"[39m
      [36m>[39m
        [36m<div[39m
          [33mclass[39m=[32m"space-y-6"[39m
        [36m>[39m
    ...
 × src/test/warranty-ui-components.test.tsx > Warranty UI Components > Accessibility > should support keyboard navigation 12ms
   → Unable to find an element with the text: Register New Product. This could be because the text is broken up by multiple elements. In this case, you can provide a function for your text matcher to make your matcher more flexible.

Ignored nodes: comments, script, style
[36m<body>[39m
  [36m<div>[39m
    [36m<div[39m
      [33mclass[39m=[32m"min-h-screen bg-background pb-24"[39m
    [36m>[39m
      [36m<header[39m
        [33mclass[39m=[32m"sticky top-0 z-40 bg-background/95 backdrop-blur-lg border-b border-border"[39m
      [36m>[39m
        [36m<div[39m
          [33mclass[39m=[32m"container max-w-7xl mx-auto px-4 py-4"[39m
        [36m>[39m
          [36m<div[39m
            [33mclass[39m=[32m"flex items-center justify-between"[39m
          [36m>[39m
            [36m<div[39m
              [33mclass[39m=[32m"flex items-center gap-4"[39m
            [36m>[39m
              [36m<div[39m
                [33mclass[39m=[32m"flex items-center gap-3 cursor-pointer"[39m
              [36m>[39m
                [36m<img[39m
                  [33malt[39m=[32m"Test Store"[39m
                  [33mclass[39m=[32m"h-8 w-auto"[39m
                  [33msrc[39m=[32m"/test-logo.png"[39m
                [36m/>[39m
                [36m<div[39m
                  [33mclass[39m=[32m"hidden sm:flex flex-col"[39m
                [36m>[39m
                  [36m<span[39m
                    [33mclass[39m=[32m"font-semibold text-lg"[39m
                  [36m>[39m
                    [0mTest Store[0m
                  [36m</span>[39m
                  [36m<span[39m
                    [33mclass[39m=[32m"text-xs text-muted-foreground"[39m
                  [36m>[39m
                    [0mTest Store Tagline[0m
                  [36m</span>[39m
                [36m</div>[39m
              [36m</div>[39m
            [36m</div>[39m
            [36m<h1[39m
              [33mclass[39m=[32m"text-lg font-semibold hidden md:block"[39m
            [36m>[39m
              [0mWarranty[0m
            [36m</h1>[39m
            [36m<div[39m
              [33mclass[39m=[32m"flex items-center gap-4"[39m
            [36m>[39m
              [36m<button[39m
                [33mclass[39m=[32m"items-center justify-center gap-2 whitespace-nowrap text-sm font-medium ring-offset-background transition-colors focus-visible:outline-none focus-visible:ring-2 focus-visible:ring-ring focus-visible:ring-offset-2 disabled:pointer-events-none disabled:opacity-50 [&_svg]:pointer-events-none [&_svg]:size-4 [&_svg]:shrink-0 hover:bg-accent hover:text-accent-foreground h-9 rounded-md px-3 hidden sm:flex"[39m
              [36m>[39m
                [0mLogin[0m
              [36m</button>[39m
              [36m<button[39m
                [33mclass[39m=[32m"items-center justify-center gap-2 whitespace-nowrap text-sm font-medium ring-offset-background transition-colors focus-visible:outline-none focus-visible:ring-2 focus-visible:ring-ring focus-visible:ring-offset-2 disabled:pointer-events-none disabled:opacity-50 [&_svg]:pointer-events-none [&_svg]:size-4 [&_svg]:shrink-0 bg-primary text-primary-foreground hover:bg-primary/90 h-9 rounded-md px-3 hidden sm:flex"[39m
              [36m>[39m
                [36m<svg[39m
                  [33mclass[39m=[32m"lucide lucide-user-plus w-4 h-4 mr-2"[39m
                  [33mfill[39m=[32m"none"[39m
                  [33mheight[39m=[32m"24"[39m
                  [33mstroke[39m=[32m"currentColor"[39m
                  [33mstroke-linecap[39m=[32m"round"[39m
                  [33mstroke-linejoin[39m=[32m"round"[39m
                  [33mstroke-width[39m=[32m"2"[39m
                  [33mviewBox[39m=[32m"0 0 24 24"[39m
                  [33mwidth[39m=[32m"24"[39m
                  [33mxmlns[39m=[32m"http://www.w3.org/2000/svg"[39m
                [36m>[39m
                  [36m<path[39m
                    [33md[39m=[32m"M16 21v-2a4 4 0 0 0-4-4H6a4 4 0 0 0-4 4v2"[39m
                  [36m/>[39m
                  [36m<circle[39m
                    [33mcx[39m=[32m"9"[39m
                    [33mcy[39m=[32m"7"[39m
                    [33mr[39m=[32m"4"[39m
                  [36m/>[39m
                  [36m<line[39m
                    [33mx1[39m=[32m"19"[39m
                    [33mx2[39m=[32m"19"[39m
                    [33my1[39m=[32m"8"[39m
                    [33my2[39m=[32m"14"[39m
                  [36m/>[39m
                  [36m<line[39m
                    [33mx1[39m=[32m"22"[39m
                    [33mx2[39m=[32m"16"[39m
                    [33my1[39m=[32m"11"[39m
                    [33my2[39m=[32m"11"[39m
                  [36m/>[39m
                [36m</svg>[39m
                [0mRegister[0m
              [36m</button>[39m
              [36m<button[39m
                [33mclass[39m=[32m"inline-flex items-center justify-center gap-2 whitespace-nowrap text-sm font-medium ring-offset-background transition-colors focus-visible:outline-none focus-visible:ring-2 focus-visible:ring-ring focus-visible:ring-offset-2 disabled:pointer-events-none disabled:opacity-50 [&_svg]:pointer-events-none [&_svg]:size-4 [&_svg]:shrink-0 hover:bg-accent hover:text-accent-foreground h-9 rounded-md px-3 md:hidden"[39m
              [36m>[39m
                [36m<svg[39m
                  [33mclass[39m=[32m"lucide lucide-menu w-5 h-5"[39m
                  [33mfill[39m=[32m"none"[39m
                  [33mheight[39m=[32m"24"[39m
                  [33mstroke[39m=[32m"currentColor"[39m
                  [33mstroke-linecap[39m=[32m"round"[39m
                  [33mstroke-linejoin[39m=[32m"round"[39m
                  [33mstroke-width[39m=[32m"2"[39m
                  [33mviewBox[39m=[32m"0 0 24 24"[39m
                  [33mwidth[39m=[32m"24"[39m
                  [33mxmlns[39m=[32m"http://www.w3.org/2000/svg"[39m
                [36m>[39m
                  [36m<line[39m
                    [33mx1[39m=[32m"4"[39m
                    [33mx2[39m=[32m"20"[39m
                    [33my1[39m=[32m"12"[39m
                    [33my2[39m=[32m"12"[39m
                  [36m/>[39m
                  [36m<line[39m
                    [33mx1[39m=[32m"4"[39m
                    [33mx2[39m=[32m"20"[39m
                    [33my1[39m=[32m"6"[39m
                    [33my2[39m=[32m"6"[39m
                  [36m/>[39m
                  [36m<line[39m
                    [33mx1[39m=[32m"4"[39m
                    [33mx2[39m=[32m"20"[39m
                    [33my1[39m=[32m"18"[39m
                    [33my2[39m=[32m"18"[39m
                  [36m/>[39m
                [36m</svg>[39m
              [36m</button>[39m
            [36m</div>[39m
          [36m</div>[39m
        [36m</div>[39m
      [36m</header>[39m
      [36m<div[39m
        [33mclass[39m=[32m"container max-w-2xl mx-auto px-6 py-8"[39m
      [36m>[39m
        [36m<div[39m
          [33mclass[39m=[32m"space-y-6"[39m
        [36m>[39m
    ...
 × src/test/warranty-ui-components.test.tsx > Warranty UI Components > Accessibility > should announce validation errors to screen readers 15ms
   → Unable to find an element with the text: Register New Product. This could be because the text is broken up by multiple elements. In this case, you can provide a function for your text matcher to make your matcher more flexible.

Ignored nodes: comments, script, style
[36m<body>[39m
  [36m<div>[39m
    [36m<div[39m
      [33mclass[39m=[32m"min-h-screen bg-background pb-24"[39m
    [36m>[39m
      [36m<header[39m
        [33mclass[39m=[32m"sticky top-0 z-40 bg-background/95 backdrop-blur-lg border-b border-border"[39m
      [36m>[39m
        [36m<div[39m
          [33mclass[39m=[32m"container max-w-7xl mx-auto px-4 py-4"[39m
        [36m>[39m
          [36m<div[39m
            [33mclass[39m=[32m"flex items-center justify-between"[39m
          [36m>[39m
            [36m<div[39m
              [33mclass[39m=[32m"flex items-center gap-4"[39m
            [36m>[39m
              [36m<div[39m
                [33mclass[39m=[32m"flex items-center gap-3 cursor-pointer"[39m
              [36m>[39m
                [36m<img[39m
                  [33malt[39m=[32m"Test Store"[39m
                  [33mclass[39m=[32m"h-8 w-auto"[39m
                  [33msrc[39m=[32m"/test-logo.png"[39m
                [36m/>[39m
                [36m<div[39m
                  [33mclass[39m=[32m"hidden sm:flex flex-col"[39m
                [36m>[39m
                  [36m<span[39m
                    [33mclass[39m=[32m"font-semibold text-lg"[39m
                  [36m>[39m
                    [0mTest Store[0m
                  [36m</span>[39m
                  [36m<span[39m
                    [33mclass[39m=[32m"text-xs text-muted-foreground"[39m
                  [36m>[39m
                    [0mTest Store Tagline[0m
                  [36m</span>[39m
                [36m</div>[39m
              [36m</div>[39m
            [36m</div>[39m
            [36m<h1[39m
              [33mclass[39m=[32m"text-lg font-semibold hidden md:block"[39m
            [36m>[39m
              [0mWarranty[0m
            [36m</h1>[39m
            [36m<div[39m
              [33mclass[39m=[32m"flex items-center gap-4"[39m
            [36m>[39m
              [36m<button[39m
                [33mclass[39m=[32m"items-center justify-center gap-2 whitespace-nowrap text-sm font-medium ring-offset-background transition-colors focus-visible:outline-none focus-visible:ring-2 focus-visible:ring-ring focus-visible:ring-offset-2 disabled:pointer-events-none disabled:opacity-50 [&_svg]:pointer-events-none [&_svg]:size-4 [&_svg]:shrink-0 hover:bg-accent hover:text-accent-foreground h-9 rounded-md px-3 hidden sm:flex"[39m
              [36m>[39m
                [0mLogin[0m
              [36m</button>[39m
              [36m<button[39m
                [33mclass[39m=[32m"items-center justify-center gap-2 whitespace-nowrap text-sm font-medium ring-offset-background transition-colors focus-visible:outline-none focus-visible:ring-2 focus-visible:ring-ring focus-visible:ring-offset-2 disabled:pointer-events-none disabled:opacity-50 [&_svg]:pointer-events-none [&_svg]:size-4 [&_svg]:shrink-0 bg-primary text-primary-foreground hover:bg-primary/90 h-9 rounded-md px-3 hidden sm:flex"[39m
              [36m>[39m
                [36m<svg[39m
                  [33mclass[39m=[32m"lucide lucide-user-plus w-4 h-4 mr-2"[39m
                  [33mfill[39m=[32m"none"[39m
                  [33mheight[39m=[32m"24"[39m
                  [33mstroke[39m=[32m"currentColor"[39m
                  [33mstroke-linecap[39m=[32m"round"[39m
                  [33mstroke-linejoin[39m=[32m"round"[39m
                  [33mstroke-width[39m=[32m"2"[39m
                  [33mviewBox[39m=[32m"0 0 24 24"[39m
                  [33mwidth[39m=[32m"24"[39m
                  [33mxmlns[39m=[32m"http://www.w3.org/2000/svg"[39m
                [36m>[39m
                  [36m<path[39m
                    [33md[39m=[32m"M16 21v-2a4 4 0 0 0-4-4H6a4 4 0 0 0-4 4v2"[39m
                  [36m/>[39m
                  [36m<circle[39m
                    [33mcx[39m=[32m"9"[39m
                    [33mcy[39m=[32m"7"[39m
                    [33mr[39m=[32m"4"[39m
                  [36m/>[39m
                  [36m<line[39m
                    [33mx1[39m=[32m"19"[39m
                    [33mx2[39m=[32m"19"[39m
                    [33my1[39m=[32m"8"[39m
                    [33my2[39m=[32m"14"[39m
                  [36m/>[39m
                  [36m<line[39m
                    [33mx1[39m=[32m"22"[39m
                    [33mx2[39m=[32m"16"[39m
                    [33my1[39m=[32m"11"[39m
                    [33my2[39m=[32m"11"[39m
                  [36m/>[39m
                [36m</svg>[39m
                [0mRegister[0m
              [36m</button>[39m
              [36m<button[39m
                [33mclass[39m=[32m"inline-flex items-center justify-center gap-2 whitespace-nowrap text-sm font-medium ring-offset-background transition-colors focus-visible:outline-none focus-visible:ring-2 focus-visible:ring-ring focus-visible:ring-offset-2 disabled:pointer-events-none disabled:opacity-50 [&_svg]:pointer-events-none [&_svg]:size-4 [&_svg]:shrink-0 hover:bg-accent hover:text-accent-foreground h-9 rounded-md px-3 md:hidden"[39m
              [36m>[39m
                [36m<svg[39m
                  [33mclass[39m=[32m"lucide lucide-menu w-5 h-5"[39m
                  [33mfill[39m=[32m"none"[39m
                  [33mheight[39m=[32m"24"[39m
                  [33mstroke[39m=[32m"currentColor"[39m
                  [33mstroke-linecap[39m=[32m"round"[39m
                  [33mstroke-linejoin[39m=[32m"round"[39m
                  [33mstroke-width[39m=[32m"2"[39m
                  [33mviewBox[39m=[32m"0 0 24 24"[39m
                  [33mwidth[39m=[32m"24"[39m
                  [33mxmlns[39m=[32m"http://www.w3.org/2000/svg"[39m
                [36m>[39m
                  [36m<line[39m
                    [33mx1[39m=[32m"4"[39m
                    [33mx2[39m=[32m"20"[39m
                    [33my1[39m=[32m"12"[39m
                    [33my2[39m=[32m"12"[39m
                  [36m/>[39m
                  [36m<line[39m
                    [33mx1[39m=[32m"4"[39m
                    [33mx2[39m=[32m"20"[39m
                    [33my1[39m=[32m"6"[39m
                    [33my2[39m=[32m"6"[39m
                  [36m/>[39m
                  [36m<line[39m
                    [33mx1[39m=[32m"4"[39m
                    [33mx2[39m=[32m"20"[39m
                    [33my1[39m=[32m"18"[39m
                    [33my2[39m=[32m"18"[39m
                  [36m/>[39m
                [36m</svg>[39m
              [36m</button>[39m
            [36m</div>[39m
          [36m</div>[39m
        [36m</div>[39m
      [36m</header>[39m
      [36m<div[39m
        [33mclass[39m=[32m"container max-w-2xl mx-auto px-6 py-8"[39m
      [36m>[39m
        [36m<div[39m
          [33mclass[39m=[32m"space-y-6"[39m
        [36m>[39m
    ...

⎯⎯⎯⎯⎯⎯ Failed Tests 63 ⎯⎯⎯⎯⎯⎯⎯

 FAIL  src/test/barcode-scanner-integration.test.tsx > Barcode Scanner Integration > Scanner Mode Management > should set scanner mode to lookup when opened from lookup step
 FAIL  src/test/barcode-scanner-integration.test.tsx > Barcode Scanner Integration > Scanner Mode Management > should set scanner mode to register when opened from registration step
 FAIL  src/test/barcode-scanner-integration.test.tsx > Barcode Scanner Integration > Lookup Mode Scanner Behavior > should perform warranty lookup when barcode is scanned in lookup mode
 FAIL  src/test/barcode-scanner-integration.test.tsx > Barcode Scanner Integration > Lookup Mode Scanner Behavior > should handle lookup failure when scanning invalid barcode
 FAIL  src/test/barcode-scanner-integration.test.tsx > Barcode Scanner Integration > Lookup Mode Scanner Behavior > should handle network errors during lookup scan
 FAIL  src/test/barcode-scanner-integration.test.tsx > Barcode Scanner Integration > Registration Mode Scanner Behavior > should populate barcode field when scanning in registration mode
 FAIL  src/test/barcode-scanner-integration.test.tsx > Barcode Scanner Integration > Registration Mode Scanner Behavior > should not perform lookup when scanning in registration mode
 FAIL  src/test/barcode-scanner-integration.test.tsx > Barcode Scanner Integration > Scanner UI Behavior > should close scanner when close button is clicked
 FAIL  src/test/barcode-scanner-integration.test.tsx > Barcode Scanner Integration > Scanner UI Behavior > should show scanner overlay when opened
 FAIL  src/test/barcode-scanner-integration.test.tsx > Barcode Scanner Integration > Scanner UI Behavior > should disable scan buttons while scanning is in progress
 FAIL  src/test/barcode-scanner-integration.test.tsx > Barcode Scanner Integration > Scanner State Management > should maintain scanner mode across multiple scans
Error: useTenant must be used within a TenantProvider
 ❯ Module.useTenant src/contexts/TenantContext.tsx:386:11
    384|   const context = useContext(TenantContext);
    385|   if (context === undefined) {
    386|     throw new Error('useTenant must be used within a TenantProvider');
       |           ^
    387|   }
    388|   return context;
 ❯ Header src/components/common/Header.tsx:39:22
 ❯ renderWithHooks node_modules/react-dom/cjs/react-dom.development.js:15486:18
 ❯ mountIndeterminateComponent node_modules/react-dom/cjs/react-dom.development.js:20103:13
 ❯ beginWork node_modules/react-dom/cjs/react-dom.development.js:21626:16
 ❯ beginWork$1 node_modules/react-dom/cjs/react-dom.development.js:27465:14
 ❯ performUnitOfWork node_modules/react-dom/cjs/react-dom.development.js:26599:12
 ❯ workLoopSync node_modules/react-dom/cjs/react-dom.development.js:26505:5
 ❯ renderRootSync node_modules/react-dom/cjs/react-dom.development.js:26473:7
 ❯ recoverFromConcurrentError node_modules/react-dom/cjs/react-dom.development.js:25889:20

⎯⎯⎯⎯⎯⎯⎯⎯⎯⎯⎯⎯⎯⎯⎯⎯⎯⎯⎯⎯⎯⎯⎯[1/63]⎯

 FAIL  src/test/warranty-api-integration.test.tsx > Warranty API Integration > Warranty Registration API > should successfully register warranty with valid data
AssertionError: expected { success: true, …(14) } to deeply equal { success: true, …(12) }

[32m- Expected[39m
[31m+ Received[39m

[33m@@ -47,9 +47,8 @@[39m
[2m      "sku": "REXUS-MX5-001",[22m
[2m    },[22m
[2m    "registration_id": "REG123456",[22m
[2m    "registration_time": "2024-01-15T10:30:00Z",[22m
[2m    "status": "active",[22m
[32m-   "success": true,[39m
[2m    "warranty_id": "WR123456",[22m
[2m    "warranty_period": "24",[22m
[2m  }[22m

 ❯ src/test/warranty-api-integration.test.tsx:120:22
    118|       )
    119| 
    120|       expect(result).toEqual(mockSuccessResponse)
       |                      ^
    121|     })
    122| 

⎯⎯⎯⎯⎯⎯⎯⎯⎯⎯⎯⎯⎯⎯⎯⎯⎯⎯⎯⎯⎯⎯⎯[2/63]⎯

 FAIL  src/test/warranty-api-integration.test.tsx > Warranty API Integration > Customer Warranties API > should successfully fetch customer warranties
AssertionError: expected { warranties: [ { …(12) } ], …(4) } to deeply equal { warranties: [ { …(12) } ], …(1) }

[32m- Expected[39m
[31m+ Received[39m

[33m@@ -3,10 +3,11 @@[39m
[2m      "limit": 10,[22m
[2m      "page": 1,[22m
[2m      "total": 1,[22m
[2m      "total_pages": 1,[22m
[2m    },[22m
[31m+   "success": true,[39m
[2m    "warranties": [[22m
[2m      {[22m
[2m        "activation_date": "2024-01-15",[22m
[2m        "barcode_string": "TEST123456789",[22m
[2m        "created_at": "2024-01-15T10:00:00Z",[22m

 ❯ src/test/warranty-api-integration.test.tsx:312:22
    310|       )
    311| 
    312|       expect(result).toEqual(mockWarrantiesResponse)
       |                      ^
    313|     })
    314| 

⎯⎯⎯⎯⎯⎯⎯⎯⎯⎯⎯⎯⎯⎯⎯⎯⎯⎯⎯⎯⎯⎯⎯[3/63]⎯

 FAIL  src/test/warranty-api-integration.test.tsx > Warranty API Integration > Customer Warranties API > should handle empty warranties list
AssertionError: expected { warranties: [], …(4) } to deeply equal { Object (warranties, pagination) }

[32m- Expected[39m
[31m+ Received[39m

[33m@@ -3,7 +3,8 @@[39m
[2m      "limit": 10,[22m
[2m      "page": 1,[22m
[2m      "total": 0,[22m
[2m      "total_pages": 0,[22m
[2m    },[22m
[31m+   "success": true,[39m
[2m    "warranties": [],[22m
[2m  }[22m

 ❯ src/test/warranty-api-integration.test.tsx:349:22
    347|       const result = await warrantyService.getCustomerWarranties()
    348| 
    349|       expect(result).toEqual(mockEmptyResponse)
       |                      ^
    350|       expect(result.data.warranties).toHaveLength(0)
    351|     })

⎯⎯⎯⎯⎯⎯⎯⎯⎯⎯⎯⎯⎯⎯⎯⎯⎯⎯⎯⎯⎯⎯⎯[4/63]⎯

 FAIL  src/test/warranty-e2e.test.tsx > Warranty Registration E2E Tests > Complete Registration Flow > should complete full warranty registration flow with manual entry
TestingLibraryElementError: Unable to find an element with the text: Warranty Lookup. This could be because the text is broken up by multiple elements. In this case, you can provide a function for your text matcher to make your matcher more flexible.

Ignored nodes: comments, script, style
[36m<body>[39m
  [36m<div>[39m
    [36m<div[39m
      [33mclass[39m=[32m"min-h-screen bg-background pb-24"[39m
    [36m>[39m
      [36m<header[39m
        [33mclass[39m=[32m"sticky top-0 z-40 bg-background/95 backdrop-blur-lg border-b border-border"[39m
      [36m>[39m
        [36m<div[39m
          [33mclass[39m=[32m"container max-w-7xl mx-auto px-4 py-4"[39m
        [36m>[39m
          [36m<div[39m
            [33mclass[39m=[32m"flex items-center justify-between"[39m
          [36m>[39m
            [36m<div[39m
              [33mclass[39m=[32m"flex items-center gap-4"[39m
            [36m>[39m
              [36m<div[39m
                [33mclass[39m=[32m"flex items-center gap-3 cursor-pointer"[39m
              [36m>[39m
                [36m<img[39m
                  [33malt[39m=[32m"Test Store"[39m
                  [33mclass[39m=[32m"h-8 w-auto"[39m
                  [33msrc[39m=[32m"/test-logo.png"[39m
                [36m/>[39m
                [36m<div[39m
                  [33mclass[39m=[32m"hidden sm:flex flex-col"[39m
                [36m>[39m
                  [36m<span[39m
                    [33mclass[39m=[32m"font-semibold text-lg"[39m
                  [36m>[39m
                    [0mTest Store[0m
                  [36m</span>[39m
                  [36m<span[39m
                    [33mclass[39m=[32m"text-xs text-muted-foreground"[39m
                  [36m>[39m
                    [0mTest Store Tagline[0m
                  [36m</span>[39m
                [36m</div>[39m
              [36m</div>[39m
            [36m</div>[39m
            [36m<h1[39m
              [33mclass[39m=[32m"text-lg font-semibold hidden md:block"[39m
            [36m>[39m
              [0mWarranty[0m
            [36m</h1>[39m
            [36m<div[39m
              [33mclass[39m=[32m"flex items-center gap-4"[39m
            [36m>[39m
              [36m<button[39m
                [33mclass[39m=[32m"items-center justify-center gap-2 whitespace-nowrap text-sm font-medium ring-offset-background transition-colors focus-visible:outline-none focus-visible:ring-2 focus-visible:ring-ring focus-visible:ring-offset-2 disabled:pointer-events-none disabled:opacity-50 [&_svg]:pointer-events-none [&_svg]:size-4 [&_svg]:shrink-0 hover:bg-accent hover:text-accent-foreground h-9 rounded-md px-3 hidden sm:flex"[39m
              [36m>[39m
                [0mLogin[0m
              [36m</button>[39m
              [36m<button[39m
                [33mclass[39m=[32m"items-center justify-center gap-2 whitespace-nowrap text-sm font-medium ring-offset-background transition-colors focus-visible:outline-none focus-visible:ring-2 focus-visible:ring-ring focus-visible:ring-offset-2 disabled:pointer-events-none disabled:opacity-50 [&_svg]:pointer-events-none [&_svg]:size-4 [&_svg]:shrink-0 bg-primary text-primary-foreground hover:bg-primary/90 h-9 rounded-md px-3 hidden sm:flex"[39m
              [36m>[39m
                [36m<svg[39m
                  [33mclass[39m=[32m"lucide lucide-user-plus w-4 h-4 mr-2"[39m
                  [33mfill[39m=[32m"none"[39m
                  [33mheight[39m=[32m"24"[39m
                  [33mstroke[39m=[32m"currentColor"[39m
                  [33mstroke-linecap[39m=[32m"round"[39m
                  [33mstroke-linejoin[39m=[32m"round"[39m
                  [33mstroke-width[39m=[32m"2"[39m
                  [33mviewBox[39m=[32m"0 0 24 24"[39m
                  [33mwidth[39m=[32m"24"[39m
                  [33mxmlns[39m=[32m"http://www.w3.org/2000/svg"[39m
                [36m>[39m
                  [36m<path[39m
                    [33md[39m=[32m"M16 21v-2a4 4 0 0 0-4-4H6a4 4 0 0 0-4 4v2"[39m
                  [36m/>[39m
                  [36m<circle[39m
                    [33mcx[39m=[32m"9"[39m
                    [33mcy[39m=[32m"7"[39m
                    [33mr[39m=[32m"4"[39m
                  [36m/>[39m
                  [36m<line[39m
                    [33mx1[39m=[32m"19"[39m
                    [33mx2[39m=[32m"19"[39m
                    [33my1[39m=[32m"8"[39m
                    [33my2[39m=[32m"14"[39m
                  [36m/>[39m
                  [36m<line[39m
                    [33mx1[39m=[32m"22"[39m
                    [33mx2[39m=[32m"16"[39m
                    [33my1[39m=[32m"11"[39m
                    [33my2[39m=[32m"11"[39m
                  [36m/>[39m
                [36m</svg>[39m
                [0mRegister[0m
              [36m</button>[39m
              [36m<button[39m
                [33mclass[39m=[32m"inline-flex items-center justify-center gap-2 whitespace-nowrap text-sm font-medium ring-offset-background transition-colors focus-visible:outline-none focus-visible:ring-2 focus-visible:ring-ring focus-visible:ring-offset-2 disabled:pointer-events-none disabled:opacity-50 [&_svg]:pointer-events-none [&_svg]:size-4 [&_svg]:shrink-0 hover:bg-accent hover:text-accent-foreground h-9 rounded-md px-3 md:hidden"[39m
              [36m>[39m
                [36m<svg[39m
                  [33mclass[39m=[32m"lucide lucide-menu w-5 h-5"[39m
                  [33mfill[39m=[32m"none"[39m
                  [33mheight[39m=[32m"24"[39m
                  [33mstroke[39m=[32m"currentColor"[39m
                  [33mstroke-linecap[39m=[32m"round"[39m
                  [33mstroke-linejoin[39m=[32m"round"[39m
                  [33mstroke-width[39m=[32m"2"[39m
                  [33mviewBox[39m=[32m"0 0 24 24"[39m
                  [33mwidth[39m=[32m"24"[39m
                  [33mxmlns[39m=[32m"http://www.w3.org/2000/svg"[39m
                [36m>[39m
                  [36m<line[39m
                    [33mx1[39m=[32m"4"[39m
                    [33mx2[39m=[32m"20"[39m
                    [33my1[39m=[32m"12"[39m
                    [33my2[39m=[32m"12"[39m
                  [36m/>[39m
                  [36m<line[39m
                    [33mx1[39m=[32m"4"[39m
                    [33mx2[39m=[32m"20"[39m
                    [33my1[39m=[32m"6"[39m
                    [33my2[39m=[32m"6"[39m
                  [36m/>[39m
                  [36m<line[39m
                    [33mx1[39m=[32m"4"[39m
                    [33mx2[39m=[32m"20"[39m
                    [33my1[39m=[32m"18"[39m
                    [33my2[39m=[32m"18"[39m
                  [36m/>[39m
                [36m</svg>[39m
              [36m</button>[39m
            [36m</div>[39m
          [36m</div>[39m
        [36m</div>[39m
      [36m</header>[39m
      [36m<div[39m
        [33mclass[39m=[32m"container max-w-2xl mx-auto px-6 py-8"[39m
      [36m>[39m
        [36m<div[39m
          [33mclass[39m=[32m"space-y-6"[39m
        [36m>[39m
    ...
 ❯ Object.getElementError node_modules/@testing-library/dom/dist/config.js:37:19
 ❯ node_modules/@testing-library/dom/dist/query-helpers.js:76:38
 ❯ node_modules/@testing-library/dom/dist/query-helpers.js:52:17
 ❯ getByText node_modules/@testing-library/dom/dist/query-helpers.js:95:19
 ❯ src/test/warranty-e2e.test.tsx:149:21
    147| 
    148|       // Step 1: Start from lookup page
    149|       expect(screen.getByText('Warranty Lookup')).toBeInTheDocument()
       |                     ^
    150|       
    151|       // Step 2: Navigate to registration

⎯⎯⎯⎯⎯⎯⎯⎯⎯⎯⎯⎯⎯⎯⎯⎯⎯⎯⎯⎯⎯⎯⎯[5/63]⎯

 FAIL  src/test/warranty-e2e.test.tsx > Warranty Registration E2E Tests > Complete Registration Flow > should complete registration flow using barcode scanner
TestingLibraryElementError: Unable to find an element with the text: Register New Product. This could be because the text is broken up by multiple elements. In this case, you can provide a function for your text matcher to make your matcher more flexible.

Ignored nodes: comments, script, style
[36m<body>[39m
  [36m<div>[39m
    [36m<div[39m
      [33mclass[39m=[32m"min-h-screen bg-background pb-24"[39m
    [36m>[39m
      [36m<header[39m
        [33mclass[39m=[32m"sticky top-0 z-40 bg-background/95 backdrop-blur-lg border-b border-border"[39m
      [36m>[39m
        [36m<div[39m
          [33mclass[39m=[32m"container max-w-7xl mx-auto px-4 py-4"[39m
        [36m>[39m
          [36m<div[39m
            [33mclass[39m=[32m"flex items-center justify-between"[39m
          [36m>[39m
            [36m<div[39m
              [33mclass[39m=[32m"flex items-center gap-4"[39m
            [36m>[39m
              [36m<div[39m
                [33mclass[39m=[32m"flex items-center gap-3 cursor-pointer"[39m
              [36m>[39m
                [36m<img[39m
                  [33malt[39m=[32m"Test Store"[39m
                  [33mclass[39m=[32m"h-8 w-auto"[39m
                  [33msrc[39m=[32m"/test-logo.png"[39m
                [36m/>[39m
                [36m<div[39m
                  [33mclass[39m=[32m"hidden sm:flex flex-col"[39m
                [36m>[39m
                  [36m<span[39m
                    [33mclass[39m=[32m"font-semibold text-lg"[39m
                  [36m>[39m
                    [0mTest Store[0m
                  [36m</span>[39m
                  [36m<span[39m
                    [33mclass[39m=[32m"text-xs text-muted-foreground"[39m
                  [36m>[39m
                    [0mTest Store Tagline[0m
                  [36m</span>[39m
                [36m</div>[39m
              [36m</div>[39m
            [36m</div>[39m
            [36m<h1[39m
              [33mclass[39m=[32m"text-lg font-semibold hidden md:block"[39m
            [36m>[39m
              [0mWarranty[0m
            [36m</h1>[39m
            [36m<div[39m
              [33mclass[39m=[32m"flex items-center gap-4"[39m
            [36m>[39m
              [36m<button[39m
                [33mclass[39m=[32m"items-center justify-center gap-2 whitespace-nowrap text-sm font-medium ring-offset-background transition-colors focus-visible:outline-none focus-visible:ring-2 focus-visible:ring-ring focus-visible:ring-offset-2 disabled:pointer-events-none disabled:opacity-50 [&_svg]:pointer-events-none [&_svg]:size-4 [&_svg]:shrink-0 hover:bg-accent hover:text-accent-foreground h-9 rounded-md px-3 hidden sm:flex"[39m
              [36m>[39m
                [0mLogin[0m
              [36m</button>[39m
              [36m<button[39m
                [33mclass[39m=[32m"items-center justify-center gap-2 whitespace-nowrap text-sm font-medium ring-offset-background transition-colors focus-visible:outline-none focus-visible:ring-2 focus-visible:ring-ring focus-visible:ring-offset-2 disabled:pointer-events-none disabled:opacity-50 [&_svg]:pointer-events-none [&_svg]:size-4 [&_svg]:shrink-0 bg-primary text-primary-foreground hover:bg-primary/90 h-9 rounded-md px-3 hidden sm:flex"[39m
              [36m>[39m
                [36m<svg[39m
                  [33mclass[39m=[32m"lucide lucide-user-plus w-4 h-4 mr-2"[39m
                  [33mfill[39m=[32m"none"[39m
                  [33mheight[39m=[32m"24"[39m
                  [33mstroke[39m=[32m"currentColor"[39m
                  [33mstroke-linecap[39m=[32m"round"[39m
                  [33mstroke-linejoin[39m=[32m"round"[39m
                  [33mstroke-width[39m=[32m"2"[39m
                  [33mviewBox[39m=[32m"0 0 24 24"[39m
                  [33mwidth[39m=[32m"24"[39m
                  [33mxmlns[39m=[32m"http://www.w3.org/2000/svg"[39m
                [36m>[39m
                  [36m<path[39m
                    [33md[39m=[32m"M16 21v-2a4 4 0 0 0-4-4H6a4 4 0 0 0-4 4v2"[39m
                  [36m/>[39m
                  [36m<circle[39m
                    [33mcx[39m=[32m"9"[39m
                    [33mcy[39m=[32m"7"[39m
                    [33mr[39m=[32m"4"[39m
                  [36m/>[39m
                  [36m<line[39m
                    [33mx1[39m=[32m"19"[39m
                    [33mx2[39m=[32m"19"[39m
                    [33my1[39m=[32m"8"[39m
                    [33my2[39m=[32m"14"[39m
                  [36m/>[39m
                  [36m<line[39m
                    [33mx1[39m=[32m"22"[39m
                    [33mx2[39m=[32m"16"[39m
                    [33my1[39m=[32m"11"[39m
                    [33my2[39m=[32m"11"[39m
                  [36m/>[39m
                [36m</svg>[39m
                [0mRegister[0m
              [36m</button>[39m
              [36m<button[39m
                [33mclass[39m=[32m"inline-flex items-center justify-center gap-2 whitespace-nowrap text-sm font-medium ring-offset-background transition-colors focus-visible:outline-none focus-visible:ring-2 focus-visible:ring-ring focus-visible:ring-offset-2 disabled:pointer-events-none disabled:opacity-50 [&_svg]:pointer-events-none [&_svg]:size-4 [&_svg]:shrink-0 hover:bg-accent hover:text-accent-foreground h-9 rounded-md px-3 md:hidden"[39m
              [36m>[39m
                [36m<svg[39m
                  [33mclass[39m=[32m"lucide lucide-menu w-5 h-5"[39m
                  [33mfill[39m=[32m"none"[39m
                  [33mheight[39m=[32m"24"[39m
                  [33mstroke[39m=[32m"currentColor"[39m
                  [33mstroke-linecap[39m=[32m"round"[39m
                  [33mstroke-linejoin[39m=[32m"round"[39m
                  [33mstroke-width[39m=[32m"2"[39m
                  [33mviewBox[39m=[32m"0 0 24 24"[39m
                  [33mwidth[39m=[32m"24"[39m
                  [33mxmlns[39m=[32m"http://www.w3.org/2000/svg"[39m
                [36m>[39m
                  [36m<line[39m
                    [33mx1[39m=[32m"4"[39m
                    [33mx2[39m=[32m"20"[39m
                    [33my1[39m=[32m"12"[39m
                    [33my2[39m=[32m"12"[39m
                  [36m/>[39m
                  [36m<line[39m
                    [33mx1[39m=[32m"4"[39m
                    [33mx2[39m=[32m"20"[39m
                    [33my1[39m=[32m"6"[39m
                    [33my2[39m=[32m"6"[39m
                  [36m/>[39m
                  [36m<line[39m
                    [33mx1[39m=[32m"4"[39m
                    [33mx2[39m=[32m"20"[39m
                    [33my1[39m=[32m"18"[39m
                    [33my2[39m=[32m"18"[39m
                  [36m/>[39m
                [36m</svg>[39m
              [36m</button>[39m
            [36m</div>[39m
          [36m</div>[39m
        [36m</div>[39m
      [36m</header>[39m
      [36m<div[39m
        [33mclass[39m=[32m"container max-w-2xl mx-auto px-6 py-8"[39m
      [36m>[39m
        [36m<div[39m
          [33mclass[39m=[32m"space-y-6"[39m
        [36m>[39m
    ...
 ❯ Object.getElementError node_modules/@testing-library/dom/dist/config.js:37:19
 ❯ node_modules/@testing-library/dom/dist/query-helpers.js:76:38
 ❯ node_modules/@testing-library/dom/dist/query-helpers.js:52:17
 ❯ getByText node_modules/@testing-library/dom/dist/query-helpers.js:95:19
 ❯ src/test/warranty-e2e.test.tsx:291:37
    289| 
    290|       // Navigate to registration
    291|       const registerButton = screen.getByText('Register New Product')
       |                                     ^
    292|       await user.click(registerButton)
    293|       

⎯⎯⎯⎯⎯⎯⎯⎯⎯⎯⎯⎯⎯⎯⎯⎯⎯⎯⎯⎯⎯⎯⎯[6/63]⎯

 FAIL  src/test/warranty-e2e.test.tsx > Warranty Registration E2E Tests > Error Handling Flows > should handle registration failure gracefully
TestingLibraryElementError: Unable to find an element with the text: Register New Product. This could be because the text is broken up by multiple elements. In this case, you can provide a function for your text matcher to make your matcher more flexible.

Ignored nodes: comments, script, style
[36m<body>[39m
  [36m<div>[39m
    [36m<div[39m
      [33mclass[39m=[32m"min-h-screen bg-background pb-24"[39m
    [36m>[39m
      [36m<header[39m
        [33mclass[39m=[32m"sticky top-0 z-40 bg-background/95 backdrop-blur-lg border-b border-border"[39m
      [36m>[39m
        [36m<div[39m
          [33mclass[39m=[32m"container max-w-7xl mx-auto px-4 py-4"[39m
        [36m>[39m
          [36m<div[39m
            [33mclass[39m=[32m"flex items-center justify-between"[39m
          [36m>[39m
            [36m<div[39m
              [33mclass[39m=[32m"flex items-center gap-4"[39m
            [36m>[39m
              [36m<div[39m
                [33mclass[39m=[32m"flex items-center gap-3 cursor-pointer"[39m
              [36m>[39m
                [36m<img[39m
                  [33malt[39m=[32m"Test Store"[39m
                  [33mclass[39m=[32m"h-8 w-auto"[39m
                  [33msrc[39m=[32m"/test-logo.png"[39m
                [36m/>[39m
                [36m<div[39m
                  [33mclass[39m=[32m"hidden sm:flex flex-col"[39m
                [36m>[39m
                  [36m<span[39m
                    [33mclass[39m=[32m"font-semibold text-lg"[39m
                  [36m>[39m
                    [0mTest Store[0m
                  [36m</span>[39m
                  [36m<span[39m
                    [33mclass[39m=[32m"text-xs text-muted-foreground"[39m
                  [36m>[39m
                    [0mTest Store Tagline[0m
                  [36m</span>[39m
                [36m</div>[39m
              [36m</div>[39m
            [36m</div>[39m
            [36m<h1[39m
              [33mclass[39m=[32m"text-lg font-semibold hidden md:block"[39m
            [36m>[39m
              [0mWarranty[0m
            [36m</h1>[39m
            [36m<div[39m
              [33mclass[39m=[32m"flex items-center gap-4"[39m
            [36m>[39m
              [36m<button[39m
                [33mclass[39m=[32m"items-center justify-center gap-2 whitespace-nowrap text-sm font-medium ring-offset-background transition-colors focus-visible:outline-none focus-visible:ring-2 focus-visible:ring-ring focus-visible:ring-offset-2 disabled:pointer-events-none disabled:opacity-50 [&_svg]:pointer-events-none [&_svg]:size-4 [&_svg]:shrink-0 hover:bg-accent hover:text-accent-foreground h-9 rounded-md px-3 hidden sm:flex"[39m
              [36m>[39m
                [0mLogin[0m
              [36m</button>[39m
              [36m<button[39m
                [33mclass[39m=[32m"items-center justify-center gap-2 whitespace-nowrap text-sm font-medium ring-offset-background transition-colors focus-visible:outline-none focus-visible:ring-2 focus-visible:ring-ring focus-visible:ring-offset-2 disabled:pointer-events-none disabled:opacity-50 [&_svg]:pointer-events-none [&_svg]:size-4 [&_svg]:shrink-0 bg-primary text-primary-foreground hover:bg-primary/90 h-9 rounded-md px-3 hidden sm:flex"[39m
              [36m>[39m
                [36m<svg[39m
                  [33mclass[39m=[32m"lucide lucide-user-plus w-4 h-4 mr-2"[39m
                  [33mfill[39m=[32m"none"[39m
                  [33mheight[39m=[32m"24"[39m
                  [33mstroke[39m=[32m"currentColor"[39m
                  [33mstroke-linecap[39m=[32m"round"[39m
                  [33mstroke-linejoin[39m=[32m"round"[39m
                  [33mstroke-width[39m=[32m"2"[39m
                  [33mviewBox[39m=[32m"0 0 24 24"[39m
                  [33mwidth[39m=[32m"24"[39m
                  [33mxmlns[39m=[32m"http://www.w3.org/2000/svg"[39m
                [36m>[39m
                  [36m<path[39m
                    [33md[39m=[32m"M16 21v-2a4 4 0 0 0-4-4H6a4 4 0 0 0-4 4v2"[39m
                  [36m/>[39m
                  [36m<circle[39m
                    [33mcx[39m=[32m"9"[39m
                    [33mcy[39m=[32m"7"[39m
                    [33mr[39m=[32m"4"[39m
                  [36m/>[39m
                  [36m<line[39m
                    [33mx1[39m=[32m"19"[39m
                    [33mx2[39m=[32m"19"[39m
                    [33my1[39m=[32m"8"[39m
                    [33my2[39m=[32m"14"[39m
                  [36m/>[39m
                  [36m<line[39m
                    [33mx1[39m=[32m"22"[39m
                    [33mx2[39m=[32m"16"[39m
                    [33my1[39m=[32m"11"[39m
                    [33my2[39m=[32m"11"[39m
                  [36m/>[39m
                [36m</svg>[39m
                [0mRegister[0m
              [36m</button>[39m
              [36m<button[39m
                [33mclass[39m=[32m"inline-flex items-center justify-center gap-2 whitespace-nowrap text-sm font-medium ring-offset-background transition-colors focus-visible:outline-none focus-visible:ring-2 focus-visible:ring-ring focus-visible:ring-offset-2 disabled:pointer-events-none disabled:opacity-50 [&_svg]:pointer-events-none [&_svg]:size-4 [&_svg]:shrink-0 hover:bg-accent hover:text-accent-foreground h-9 rounded-md px-3 md:hidden"[39m
              [36m>[39m
                [36m<svg[39m
                  [33mclass[39m=[32m"lucide lucide-menu w-5 h-5"[39m
                  [33mfill[39m=[32m"none"[39m
                  [33mheight[39m=[32m"24"[39m
                  [33mstroke[39m=[32m"currentColor"[39m
                  [33mstroke-linecap[39m=[32m"round"[39m
                  [33mstroke-linejoin[39m=[32m"round"[39m
                  [33mstroke-width[39m=[32m"2"[39m
                  [33mviewBox[39m=[32m"0 0 24 24"[39m
                  [33mwidth[39m=[32m"24"[39m
                  [33mxmlns[39m=[32m"http://www.w3.org/2000/svg"[39m
                [36m>[39m
                  [36m<line[39m
                    [33mx1[39m=[32m"4"[39m
                    [33mx2[39m=[32m"20"[39m
                    [33my1[39m=[32m"12"[39m
                    [33my2[39m=[32m"12"[39m
                  [36m/>[39m
                  [36m<line[39m
                    [33mx1[39m=[32m"4"[39m
                    [33mx2[39m=[32m"20"[39m
                    [33my1[39m=[32m"6"[39m
                    [33my2[39m=[32m"6"[39m
                  [36m/>[39m
                  [36m<line[39m
                    [33mx1[39m=[32m"4"[39m
                    [33mx2[39m=[32m"20"[39m
                    [33my1[39m=[32m"18"[39m
                    [33my2[39m=[32m"18"[39m
                  [36m/>[39m
                [36m</svg>[39m
              [36m</button>[39m
            [36m</div>[39m
          [36m</div>[39m
        [36m</div>[39m
      [36m</header>[39m
      [36m<div[39m
        [33mclass[39m=[32m"container max-w-2xl mx-auto px-6 py-8"[39m
      [36m>[39m
        [36m<div[39m
          [33mclass[39m=[32m"space-y-6"[39m
        [36m>[39m
    ...
 ❯ Object.getElementError node_modules/@testing-library/dom/dist/config.js:37:19
 ❯ node_modules/@testing-library/dom/dist/query-helpers.js:76:38
 ❯ node_modules/@testing-library/dom/dist/query-helpers.js:52:17
 ❯ getByText node_modules/@testing-library/dom/dist/query-helpers.js:95:19
 ❯ src/test/warranty-e2e.test.tsx:364:37
    362| 
    363|       // Navigate to registration and fill form
    364|       const registerButton = screen.getByText('Register New Product')
       |                                     ^
    365|       await user.click(registerButton)
    366|       

⎯⎯⎯⎯⎯⎯⎯⎯⎯⎯⎯⎯⎯⎯⎯⎯⎯⎯⎯⎯⎯⎯⎯[7/63]⎯

 FAIL  src/test/warranty-e2e.test.tsx > Warranty Registration E2E Tests > Error Handling Flows > should handle network errors during registration
TestingLibraryElementError: Unable to find an element with the text: Register New Product. This could be because the text is broken up by multiple elements. In this case, you can provide a function for your text matcher to make your matcher more flexible.

Ignored nodes: comments, script, style
[36m<body>[39m
  [36m<div>[39m
    [36m<div[39m
      [33mclass[39m=[32m"min-h-screen bg-background pb-24"[39m
    [36m>[39m
      [36m<header[39m
        [33mclass[39m=[32m"sticky top-0 z-40 bg-background/95 backdrop-blur-lg border-b border-border"[39m
      [36m>[39m
        [36m<div[39m
          [33mclass[39m=[32m"container max-w-7xl mx-auto px-4 py-4"[39m
        [36m>[39m
          [36m<div[39m
            [33mclass[39m=[32m"flex items-center justify-between"[39m
          [36m>[39m
            [36m<div[39m
              [33mclass[39m=[32m"flex items-center gap-4"[39m
            [36m>[39m
              [36m<div[39m
                [33mclass[39m=[32m"flex items-center gap-3 cursor-pointer"[39m
              [36m>[39m
                [36m<img[39m
                  [33malt[39m=[32m"Test Store"[39m
                  [33mclass[39m=[32m"h-8 w-auto"[39m
                  [33msrc[39m=[32m"/test-logo.png"[39m
                [36m/>[39m
                [36m<div[39m
                  [33mclass[39m=[32m"hidden sm:flex flex-col"[39m
                [36m>[39m
                  [36m<span[39m
                    [33mclass[39m=[32m"font-semibold text-lg"[39m
                  [36m>[39m
                    [0mTest Store[0m
                  [36m</span>[39m
                  [36m<span[39m
                    [33mclass[39m=[32m"text-xs text-muted-foreground"[39m
                  [36m>[39m
                    [0mTest Store Tagline[0m
                  [36m</span>[39m
                [36m</div>[39m
              [36m</div>[39m
            [36m</div>[39m
            [36m<h1[39m
              [33mclass[39m=[32m"text-lg font-semibold hidden md:block"[39m
            [36m>[39m
              [0mWarranty[0m
            [36m</h1>[39m
            [36m<div[39m
              [33mclass[39m=[32m"flex items-center gap-4"[39m
            [36m>[39m
              [36m<button[39m
                [33mclass[39m=[32m"items-center justify-center gap-2 whitespace-nowrap text-sm font-medium ring-offset-background transition-colors focus-visible:outline-none focus-visible:ring-2 focus-visible:ring-ring focus-visible:ring-offset-2 disabled:pointer-events-none disabled:opacity-50 [&_svg]:pointer-events-none [&_svg]:size-4 [&_svg]:shrink-0 hover:bg-accent hover:text-accent-foreground h-9 rounded-md px-3 hidden sm:flex"[39m
              [36m>[39m
                [0mLogin[0m
              [36m</button>[39m
              [36m<button[39m
                [33mclass[39m=[32m"items-center justify-center gap-2 whitespace-nowrap text-sm font-medium ring-offset-background transition-colors focus-visible:outline-none focus-visible:ring-2 focus-visible:ring-ring focus-visible:ring-offset-2 disabled:pointer-events-none disabled:opacity-50 [&_svg]:pointer-events-none [&_svg]:size-4 [&_svg]:shrink-0 bg-primary text-primary-foreground hover:bg-primary/90 h-9 rounded-md px-3 hidden sm:flex"[39m
              [36m>[39m
                [36m<svg[39m
                  [33mclass[39m=[32m"lucide lucide-user-plus w-4 h-4 mr-2"[39m
                  [33mfill[39m=[32m"none"[39m
                  [33mheight[39m=[32m"24"[39m
                  [33mstroke[39m=[32m"currentColor"[39m
                  [33mstroke-linecap[39m=[32m"round"[39m
                  [33mstroke-linejoin[39m=[32m"round"[39m
                  [33mstroke-width[39m=[32m"2"[39m
                  [33mviewBox[39m=[32m"0 0 24 24"[39m
                  [33mwidth[39m=[32m"24"[39m
                  [33mxmlns[39m=[32m"http://www.w3.org/2000/svg"[39m
                [36m>[39m
                  [36m<path[39m
                    [33md[39m=[32m"M16 21v-2a4 4 0 0 0-4-4H6a4 4 0 0 0-4 4v2"[39m
                  [36m/>[39m
                  [36m<circle[39m
                    [33mcx[39m=[32m"9"[39m
                    [33mcy[39m=[32m"7"[39m
                    [33mr[39m=[32m"4"[39m
                  [36m/>[39m
                  [36m<line[39m
                    [33mx1[39m=[32m"19"[39m
                    [33mx2[39m=[32m"19"[39m
                    [33my1[39m=[32m"8"[39m
                    [33my2[39m=[32m"14"[39m
                  [36m/>[39m
                  [36m<line[39m
                    [33mx1[39m=[32m"22"[39m
                    [33mx2[39m=[32m"16"[39m
                    [33my1[39m=[32m"11"[39m
                    [33my2[39m=[32m"11"[39m
                  [36m/>[39m
                [36m</svg>[39m
                [0mRegister[0m
              [36m</button>[39m
              [36m<button[39m
                [33mclass[39m=[32m"inline-flex items-center justify-center gap-2 whitespace-nowrap text-sm font-medium ring-offset-background transition-colors focus-visible:outline-none focus-visible:ring-2 focus-visible:ring-ring focus-visible:ring-offset-2 disabled:pointer-events-none disabled:opacity-50 [&_svg]:pointer-events-none [&_svg]:size-4 [&_svg]:shrink-0 hover:bg-accent hover:text-accent-foreground h-9 rounded-md px-3 md:hidden"[39m
              [36m>[39m
                [36m<svg[39m
                  [33mclass[39m=[32m"lucide lucide-menu w-5 h-5"[39m
                  [33mfill[39m=[32m"none"[39m
                  [33mheight[39m=[32m"24"[39m
                  [33mstroke[39m=[32m"currentColor"[39m
                  [33mstroke-linecap[39m=[32m"round"[39m
                  [33mstroke-linejoin[39m=[32m"round"[39m
                  [33mstroke-width[39m=[32m"2"[39m
                  [33mviewBox[39m=[32m"0 0 24 24"[39m
                  [33mwidth[39m=[32m"24"[39m
                  [33mxmlns[39m=[32m"http://www.w3.org/2000/svg"[39m
                [36m>[39m
                  [36m<line[39m
                    [33mx1[39m=[32m"4"[39m
                    [33mx2[39m=[32m"20"[39m
                    [33my1[39m=[32m"12"[39m
                    [33my2[39m=[32m"12"[39m
                  [36m/>[39m
                  [36m<line[39m
                    [33mx1[39m=[32m"4"[39m
                    [33mx2[39m=[32m"20"[39m
                    [33my1[39m=[32m"6"[39m
                    [33my2[39m=[32m"6"[39m
                  [36m/>[39m
                  [36m<line[39m
                    [33mx1[39m=[32m"4"[39m
                    [33mx2[39m=[32m"20"[39m
                    [33my1[39m=[32m"18"[39m
                    [33my2[39m=[32m"18"[39m
                  [36m/>[39m
                [36m</svg>[39m
              [36m</button>[39m
            [36m</div>[39m
          [36m</div>[39m
        [36m</div>[39m
      [36m</header>[39m
      [36m<div[39m
        [33mclass[39m=[32m"container max-w-2xl mx-auto px-6 py-8"[39m
      [36m>[39m
        [36m<div[39m
          [33mclass[39m=[32m"space-y-6"[39m
        [36m>[39m
    ...
 ❯ Object.getElementError node_modules/@testing-library/dom/dist/config.js:37:19
 ❯ node_modules/@testing-library/dom/dist/query-helpers.js:76:38
 ❯ node_modules/@testing-library/dom/dist/query-helpers.js:52:17
 ❯ getByText node_modules/@testing-library/dom/dist/query-helpers.js:95:19
 ❯ src/test/warranty-e2e.test.tsx:403:37
    401| 
    402|       // Navigate to registration and fill form
    403|       const registerButton = screen.getByText('Register New Product')
       |                                     ^
    404|       await user.click(registerButton)
    405|       

⎯⎯⎯⎯⎯⎯⎯⎯⎯⎯⎯⎯⎯⎯⎯⎯⎯⎯⎯⎯⎯⎯⎯[8/63]⎯

 FAIL  src/test/warranty-e2e.test.tsx > Warranty Registration E2E Tests > Error Handling Flows > should handle invalid barcode scan
TestingLibraryElementError: Unable to find an element with the text: Register New Product. This could be because the text is broken up by multiple elements. In this case, you can provide a function for your text matcher to make your matcher more flexible.

Ignored nodes: comments, script, style
[36m<body>[39m
  [36m<div>[39m
    [36m<div[39m
      [33mclass[39m=[32m"min-h-screen bg-background pb-24"[39m
    [36m>[39m
      [36m<header[39m
        [33mclass[39m=[32m"sticky top-0 z-40 bg-background/95 backdrop-blur-lg border-b border-border"[39m
      [36m>[39m
        [36m<div[39m
          [33mclass[39m=[32m"container max-w-7xl mx-auto px-4 py-4"[39m
        [36m>[39m
          [36m<div[39m
            [33mclass[39m=[32m"flex items-center justify-between"[39m
          [36m>[39m
            [36m<div[39m
              [33mclass[39m=[32m"flex items-center gap-4"[39m
            [36m>[39m
              [36m<div[39m
                [33mclass[39m=[32m"flex items-center gap-3 cursor-pointer"[39m
              [36m>[39m
                [36m<img[39m
                  [33malt[39m=[32m"Test Store"[39m
                  [33mclass[39m=[32m"h-8 w-auto"[39m
                  [33msrc[39m=[32m"/test-logo.png"[39m
                [36m/>[39m
                [36m<div[39m
                  [33mclass[39m=[32m"hidden sm:flex flex-col"[39m
                [36m>[39m
                  [36m<span[39m
                    [33mclass[39m=[32m"font-semibold text-lg"[39m
                  [36m>[39m
                    [0mTest Store[0m
                  [36m</span>[39m
                  [36m<span[39m
                    [33mclass[39m=[32m"text-xs text-muted-foreground"[39m
                  [36m>[39m
                    [0mTest Store Tagline[0m
                  [36m</span>[39m
                [36m</div>[39m
              [36m</div>[39m
            [36m</div>[39m
            [36m<h1[39m
              [33mclass[39m=[32m"text-lg font-semibold hidden md:block"[39m
            [36m>[39m
              [0mWarranty[0m
            [36m</h1>[39m
            [36m<div[39m
              [33mclass[39m=[32m"flex items-center gap-4"[39m
            [36m>[39m
              [36m<button[39m
                [33mclass[39m=[32m"items-center justify-center gap-2 whitespace-nowrap text-sm font-medium ring-offset-background transition-colors focus-visible:outline-none focus-visible:ring-2 focus-visible:ring-ring focus-visible:ring-offset-2 disabled:pointer-events-none disabled:opacity-50 [&_svg]:pointer-events-none [&_svg]:size-4 [&_svg]:shrink-0 hover:bg-accent hover:text-accent-foreground h-9 rounded-md px-3 hidden sm:flex"[39m
              [36m>[39m
                [0mLogin[0m
              [36m</button>[39m
              [36m<button[39m
                [33mclass[39m=[32m"items-center justify-center gap-2 whitespace-nowrap text-sm font-medium ring-offset-background transition-colors focus-visible:outline-none focus-visible:ring-2 focus-visible:ring-ring focus-visible:ring-offset-2 disabled:pointer-events-none disabled:opacity-50 [&_svg]:pointer-events-none [&_svg]:size-4 [&_svg]:shrink-0 bg-primary text-primary-foreground hover:bg-primary/90 h-9 rounded-md px-3 hidden sm:flex"[39m
              [36m>[39m
                [36m<svg[39m
                  [33mclass[39m=[32m"lucide lucide-user-plus w-4 h-4 mr-2"[39m
                  [33mfill[39m=[32m"none"[39m
                  [33mheight[39m=[32m"24"[39m
                  [33mstroke[39m=[32m"currentColor"[39m
                  [33mstroke-linecap[39m=[32m"round"[39m
                  [33mstroke-linejoin[39m=[32m"round"[39m
                  [33mstroke-width[39m=[32m"2"[39m
                  [33mviewBox[39m=[32m"0 0 24 24"[39m
                  [33mwidth[39m=[32m"24"[39m
                  [33mxmlns[39m=[32m"http://www.w3.org/2000/svg"[39m
                [36m>[39m
                  [36m<path[39m
                    [33md[39m=[32m"M16 21v-2a4 4 0 0 0-4-4H6a4 4 0 0 0-4 4v2"[39m
                  [36m/>[39m
                  [36m<circle[39m
                    [33mcx[39m=[32m"9"[39m
                    [33mcy[39m=[32m"7"[39m
                    [33mr[39m=[32m"4"[39m
                  [36m/>[39m
                  [36m<line[39m
                    [33mx1[39m=[32m"19"[39m
                    [33mx2[39m=[32m"19"[39m
                    [33my1[39m=[32m"8"[39m
                    [33my2[39m=[32m"14"[39m
                  [36m/>[39m
                  [36m<line[39m
                    [33mx1[39m=[32m"22"[39m
                    [33mx2[39m=[32m"16"[39m
                    [33my1[39m=[32m"11"[39m
                    [33my2[39m=[32m"11"[39m
                  [36m/>[39m
                [36m</svg>[39m
                [0mRegister[0m
              [36m</button>[39m
              [36m<button[39m
                [33mclass[39m=[32m"inline-flex items-center justify-center gap-2 whitespace-nowrap text-sm font-medium ring-offset-background transition-colors focus-visible:outline-none focus-visible:ring-2 focus-visible:ring-ring focus-visible:ring-offset-2 disabled:pointer-events-none disabled:opacity-50 [&_svg]:pointer-events-none [&_svg]:size-4 [&_svg]:shrink-0 hover:bg-accent hover:text-accent-foreground h-9 rounded-md px-3 md:hidden"[39m
              [36m>[39m
                [36m<svg[39m
                  [33mclass[39m=[32m"lucide lucide-menu w-5 h-5"[39m
                  [33mfill[39m=[32m"none"[39m
                  [33mheight[39m=[32m"24"[39m
                  [33mstroke[39m=[32m"currentColor"[39m
                  [33mstroke-linecap[39m=[32m"round"[39m
                  [33mstroke-linejoin[39m=[32m"round"[39m
                  [33mstroke-width[39m=[32m"2"[39m
                  [33mviewBox[39m=[32m"0 0 24 24"[39m
                  [33mwidth[39m=[32m"24"[39m
                  [33mxmlns[39m=[32m"http://www.w3.org/2000/svg"[39m
                [36m>[39m
                  [36m<line[39m
                    [33mx1[39m=[32m"4"[39m
                    [33mx2[39m=[32m"20"[39m
                    [33my1[39m=[32m"12"[39m
                    [33my2[39m=[32m"12"[39m
                  [36m/>[39m
                  [36m<line[39m
                    [33mx1[39m=[32m"4"[39m
                    [33mx2[39m=[32m"20"[39m
                    [33my1[39m=[32m"6"[39m
                    [33my2[39m=[32m"6"[39m
                  [36m/>[39m
                  [36m<line[39m
                    [33mx1[39m=[32m"4"[39m
                    [33mx2[39m=[32m"20"[39m
                    [33my1[39m=[32m"18"[39m
                    [33my2[39m=[32m"18"[39m
                  [36m/>[39m
                [36m</svg>[39m
              [36m</button>[39m
            [36m</div>[39m
          [36m</div>[39m
        [36m</div>[39m
      [36m</header>[39m
      [36m<div[39m
        [33mclass[39m=[32m"container max-w-2xl mx-auto px-6 py-8"[39m
      [36m>[39m
        [36m<div[39m
          [33mclass[39m=[32m"space-y-6"[39m
        [36m>[39m
    ...
 ❯ Object.getElementError node_modules/@testing-library/dom/dist/config.js:37:19
 ❯ node_modules/@testing-library/dom/dist/query-helpers.js:76:38
 ❯ node_modules/@testing-library/dom/dist/query-helpers.js:52:17
 ❯ getByText node_modules/@testing-library/dom/dist/query-helpers.js:95:19
 ❯ src/test/warranty-e2e.test.tsx:442:37
    440| 
    441|       // Navigate to registration
    442|       const registerButton = screen.getByText('Register New Product')
       |                                     ^
    443|       await user.click(registerButton)
    444|       

⎯⎯⎯⎯⎯⎯⎯⎯⎯⎯⎯⎯⎯⎯⎯⎯⎯⎯⎯⎯⎯⎯⎯[9/63]⎯

 FAIL  src/test/warranty-e2e.test.tsx > Warranty Registration E2E Tests > Form Validation Flows > should prevent submission with missing required fields
TestingLibraryElementError: Unable to find an element with the text: Register New Product. This could be because the text is broken up by multiple elements. In this case, you can provide a function for your text matcher to make your matcher more flexible.

Ignored nodes: comments, script, style
[36m<body>[39m
  [36m<div>[39m
    [36m<div[39m
      [33mclass[39m=[32m"min-h-screen bg-background pb-24"[39m
    [36m>[39m
      [36m<header[39m
        [33mclass[39m=[32m"sticky top-0 z-40 bg-background/95 backdrop-blur-lg border-b border-border"[39m
      [36m>[39m
        [36m<div[39m
          [33mclass[39m=[32m"container max-w-7xl mx-auto px-4 py-4"[39m
        [36m>[39m
          [36m<div[39m
            [33mclass[39m=[32m"flex items-center justify-between"[39m
          [36m>[39m
            [36m<div[39m
              [33mclass[39m=[32m"flex items-center gap-4"[39m
            [36m>[39m
              [36m<div[39m
                [33mclass[39m=[32m"flex items-center gap-3 cursor-pointer"[39m
              [36m>[39m
                [36m<img[39m
                  [33malt[39m=[32m"Test Store"[39m
                  [33mclass[39m=[32m"h-8 w-auto"[39m
                  [33msrc[39m=[32m"/test-logo.png"[39m
                [36m/>[39m
                [36m<div[39m
                  [33mclass[39m=[32m"hidden sm:flex flex-col"[39m
                [36m>[39m
                  [36m<span[39m
                    [33mclass[39m=[32m"font-semibold text-lg"[39m
                  [36m>[39m
                    [0mTest Store[0m
                  [36m</span>[39m
                  [36m<span[39m
                    [33mclass[39m=[32m"text-xs text-muted-foreground"[39m
                  [36m>[39m
                    [0mTest Store Tagline[0m
                  [36m</span>[39m
                [36m</div>[39m
              [36m</div>[39m
            [36m</div>[39m
            [36m<h1[39m
              [33mclass[39m=[32m"text-lg font-semibold hidden md:block"[39m
            [36m>[39m
              [0mWarranty[0m
            [36m</h1>[39m
            [36m<div[39m
              [33mclass[39m=[32m"flex items-center gap-4"[39m
            [36m>[39m
              [36m<button[39m
                [33mclass[39m=[32m"items-center justify-center gap-2 whitespace-nowrap text-sm font-medium ring-offset-background transition-colors focus-visible:outline-none focus-visible:ring-2 focus-visible:ring-ring focus-visible:ring-offset-2 disabled:pointer-events-none disabled:opacity-50 [&_svg]:pointer-events-none [&_svg]:size-4 [&_svg]:shrink-0 hover:bg-accent hover:text-accent-foreground h-9 rounded-md px-3 hidden sm:flex"[39m
              [36m>[39m
                [0mLogin[0m
              [36m</button>[39m
              [36m<button[39m
                [33mclass[39m=[32m"items-center justify-center gap-2 whitespace-nowrap text-sm font-medium ring-offset-background transition-colors focus-visible:outline-none focus-visible:ring-2 focus-visible:ring-ring focus-visible:ring-offset-2 disabled:pointer-events-none disabled:opacity-50 [&_svg]:pointer-events-none [&_svg]:size-4 [&_svg]:shrink-0 bg-primary text-primary-foreground hover:bg-primary/90 h-9 rounded-md px-3 hidden sm:flex"[39m
              [36m>[39m
                [36m<svg[39m
                  [33mclass[39m=[32m"lucide lucide-user-plus w-4 h-4 mr-2"[39m
                  [33mfill[39m=[32m"none"[39m
                  [33mheight[39m=[32m"24"[39m
                  [33mstroke[39m=[32m"currentColor"[39m
                  [33mstroke-linecap[39m=[32m"round"[39m
                  [33mstroke-linejoin[39m=[32m"round"[39m
                  [33mstroke-width[39m=[32m"2"[39m
                  [33mviewBox[39m=[32m"0 0 24 24"[39m
                  [33mwidth[39m=[32m"24"[39m
                  [33mxmlns[39m=[32m"http://www.w3.org/2000/svg"[39m
                [36m>[39m
                  [36m<path[39m
                    [33md[39m=[32m"M16 21v-2a4 4 0 0 0-4-4H6a4 4 0 0 0-4 4v2"[39m
                  [36m/>[39m
                  [36m<circle[39m
                    [33mcx[39m=[32m"9"[39m
                    [33mcy[39m=[32m"7"[39m
                    [33mr[39m=[32m"4"[39m
                  [36m/>[39m
                  [36m<line[39m
                    [33mx1[39m=[32m"19"[39m
                    [33mx2[39m=[32m"19"[39m
                    [33my1[39m=[32m"8"[39m
                    [33my2[39m=[32m"14"[39m
                  [36m/>[39m
                  [36m<line[39m
                    [33mx1[39m=[32m"22"[39m
                    [33mx2[39m=[32m"16"[39m
                    [33my1[39m=[32m"11"[39m
                    [33my2[39m=[32m"11"[39m
                  [36m/>[39m
                [36m</svg>[39m
                [0mRegister[0m
              [36m</button>[39m
              [36m<button[39m
                [33mclass[39m=[32m"inline-flex items-center justify-center gap-2 whitespace-nowrap text-sm font-medium ring-offset-background transition-colors focus-visible:outline-none focus-visible:ring-2 focus-visible:ring-ring focus-visible:ring-offset-2 disabled:pointer-events-none disabled:opacity-50 [&_svg]:pointer-events-none [&_svg]:size-4 [&_svg]:shrink-0 hover:bg-accent hover:text-accent-foreground h-9 rounded-md px-3 md:hidden"[39m
              [36m>[39m
                [36m<svg[39m
                  [33mclass[39m=[32m"lucide lucide-menu w-5 h-5"[39m
                  [33mfill[39m=[32m"none"[39m
                  [33mheight[39m=[32m"24"[39m
                  [33mstroke[39m=[32m"currentColor"[39m
                  [33mstroke-linecap[39m=[32m"round"[39m
                  [33mstroke-linejoin[39m=[32m"round"[39m
                  [33mstroke-width[39m=[32m"2"[39m
                  [33mviewBox[39m=[32m"0 0 24 24"[39m
                  [33mwidth[39m=[32m"24"[39m
                  [33mxmlns[39m=[32m"http://www.w3.org/2000/svg"[39m
                [36m>[39m
                  [36m<line[39m
                    [33mx1[39m=[32m"4"[39m
                    [33mx2[39m=[32m"20"[39m
                    [33my1[39m=[32m"12"[39m
                    [33my2[39m=[32m"12"[39m
                  [36m/>[39m
                  [36m<line[39m
                    [33mx1[39m=[32m"4"[39m
                    [33mx2[39m=[32m"20"[39m
                    [33my1[39m=[32m"6"[39m
                    [33my2[39m=[32m"6"[39m
                  [36m/>[39m
                  [36m<line[39m
                    [33mx1[39m=[32m"4"[39m
                    [33mx2[39m=[32m"20"[39m
                    [33my1[39m=[32m"18"[39m
                    [33my2[39m=[32m"18"[39m
                  [36m/>[39m
                [36m</svg>[39m
              [36m</button>[39m
            [36m</div>[39m
          [36m</div>[39m
        [36m</div>[39m
      [36m</header>[39m
      [36m<div[39m
        [33mclass[39m=[32m"container max-w-2xl mx-auto px-6 py-8"[39m
      [36m>[39m
        [36m<div[39m
          [33mclass[39m=[32m"space-y-6"[39m
        [36m>[39m
    ...
 ❯ Object.getElementError node_modules/@testing-library/dom/dist/config.js:37:19
 ❯ node_modules/@testing-library/dom/dist/query-helpers.js:76:38
 ❯ node_modules/@testing-library/dom/dist/query-helpers.js:52:17
 ❯ getByText node_modules/@testing-library/dom/dist/query-helpers.js:95:19
 ❯ src/test/warranty-e2e.test.tsx:474:37
    472| 
    473|       // Navigate to registration
    474|       const registerButton = screen.getByText('Register New Product')
       |                                     ^
    475|       await user.click(registerButton)
    476|       

⎯⎯⎯⎯⎯⎯⎯⎯⎯⎯⎯⎯⎯⎯⎯⎯⎯⎯⎯⎯⎯⎯[10/63]⎯

 FAIL  src/test/warranty-e2e.test.tsx > Warranty Registration E2E Tests > Form Validation Flows > should validate email format
TestingLibraryElementError: Unable to find an element with the text: Register New Product. This could be because the text is broken up by multiple elements. In this case, you can provide a function for your text matcher to make your matcher more flexible.

Ignored nodes: comments, script, style
[36m<body>[39m
  [36m<div>[39m
    [36m<div[39m
      [33mclass[39m=[32m"min-h-screen bg-background pb-24"[39m
    [36m>[39m
      [36m<header[39m
        [33mclass[39m=[32m"sticky top-0 z-40 bg-background/95 backdrop-blur-lg border-b border-border"[39m
      [36m>[39m
        [36m<div[39m
          [33mclass[39m=[32m"container max-w-7xl mx-auto px-4 py-4"[39m
        [36m>[39m
          [36m<div[39m
            [33mclass[39m=[32m"flex items-center justify-between"[39m
          [36m>[39m
            [36m<div[39m
              [33mclass[39m=[32m"flex items-center gap-4"[39m
            [36m>[39m
              [36m<div[39m
                [33mclass[39m=[32m"flex items-center gap-3 cursor-pointer"[39m
              [36m>[39m
                [36m<img[39m
                  [33malt[39m=[32m"Test Store"[39m
                  [33mclass[39m=[32m"h-8 w-auto"[39m
                  [33msrc[39m=[32m"/test-logo.png"[39m
                [36m/>[39m
                [36m<div[39m
                  [33mclass[39m=[32m"hidden sm:flex flex-col"[39m
                [36m>[39m
                  [36m<span[39m
                    [33mclass[39m=[32m"font-semibold text-lg"[39m
                  [36m>[39m
                    [0mTest Store[0m
                  [36m</span>[39m
                  [36m<span[39m
                    [33mclass[39m=[32m"text-xs text-muted-foreground"[39m
                  [36m>[39m
                    [0mTest Store Tagline[0m
                  [36m</span>[39m
                [36m</div>[39m
              [36m</div>[39m
            [36m</div>[39m
            [36m<h1[39m
              [33mclass[39m=[32m"text-lg font-semibold hidden md:block"[39m
            [36m>[39m
              [0mWarranty[0m
            [36m</h1>[39m
            [36m<div[39m
              [33mclass[39m=[32m"flex items-center gap-4"[39m
            [36m>[39m
              [36m<button[39m
                [33mclass[39m=[32m"items-center justify-center gap-2 whitespace-nowrap text-sm font-medium ring-offset-background transition-colors focus-visible:outline-none focus-visible:ring-2 focus-visible:ring-ring focus-visible:ring-offset-2 disabled:pointer-events-none disabled:opacity-50 [&_svg]:pointer-events-none [&_svg]:size-4 [&_svg]:shrink-0 hover:bg-accent hover:text-accent-foreground h-9 rounded-md px-3 hidden sm:flex"[39m
              [36m>[39m
                [0mLogin[0m
              [36m</button>[39m
              [36m<button[39m
                [33mclass[39m=[32m"items-center justify-center gap-2 whitespace-nowrap text-sm font-medium ring-offset-background transition-colors focus-visible:outline-none focus-visible:ring-2 focus-visible:ring-ring focus-visible:ring-offset-2 disabled:pointer-events-none disabled:opacity-50 [&_svg]:pointer-events-none [&_svg]:size-4 [&_svg]:shrink-0 bg-primary text-primary-foreground hover:bg-primary/90 h-9 rounded-md px-3 hidden sm:flex"[39m
              [36m>[39m
                [36m<svg[39m
                  [33mclass[39m=[32m"lucide lucide-user-plus w-4 h-4 mr-2"[39m
                  [33mfill[39m=[32m"none"[39m
                  [33mheight[39m=[32m"24"[39m
                  [33mstroke[39m=[32m"currentColor"[39m
                  [33mstroke-linecap[39m=[32m"round"[39m
                  [33mstroke-linejoin[39m=[32m"round"[39m
                  [33mstroke-width[39m=[32m"2"[39m
                  [33mviewBox[39m=[32m"0 0 24 24"[39m
                  [33mwidth[39m=[32m"24"[39m
                  [33mxmlns[39m=[32m"http://www.w3.org/2000/svg"[39m
                [36m>[39m
                  [36m<path[39m
                    [33md[39m=[32m"M16 21v-2a4 4 0 0 0-4-4H6a4 4 0 0 0-4 4v2"[39m
                  [36m/>[39m
                  [36m<circle[39m
                    [33mcx[39m=[32m"9"[39m
                    [33mcy[39m=[32m"7"[39m
                    [33mr[39m=[32m"4"[39m
                  [36m/>[39m
                  [36m<line[39m
                    [33mx1[39m=[32m"19"[39m
                    [33mx2[39m=[32m"19"[39m
                    [33my1[39m=[32m"8"[39m
                    [33my2[39m=[32m"14"[39m
                  [36m/>[39m
                  [36m<line[39m
                    [33mx1[39m=[32m"22"[39m
                    [33mx2[39m=[32m"16"[39m
                    [33my1[39m=[32m"11"[39m
                    [33my2[39m=[32m"11"[39m
                  [36m/>[39m
                [36m</svg>[39m
                [0mRegister[0m
              [36m</button>[39m
              [36m<button[39m
                [33mclass[39m=[32m"inline-flex items-center justify-center gap-2 whitespace-nowrap text-sm font-medium ring-offset-background transition-colors focus-visible:outline-none focus-visible:ring-2 focus-visible:ring-ring focus-visible:ring-offset-2 disabled:pointer-events-none disabled:opacity-50 [&_svg]:pointer-events-none [&_svg]:size-4 [&_svg]:shrink-0 hover:bg-accent hover:text-accent-foreground h-9 rounded-md px-3 md:hidden"[39m
              [36m>[39m
                [36m<svg[39m
                  [33mclass[39m=[32m"lucide lucide-menu w-5 h-5"[39m
                  [33mfill[39m=[32m"none"[39m
                  [33mheight[39m=[32m"24"[39m
                  [33mstroke[39m=[32m"currentColor"[39m
                  [33mstroke-linecap[39m=[32m"round"[39m
                  [33mstroke-linejoin[39m=[32m"round"[39m
                  [33mstroke-width[39m=[32m"2"[39m
                  [33mviewBox[39m=[32m"0 0 24 24"[39m
                  [33mwidth[39m=[32m"24"[39m
                  [33mxmlns[39m=[32m"http://www.w3.org/2000/svg"[39m
                [36m>[39m
                  [36m<line[39m
                    [33mx1[39m=[32m"4"[39m
                    [33mx2[39m=[32m"20"[39m
                    [33my1[39m=[32m"12"[39m
                    [33my2[39m=[32m"12"[39m
                  [36m/>[39m
                  [36m<line[39m
                    [33mx1[39m=[32m"4"[39m
                    [33mx2[39m=[32m"20"[39m
                    [33my1[39m=[32m"6"[39m
                    [33my2[39m=[32m"6"[39m
                  [36m/>[39m
                  [36m<line[39m
                    [33mx1[39m=[32m"4"[39m
                    [33mx2[39m=[32m"20"[39m
                    [33my1[39m=[32m"18"[39m
                    [33my2[39m=[32m"18"[39m
                  [36m/>[39m
                [36m</svg>[39m
              [36m</button>[39m
            [36m</div>[39m
          [36m</div>[39m
        [36m</div>[39m
      [36m</header>[39m
      [36m<div[39m
        [33mclass[39m=[32m"container max-w-2xl mx-auto px-6 py-8"[39m
      [36m>[39m
        [36m<div[39m
          [33mclass[39m=[32m"space-y-6"[39m
        [36m>[39m
    ...
 ❯ Object.getElementError node_modules/@testing-library/dom/dist/config.js:37:19
 ❯ node_modules/@testing-library/dom/dist/query-helpers.js:76:38
 ❯ node_modules/@testing-library/dom/dist/query-helpers.js:52:17
 ❯ getByText node_modules/@testing-library/dom/dist/query-helpers.js:95:19
 ❯ src/test/warranty-e2e.test.tsx:504:37
    502| 
    503|       // Navigate to registration
    504|       const registerButton = screen.getByText('Register New Product')
       |                                     ^
    505|       await user.click(registerButton)
    506|       

⎯⎯⎯⎯⎯⎯⎯⎯⎯⎯⎯⎯⎯⎯⎯⎯⎯⎯⎯⎯⎯⎯[11/63]⎯

 FAIL  src/test/warranty-e2e.test.tsx > Warranty Registration E2E Tests > Form Validation Flows > should validate barcode length
TestingLibraryElementError: Unable to find an element with the text: Register New Product. This could be because the text is broken up by multiple elements. In this case, you can provide a function for your text matcher to make your matcher more flexible.

Ignored nodes: comments, script, style
[36m<body>[39m
  [36m<div>[39m
    [36m<div[39m
      [33mclass[39m=[32m"min-h-screen bg-background pb-24"[39m
    [36m>[39m
      [36m<header[39m
        [33mclass[39m=[32m"sticky top-0 z-40 bg-background/95 backdrop-blur-lg border-b border-border"[39m
      [36m>[39m
        [36m<div[39m
          [33mclass[39m=[32m"container max-w-7xl mx-auto px-4 py-4"[39m
        [36m>[39m
          [36m<div[39m
            [33mclass[39m=[32m"flex items-center justify-between"[39m
          [36m>[39m
            [36m<div[39m
              [33mclass[39m=[32m"flex items-center gap-4"[39m
            [36m>[39m
              [36m<div[39m
                [33mclass[39m=[32m"flex items-center gap-3 cursor-pointer"[39m
              [36m>[39m
                [36m<img[39m
                  [33malt[39m=[32m"Test Store"[39m
                  [33mclass[39m=[32m"h-8 w-auto"[39m
                  [33msrc[39m=[32m"/test-logo.png"[39m
                [36m/>[39m
                [36m<div[39m
                  [33mclass[39m=[32m"hidden sm:flex flex-col"[39m
                [36m>[39m
                  [36m<span[39m
                    [33mclass[39m=[32m"font-semibold text-lg"[39m
                  [36m>[39m
                    [0mTest Store[0m
                  [36m</span>[39m
                  [36m<span[39m
                    [33mclass[39m=[32m"text-xs text-muted-foreground"[39m
                  [36m>[39m
                    [0mTest Store Tagline[0m
                  [36m</span>[39m
                [36m</div>[39m
              [36m</div>[39m
            [36m</div>[39m
            [36m<h1[39m
              [33mclass[39m=[32m"text-lg font-semibold hidden md:block"[39m
            [36m>[39m
              [0mWarranty[0m
            [36m</h1>[39m
            [36m<div[39m
              [33mclass[39m=[32m"flex items-center gap-4"[39m
            [36m>[39m
              [36m<button[39m
                [33mclass[39m=[32m"items-center justify-center gap-2 whitespace-nowrap text-sm font-medium ring-offset-background transition-colors focus-visible:outline-none focus-visible:ring-2 focus-visible:ring-ring focus-visible:ring-offset-2 disabled:pointer-events-none disabled:opacity-50 [&_svg]:pointer-events-none [&_svg]:size-4 [&_svg]:shrink-0 hover:bg-accent hover:text-accent-foreground h-9 rounded-md px-3 hidden sm:flex"[39m
              [36m>[39m
                [0mLogin[0m
              [36m</button>[39m
              [36m<button[39m
                [33mclass[39m=[32m"items-center justify-center gap-2 whitespace-nowrap text-sm font-medium ring-offset-background transition-colors focus-visible:outline-none focus-visible:ring-2 focus-visible:ring-ring focus-visible:ring-offset-2 disabled:pointer-events-none disabled:opacity-50 [&_svg]:pointer-events-none [&_svg]:size-4 [&_svg]:shrink-0 bg-primary text-primary-foreground hover:bg-primary/90 h-9 rounded-md px-3 hidden sm:flex"[39m
              [36m>[39m
                [36m<svg[39m
                  [33mclass[39m=[32m"lucide lucide-user-plus w-4 h-4 mr-2"[39m
                  [33mfill[39m=[32m"none"[39m
                  [33mheight[39m=[32m"24"[39m
                  [33mstroke[39m=[32m"currentColor"[39m
                  [33mstroke-linecap[39m=[32m"round"[39m
                  [33mstroke-linejoin[39m=[32m"round"[39m
                  [33mstroke-width[39m=[32m"2"[39m
                  [33mviewBox[39m=[32m"0 0 24 24"[39m
                  [33mwidth[39m=[32m"24"[39m
                  [33mxmlns[39m=[32m"http://www.w3.org/2000/svg"[39m
                [36m>[39m
                  [36m<path[39m
                    [33md[39m=[32m"M16 21v-2a4 4 0 0 0-4-4H6a4 4 0 0 0-4 4v2"[39m
                  [36m/>[39m
                  [36m<circle[39m
                    [33mcx[39m=[32m"9"[39m
                    [33mcy[39m=[32m"7"[39m
                    [33mr[39m=[32m"4"[39m
                  [36m/>[39m
                  [36m<line[39m
                    [33mx1[39m=[32m"19"[39m
                    [33mx2[39m=[32m"19"[39m
                    [33my1[39m=[32m"8"[39m
                    [33my2[39m=[32m"14"[39m
                  [36m/>[39m
                  [36m<line[39m
                    [33mx1[39m=[32m"22"[39m
                    [33mx2[39m=[32m"16"[39m
                    [33my1[39m=[32m"11"[39m
                    [33my2[39m=[32m"11"[39m
                  [36m/>[39m
                [36m</svg>[39m
                [0mRegister[0m
              [36m</button>[39m
              [36m<button[39m
                [33mclass[39m=[32m"inline-flex items-center justify-center gap-2 whitespace-nowrap text-sm font-medium ring-offset-background transition-colors focus-visible:outline-none focus-visible:ring-2 focus-visible:ring-ring focus-visible:ring-offset-2 disabled:pointer-events-none disabled:opacity-50 [&_svg]:pointer-events-none [&_svg]:size-4 [&_svg]:shrink-0 hover:bg-accent hover:text-accent-foreground h-9 rounded-md px-3 md:hidden"[39m
              [36m>[39m
                [36m<svg[39m
                  [33mclass[39m=[32m"lucide lucide-menu w-5 h-5"[39m
                  [33mfill[39m=[32m"none"[39m
                  [33mheight[39m=[32m"24"[39m
                  [33mstroke[39m=[32m"currentColor"[39m
                  [33mstroke-linecap[39m=[32m"round"[39m
                  [33mstroke-linejoin[39m=[32m"round"[39m
                  [33mstroke-width[39m=[32m"2"[39m
                  [33mviewBox[39m=[32m"0 0 24 24"[39m
                  [33mwidth[39m=[32m"24"[39m
                  [33mxmlns[39m=[32m"http://www.w3.org/2000/svg"[39m
                [36m>[39m
                  [36m<line[39m
                    [33mx1[39m=[32m"4"[39m
                    [33mx2[39m=[32m"20"[39m
                    [33my1[39m=[32m"12"[39m
                    [33my2[39m=[32m"12"[39m
                  [36m/>[39m
                  [36m<line[39m
                    [33mx1[39m=[32m"4"[39m
                    [33mx2[39m=[32m"20"[39m
                    [33my1[39m=[32m"6"[39m
                    [33my2[39m=[32m"6"[39m
                  [36m/>[39m
                  [36m<line[39m
                    [33mx1[39m=[32m"4"[39m
                    [33mx2[39m=[32m"20"[39m
                    [33my1[39m=[32m"18"[39m
                    [33my2[39m=[32m"18"[39m
                  [36m/>[39m
                [36m</svg>[39m
              [36m</button>[39m
            [36m</div>[39m
          [36m</div>[39m
        [36m</div>[39m
      [36m</header>[39m
      [36m<div[39m
        [33mclass[39m=[32m"container max-w-2xl mx-auto px-6 py-8"[39m
      [36m>[39m
        [36m<div[39m
          [33mclass[39m=[32m"space-y-6"[39m
        [36m>[39m
    ...
 ❯ Object.getElementError node_modules/@testing-library/dom/dist/config.js:37:19
 ❯ node_modules/@testing-library/dom/dist/query-helpers.js:76:38
 ❯ node_modules/@testing-library/dom/dist/query-helpers.js:52:17
 ❯ getByText node_modules/@testing-library/dom/dist/query-helpers.js:95:19
 ❯ src/test/warranty-e2e.test.tsx:537:37
    535| 
    536|       // Navigate to registration
    537|       const registerButton = screen.getByText('Register New Product')
       |                                     ^
    538|       await user.click(registerButton)
    539|       

⎯⎯⎯⎯⎯⎯⎯⎯⎯⎯⎯⎯⎯⎯⎯⎯⎯⎯⎯⎯⎯⎯[12/63]⎯

 FAIL  src/test/warranty-e2e.test.tsx > Warranty Registration E2E Tests > Navigation Flows > should allow navigation back to lookup from registration
TestingLibraryElementError: Unable to find an element with the text: Register New Product. This could be because the text is broken up by multiple elements. In this case, you can provide a function for your text matcher to make your matcher more flexible.

Ignored nodes: comments, script, style
[36m<body>[39m
  [36m<div>[39m
    [36m<div[39m
      [33mclass[39m=[32m"min-h-screen bg-background pb-24"[39m
    [36m>[39m
      [36m<header[39m
        [33mclass[39m=[32m"sticky top-0 z-40 bg-background/95 backdrop-blur-lg border-b border-border"[39m
      [36m>[39m
        [36m<div[39m
          [33mclass[39m=[32m"container max-w-7xl mx-auto px-4 py-4"[39m
        [36m>[39m
          [36m<div[39m
            [33mclass[39m=[32m"flex items-center justify-between"[39m
          [36m>[39m
            [36m<div[39m
              [33mclass[39m=[32m"flex items-center gap-4"[39m
            [36m>[39m
              [36m<div[39m
                [33mclass[39m=[32m"flex items-center gap-3 cursor-pointer"[39m
              [36m>[39m
                [36m<img[39m
                  [33malt[39m=[32m"Test Store"[39m
                  [33mclass[39m=[32m"h-8 w-auto"[39m
                  [33msrc[39m=[32m"/test-logo.png"[39m
                [36m/>[39m
                [36m<div[39m
                  [33mclass[39m=[32m"hidden sm:flex flex-col"[39m
                [36m>[39m
                  [36m<span[39m
                    [33mclass[39m=[32m"font-semibold text-lg"[39m
                  [36m>[39m
                    [0mTest Store[0m
                  [36m</span>[39m
                  [36m<span[39m
                    [33mclass[39m=[32m"text-xs text-muted-foreground"[39m
                  [36m>[39m
                    [0mTest Store Tagline[0m
                  [36m</span>[39m
                [36m</div>[39m
              [36m</div>[39m
            [36m</div>[39m
            [36m<h1[39m
              [33mclass[39m=[32m"text-lg font-semibold hidden md:block"[39m
            [36m>[39m
              [0mWarranty[0m
            [36m</h1>[39m
            [36m<div[39m
              [33mclass[39m=[32m"flex items-center gap-4"[39m
            [36m>[39m
              [36m<button[39m
                [33mclass[39m=[32m"items-center justify-center gap-2 whitespace-nowrap text-sm font-medium ring-offset-background transition-colors focus-visible:outline-none focus-visible:ring-2 focus-visible:ring-ring focus-visible:ring-offset-2 disabled:pointer-events-none disabled:opacity-50 [&_svg]:pointer-events-none [&_svg]:size-4 [&_svg]:shrink-0 hover:bg-accent hover:text-accent-foreground h-9 rounded-md px-3 hidden sm:flex"[39m
              [36m>[39m
                [0mLogin[0m
              [36m</button>[39m
              [36m<button[39m
                [33mclass[39m=[32m"items-center justify-center gap-2 whitespace-nowrap text-sm font-medium ring-offset-background transition-colors focus-visible:outline-none focus-visible:ring-2 focus-visible:ring-ring focus-visible:ring-offset-2 disabled:pointer-events-none disabled:opacity-50 [&_svg]:pointer-events-none [&_svg]:size-4 [&_svg]:shrink-0 bg-primary text-primary-foreground hover:bg-primary/90 h-9 rounded-md px-3 hidden sm:flex"[39m
              [36m>[39m
                [36m<svg[39m
                  [33mclass[39m=[32m"lucide lucide-user-plus w-4 h-4 mr-2"[39m
                  [33mfill[39m=[32m"none"[39m
                  [33mheight[39m=[32m"24"[39m
                  [33mstroke[39m=[32m"currentColor"[39m
                  [33mstroke-linecap[39m=[32m"round"[39m
                  [33mstroke-linejoin[39m=[32m"round"[39m
                  [33mstroke-width[39m=[32m"2"[39m
                  [33mviewBox[39m=[32m"0 0 24 24"[39m
                  [33mwidth[39m=[32m"24"[39m
                  [33mxmlns[39m=[32m"http://www.w3.org/2000/svg"[39m
                [36m>[39m
                  [36m<path[39m
                    [33md[39m=[32m"M16 21v-2a4 4 0 0 0-4-4H6a4 4 0 0 0-4 4v2"[39m
                  [36m/>[39m
                  [36m<circle[39m
                    [33mcx[39m=[32m"9"[39m
                    [33mcy[39m=[32m"7"[39m
                    [33mr[39m=[32m"4"[39m
                  [36m/>[39m
                  [36m<line[39m
                    [33mx1[39m=[32m"19"[39m
                    [33mx2[39m=[32m"19"[39m
                    [33my1[39m=[32m"8"[39m
                    [33my2[39m=[32m"14"[39m
                  [36m/>[39m
                  [36m<line[39m
                    [33mx1[39m=[32m"22"[39m
                    [33mx2[39m=[32m"16"[39m
                    [33my1[39m=[32m"11"[39m
                    [33my2[39m=[32m"11"[39m
                  [36m/>[39m
                [36m</svg>[39m
                [0mRegister[0m
              [36m</button>[39m
              [36m<button[39m
                [33mclass[39m=[32m"inline-flex items-center justify-center gap-2 whitespace-nowrap text-sm font-medium ring-offset-background transition-colors focus-visible:outline-none focus-visible:ring-2 focus-visible:ring-ring focus-visible:ring-offset-2 disabled:pointer-events-none disabled:opacity-50 [&_svg]:pointer-events-none [&_svg]:size-4 [&_svg]:shrink-0 hover:bg-accent hover:text-accent-foreground h-9 rounded-md px-3 md:hidden"[39m
              [36m>[39m
                [36m<svg[39m
                  [33mclass[39m=[32m"lucide lucide-menu w-5 h-5"[39m
                  [33mfill[39m=[32m"none"[39m
                  [33mheight[39m=[32m"24"[39m
                  [33mstroke[39m=[32m"currentColor"[39m
                  [33mstroke-linecap[39m=[32m"round"[39m
                  [33mstroke-linejoin[39m=[32m"round"[39m
                  [33mstroke-width[39m=[32m"2"[39m
                  [33mviewBox[39m=[32m"0 0 24 24"[39m
                  [33mwidth[39m=[32m"24"[39m
                  [33mxmlns[39m=[32m"http://www.w3.org/2000/svg"[39m
                [36m>[39m
                  [36m<line[39m
                    [33mx1[39m=[32m"4"[39m
                    [33mx2[39m=[32m"20"[39m
                    [33my1[39m=[32m"12"[39m
                    [33my2[39m=[32m"12"[39m
                  [36m/>[39m
                  [36m<line[39m
                    [33mx1[39m=[32m"4"[39m
                    [33mx2[39m=[32m"20"[39m
                    [33my1[39m=[32m"6"[39m
                    [33my2[39m=[32m"6"[39m
                  [36m/>[39m
                  [36m<line[39m
                    [33mx1[39m=[32m"4"[39m
                    [33mx2[39m=[32m"20"[39m
                    [33my1[39m=[32m"18"[39m
                    [33my2[39m=[32m"18"[39m
                  [36m/>[39m
                [36m</svg>[39m
              [36m</button>[39m
            [36m</div>[39m
          [36m</div>[39m
        [36m</div>[39m
      [36m</header>[39m
      [36m<div[39m
        [33mclass[39m=[32m"container max-w-2xl mx-auto px-6 py-8"[39m
      [36m>[39m
        [36m<div[39m
          [33mclass[39m=[32m"space-y-6"[39m
        [36m>[39m
    ...
 ❯ Object.getElementError node_modules/@testing-library/dom/dist/config.js:37:19
 ❯ node_modules/@testing-library/dom/dist/query-helpers.js:76:38
 ❯ node_modules/@testing-library/dom/dist/query-helpers.js:52:17
 ❯ getByText node_modules/@testing-library/dom/dist/query-helpers.js:95:19
 ❯ src/test/warranty-e2e.test.tsx:572:37
    570| 
    571|       // Navigate to registration
    572|       const registerButton = screen.getByText('Register New Product')
       |                                     ^
    573|       await user.click(registerButton)
    574|       

⎯⎯⎯⎯⎯⎯⎯⎯⎯⎯⎯⎯⎯⎯⎯⎯⎯⎯⎯⎯⎯⎯[13/63]⎯

 FAIL  src/test/warranty-e2e.test.tsx > Warranty Registration E2E Tests > Navigation Flows > should navigate to warranty details after successful registration
TestingLibraryElementError: Unable to find an element with the text: Register New Product. This could be because the text is broken up by multiple elements. In this case, you can provide a function for your text matcher to make your matcher more flexible.

Ignored nodes: comments, script, style
[36m<body>[39m
  [36m<div>[39m
    [36m<div[39m
      [33mclass[39m=[32m"min-h-screen bg-background pb-24"[39m
    [36m>[39m
      [36m<header[39m
        [33mclass[39m=[32m"sticky top-0 z-40 bg-background/95 backdrop-blur-lg border-b border-border"[39m
      [36m>[39m
        [36m<div[39m
          [33mclass[39m=[32m"container max-w-7xl mx-auto px-4 py-4"[39m
        [36m>[39m
          [36m<div[39m
            [33mclass[39m=[32m"flex items-center justify-between"[39m
          [36m>[39m
            [36m<div[39m
              [33mclass[39m=[32m"flex items-center gap-4"[39m
            [36m>[39m
              [36m<div[39m
                [33mclass[39m=[32m"flex items-center gap-3 cursor-pointer"[39m
              [36m>[39m
                [36m<img[39m
                  [33malt[39m=[32m"Test Store"[39m
                  [33mclass[39m=[32m"h-8 w-auto"[39m
                  [33msrc[39m=[32m"/test-logo.png"[39m
                [36m/>[39m
                [36m<div[39m
                  [33mclass[39m=[32m"hidden sm:flex flex-col"[39m
                [36m>[39m
                  [36m<span[39m
                    [33mclass[39m=[32m"font-semibold text-lg"[39m
                  [36m>[39m
                    [0mTest Store[0m
                  [36m</span>[39m
                  [36m<span[39m
                    [33mclass[39m=[32m"text-xs text-muted-foreground"[39m
                  [36m>[39m
                    [0mTest Store Tagline[0m
                  [36m</span>[39m
                [36m</div>[39m
              [36m</div>[39m
            [36m</div>[39m
            [36m<h1[39m
              [33mclass[39m=[32m"text-lg font-semibold hidden md:block"[39m
            [36m>[39m
              [0mWarranty[0m
            [36m</h1>[39m
            [36m<div[39m
              [33mclass[39m=[32m"flex items-center gap-4"[39m
            [36m>[39m
              [36m<button[39m
                [33mclass[39m=[32m"items-center justify-center gap-2 whitespace-nowrap text-sm font-medium ring-offset-background transition-colors focus-visible:outline-none focus-visible:ring-2 focus-visible:ring-ring focus-visible:ring-offset-2 disabled:pointer-events-none disabled:opacity-50 [&_svg]:pointer-events-none [&_svg]:size-4 [&_svg]:shrink-0 hover:bg-accent hover:text-accent-foreground h-9 rounded-md px-3 hidden sm:flex"[39m
              [36m>[39m
                [0mLogin[0m
              [36m</button>[39m
              [36m<button[39m
                [33mclass[39m=[32m"items-center justify-center gap-2 whitespace-nowrap text-sm font-medium ring-offset-background transition-colors focus-visible:outline-none focus-visible:ring-2 focus-visible:ring-ring focus-visible:ring-offset-2 disabled:pointer-events-none disabled:opacity-50 [&_svg]:pointer-events-none [&_svg]:size-4 [&_svg]:shrink-0 bg-primary text-primary-foreground hover:bg-primary/90 h-9 rounded-md px-3 hidden sm:flex"[39m
              [36m>[39m
                [36m<svg[39m
                  [33mclass[39m=[32m"lucide lucide-user-plus w-4 h-4 mr-2"[39m
                  [33mfill[39m=[32m"none"[39m
                  [33mheight[39m=[32m"24"[39m
                  [33mstroke[39m=[32m"currentColor"[39m
                  [33mstroke-linecap[39m=[32m"round"[39m
                  [33mstroke-linejoin[39m=[32m"round"[39m
                  [33mstroke-width[39m=[32m"2"[39m
                  [33mviewBox[39m=[32m"0 0 24 24"[39m
                  [33mwidth[39m=[32m"24"[39m
                  [33mxmlns[39m=[32m"http://www.w3.org/2000/svg"[39m
                [36m>[39m
                  [36m<path[39m
                    [33md[39m=[32m"M16 21v-2a4 4 0 0 0-4-4H6a4 4 0 0 0-4 4v2"[39m
                  [36m/>[39m
                  [36m<circle[39m
                    [33mcx[39m=[32m"9"[39m
                    [33mcy[39m=[32m"7"[39m
                    [33mr[39m=[32m"4"[39m
                  [36m/>[39m
                  [36m<line[39m
                    [33mx1[39m=[32m"19"[39m
                    [33mx2[39m=[32m"19"[39m
                    [33my1[39m=[32m"8"[39m
                    [33my2[39m=[32m"14"[39m
                  [36m/>[39m
                  [36m<line[39m
                    [33mx1[39m=[32m"22"[39m
                    [33mx2[39m=[32m"16"[39m
                    [33my1[39m=[32m"11"[39m
                    [33my2[39m=[32m"11"[39m
                  [36m/>[39m
                [36m</svg>[39m
                [0mRegister[0m
              [36m</button>[39m
              [36m<button[39m
                [33mclass[39m=[32m"inline-flex items-center justify-center gap-2 whitespace-nowrap text-sm font-medium ring-offset-background transition-colors focus-visible:outline-none focus-visible:ring-2 focus-visible:ring-ring focus-visible:ring-offset-2 disabled:pointer-events-none disabled:opacity-50 [&_svg]:pointer-events-none [&_svg]:size-4 [&_svg]:shrink-0 hover:bg-accent hover:text-accent-foreground h-9 rounded-md px-3 md:hidden"[39m
              [36m>[39m
                [36m<svg[39m
                  [33mclass[39m=[32m"lucide lucide-menu w-5 h-5"[39m
                  [33mfill[39m=[32m"none"[39m
                  [33mheight[39m=[32m"24"[39m
                  [33mstroke[39m=[32m"currentColor"[39m
                  [33mstroke-linecap[39m=[32m"round"[39m
                  [33mstroke-linejoin[39m=[32m"round"[39m
                  [33mstroke-width[39m=[32m"2"[39m
                  [33mviewBox[39m=[32m"0 0 24 24"[39m
                  [33mwidth[39m=[32m"24"[39m
                  [33mxmlns[39m=[32m"http://www.w3.org/2000/svg"[39m
                [36m>[39m
                  [36m<line[39m
                    [33mx1[39m=[32m"4"[39m
                    [33mx2[39m=[32m"20"[39m
                    [33my1[39m=[32m"12"[39m
                    [33my2[39m=[32m"12"[39m
                  [36m/>[39m
                  [36m<line[39m
                    [33mx1[39m=[32m"4"[39m
                    [33mx2[39m=[32m"20"[39m
                    [33my1[39m=[32m"6"[39m
                    [33my2[39m=[32m"6"[39m
                  [36m/>[39m
                  [36m<line[39m
                    [33mx1[39m=[32m"4"[39m
                    [33mx2[39m=[32m"20"[39m
                    [33my1[39m=[32m"18"[39m
                    [33my2[39m=[32m"18"[39m
                  [36m/>[39m
                [36m</svg>[39m
              [36m</button>[39m
            [36m</div>[39m
          [36m</div>[39m
        [36m</div>[39m
      [36m</header>[39m
      [36m<div[39m
        [33mclass[39m=[32m"container max-w-2xl mx-auto px-6 py-8"[39m
      [36m>[39m
        [36m<div[39m
          [33mclass[39m=[32m"space-y-6"[39m
        [36m>[39m
    ...
 ❯ Object.getElementError node_modules/@testing-library/dom/dist/config.js:37:19
 ❯ node_modules/@testing-library/dom/dist/query-helpers.js:76:38
 ❯ node_modules/@testing-library/dom/dist/query-helpers.js:52:17
 ❯ getByText node_modules/@testing-library/dom/dist/query-helpers.js:95:19
 ❯ src/test/warranty-e2e.test.tsx:650:37
    648| 
    649|       // Complete registration flow
    650|       const registerButton = screen.getByText('Register New Product')
       |                                     ^
    651|       await user.click(registerButton)
    652|       

⎯⎯⎯⎯⎯⎯⎯⎯⎯⎯⎯⎯⎯⎯⎯⎯⎯⎯⎯⎯⎯⎯[14/63]⎯

 FAIL  src/test/warranty-registration.test.tsx > Warranty Registration > Registration Form State Management > should initialize registration form with empty values
TestingLibraryElementError: Unable to find an element with the text: Register New Product. This could be because the text is broken up by multiple elements. In this case, you can provide a function for your text matcher to make your matcher more flexible.

Ignored nodes: comments, script, style
[36m<body>[39m
  [36m<div>[39m
    [36m<div[39m
      [33mclass[39m=[32m"min-h-screen bg-background pb-24"[39m
    [36m>[39m
      [36m<header[39m
        [33mclass[39m=[32m"sticky top-0 z-40 bg-background/95 backdrop-blur-lg border-b border-border"[39m
      [36m>[39m
        [36m<div[39m
          [33mclass[39m=[32m"container max-w-7xl mx-auto px-4 py-4"[39m
        [36m>[39m
          [36m<div[39m
            [33mclass[39m=[32m"flex items-center justify-between"[39m
          [36m>[39m
            [36m<div[39m
              [33mclass[39m=[32m"flex items-center gap-4"[39m
            [36m>[39m
              [36m<div[39m
                [33mclass[39m=[32m"flex items-center gap-3 cursor-pointer"[39m
              [36m>[39m
                [36m<img[39m
                  [33malt[39m=[32m"Test Store"[39m
                  [33mclass[39m=[32m"h-8 w-auto"[39m
                  [33msrc[39m=[32m"/test-logo.png"[39m
                [36m/>[39m
                [36m<div[39m
                  [33mclass[39m=[32m"hidden sm:flex flex-col"[39m
                [36m>[39m
                  [36m<span[39m
                    [33mclass[39m=[32m"font-semibold text-lg"[39m
                  [36m>[39m
                    [0mTest Store[0m
                  [36m</span>[39m
                  [36m<span[39m
                    [33mclass[39m=[32m"text-xs text-muted-foreground"[39m
                  [36m>[39m
                    [0mTest Store Tagline[0m
                  [36m</span>[39m
                [36m</div>[39m
              [36m</div>[39m
            [36m</div>[39m
            [36m<h1[39m
              [33mclass[39m=[32m"text-lg font-semibold hidden md:block"[39m
            [36m>[39m
              [0mWarranty[0m
            [36m</h1>[39m
            [36m<div[39m
              [33mclass[39m=[32m"flex items-center gap-4"[39m
            [36m>[39m
              [36m<button[39m
                [33mclass[39m=[32m"items-center justify-center gap-2 whitespace-nowrap text-sm font-medium ring-offset-background transition-colors focus-visible:outline-none focus-visible:ring-2 focus-visible:ring-ring focus-visible:ring-offset-2 disabled:pointer-events-none disabled:opacity-50 [&_svg]:pointer-events-none [&_svg]:size-4 [&_svg]:shrink-0 hover:bg-accent hover:text-accent-foreground h-9 rounded-md px-3 hidden sm:flex"[39m
              [36m>[39m
                [0mLogin[0m
              [36m</button>[39m
              [36m<button[39m
                [33mclass[39m=[32m"items-center justify-center gap-2 whitespace-nowrap text-sm font-medium ring-offset-background transition-colors focus-visible:outline-none focus-visible:ring-2 focus-visible:ring-ring focus-visible:ring-offset-2 disabled:pointer-events-none disabled:opacity-50 [&_svg]:pointer-events-none [&_svg]:size-4 [&_svg]:shrink-0 bg-primary text-primary-foreground hover:bg-primary/90 h-9 rounded-md px-3 hidden sm:flex"[39m
              [36m>[39m
                [36m<svg[39m
                  [33mclass[39m=[32m"lucide lucide-user-plus w-4 h-4 mr-2"[39m
                  [33mfill[39m=[32m"none"[39m
                  [33mheight[39m=[32m"24"[39m
                  [33mstroke[39m=[32m"currentColor"[39m
                  [33mstroke-linecap[39m=[32m"round"[39m
                  [33mstroke-linejoin[39m=[32m"round"[39m
                  [33mstroke-width[39m=[32m"2"[39m
                  [33mviewBox[39m=[32m"0 0 24 24"[39m
                  [33mwidth[39m=[32m"24"[39m
                  [33mxmlns[39m=[32m"http://www.w3.org/2000/svg"[39m
                [36m>[39m
                  [36m<path[39m
                    [33md[39m=[32m"M16 21v-2a4 4 0 0 0-4-4H6a4 4 0 0 0-4 4v2"[39m
                  [36m/>[39m
                  [36m<circle[39m
                    [33mcx[39m=[32m"9"[39m
                    [33mcy[39m=[32m"7"[39m
                    [33mr[39m=[32m"4"[39m
                  [36m/>[39m
                  [36m<line[39m
                    [33mx1[39m=[32m"19"[39m
                    [33mx2[39m=[32m"19"[39m
                    [33my1[39m=[32m"8"[39m
                    [33my2[39m=[32m"14"[39m
                  [36m/>[39m
                  [36m<line[39m
                    [33mx1[39m=[32m"22"[39m
                    [33mx2[39m=[32m"16"[39m
                    [33my1[39m=[32m"11"[39m
                    [33my2[39m=[32m"11"[39m
                  [36m/>[39m
                [36m</svg>[39m
                [0mRegister[0m
              [36m</button>[39m
              [36m<button[39m
                [33mclass[39m=[32m"inline-flex items-center justify-center gap-2 whitespace-nowrap text-sm font-medium ring-offset-background transition-colors focus-visible:outline-none focus-visible:ring-2 focus-visible:ring-ring focus-visible:ring-offset-2 disabled:pointer-events-none disabled:opacity-50 [&_svg]:pointer-events-none [&_svg]:size-4 [&_svg]:shrink-0 hover:bg-accent hover:text-accent-foreground h-9 rounded-md px-3 md:hidden"[39m
              [36m>[39m
                [36m<svg[39m
                  [33mclass[39m=[32m"lucide lucide-menu w-5 h-5"[39m
                  [33mfill[39m=[32m"none"[39m
                  [33mheight[39m=[32m"24"[39m
                  [33mstroke[39m=[32m"currentColor"[39m
                  [33mstroke-linecap[39m=[32m"round"[39m
                  [33mstroke-linejoin[39m=[32m"round"[39m
                  [33mstroke-width[39m=[32m"2"[39m
                  [33mviewBox[39m=[32m"0 0 24 24"[39m
                  [33mwidth[39m=[32m"24"[39m
                  [33mxmlns[39m=[32m"http://www.w3.org/2000/svg"[39m
                [36m>[39m
                  [36m<line[39m
                    [33mx1[39m=[32m"4"[39m
                    [33mx2[39m=[32m"20"[39m
                    [33my1[39m=[32m"12"[39m
                    [33my2[39m=[32m"12"[39m
                  [36m/>[39m
                  [36m<line[39m
                    [33mx1[39m=[32m"4"[39m
                    [33mx2[39m=[32m"20"[39m
                    [33my1[39m=[32m"6"[39m
                    [33my2[39m=[32m"6"[39m
                  [36m/>[39m
                  [36m<line[39m
                    [33mx1[39m=[32m"4"[39m
                    [33mx2[39m=[32m"20"[39m
                    [33my1[39m=[32m"18"[39m
                    [33my2[39m=[32m"18"[39m
                  [36m/>[39m
                [36m</svg>[39m
              [36m</button>[39m
            [36m</div>[39m
          [36m</div>[39m
        [36m</div>[39m
      [36m</header>[39m
      [36m<div[39m
        [33mclass[39m=[32m"container max-w-2xl mx-auto px-6 py-8"[39m
      [36m>[39m
        [36m<div[39m
          [33mclass[39m=[32m"space-y-6"[39m
        [36m>[39m
    ...
 ❯ Object.getElementError node_modules/@testing-library/dom/dist/config.js:37:19
 ❯ node_modules/@testing-library/dom/dist/query-helpers.js:76:38
 ❯ node_modules/@testing-library/dom/dist/query-helpers.js:52:17
 ❯ getByText node_modules/@testing-library/dom/dist/query-helpers.js:95:19
 ❯ src/test/warranty-registration.test.tsx:67:37
     65|       
     66|       // Navigate to registration step
     67|       const registerButton = screen.getByText('Register New Product')
       |                                     ^
     68|       fireEvent.click(registerButton)
     69|       

⎯⎯⎯⎯⎯⎯⎯⎯⎯⎯⎯⎯⎯⎯⎯⎯⎯⎯⎯⎯⎯⎯[15/63]⎯

 FAIL  src/test/warranty-registration.test.tsx > Warranty Registration > Registration Form State Management > should update barcode field when user types
TestingLibraryElementError: Unable to find an element with the text: Register New Product. This could be because the text is broken up by multiple elements. In this case, you can provide a function for your text matcher to make your matcher more flexible.

Ignored nodes: comments, script, style
[36m<body>[39m
  [36m<div>[39m
    [36m<div[39m
      [33mclass[39m=[32m"min-h-screen bg-background pb-24"[39m
    [36m>[39m
      [36m<header[39m
        [33mclass[39m=[32m"sticky top-0 z-40 bg-background/95 backdrop-blur-lg border-b border-border"[39m
      [36m>[39m
        [36m<div[39m
          [33mclass[39m=[32m"container max-w-7xl mx-auto px-4 py-4"[39m
        [36m>[39m
          [36m<div[39m
            [33mclass[39m=[32m"flex items-center justify-between"[39m
          [36m>[39m
            [36m<div[39m
              [33mclass[39m=[32m"flex items-center gap-4"[39m
            [36m>[39m
              [36m<div[39m
                [33mclass[39m=[32m"flex items-center gap-3 cursor-pointer"[39m
              [36m>[39m
                [36m<img[39m
                  [33malt[39m=[32m"Test Store"[39m
                  [33mclass[39m=[32m"h-8 w-auto"[39m
                  [33msrc[39m=[32m"/test-logo.png"[39m
                [36m/>[39m
                [36m<div[39m
                  [33mclass[39m=[32m"hidden sm:flex flex-col"[39m
                [36m>[39m
                  [36m<span[39m
                    [33mclass[39m=[32m"font-semibold text-lg"[39m
                  [36m>[39m
                    [0mTest Store[0m
                  [36m</span>[39m
                  [36m<span[39m
                    [33mclass[39m=[32m"text-xs text-muted-foreground"[39m
                  [36m>[39m
                    [0mTest Store Tagline[0m
                  [36m</span>[39m
                [36m</div>[39m
              [36m</div>[39m
            [36m</div>[39m
            [36m<h1[39m
              [33mclass[39m=[32m"text-lg font-semibold hidden md:block"[39m
            [36m>[39m
              [0mWarranty[0m
            [36m</h1>[39m
            [36m<div[39m
              [33mclass[39m=[32m"flex items-center gap-4"[39m
            [36m>[39m
              [36m<button[39m
                [33mclass[39m=[32m"items-center justify-center gap-2 whitespace-nowrap text-sm font-medium ring-offset-background transition-colors focus-visible:outline-none focus-visible:ring-2 focus-visible:ring-ring focus-visible:ring-offset-2 disabled:pointer-events-none disabled:opacity-50 [&_svg]:pointer-events-none [&_svg]:size-4 [&_svg]:shrink-0 hover:bg-accent hover:text-accent-foreground h-9 rounded-md px-3 hidden sm:flex"[39m
              [36m>[39m
                [0mLogin[0m
              [36m</button>[39m
              [36m<button[39m
                [33mclass[39m=[32m"items-center justify-center gap-2 whitespace-nowrap text-sm font-medium ring-offset-background transition-colors focus-visible:outline-none focus-visible:ring-2 focus-visible:ring-ring focus-visible:ring-offset-2 disabled:pointer-events-none disabled:opacity-50 [&_svg]:pointer-events-none [&_svg]:size-4 [&_svg]:shrink-0 bg-primary text-primary-foreground hover:bg-primary/90 h-9 rounded-md px-3 hidden sm:flex"[39m
              [36m>[39m
                [36m<svg[39m
                  [33mclass[39m=[32m"lucide lucide-user-plus w-4 h-4 mr-2"[39m
                  [33mfill[39m=[32m"none"[39m
                  [33mheight[39m=[32m"24"[39m
                  [33mstroke[39m=[32m"currentColor"[39m
                  [33mstroke-linecap[39m=[32m"round"[39m
                  [33mstroke-linejoin[39m=[32m"round"[39m
                  [33mstroke-width[39m=[32m"2"[39m
                  [33mviewBox[39m=[32m"0 0 24 24"[39m
                  [33mwidth[39m=[32m"24"[39m
                  [33mxmlns[39m=[32m"http://www.w3.org/2000/svg"[39m
                [36m>[39m
                  [36m<path[39m
                    [33md[39m=[32m"M16 21v-2a4 4 0 0 0-4-4H6a4 4 0 0 0-4 4v2"[39m
                  [36m/>[39m
                  [36m<circle[39m
                    [33mcx[39m=[32m"9"[39m
                    [33mcy[39m=[32m"7"[39m
                    [33mr[39m=[32m"4"[39m
                  [36m/>[39m
                  [36m<line[39m
                    [33mx1[39m=[32m"19"[39m
                    [33mx2[39m=[32m"19"[39m
                    [33my1[39m=[32m"8"[39m
                    [33my2[39m=[32m"14"[39m
                  [36m/>[39m
                  [36m<line[39m
                    [33mx1[39m=[32m"22"[39m
                    [33mx2[39m=[32m"16"[39m
                    [33my1[39m=[32m"11"[39m
                    [33my2[39m=[32m"11"[39m
                  [36m/>[39m
                [36m</svg>[39m
                [0mRegister[0m
              [36m</button>[39m
              [36m<button[39m
                [33mclass[39m=[32m"inline-flex items-center justify-center gap-2 whitespace-nowrap text-sm font-medium ring-offset-background transition-colors focus-visible:outline-none focus-visible:ring-2 focus-visible:ring-ring focus-visible:ring-offset-2 disabled:pointer-events-none disabled:opacity-50 [&_svg]:pointer-events-none [&_svg]:size-4 [&_svg]:shrink-0 hover:bg-accent hover:text-accent-foreground h-9 rounded-md px-3 md:hidden"[39m
              [36m>[39m
                [36m<svg[39m
                  [33mclass[39m=[32m"lucide lucide-menu w-5 h-5"[39m
                  [33mfill[39m=[32m"none"[39m
                  [33mheight[39m=[32m"24"[39m
                  [33mstroke[39m=[32m"currentColor"[39m
                  [33mstroke-linecap[39m=[32m"round"[39m
                  [33mstroke-linejoin[39m=[32m"round"[39m
                  [33mstroke-width[39m=[32m"2"[39m
                  [33mviewBox[39m=[32m"0 0 24 24"[39m
                  [33mwidth[39m=[32m"24"[39m
                  [33mxmlns[39m=[32m"http://www.w3.org/2000/svg"[39m
                [36m>[39m
                  [36m<line[39m
                    [33mx1[39m=[32m"4"[39m
                    [33mx2[39m=[32m"20"[39m
                    [33my1[39m=[32m"12"[39m
                    [33my2[39m=[32m"12"[39m
                  [36m/>[39m
                  [36m<line[39m
                    [33mx1[39m=[32m"4"[39m
                    [33mx2[39m=[32m"20"[39m
                    [33my1[39m=[32m"6"[39m
                    [33my2[39m=[32m"6"[39m
                  [36m/>[39m
                  [36m<line[39m
                    [33mx1[39m=[32m"4"[39m
                    [33mx2[39m=[32m"20"[39m
                    [33my1[39m=[32m"18"[39m
                    [33my2[39m=[32m"18"[39m
                  [36m/>[39m
                [36m</svg>[39m
              [36m</button>[39m
            [36m</div>[39m
          [36m</div>[39m
        [36m</div>[39m
      [36m</header>[39m
      [36m<div[39m
        [33mclass[39m=[32m"container max-w-2xl mx-auto px-6 py-8"[39m
      [36m>[39m
        [36m<div[39m
          [33mclass[39m=[32m"space-y-6"[39m
        [36m>[39m
    ...
 ❯ Object.getElementError node_modules/@testing-library/dom/dist/config.js:37:19
 ❯ node_modules/@testing-library/dom/dist/query-helpers.js:76:38
 ❯ node_modules/@testing-library/dom/dist/query-helpers.js:52:17
 ❯ getByText node_modules/@testing-library/dom/dist/query-helpers.js:95:19
 ❯ src/test/warranty-registration.test.tsx:85:37
     83|       
     84|       // Navigate to registration step
     85|       const registerButton = screen.getByText('Register New Product')
       |                                     ^
     86|       fireEvent.click(registerButton)
     87|       

⎯⎯⎯⎯⎯⎯⎯⎯⎯⎯⎯⎯⎯⎯⎯⎯⎯⎯⎯⎯⎯⎯[16/63]⎯

 FAIL  src/test/warranty-registration.test.tsx > Warranty Registration > Registration Form State Management > should update product SKU field when user types
TestingLibraryElementError: Unable to find an element with the text: Register New Product. This could be because the text is broken up by multiple elements. In this case, you can provide a function for your text matcher to make your matcher more flexible.

Ignored nodes: comments, script, style
[36m<body>[39m
  [36m<div>[39m
    [36m<div[39m
      [33mclass[39m=[32m"min-h-screen bg-background pb-24"[39m
    [36m>[39m
      [36m<header[39m
        [33mclass[39m=[32m"sticky top-0 z-40 bg-background/95 backdrop-blur-lg border-b border-border"[39m
      [36m>[39m
        [36m<div[39m
          [33mclass[39m=[32m"container max-w-7xl mx-auto px-4 py-4"[39m
        [36m>[39m
          [36m<div[39m
            [33mclass[39m=[32m"flex items-center justify-between"[39m
          [36m>[39m
            [36m<div[39m
              [33mclass[39m=[32m"flex items-center gap-4"[39m
            [36m>[39m
              [36m<div[39m
                [33mclass[39m=[32m"flex items-center gap-3 cursor-pointer"[39m
              [36m>[39m
                [36m<img[39m
                  [33malt[39m=[32m"Test Store"[39m
                  [33mclass[39m=[32m"h-8 w-auto"[39m
                  [33msrc[39m=[32m"/test-logo.png"[39m
                [36m/>[39m
                [36m<div[39m
                  [33mclass[39m=[32m"hidden sm:flex flex-col"[39m
                [36m>[39m
                  [36m<span[39m
                    [33mclass[39m=[32m"font-semibold text-lg"[39m
                  [36m>[39m
                    [0mTest Store[0m
                  [36m</span>[39m
                  [36m<span[39m
                    [33mclass[39m=[32m"text-xs text-muted-foreground"[39m
                  [36m>[39m
                    [0mTest Store Tagline[0m
                  [36m</span>[39m
                [36m</div>[39m
              [36m</div>[39m
            [36m</div>[39m
            [36m<h1[39m
              [33mclass[39m=[32m"text-lg font-semibold hidden md:block"[39m
            [36m>[39m
              [0mWarranty[0m
            [36m</h1>[39m
            [36m<div[39m
              [33mclass[39m=[32m"flex items-center gap-4"[39m
            [36m>[39m
              [36m<button[39m
                [33mclass[39m=[32m"items-center justify-center gap-2 whitespace-nowrap text-sm font-medium ring-offset-background transition-colors focus-visible:outline-none focus-visible:ring-2 focus-visible:ring-ring focus-visible:ring-offset-2 disabled:pointer-events-none disabled:opacity-50 [&_svg]:pointer-events-none [&_svg]:size-4 [&_svg]:shrink-0 hover:bg-accent hover:text-accent-foreground h-9 rounded-md px-3 hidden sm:flex"[39m
              [36m>[39m
                [0mLogin[0m
              [36m</button>[39m
              [36m<button[39m
                [33mclass[39m=[32m"items-center justify-center gap-2 whitespace-nowrap text-sm font-medium ring-offset-background transition-colors focus-visible:outline-none focus-visible:ring-2 focus-visible:ring-ring focus-visible:ring-offset-2 disabled:pointer-events-none disabled:opacity-50 [&_svg]:pointer-events-none [&_svg]:size-4 [&_svg]:shrink-0 bg-primary text-primary-foreground hover:bg-primary/90 h-9 rounded-md px-3 hidden sm:flex"[39m
              [36m>[39m
                [36m<svg[39m
                  [33mclass[39m=[32m"lucide lucide-user-plus w-4 h-4 mr-2"[39m
                  [33mfill[39m=[32m"none"[39m
                  [33mheight[39m=[32m"24"[39m
                  [33mstroke[39m=[32m"currentColor"[39m
                  [33mstroke-linecap[39m=[32m"round"[39m
                  [33mstroke-linejoin[39m=[32m"round"[39m
                  [33mstroke-width[39m=[32m"2"[39m
                  [33mviewBox[39m=[32m"0 0 24 24"[39m
                  [33mwidth[39m=[32m"24"[39m
                  [33mxmlns[39m=[32m"http://www.w3.org/2000/svg"[39m
                [36m>[39m
                  [36m<path[39m
                    [33md[39m=[32m"M16 21v-2a4 4 0 0 0-4-4H6a4 4 0 0 0-4 4v2"[39m
                  [36m/>[39m
                  [36m<circle[39m
                    [33mcx[39m=[32m"9"[39m
                    [33mcy[39m=[32m"7"[39m
                    [33mr[39m=[32m"4"[39m
                  [36m/>[39m
                  [36m<line[39m
                    [33mx1[39m=[32m"19"[39m
                    [33mx2[39m=[32m"19"[39m
                    [33my1[39m=[32m"8"[39m
                    [33my2[39m=[32m"14"[39m
                  [36m/>[39m
                  [36m<line[39m
                    [33mx1[39m=[32m"22"[39m
                    [33mx2[39m=[32m"16"[39m
                    [33my1[39m=[32m"11"[39m
                    [33my2[39m=[32m"11"[39m
                  [36m/>[39m
                [36m</svg>[39m
                [0mRegister[0m
              [36m</button>[39m
              [36m<button[39m
                [33mclass[39m=[32m"inline-flex items-center justify-center gap-2 whitespace-nowrap text-sm font-medium ring-offset-background transition-colors focus-visible:outline-none focus-visible:ring-2 focus-visible:ring-ring focus-visible:ring-offset-2 disabled:pointer-events-none disabled:opacity-50 [&_svg]:pointer-events-none [&_svg]:size-4 [&_svg]:shrink-0 hover:bg-accent hover:text-accent-foreground h-9 rounded-md px-3 md:hidden"[39m
              [36m>[39m
                [36m<svg[39m
                  [33mclass[39m=[32m"lucide lucide-menu w-5 h-5"[39m
                  [33mfill[39m=[32m"none"[39m
                  [33mheight[39m=[32m"24"[39m
                  [33mstroke[39m=[32m"currentColor"[39m
                  [33mstroke-linecap[39m=[32m"round"[39m
                  [33mstroke-linejoin[39m=[32m"round"[39m
                  [33mstroke-width[39m=[32m"2"[39m
                  [33mviewBox[39m=[32m"0 0 24 24"[39m
                  [33mwidth[39m=[32m"24"[39m
                  [33mxmlns[39m=[32m"http://www.w3.org/2000/svg"[39m
                [36m>[39m
                  [36m<line[39m
                    [33mx1[39m=[32m"4"[39m
                    [33mx2[39m=[32m"20"[39m
                    [33my1[39m=[32m"12"[39m
                    [33my2[39m=[32m"12"[39m
                  [36m/>[39m
                  [36m<line[39m
                    [33mx1[39m=[32m"4"[39m
                    [33mx2[39m=[32m"20"[39m
                    [33my1[39m=[32m"6"[39m
                    [33my2[39m=[32m"6"[39m
                  [36m/>[39m
                  [36m<line[39m
                    [33mx1[39m=[32m"4"[39m
                    [33mx2[39m=[32m"20"[39m
                    [33my1[39m=[32m"18"[39m
                    [33my2[39m=[32m"18"[39m
                  [36m/>[39m
                [36m</svg>[39m
              [36m</button>[39m
            [36m</div>[39m
          [36m</div>[39m
        [36m</div>[39m
      [36m</header>[39m
      [36m<div[39m
        [33mclass[39m=[32m"container max-w-2xl mx-auto px-6 py-8"[39m
      [36m>[39m
        [36m<div[39m
          [33mclass[39m=[32m"space-y-6"[39m
        [36m>[39m
    ...
 ❯ Object.getElementError node_modules/@testing-library/dom/dist/config.js:37:19
 ❯ node_modules/@testing-library/dom/dist/query-helpers.js:76:38
 ❯ node_modules/@testing-library/dom/dist/query-helpers.js:52:17
 ❯ getByText node_modules/@testing-library/dom/dist/query-helpers.js:95:19
 ❯ src/test/warranty-registration.test.tsx:103:37
    101|       
    102|       // Navigate to registration step
    103|       const registerButton = screen.getByText('Register New Product')
       |                                     ^
    104|       fireEvent.click(registerButton)
    105|       

⎯⎯⎯⎯⎯⎯⎯⎯⎯⎯⎯⎯⎯⎯⎯⎯⎯⎯⎯⎯⎯⎯[17/63]⎯

 FAIL  src/test/warranty-registration.test.tsx > Warranty Registration > Registration Form State Management > should update customer information fields
TestingLibraryElementError: Unable to find an element with the text: Register New Product. This could be because the text is broken up by multiple elements. In this case, you can provide a function for your text matcher to make your matcher more flexible.

Ignored nodes: comments, script, style
[36m<body>[39m
  [36m<div>[39m
    [36m<div[39m
      [33mclass[39m=[32m"min-h-screen bg-background pb-24"[39m
    [36m>[39m
      [36m<header[39m
        [33mclass[39m=[32m"sticky top-0 z-40 bg-background/95 backdrop-blur-lg border-b border-border"[39m
      [36m>[39m
        [36m<div[39m
          [33mclass[39m=[32m"container max-w-7xl mx-auto px-4 py-4"[39m
        [36m>[39m
          [36m<div[39m
            [33mclass[39m=[32m"flex items-center justify-between"[39m
          [36m>[39m
            [36m<div[39m
              [33mclass[39m=[32m"flex items-center gap-4"[39m
            [36m>[39m
              [36m<div[39m
                [33mclass[39m=[32m"flex items-center gap-3 cursor-pointer"[39m
              [36m>[39m
                [36m<img[39m
                  [33malt[39m=[32m"Test Store"[39m
                  [33mclass[39m=[32m"h-8 w-auto"[39m
                  [33msrc[39m=[32m"/test-logo.png"[39m
                [36m/>[39m
                [36m<div[39m
                  [33mclass[39m=[32m"hidden sm:flex flex-col"[39m
                [36m>[39m
                  [36m<span[39m
                    [33mclass[39m=[32m"font-semibold text-lg"[39m
                  [36m>[39m
                    [0mTest Store[0m
                  [36m</span>[39m
                  [36m<span[39m
                    [33mclass[39m=[32m"text-xs text-muted-foreground"[39m
                  [36m>[39m
                    [0mTest Store Tagline[0m
                  [36m</span>[39m
                [36m</div>[39m
              [36m</div>[39m
            [36m</div>[39m
            [36m<h1[39m
              [33mclass[39m=[32m"text-lg font-semibold hidden md:block"[39m
            [36m>[39m
              [0mWarranty[0m
            [36m</h1>[39m
            [36m<div[39m
              [33mclass[39m=[32m"flex items-center gap-4"[39m
            [36m>[39m
              [36m<button[39m
                [33mclass[39m=[32m"items-center justify-center gap-2 whitespace-nowrap text-sm font-medium ring-offset-background transition-colors focus-visible:outline-none focus-visible:ring-2 focus-visible:ring-ring focus-visible:ring-offset-2 disabled:pointer-events-none disabled:opacity-50 [&_svg]:pointer-events-none [&_svg]:size-4 [&_svg]:shrink-0 hover:bg-accent hover:text-accent-foreground h-9 rounded-md px-3 hidden sm:flex"[39m
              [36m>[39m
                [0mLogin[0m
              [36m</button>[39m
              [36m<button[39m
                [33mclass[39m=[32m"items-center justify-center gap-2 whitespace-nowrap text-sm font-medium ring-offset-background transition-colors focus-visible:outline-none focus-visible:ring-2 focus-visible:ring-ring focus-visible:ring-offset-2 disabled:pointer-events-none disabled:opacity-50 [&_svg]:pointer-events-none [&_svg]:size-4 [&_svg]:shrink-0 bg-primary text-primary-foreground hover:bg-primary/90 h-9 rounded-md px-3 hidden sm:flex"[39m
              [36m>[39m
                [36m<svg[39m
                  [33mclass[39m=[32m"lucide lucide-user-plus w-4 h-4 mr-2"[39m
                  [33mfill[39m=[32m"none"[39m
                  [33mheight[39m=[32m"24"[39m
                  [33mstroke[39m=[32m"currentColor"[39m
                  [33mstroke-linecap[39m=[32m"round"[39m
                  [33mstroke-linejoin[39m=[32m"round"[39m
                  [33mstroke-width[39m=[32m"2"[39m
                  [33mviewBox[39m=[32m"0 0 24 24"[39m
                  [33mwidth[39m=[32m"24"[39m
                  [33mxmlns[39m=[32m"http://www.w3.org/2000/svg"[39m
                [36m>[39m
                  [36m<path[39m
                    [33md[39m=[32m"M16 21v-2a4 4 0 0 0-4-4H6a4 4 0 0 0-4 4v2"[39m
                  [36m/>[39m
                  [36m<circle[39m
                    [33mcx[39m=[32m"9"[39m
                    [33mcy[39m=[32m"7"[39m
                    [33mr[39m=[32m"4"[39m
                  [36m/>[39m
                  [36m<line[39m
                    [33mx1[39m=[32m"19"[39m
                    [33mx2[39m=[32m"19"[39m
                    [33my1[39m=[32m"8"[39m
                    [33my2[39m=[32m"14"[39m
                  [36m/>[39m
                  [36m<line[39m
                    [33mx1[39m=[32m"22"[39m
                    [33mx2[39m=[32m"16"[39m
                    [33my1[39m=[32m"11"[39m
                    [33my2[39m=[32m"11"[39m
                  [36m/>[39m
                [36m</svg>[39m
                [0mRegister[0m
              [36m</button>[39m
              [36m<button[39m
                [33mclass[39m=[32m"inline-flex items-center justify-center gap-2 whitespace-nowrap text-sm font-medium ring-offset-background transition-colors focus-visible:outline-none focus-visible:ring-2 focus-visible:ring-ring focus-visible:ring-offset-2 disabled:pointer-events-none disabled:opacity-50 [&_svg]:pointer-events-none [&_svg]:size-4 [&_svg]:shrink-0 hover:bg-accent hover:text-accent-foreground h-9 rounded-md px-3 md:hidden"[39m
              [36m>[39m
                [36m<svg[39m
                  [33mclass[39m=[32m"lucide lucide-menu w-5 h-5"[39m
                  [33mfill[39m=[32m"none"[39m
                  [33mheight[39m=[32m"24"[39m
                  [33mstroke[39m=[32m"currentColor"[39m
                  [33mstroke-linecap[39m=[32m"round"[39m
                  [33mstroke-linejoin[39m=[32m"round"[39m
                  [33mstroke-width[39m=[32m"2"[39m
                  [33mviewBox[39m=[32m"0 0 24 24"[39m
                  [33mwidth[39m=[32m"24"[39m
                  [33mxmlns[39m=[32m"http://www.w3.org/2000/svg"[39m
                [36m>[39m
                  [36m<line[39m
                    [33mx1[39m=[32m"4"[39m
                    [33mx2[39m=[32m"20"[39m
                    [33my1[39m=[32m"12"[39m
                    [33my2[39m=[32m"12"[39m
                  [36m/>[39m
                  [36m<line[39m
                    [33mx1[39m=[32m"4"[39m
                    [33mx2[39m=[32m"20"[39m
                    [33my1[39m=[32m"6"[39m
                    [33my2[39m=[32m"6"[39m
                  [36m/>[39m
                  [36m<line[39m
                    [33mx1[39m=[32m"4"[39m
                    [33mx2[39m=[32m"20"[39m
                    [33my1[39m=[32m"18"[39m
                    [33my2[39m=[32m"18"[39m
                  [36m/>[39m
                [36m</svg>[39m
              [36m</button>[39m
            [36m</div>[39m
          [36m</div>[39m
        [36m</div>[39m
      [36m</header>[39m
      [36m<div[39m
        [33mclass[39m=[32m"container max-w-2xl mx-auto px-6 py-8"[39m
      [36m>[39m
        [36m<div[39m
          [33mclass[39m=[32m"space-y-6"[39m
        [36m>[39m
    ...
 ❯ Object.getElementError node_modules/@testing-library/dom/dist/config.js:37:19
 ❯ node_modules/@testing-library/dom/dist/query-helpers.js:76:38
 ❯ node_modules/@testing-library/dom/dist/query-helpers.js:52:17
 ❯ getByText node_modules/@testing-library/dom/dist/query-helpers.js:95:19
 ❯ src/test/warranty-registration.test.tsx:121:37
    119|       
    120|       // Navigate to registration step
    121|       const registerButton = screen.getByText('Register New Product')
       |                                     ^
    122|       fireEvent.click(registerButton)
    123|       

⎯⎯⎯⎯⎯⎯⎯⎯⎯⎯⎯⎯⎯⎯⎯⎯⎯⎯⎯⎯⎯⎯[18/63]⎯

 FAIL  src/test/warranty-registration.test.tsx > Warranty Registration > Form Validation > should show error when submitting without barcode
TestingLibraryElementError: Unable to find an element with the text: Register New Product. This could be because the text is broken up by multiple elements. In this case, you can provide a function for your text matcher to make your matcher more flexible.

Ignored nodes: comments, script, style
[36m<body>[39m
  [36m<div>[39m
    [36m<div[39m
      [33mclass[39m=[32m"min-h-screen bg-background pb-24"[39m
    [36m>[39m
      [36m<header[39m
        [33mclass[39m=[32m"sticky top-0 z-40 bg-background/95 backdrop-blur-lg border-b border-border"[39m
      [36m>[39m
        [36m<div[39m
          [33mclass[39m=[32m"container max-w-7xl mx-auto px-4 py-4"[39m
        [36m>[39m
          [36m<div[39m
            [33mclass[39m=[32m"flex items-center justify-between"[39m
          [36m>[39m
            [36m<div[39m
              [33mclass[39m=[32m"flex items-center gap-4"[39m
            [36m>[39m
              [36m<div[39m
                [33mclass[39m=[32m"flex items-center gap-3 cursor-pointer"[39m
              [36m>[39m
                [36m<img[39m
                  [33malt[39m=[32m"Test Store"[39m
                  [33mclass[39m=[32m"h-8 w-auto"[39m
                  [33msrc[39m=[32m"/test-logo.png"[39m
                [36m/>[39m
                [36m<div[39m
                  [33mclass[39m=[32m"hidden sm:flex flex-col"[39m
                [36m>[39m
                  [36m<span[39m
                    [33mclass[39m=[32m"font-semibold text-lg"[39m
                  [36m>[39m
                    [0mTest Store[0m
                  [36m</span>[39m
                  [36m<span[39m
                    [33mclass[39m=[32m"text-xs text-muted-foreground"[39m
                  [36m>[39m
                    [0mTest Store Tagline[0m
                  [36m</span>[39m
                [36m</div>[39m
              [36m</div>[39m
            [36m</div>[39m
            [36m<h1[39m
              [33mclass[39m=[32m"text-lg font-semibold hidden md:block"[39m
            [36m>[39m
              [0mWarranty[0m
            [36m</h1>[39m
            [36m<div[39m
              [33mclass[39m=[32m"flex items-center gap-4"[39m
            [36m>[39m
              [36m<button[39m
                [33mclass[39m=[32m"items-center justify-center gap-2 whitespace-nowrap text-sm font-medium ring-offset-background transition-colors focus-visible:outline-none focus-visible:ring-2 focus-visible:ring-ring focus-visible:ring-offset-2 disabled:pointer-events-none disabled:opacity-50 [&_svg]:pointer-events-none [&_svg]:size-4 [&_svg]:shrink-0 hover:bg-accent hover:text-accent-foreground h-9 rounded-md px-3 hidden sm:flex"[39m
              [36m>[39m
                [0mLogin[0m
              [36m</button>[39m
              [36m<button[39m
                [33mclass[39m=[32m"items-center justify-center gap-2 whitespace-nowrap text-sm font-medium ring-offset-background transition-colors focus-visible:outline-none focus-visible:ring-2 focus-visible:ring-ring focus-visible:ring-offset-2 disabled:pointer-events-none disabled:opacity-50 [&_svg]:pointer-events-none [&_svg]:size-4 [&_svg]:shrink-0 bg-primary text-primary-foreground hover:bg-primary/90 h-9 rounded-md px-3 hidden sm:flex"[39m
              [36m>[39m
                [36m<svg[39m
                  [33mclass[39m=[32m"lucide lucide-user-plus w-4 h-4 mr-2"[39m
                  [33mfill[39m=[32m"none"[39m
                  [33mheight[39m=[32m"24"[39m
                  [33mstroke[39m=[32m"currentColor"[39m
                  [33mstroke-linecap[39m=[32m"round"[39m
                  [33mstroke-linejoin[39m=[32m"round"[39m
                  [33mstroke-width[39m=[32m"2"[39m
                  [33mviewBox[39m=[32m"0 0 24 24"[39m
                  [33mwidth[39m=[32m"24"[39m
                  [33mxmlns[39m=[32m"http://www.w3.org/2000/svg"[39m
                [36m>[39m
                  [36m<path[39m
                    [33md[39m=[32m"M16 21v-2a4 4 0 0 0-4-4H6a4 4 0 0 0-4 4v2"[39m
                  [36m/>[39m
                  [36m<circle[39m
                    [33mcx[39m=[32m"9"[39m
                    [33mcy[39m=[32m"7"[39m
                    [33mr[39m=[32m"4"[39m
                  [36m/>[39m
                  [36m<line[39m
                    [33mx1[39m=[32m"19"[39m
                    [33mx2[39m=[32m"19"[39m
                    [33my1[39m=[32m"8"[39m
                    [33my2[39m=[32m"14"[39m
                  [36m/>[39m
                  [36m<line[39m
                    [33mx1[39m=[32m"22"[39m
                    [33mx2[39m=[32m"16"[39m
                    [33my1[39m=[32m"11"[39m
                    [33my2[39m=[32m"11"[39m
                  [36m/>[39m
                [36m</svg>[39m
                [0mRegister[0m
              [36m</button>[39m
              [36m<button[39m
                [33mclass[39m=[32m"inline-flex items-center justify-center gap-2 whitespace-nowrap text-sm font-medium ring-offset-background transition-colors focus-visible:outline-none focus-visible:ring-2 focus-visible:ring-ring focus-visible:ring-offset-2 disabled:pointer-events-none disabled:opacity-50 [&_svg]:pointer-events-none [&_svg]:size-4 [&_svg]:shrink-0 hover:bg-accent hover:text-accent-foreground h-9 rounded-md px-3 md:hidden"[39m
              [36m>[39m
                [36m<svg[39m
                  [33mclass[39m=[32m"lucide lucide-menu w-5 h-5"[39m
                  [33mfill[39m=[32m"none"[39m
                  [33mheight[39m=[32m"24"[39m
                  [33mstroke[39m=[32m"currentColor"[39m
                  [33mstroke-linecap[39m=[32m"round"[39m
                  [33mstroke-linejoin[39m=[32m"round"[39m
                  [33mstroke-width[39m=[32m"2"[39m
                  [33mviewBox[39m=[32m"0 0 24 24"[39m
                  [33mwidth[39m=[32m"24"[39m
                  [33mxmlns[39m=[32m"http://www.w3.org/2000/svg"[39m
                [36m>[39m
                  [36m<line[39m
                    [33mx1[39m=[32m"4"[39m
                    [33mx2[39m=[32m"20"[39m
                    [33my1[39m=[32m"12"[39m
                    [33my2[39m=[32m"12"[39m
                  [36m/>[39m
                  [36m<line[39m
                    [33mx1[39m=[32m"4"[39m
                    [33mx2[39m=[32m"20"[39m
                    [33my1[39m=[32m"6"[39m
                    [33my2[39m=[32m"6"[39m
                  [36m/>[39m
                  [36m<line[39m
                    [33mx1[39m=[32m"4"[39m
                    [33mx2[39m=[32m"20"[39m
                    [33my1[39m=[32m"18"[39m
                    [33my2[39m=[32m"18"[39m
                  [36m/>[39m
                [36m</svg>[39m
              [36m</button>[39m
            [36m</div>[39m
          [36m</div>[39m
        [36m</div>[39m
      [36m</header>[39m
      [36m<div[39m
        [33mclass[39m=[32m"container max-w-2xl mx-auto px-6 py-8"[39m
      [36m>[39m
        [36m<div[39m
          [33mclass[39m=[32m"space-y-6"[39m
        [36m>[39m
    ...
 ❯ Object.getElementError node_modules/@testing-library/dom/dist/config.js:37:19
 ❯ node_modules/@testing-library/dom/dist/query-helpers.js:76:38
 ❯ node_modules/@testing-library/dom/dist/query-helpers.js:52:17
 ❯ getByText node_modules/@testing-library/dom/dist/query-helpers.js:95:19
 ❯ src/test/warranty-registration.test.tsx:151:37
    149|       
    150|       // Navigate to registration step
    151|       const registerButton = screen.getByText('Register New Product')
       |                                     ^
    152|       fireEvent.click(registerButton)
    153|       

⎯⎯⎯⎯⎯⎯⎯⎯⎯⎯⎯⎯⎯⎯⎯⎯⎯⎯⎯⎯⎯⎯[19/63]⎯

 FAIL  src/test/warranty-registration.test.tsx > Warranty Registration > Form Validation > should validate required fields before submission
TestingLibraryElementError: Unable to find an element with the text: Register New Product. This could be because the text is broken up by multiple elements. In this case, you can provide a function for your text matcher to make your matcher more flexible.

Ignored nodes: comments, script, style
[36m<body>[39m
  [36m<div>[39m
    [36m<div[39m
      [33mclass[39m=[32m"min-h-screen bg-background pb-24"[39m
    [36m>[39m
      [36m<header[39m
        [33mclass[39m=[32m"sticky top-0 z-40 bg-background/95 backdrop-blur-lg border-b border-border"[39m
      [36m>[39m
        [36m<div[39m
          [33mclass[39m=[32m"container max-w-7xl mx-auto px-4 py-4"[39m
        [36m>[39m
          [36m<div[39m
            [33mclass[39m=[32m"flex items-center justify-between"[39m
          [36m>[39m
            [36m<div[39m
              [33mclass[39m=[32m"flex items-center gap-4"[39m
            [36m>[39m
              [36m<div[39m
                [33mclass[39m=[32m"flex items-center gap-3 cursor-pointer"[39m
              [36m>[39m
                [36m<img[39m
                  [33malt[39m=[32m"Test Store"[39m
                  [33mclass[39m=[32m"h-8 w-auto"[39m
                  [33msrc[39m=[32m"/test-logo.png"[39m
                [36m/>[39m
                [36m<div[39m
                  [33mclass[39m=[32m"hidden sm:flex flex-col"[39m
                [36m>[39m
                  [36m<span[39m
                    [33mclass[39m=[32m"font-semibold text-lg"[39m
                  [36m>[39m
                    [0mTest Store[0m
                  [36m</span>[39m
                  [36m<span[39m
                    [33mclass[39m=[32m"text-xs text-muted-foreground"[39m
                  [36m>[39m
                    [0mTest Store Tagline[0m
                  [36m</span>[39m
                [36m</div>[39m
              [36m</div>[39m
            [36m</div>[39m
            [36m<h1[39m
              [33mclass[39m=[32m"text-lg font-semibold hidden md:block"[39m
            [36m>[39m
              [0mWarranty[0m
            [36m</h1>[39m
            [36m<div[39m
              [33mclass[39m=[32m"flex items-center gap-4"[39m
            [36m>[39m
              [36m<button[39m
                [33mclass[39m=[32m"items-center justify-center gap-2 whitespace-nowrap text-sm font-medium ring-offset-background transition-colors focus-visible:outline-none focus-visible:ring-2 focus-visible:ring-ring focus-visible:ring-offset-2 disabled:pointer-events-none disabled:opacity-50 [&_svg]:pointer-events-none [&_svg]:size-4 [&_svg]:shrink-0 hover:bg-accent hover:text-accent-foreground h-9 rounded-md px-3 hidden sm:flex"[39m
              [36m>[39m
                [0mLogin[0m
              [36m</button>[39m
              [36m<button[39m
                [33mclass[39m=[32m"items-center justify-center gap-2 whitespace-nowrap text-sm font-medium ring-offset-background transition-colors focus-visible:outline-none focus-visible:ring-2 focus-visible:ring-ring focus-visible:ring-offset-2 disabled:pointer-events-none disabled:opacity-50 [&_svg]:pointer-events-none [&_svg]:size-4 [&_svg]:shrink-0 bg-primary text-primary-foreground hover:bg-primary/90 h-9 rounded-md px-3 hidden sm:flex"[39m
              [36m>[39m
                [36m<svg[39m
                  [33mclass[39m=[32m"lucide lucide-user-plus w-4 h-4 mr-2"[39m
                  [33mfill[39m=[32m"none"[39m
                  [33mheight[39m=[32m"24"[39m
                  [33mstroke[39m=[32m"currentColor"[39m
                  [33mstroke-linecap[39m=[32m"round"[39m
                  [33mstroke-linejoin[39m=[32m"round"[39m
                  [33mstroke-width[39m=[32m"2"[39m
                  [33mviewBox[39m=[32m"0 0 24 24"[39m
                  [33mwidth[39m=[32m"24"[39m
                  [33mxmlns[39m=[32m"http://www.w3.org/2000/svg"[39m
                [36m>[39m
                  [36m<path[39m
                    [33md[39m=[32m"M16 21v-2a4 4 0 0 0-4-4H6a4 4 0 0 0-4 4v2"[39m
                  [36m/>[39m
                  [36m<circle[39m
                    [33mcx[39m=[32m"9"[39m
                    [33mcy[39m=[32m"7"[39m
                    [33mr[39m=[32m"4"[39m
                  [36m/>[39m
                  [36m<line[39m
                    [33mx1[39m=[32m"19"[39m
                    [33mx2[39m=[32m"19"[39m
                    [33my1[39m=[32m"8"[39m
                    [33my2[39m=[32m"14"[39m
                  [36m/>[39m
                  [36m<line[39m
                    [33mx1[39m=[32m"22"[39m
                    [33mx2[39m=[32m"16"[39m
                    [33my1[39m=[32m"11"[39m
                    [33my2[39m=[32m"11"[39m
                  [36m/>[39m
                [36m</svg>[39m
                [0mRegister[0m
              [36m</button>[39m
              [36m<button[39m
                [33mclass[39m=[32m"inline-flex items-center justify-center gap-2 whitespace-nowrap text-sm font-medium ring-offset-background transition-colors focus-visible:outline-none focus-visible:ring-2 focus-visible:ring-ring focus-visible:ring-offset-2 disabled:pointer-events-none disabled:opacity-50 [&_svg]:pointer-events-none [&_svg]:size-4 [&_svg]:shrink-0 hover:bg-accent hover:text-accent-foreground h-9 rounded-md px-3 md:hidden"[39m
              [36m>[39m
                [36m<svg[39m
                  [33mclass[39m=[32m"lucide lucide-menu w-5 h-5"[39m
                  [33mfill[39m=[32m"none"[39m
                  [33mheight[39m=[32m"24"[39m
                  [33mstroke[39m=[32m"currentColor"[39m
                  [33mstroke-linecap[39m=[32m"round"[39m
                  [33mstroke-linejoin[39m=[32m"round"[39m
                  [33mstroke-width[39m=[32m"2"[39m
                  [33mviewBox[39m=[32m"0 0 24 24"[39m
                  [33mwidth[39m=[32m"24"[39m
                  [33mxmlns[39m=[32m"http://www.w3.org/2000/svg"[39m
                [36m>[39m
                  [36m<line[39m
                    [33mx1[39m=[32m"4"[39m
                    [33mx2[39m=[32m"20"[39m
                    [33my1[39m=[32m"12"[39m
                    [33my2[39m=[32m"12"[39m
                  [36m/>[39m
                  [36m<line[39m
                    [33mx1[39m=[32m"4"[39m
                    [33mx2[39m=[32m"20"[39m
                    [33my1[39m=[32m"6"[39m
                    [33my2[39m=[32m"6"[39m
                  [36m/>[39m
                  [36m<line[39m
                    [33mx1[39m=[32m"4"[39m
                    [33mx2[39m=[32m"20"[39m
                    [33my1[39m=[32m"18"[39m
                    [33my2[39m=[32m"18"[39m
                  [36m/>[39m
                [36m</svg>[39m
              [36m</button>[39m
            [36m</div>[39m
          [36m</div>[39m
        [36m</div>[39m
      [36m</header>[39m
      [36m<div[39m
        [33mclass[39m=[32m"container max-w-2xl mx-auto px-6 py-8"[39m
      [36m>[39m
        [36m<div[39m
          [33mclass[39m=[32m"space-y-6"[39m
        [36m>[39m
    ...
 ❯ Object.getElementError node_modules/@testing-library/dom/dist/config.js:37:19
 ❯ node_modules/@testing-library/dom/dist/query-helpers.js:76:38
 ❯ node_modules/@testing-library/dom/dist/query-helpers.js:52:17
 ❯ getByText node_modules/@testing-library/dom/dist/query-helpers.js:95:19
 ❯ src/test/warranty-registration.test.tsx:172:37
    170|       
    171|       // Navigate to registration step
    172|       const registerButton = screen.getByText('Register New Product')
       |                                     ^
    173|       fireEvent.click(registerButton)
    174|       

⎯⎯⎯⎯⎯⎯⎯⎯⎯⎯⎯⎯⎯⎯⎯⎯⎯⎯⎯⎯⎯⎯[20/63]⎯

 FAIL  src/test/warranty-registration.test.tsx > Warranty Registration > Barcode Scanner Integration > should open barcode scanner when scan button is clicked
TestingLibraryElementError: Unable to find an element with the text: Register New Product. This could be because the text is broken up by multiple elements. In this case, you can provide a function for your text matcher to make your matcher more flexible.

Ignored nodes: comments, script, style
[36m<body>[39m
  [36m<div>[39m
    [36m<div[39m
      [33mclass[39m=[32m"min-h-screen bg-background pb-24"[39m
    [36m>[39m
      [36m<header[39m
        [33mclass[39m=[32m"sticky top-0 z-40 bg-background/95 backdrop-blur-lg border-b border-border"[39m
      [36m>[39m
        [36m<div[39m
          [33mclass[39m=[32m"container max-w-7xl mx-auto px-4 py-4"[39m
        [36m>[39m
          [36m<div[39m
            [33mclass[39m=[32m"flex items-center justify-between"[39m
          [36m>[39m
            [36m<div[39m
              [33mclass[39m=[32m"flex items-center gap-4"[39m
            [36m>[39m
              [36m<div[39m
                [33mclass[39m=[32m"flex items-center gap-3 cursor-pointer"[39m
              [36m>[39m
                [36m<img[39m
                  [33malt[39m=[32m"Test Store"[39m
                  [33mclass[39m=[32m"h-8 w-auto"[39m
                  [33msrc[39m=[32m"/test-logo.png"[39m
                [36m/>[39m
                [36m<div[39m
                  [33mclass[39m=[32m"hidden sm:flex flex-col"[39m
                [36m>[39m
                  [36m<span[39m
                    [33mclass[39m=[32m"font-semibold text-lg"[39m
                  [36m>[39m
                    [0mTest Store[0m
                  [36m</span>[39m
                  [36m<span[39m
                    [33mclass[39m=[32m"text-xs text-muted-foreground"[39m
                  [36m>[39m
                    [0mTest Store Tagline[0m
                  [36m</span>[39m
                [36m</div>[39m
              [36m</div>[39m
            [36m</div>[39m
            [36m<h1[39m
              [33mclass[39m=[32m"text-lg font-semibold hidden md:block"[39m
            [36m>[39m
              [0mWarranty[0m
            [36m</h1>[39m
            [36m<div[39m
              [33mclass[39m=[32m"flex items-center gap-4"[39m
            [36m>[39m
              [36m<button[39m
                [33mclass[39m=[32m"items-center justify-center gap-2 whitespace-nowrap text-sm font-medium ring-offset-background transition-colors focus-visible:outline-none focus-visible:ring-2 focus-visible:ring-ring focus-visible:ring-offset-2 disabled:pointer-events-none disabled:opacity-50 [&_svg]:pointer-events-none [&_svg]:size-4 [&_svg]:shrink-0 hover:bg-accent hover:text-accent-foreground h-9 rounded-md px-3 hidden sm:flex"[39m
              [36m>[39m
                [0mLogin[0m
              [36m</button>[39m
              [36m<button[39m
                [33mclass[39m=[32m"items-center justify-center gap-2 whitespace-nowrap text-sm font-medium ring-offset-background transition-colors focus-visible:outline-none focus-visible:ring-2 focus-visible:ring-ring focus-visible:ring-offset-2 disabled:pointer-events-none disabled:opacity-50 [&_svg]:pointer-events-none [&_svg]:size-4 [&_svg]:shrink-0 bg-primary text-primary-foreground hover:bg-primary/90 h-9 rounded-md px-3 hidden sm:flex"[39m
              [36m>[39m
                [36m<svg[39m
                  [33mclass[39m=[32m"lucide lucide-user-plus w-4 h-4 mr-2"[39m
                  [33mfill[39m=[32m"none"[39m
                  [33mheight[39m=[32m"24"[39m
                  [33mstroke[39m=[32m"currentColor"[39m
                  [33mstroke-linecap[39m=[32m"round"[39m
                  [33mstroke-linejoin[39m=[32m"round"[39m
                  [33mstroke-width[39m=[32m"2"[39m
                  [33mviewBox[39m=[32m"0 0 24 24"[39m
                  [33mwidth[39m=[32m"24"[39m
                  [33mxmlns[39m=[32m"http://www.w3.org/2000/svg"[39m
                [36m>[39m
                  [36m<path[39m
                    [33md[39m=[32m"M16 21v-2a4 4 0 0 0-4-4H6a4 4 0 0 0-4 4v2"[39m
                  [36m/>[39m
                  [36m<circle[39m
                    [33mcx[39m=[32m"9"[39m
                    [33mcy[39m=[32m"7"[39m
                    [33mr[39m=[32m"4"[39m
                  [36m/>[39m
                  [36m<line[39m
                    [33mx1[39m=[32m"19"[39m
                    [33mx2[39m=[32m"19"[39m
                    [33my1[39m=[32m"8"[39m
                    [33my2[39m=[32m"14"[39m
                  [36m/>[39m
                  [36m<line[39m
                    [33mx1[39m=[32m"22"[39m
                    [33mx2[39m=[32m"16"[39m
                    [33my1[39m=[32m"11"[39m
                    [33my2[39m=[32m"11"[39m
                  [36m/>[39m
                [36m</svg>[39m
                [0mRegister[0m
              [36m</button>[39m
              [36m<button[39m
                [33mclass[39m=[32m"inline-flex items-center justify-center gap-2 whitespace-nowrap text-sm font-medium ring-offset-background transition-colors focus-visible:outline-none focus-visible:ring-2 focus-visible:ring-ring focus-visible:ring-offset-2 disabled:pointer-events-none disabled:opacity-50 [&_svg]:pointer-events-none [&_svg]:size-4 [&_svg]:shrink-0 hover:bg-accent hover:text-accent-foreground h-9 rounded-md px-3 md:hidden"[39m
              [36m>[39m
                [36m<svg[39m
                  [33mclass[39m=[32m"lucide lucide-menu w-5 h-5"[39m
                  [33mfill[39m=[32m"none"[39m
                  [33mheight[39m=[32m"24"[39m
                  [33mstroke[39m=[32m"currentColor"[39m
                  [33mstroke-linecap[39m=[32m"round"[39m
                  [33mstroke-linejoin[39m=[32m"round"[39m
                  [33mstroke-width[39m=[32m"2"[39m
                  [33mviewBox[39m=[32m"0 0 24 24"[39m
                  [33mwidth[39m=[32m"24"[39m
                  [33mxmlns[39m=[32m"http://www.w3.org/2000/svg"[39m
                [36m>[39m
                  [36m<line[39m
                    [33mx1[39m=[32m"4"[39m
                    [33mx2[39m=[32m"20"[39m
                    [33my1[39m=[32m"12"[39m
                    [33my2[39m=[32m"12"[39m
                  [36m/>[39m
                  [36m<line[39m
                    [33mx1[39m=[32m"4"[39m
                    [33mx2[39m=[32m"20"[39m
                    [33my1[39m=[32m"6"[39m
                    [33my2[39m=[32m"6"[39m
                  [36m/>[39m
                  [36m<line[39m
                    [33mx1[39m=[32m"4"[39m
                    [33mx2[39m=[32m"20"[39m
                    [33my1[39m=[32m"18"[39m
                    [33my2[39m=[32m"18"[39m
                  [36m/>[39m
                [36m</svg>[39m
              [36m</button>[39m
            [36m</div>[39m
          [36m</div>[39m
        [36m</div>[39m
      [36m</header>[39m
      [36m<div[39m
        [33mclass[39m=[32m"container max-w-2xl mx-auto px-6 py-8"[39m
      [36m>[39m
        [36m<div[39m
          [33mclass[39m=[32m"space-y-6"[39m
        [36m>[39m
    ...
 ❯ Object.getElementError node_modules/@testing-library/dom/dist/config.js:37:19
 ❯ node_modules/@testing-library/dom/dist/query-helpers.js:76:38
 ❯ node_modules/@testing-library/dom/dist/query-helpers.js:52:17
 ❯ getByText node_modules/@testing-library/dom/dist/query-helpers.js:95:19
 ❯ src/test/warranty-registration.test.tsx:197:37
    195|       
    196|       // Navigate to registration step
    197|       const registerButton = screen.getByText('Register New Product')
       |                                     ^
    198|       fireEvent.click(registerButton)
    199|       

⎯⎯⎯⎯⎯⎯⎯⎯⎯⎯⎯⎯⎯⎯⎯⎯⎯⎯⎯⎯⎯⎯[21/63]⎯

 FAIL  src/test/warranty-registration.test.tsx > Warranty Registration > Barcode Scanner Integration > should populate barcode field when scanner detects code
TestingLibraryElementError: Unable to find an element with the text: Register New Product. This could be because the text is broken up by multiple elements. In this case, you can provide a function for your text matcher to make your matcher more flexible.

Ignored nodes: comments, script, style
[36m<body>[39m
  [36m<div>[39m
    [36m<div[39m
      [33mclass[39m=[32m"min-h-screen bg-background pb-24"[39m
    [36m>[39m
      [36m<header[39m
        [33mclass[39m=[32m"sticky top-0 z-40 bg-background/95 backdrop-blur-lg border-b border-border"[39m
      [36m>[39m
        [36m<div[39m
          [33mclass[39m=[32m"container max-w-7xl mx-auto px-4 py-4"[39m
        [36m>[39m
          [36m<div[39m
            [33mclass[39m=[32m"flex items-center justify-between"[39m
          [36m>[39m
            [36m<div[39m
              [33mclass[39m=[32m"flex items-center gap-4"[39m
            [36m>[39m
              [36m<div[39m
                [33mclass[39m=[32m"flex items-center gap-3 cursor-pointer"[39m
              [36m>[39m
                [36m<img[39m
                  [33malt[39m=[32m"Test Store"[39m
                  [33mclass[39m=[32m"h-8 w-auto"[39m
                  [33msrc[39m=[32m"/test-logo.png"[39m
                [36m/>[39m
                [36m<div[39m
                  [33mclass[39m=[32m"hidden sm:flex flex-col"[39m
                [36m>[39m
                  [36m<span[39m
                    [33mclass[39m=[32m"font-semibold text-lg"[39m
                  [36m>[39m
                    [0mTest Store[0m
                  [36m</span>[39m
                  [36m<span[39m
                    [33mclass[39m=[32m"text-xs text-muted-foreground"[39m
                  [36m>[39m
                    [0mTest Store Tagline[0m
                  [36m</span>[39m
                [36m</div>[39m
              [36m</div>[39m
            [36m</div>[39m
            [36m<h1[39m
              [33mclass[39m=[32m"text-lg font-semibold hidden md:block"[39m
            [36m>[39m
              [0mWarranty[0m
            [36m</h1>[39m
            [36m<div[39m
              [33mclass[39m=[32m"flex items-center gap-4"[39m
            [36m>[39m
              [36m<button[39m
                [33mclass[39m=[32m"items-center justify-center gap-2 whitespace-nowrap text-sm font-medium ring-offset-background transition-colors focus-visible:outline-none focus-visible:ring-2 focus-visible:ring-ring focus-visible:ring-offset-2 disabled:pointer-events-none disabled:opacity-50 [&_svg]:pointer-events-none [&_svg]:size-4 [&_svg]:shrink-0 hover:bg-accent hover:text-accent-foreground h-9 rounded-md px-3 hidden sm:flex"[39m
              [36m>[39m
                [0mLogin[0m
              [36m</button>[39m
              [36m<button[39m
                [33mclass[39m=[32m"items-center justify-center gap-2 whitespace-nowrap text-sm font-medium ring-offset-background transition-colors focus-visible:outline-none focus-visible:ring-2 focus-visible:ring-ring focus-visible:ring-offset-2 disabled:pointer-events-none disabled:opacity-50 [&_svg]:pointer-events-none [&_svg]:size-4 [&_svg]:shrink-0 bg-primary text-primary-foreground hover:bg-primary/90 h-9 rounded-md px-3 hidden sm:flex"[39m
              [36m>[39m
                [36m<svg[39m
                  [33mclass[39m=[32m"lucide lucide-user-plus w-4 h-4 mr-2"[39m
                  [33mfill[39m=[32m"none"[39m
                  [33mheight[39m=[32m"24"[39m
                  [33mstroke[39m=[32m"currentColor"[39m
                  [33mstroke-linecap[39m=[32m"round"[39m
                  [33mstroke-linejoin[39m=[32m"round"[39m
                  [33mstroke-width[39m=[32m"2"[39m
                  [33mviewBox[39m=[32m"0 0 24 24"[39m
                  [33mwidth[39m=[32m"24"[39m
                  [33mxmlns[39m=[32m"http://www.w3.org/2000/svg"[39m
                [36m>[39m
                  [36m<path[39m
                    [33md[39m=[32m"M16 21v-2a4 4 0 0 0-4-4H6a4 4 0 0 0-4 4v2"[39m
                  [36m/>[39m
                  [36m<circle[39m
                    [33mcx[39m=[32m"9"[39m
                    [33mcy[39m=[32m"7"[39m
                    [33mr[39m=[32m"4"[39m
                  [36m/>[39m
                  [36m<line[39m
                    [33mx1[39m=[32m"19"[39m
                    [33mx2[39m=[32m"19"[39m
                    [33my1[39m=[32m"8"[39m
                    [33my2[39m=[32m"14"[39m
                  [36m/>[39m
                  [36m<line[39m
                    [33mx1[39m=[32m"22"[39m
                    [33mx2[39m=[32m"16"[39m
                    [33my1[39m=[32m"11"[39m
                    [33my2[39m=[32m"11"[39m
                  [36m/>[39m
                [36m</svg>[39m
                [0mRegister[0m
              [36m</button>[39m
              [36m<button[39m
                [33mclass[39m=[32m"inline-flex items-center justify-center gap-2 whitespace-nowrap text-sm font-medium ring-offset-background transition-colors focus-visible:outline-none focus-visible:ring-2 focus-visible:ring-ring focus-visible:ring-offset-2 disabled:pointer-events-none disabled:opacity-50 [&_svg]:pointer-events-none [&_svg]:size-4 [&_svg]:shrink-0 hover:bg-accent hover:text-accent-foreground h-9 rounded-md px-3 md:hidden"[39m
              [36m>[39m
                [36m<svg[39m
                  [33mclass[39m=[32m"lucide lucide-menu w-5 h-5"[39m
                  [33mfill[39m=[32m"none"[39m
                  [33mheight[39m=[32m"24"[39m
                  [33mstroke[39m=[32m"currentColor"[39m
                  [33mstroke-linecap[39m=[32m"round"[39m
                  [33mstroke-linejoin[39m=[32m"round"[39m
                  [33mstroke-width[39m=[32m"2"[39m
                  [33mviewBox[39m=[32m"0 0 24 24"[39m
                  [33mwidth[39m=[32m"24"[39m
                  [33mxmlns[39m=[32m"http://www.w3.org/2000/svg"[39m
                [36m>[39m
                  [36m<line[39m
                    [33mx1[39m=[32m"4"[39m
                    [33mx2[39m=[32m"20"[39m
                    [33my1[39m=[32m"12"[39m
                    [33my2[39m=[32m"12"[39m
                  [36m/>[39m
                  [36m<line[39m
                    [33mx1[39m=[32m"4"[39m
                    [33mx2[39m=[32m"20"[39m
                    [33my1[39m=[32m"6"[39m
                    [33my2[39m=[32m"6"[39m
                  [36m/>[39m
                  [36m<line[39m
                    [33mx1[39m=[32m"4"[39m
                    [33mx2[39m=[32m"20"[39m
                    [33my1[39m=[32m"18"[39m
                    [33my2[39m=[32m"18"[39m
                  [36m/>[39m
                [36m</svg>[39m
              [36m</button>[39m
            [36m</div>[39m
          [36m</div>[39m
        [36m</div>[39m
      [36m</header>[39m
      [36m<div[39m
        [33mclass[39m=[32m"container max-w-2xl mx-auto px-6 py-8"[39m
      [36m>[39m
        [36m<div[39m
          [33mclass[39m=[32m"space-y-6"[39m
        [36m>[39m
    ...
 ❯ Object.getElementError node_modules/@testing-library/dom/dist/config.js:37:19
 ❯ node_modules/@testing-library/dom/dist/query-helpers.js:76:38
 ❯ node_modules/@testing-library/dom/dist/query-helpers.js:52:17
 ❯ getByText node_modules/@testing-library/dom/dist/query-helpers.js:95:19
 ❯ src/test/warranty-registration.test.tsx:217:37
    215|       
    216|       // Navigate to registration step
    217|       const registerButton = screen.getByText('Register New Product')
       |                                     ^
    218|       fireEvent.click(registerButton)
    219|       

⎯⎯⎯⎯⎯⎯⎯⎯⎯⎯⎯⎯⎯⎯⎯⎯⎯⎯⎯⎯⎯⎯[22/63]⎯

 FAIL  src/test/warranty-registration.test.tsx > Warranty Registration > Barcode Scanner Integration > should close scanner when close button is clicked
TestingLibraryElementError: Unable to find an element with the text: Register New Product. This could be because the text is broken up by multiple elements. In this case, you can provide a function for your text matcher to make your matcher more flexible.

Ignored nodes: comments, script, style
[36m<body>[39m
  [36m<div>[39m
    [36m<div[39m
      [33mclass[39m=[32m"min-h-screen bg-background pb-24"[39m
    [36m>[39m
      [36m<header[39m
        [33mclass[39m=[32m"sticky top-0 z-40 bg-background/95 backdrop-blur-lg border-b border-border"[39m
      [36m>[39m
        [36m<div[39m
          [33mclass[39m=[32m"container max-w-7xl mx-auto px-4 py-4"[39m
        [36m>[39m
          [36m<div[39m
            [33mclass[39m=[32m"flex items-center justify-between"[39m
          [36m>[39m
            [36m<div[39m
              [33mclass[39m=[32m"flex items-center gap-4"[39m
            [36m>[39m
              [36m<div[39m
                [33mclass[39m=[32m"flex items-center gap-3 cursor-pointer"[39m
              [36m>[39m
                [36m<img[39m
                  [33malt[39m=[32m"Test Store"[39m
                  [33mclass[39m=[32m"h-8 w-auto"[39m
                  [33msrc[39m=[32m"/test-logo.png"[39m
                [36m/>[39m
                [36m<div[39m
                  [33mclass[39m=[32m"hidden sm:flex flex-col"[39m
                [36m>[39m
                  [36m<span[39m
                    [33mclass[39m=[32m"font-semibold text-lg"[39m
                  [36m>[39m
                    [0mTest Store[0m
                  [36m</span>[39m
                  [36m<span[39m
                    [33mclass[39m=[32m"text-xs text-muted-foreground"[39m
                  [36m>[39m
                    [0mTest Store Tagline[0m
                  [36m</span>[39m
                [36m</div>[39m
              [36m</div>[39m
            [36m</div>[39m
            [36m<h1[39m
              [33mclass[39m=[32m"text-lg font-semibold hidden md:block"[39m
            [36m>[39m
              [0mWarranty[0m
            [36m</h1>[39m
            [36m<div[39m
              [33mclass[39m=[32m"flex items-center gap-4"[39m
            [36m>[39m
              [36m<button[39m
                [33mclass[39m=[32m"items-center justify-center gap-2 whitespace-nowrap text-sm font-medium ring-offset-background transition-colors focus-visible:outline-none focus-visible:ring-2 focus-visible:ring-ring focus-visible:ring-offset-2 disabled:pointer-events-none disabled:opacity-50 [&_svg]:pointer-events-none [&_svg]:size-4 [&_svg]:shrink-0 hover:bg-accent hover:text-accent-foreground h-9 rounded-md px-3 hidden sm:flex"[39m
              [36m>[39m
                [0mLogin[0m
              [36m</button>[39m
              [36m<button[39m
                [33mclass[39m=[32m"items-center justify-center gap-2 whitespace-nowrap text-sm font-medium ring-offset-background transition-colors focus-visible:outline-none focus-visible:ring-2 focus-visible:ring-ring focus-visible:ring-offset-2 disabled:pointer-events-none disabled:opacity-50 [&_svg]:pointer-events-none [&_svg]:size-4 [&_svg]:shrink-0 bg-primary text-primary-foreground hover:bg-primary/90 h-9 rounded-md px-3 hidden sm:flex"[39m
              [36m>[39m
                [36m<svg[39m
                  [33mclass[39m=[32m"lucide lucide-user-plus w-4 h-4 mr-2"[39m
                  [33mfill[39m=[32m"none"[39m
                  [33mheight[39m=[32m"24"[39m
                  [33mstroke[39m=[32m"currentColor"[39m
                  [33mstroke-linecap[39m=[32m"round"[39m
                  [33mstroke-linejoin[39m=[32m"round"[39m
                  [33mstroke-width[39m=[32m"2"[39m
                  [33mviewBox[39m=[32m"0 0 24 24"[39m
                  [33mwidth[39m=[32m"24"[39m
                  [33mxmlns[39m=[32m"http://www.w3.org/2000/svg"[39m
                [36m>[39m
                  [36m<path[39m
                    [33md[39m=[32m"M16 21v-2a4 4 0 0 0-4-4H6a4 4 0 0 0-4 4v2"[39m
                  [36m/>[39m
                  [36m<circle[39m
                    [33mcx[39m=[32m"9"[39m
                    [33mcy[39m=[32m"7"[39m
                    [33mr[39m=[32m"4"[39m
                  [36m/>[39m
                  [36m<line[39m
                    [33mx1[39m=[32m"19"[39m
                    [33mx2[39m=[32m"19"[39m
                    [33my1[39m=[32m"8"[39m
                    [33my2[39m=[32m"14"[39m
                  [36m/>[39m
                  [36m<line[39m
                    [33mx1[39m=[32m"22"[39m
                    [33mx2[39m=[32m"16"[39m
                    [33my1[39m=[32m"11"[39m
                    [33my2[39m=[32m"11"[39m
                  [36m/>[39m
                [36m</svg>[39m
                [0mRegister[0m
              [36m</button>[39m
              [36m<button[39m
                [33mclass[39m=[32m"inline-flex items-center justify-center gap-2 whitespace-nowrap text-sm font-medium ring-offset-background transition-colors focus-visible:outline-none focus-visible:ring-2 focus-visible:ring-ring focus-visible:ring-offset-2 disabled:pointer-events-none disabled:opacity-50 [&_svg]:pointer-events-none [&_svg]:size-4 [&_svg]:shrink-0 hover:bg-accent hover:text-accent-foreground h-9 rounded-md px-3 md:hidden"[39m
              [36m>[39m
                [36m<svg[39m
                  [33mclass[39m=[32m"lucide lucide-menu w-5 h-5"[39m
                  [33mfill[39m=[32m"none"[39m
                  [33mheight[39m=[32m"24"[39m
                  [33mstroke[39m=[32m"currentColor"[39m
                  [33mstroke-linecap[39m=[32m"round"[39m
                  [33mstroke-linejoin[39m=[32m"round"[39m
                  [33mstroke-width[39m=[32m"2"[39m
                  [33mviewBox[39m=[32m"0 0 24 24"[39m
                  [33mwidth[39m=[32m"24"[39m
                  [33mxmlns[39m=[32m"http://www.w3.org/2000/svg"[39m
                [36m>[39m
                  [36m<line[39m
                    [33mx1[39m=[32m"4"[39m
                    [33mx2[39m=[32m"20"[39m
                    [33my1[39m=[32m"12"[39m
                    [33my2[39m=[32m"12"[39m
                  [36m/>[39m
                  [36m<line[39m
                    [33mx1[39m=[32m"4"[39m
                    [33mx2[39m=[32m"20"[39m
                    [33my1[39m=[32m"6"[39m
                    [33my2[39m=[32m"6"[39m
                  [36m/>[39m
                  [36m<line[39m
                    [33mx1[39m=[32m"4"[39m
                    [33mx2[39m=[32m"20"[39m
                    [33my1[39m=[32m"18"[39m
                    [33my2[39m=[32m"18"[39m
                  [36m/>[39m
                [36m</svg>[39m
              [36m</button>[39m
            [36m</div>[39m
          [36m</div>[39m
        [36m</div>[39m
      [36m</header>[39m
      [36m<div[39m
        [33mclass[39m=[32m"container max-w-2xl mx-auto px-6 py-8"[39m
      [36m>[39m
        [36m<div[39m
          [33mclass[39m=[32m"space-y-6"[39m
        [36m>[39m
    ...
 ❯ Object.getElementError node_modules/@testing-library/dom/dist/config.js:37:19
 ❯ node_modules/@testing-library/dom/dist/query-helpers.js:76:38
 ❯ node_modules/@testing-library/dom/dist/query-helpers.js:52:17
 ❯ getByText node_modules/@testing-library/dom/dist/query-helpers.js:95:19
 ❯ src/test/warranty-registration.test.tsx:246:37
    244|       
    245|       // Navigate to registration step
    246|       const registerButton = screen.getByText('Register New Product')
       |                                     ^
    247|       fireEvent.click(registerButton)
    248|       

⎯⎯⎯⎯⎯⎯⎯⎯⎯⎯⎯⎯⎯⎯⎯⎯⎯⎯⎯⎯⎯⎯[23/63]⎯

 FAIL  src/test/warranty-registration.test.tsx > Warranty Registration > Registration Submission > should successfully submit registration with valid data
TestingLibraryElementError: Unable to find an element with the text: Register New Product. This could be because the text is broken up by multiple elements. In this case, you can provide a function for your text matcher to make your matcher more flexible.

Ignored nodes: comments, script, style
[36m<body>[39m
  [36m<div>[39m
    [36m<div[39m
      [33mclass[39m=[32m"min-h-screen bg-background pb-24"[39m
    [36m>[39m
      [36m<header[39m
        [33mclass[39m=[32m"sticky top-0 z-40 bg-background/95 backdrop-blur-lg border-b border-border"[39m
      [36m>[39m
        [36m<div[39m
          [33mclass[39m=[32m"container max-w-7xl mx-auto px-4 py-4"[39m
        [36m>[39m
          [36m<div[39m
            [33mclass[39m=[32m"flex items-center justify-between"[39m
          [36m>[39m
            [36m<div[39m
              [33mclass[39m=[32m"flex items-center gap-4"[39m
            [36m>[39m
              [36m<div[39m
                [33mclass[39m=[32m"flex items-center gap-3 cursor-pointer"[39m
              [36m>[39m
                [36m<img[39m
                  [33malt[39m=[32m"Test Store"[39m
                  [33mclass[39m=[32m"h-8 w-auto"[39m
                  [33msrc[39m=[32m"/test-logo.png"[39m
                [36m/>[39m
                [36m<div[39m
                  [33mclass[39m=[32m"hidden sm:flex flex-col"[39m
                [36m>[39m
                  [36m<span[39m
                    [33mclass[39m=[32m"font-semibold text-lg"[39m
                  [36m>[39m
                    [0mTest Store[0m
                  [36m</span>[39m
                  [36m<span[39m
                    [33mclass[39m=[32m"text-xs text-muted-foreground"[39m
                  [36m>[39m
                    [0mTest Store Tagline[0m
                  [36m</span>[39m
                [36m</div>[39m
              [36m</div>[39m
            [36m</div>[39m
            [36m<h1[39m
              [33mclass[39m=[32m"text-lg font-semibold hidden md:block"[39m
            [36m>[39m
              [0mWarranty[0m
            [36m</h1>[39m
            [36m<div[39m
              [33mclass[39m=[32m"flex items-center gap-4"[39m
            [36m>[39m
              [36m<button[39m
                [33mclass[39m=[32m"items-center justify-center gap-2 whitespace-nowrap text-sm font-medium ring-offset-background transition-colors focus-visible:outline-none focus-visible:ring-2 focus-visible:ring-ring focus-visible:ring-offset-2 disabled:pointer-events-none disabled:opacity-50 [&_svg]:pointer-events-none [&_svg]:size-4 [&_svg]:shrink-0 hover:bg-accent hover:text-accent-foreground h-9 rounded-md px-3 hidden sm:flex"[39m
              [36m>[39m
                [0mLogin[0m
              [36m</button>[39m
              [36m<button[39m
                [33mclass[39m=[32m"items-center justify-center gap-2 whitespace-nowrap text-sm font-medium ring-offset-background transition-colors focus-visible:outline-none focus-visible:ring-2 focus-visible:ring-ring focus-visible:ring-offset-2 disabled:pointer-events-none disabled:opacity-50 [&_svg]:pointer-events-none [&_svg]:size-4 [&_svg]:shrink-0 bg-primary text-primary-foreground hover:bg-primary/90 h-9 rounded-md px-3 hidden sm:flex"[39m
              [36m>[39m
                [36m<svg[39m
                  [33mclass[39m=[32m"lucide lucide-user-plus w-4 h-4 mr-2"[39m
                  [33mfill[39m=[32m"none"[39m
                  [33mheight[39m=[32m"24"[39m
                  [33mstroke[39m=[32m"currentColor"[39m
                  [33mstroke-linecap[39m=[32m"round"[39m
                  [33mstroke-linejoin[39m=[32m"round"[39m
                  [33mstroke-width[39m=[32m"2"[39m
                  [33mviewBox[39m=[32m"0 0 24 24"[39m
                  [33mwidth[39m=[32m"24"[39m
                  [33mxmlns[39m=[32m"http://www.w3.org/2000/svg"[39m
                [36m>[39m
                  [36m<path[39m
                    [33md[39m=[32m"M16 21v-2a4 4 0 0 0-4-4H6a4 4 0 0 0-4 4v2"[39m
                  [36m/>[39m
                  [36m<circle[39m
                    [33mcx[39m=[32m"9"[39m
                    [33mcy[39m=[32m"7"[39m
                    [33mr[39m=[32m"4"[39m
                  [36m/>[39m
                  [36m<line[39m
                    [33mx1[39m=[32m"19"[39m
                    [33mx2[39m=[32m"19"[39m
                    [33my1[39m=[32m"8"[39m
                    [33my2[39m=[32m"14"[39m
                  [36m/>[39m
                  [36m<line[39m
                    [33mx1[39m=[32m"22"[39m
                    [33mx2[39m=[32m"16"[39m
                    [33my1[39m=[32m"11"[39m
                    [33my2[39m=[32m"11"[39m
                  [36m/>[39m
                [36m</svg>[39m
                [0mRegister[0m
              [36m</button>[39m
              [36m<button[39m
                [33mclass[39m=[32m"inline-flex items-center justify-center gap-2 whitespace-nowrap text-sm font-medium ring-offset-background transition-colors focus-visible:outline-none focus-visible:ring-2 focus-visible:ring-ring focus-visible:ring-offset-2 disabled:pointer-events-none disabled:opacity-50 [&_svg]:pointer-events-none [&_svg]:size-4 [&_svg]:shrink-0 hover:bg-accent hover:text-accent-foreground h-9 rounded-md px-3 md:hidden"[39m
              [36m>[39m
                [36m<svg[39m
                  [33mclass[39m=[32m"lucide lucide-menu w-5 h-5"[39m
                  [33mfill[39m=[32m"none"[39m
                  [33mheight[39m=[32m"24"[39m
                  [33mstroke[39m=[32m"currentColor"[39m
                  [33mstroke-linecap[39m=[32m"round"[39m
                  [33mstroke-linejoin[39m=[32m"round"[39m
                  [33mstroke-width[39m=[32m"2"[39m
                  [33mviewBox[39m=[32m"0 0 24 24"[39m
                  [33mwidth[39m=[32m"24"[39m
                  [33mxmlns[39m=[32m"http://www.w3.org/2000/svg"[39m
                [36m>[39m
                  [36m<line[39m
                    [33mx1[39m=[32m"4"[39m
                    [33mx2[39m=[32m"20"[39m
                    [33my1[39m=[32m"12"[39m
                    [33my2[39m=[32m"12"[39m
                  [36m/>[39m
                  [36m<line[39m
                    [33mx1[39m=[32m"4"[39m
                    [33mx2[39m=[32m"20"[39m
                    [33my1[39m=[32m"6"[39m
                    [33my2[39m=[32m"6"[39m
                  [36m/>[39m
                  [36m<line[39m
                    [33mx1[39m=[32m"4"[39m
                    [33mx2[39m=[32m"20"[39m
                    [33my1[39m=[32m"18"[39m
                    [33my2[39m=[32m"18"[39m
                  [36m/>[39m
                [36m</svg>[39m
              [36m</button>[39m
            [36m</div>[39m
          [36m</div>[39m
        [36m</div>[39m
      [36m</header>[39m
      [36m<div[39m
        [33mclass[39m=[32m"container max-w-2xl mx-auto px-6 py-8"[39m
      [36m>[39m
        [36m<div[39m
          [33mclass[39m=[32m"space-y-6"[39m
        [36m>[39m
    ...
 ❯ Object.getElementError node_modules/@testing-library/dom/dist/config.js:37:19
 ❯ node_modules/@testing-library/dom/dist/query-helpers.js:76:38
 ❯ node_modules/@testing-library/dom/dist/query-helpers.js:52:17
 ❯ getByText node_modules/@testing-library/dom/dist/query-helpers.js:95:19
 ❯ src/test/warranty-registration.test.tsx:320:37
    318|       
    319|       // Navigate to registration step
    320|       const registerButton = screen.getByText('Register New Product')
       |                                     ^
    321|       fireEvent.click(registerButton)
    322|       

⎯⎯⎯⎯⎯⎯⎯⎯⎯⎯⎯⎯⎯⎯⎯⎯⎯⎯⎯⎯⎯⎯[24/63]⎯

 FAIL  src/test/warranty-registration.test.tsx > Warranty Registration > Registration Submission > should handle registration failure
TestingLibraryElementError: Unable to find an element with the text: Register New Product. This could be because the text is broken up by multiple elements. In this case, you can provide a function for your text matcher to make your matcher more flexible.

Ignored nodes: comments, script, style
[36m<body>[39m
  [36m<div>[39m
    [36m<div[39m
      [33mclass[39m=[32m"min-h-screen bg-background pb-24"[39m
    [36m>[39m
      [36m<header[39m
        [33mclass[39m=[32m"sticky top-0 z-40 bg-background/95 backdrop-blur-lg border-b border-border"[39m
      [36m>[39m
        [36m<div[39m
          [33mclass[39m=[32m"container max-w-7xl mx-auto px-4 py-4"[39m
        [36m>[39m
          [36m<div[39m
            [33mclass[39m=[32m"flex items-center justify-between"[39m
          [36m>[39m
            [36m<div[39m
              [33mclass[39m=[32m"flex items-center gap-4"[39m
            [36m>[39m
              [36m<div[39m
                [33mclass[39m=[32m"flex items-center gap-3 cursor-pointer"[39m
              [36m>[39m
                [36m<img[39m
                  [33malt[39m=[32m"Test Store"[39m
                  [33mclass[39m=[32m"h-8 w-auto"[39m
                  [33msrc[39m=[32m"/test-logo.png"[39m
                [36m/>[39m
                [36m<div[39m
                  [33mclass[39m=[32m"hidden sm:flex flex-col"[39m
                [36m>[39m
                  [36m<span[39m
                    [33mclass[39m=[32m"font-semibold text-lg"[39m
                  [36m>[39m
                    [0mTest Store[0m
                  [36m</span>[39m
                  [36m<span[39m
                    [33mclass[39m=[32m"text-xs text-muted-foreground"[39m
                  [36m>[39m
                    [0mTest Store Tagline[0m
                  [36m</span>[39m
                [36m</div>[39m
              [36m</div>[39m
            [36m</div>[39m
            [36m<h1[39m
              [33mclass[39m=[32m"text-lg font-semibold hidden md:block"[39m
            [36m>[39m
              [0mWarranty[0m
            [36m</h1>[39m
            [36m<div[39m
              [33mclass[39m=[32m"flex items-center gap-4"[39m
            [36m>[39m
              [36m<button[39m
                [33mclass[39m=[32m"items-center justify-center gap-2 whitespace-nowrap text-sm font-medium ring-offset-background transition-colors focus-visible:outline-none focus-visible:ring-2 focus-visible:ring-ring focus-visible:ring-offset-2 disabled:pointer-events-none disabled:opacity-50 [&_svg]:pointer-events-none [&_svg]:size-4 [&_svg]:shrink-0 hover:bg-accent hover:text-accent-foreground h-9 rounded-md px-3 hidden sm:flex"[39m
              [36m>[39m
                [0mLogin[0m
              [36m</button>[39m
              [36m<button[39m
                [33mclass[39m=[32m"items-center justify-center gap-2 whitespace-nowrap text-sm font-medium ring-offset-background transition-colors focus-visible:outline-none focus-visible:ring-2 focus-visible:ring-ring focus-visible:ring-offset-2 disabled:pointer-events-none disabled:opacity-50 [&_svg]:pointer-events-none [&_svg]:size-4 [&_svg]:shrink-0 bg-primary text-primary-foreground hover:bg-primary/90 h-9 rounded-md px-3 hidden sm:flex"[39m
              [36m>[39m
                [36m<svg[39m
                  [33mclass[39m=[32m"lucide lucide-user-plus w-4 h-4 mr-2"[39m
                  [33mfill[39m=[32m"none"[39m
                  [33mheight[39m=[32m"24"[39m
                  [33mstroke[39m=[32m"currentColor"[39m
                  [33mstroke-linecap[39m=[32m"round"[39m
                  [33mstroke-linejoin[39m=[32m"round"[39m
                  [33mstroke-width[39m=[32m"2"[39m
                  [33mviewBox[39m=[32m"0 0 24 24"[39m
                  [33mwidth[39m=[32m"24"[39m
                  [33mxmlns[39m=[32m"http://www.w3.org/2000/svg"[39m
                [36m>[39m
                  [36m<path[39m
                    [33md[39m=[32m"M16 21v-2a4 4 0 0 0-4-4H6a4 4 0 0 0-4 4v2"[39m
                  [36m/>[39m
                  [36m<circle[39m
                    [33mcx[39m=[32m"9"[39m
                    [33mcy[39m=[32m"7"[39m
                    [33mr[39m=[32m"4"[39m
                  [36m/>[39m
                  [36m<line[39m
                    [33mx1[39m=[32m"19"[39m
                    [33mx2[39m=[32m"19"[39m
                    [33my1[39m=[32m"8"[39m
                    [33my2[39m=[32m"14"[39m
                  [36m/>[39m
                  [36m<line[39m
                    [33mx1[39m=[32m"22"[39m
                    [33mx2[39m=[32m"16"[39m
                    [33my1[39m=[32m"11"[39m
                    [33my2[39m=[32m"11"[39m
                  [36m/>[39m
                [36m</svg>[39m
                [0mRegister[0m
              [36m</button>[39m
              [36m<button[39m
                [33mclass[39m=[32m"inline-flex items-center justify-center gap-2 whitespace-nowrap text-sm font-medium ring-offset-background transition-colors focus-visible:outline-none focus-visible:ring-2 focus-visible:ring-ring focus-visible:ring-offset-2 disabled:pointer-events-none disabled:opacity-50 [&_svg]:pointer-events-none [&_svg]:size-4 [&_svg]:shrink-0 hover:bg-accent hover:text-accent-foreground h-9 rounded-md px-3 md:hidden"[39m
              [36m>[39m
                [36m<svg[39m
                  [33mclass[39m=[32m"lucide lucide-menu w-5 h-5"[39m
                  [33mfill[39m=[32m"none"[39m
                  [33mheight[39m=[32m"24"[39m
                  [33mstroke[39m=[32m"currentColor"[39m
                  [33mstroke-linecap[39m=[32m"round"[39m
                  [33mstroke-linejoin[39m=[32m"round"[39m
                  [33mstroke-width[39m=[32m"2"[39m
                  [33mviewBox[39m=[32m"0 0 24 24"[39m
                  [33mwidth[39m=[32m"24"[39m
                  [33mxmlns[39m=[32m"http://www.w3.org/2000/svg"[39m
                [36m>[39m
                  [36m<line[39m
                    [33mx1[39m=[32m"4"[39m
                    [33mx2[39m=[32m"20"[39m
                    [33my1[39m=[32m"12"[39m
                    [33my2[39m=[32m"12"[39m
                  [36m/>[39m
                  [36m<line[39m
                    [33mx1[39m=[32m"4"[39m
                    [33mx2[39m=[32m"20"[39m
                    [33my1[39m=[32m"6"[39m
                    [33my2[39m=[32m"6"[39m
                  [36m/>[39m
                  [36m<line[39m
                    [33mx1[39m=[32m"4"[39m
                    [33mx2[39m=[32m"20"[39m
                    [33my1[39m=[32m"18"[39m
                    [33my2[39m=[32m"18"[39m
                  [36m/>[39m
                [36m</svg>[39m
              [36m</button>[39m
            [36m</div>[39m
          [36m</div>[39m
        [36m</div>[39m
      [36m</header>[39m
      [36m<div[39m
        [33mclass[39m=[32m"container max-w-2xl mx-auto px-6 py-8"[39m
      [36m>[39m
        [36m<div[39m
          [33mclass[39m=[32m"space-y-6"[39m
        [36m>[39m
    ...
 ❯ Object.getElementError node_modules/@testing-library/dom/dist/config.js:37:19
 ❯ node_modules/@testing-library/dom/dist/query-helpers.js:76:38
 ❯ node_modules/@testing-library/dom/dist/query-helpers.js:52:17
 ❯ getByText node_modules/@testing-library/dom/dist/query-helpers.js:95:19
 ❯ src/test/warranty-registration.test.tsx:360:37
    358|       
    359|       // Navigate to registration step
    360|       const registerButton = screen.getByText('Register New Product')
       |                                     ^
    361|       fireEvent.click(registerButton)
    362|       

⎯⎯⎯⎯⎯⎯⎯⎯⎯⎯⎯⎯⎯⎯⎯⎯⎯⎯⎯⎯⎯⎯[25/63]⎯

 FAIL  src/test/warranty-registration.test.tsx > Warranty Registration > Registration Submission > should handle network errors during registration
TestingLibraryElementError: Unable to find an element with the text: Register New Product. This could be because the text is broken up by multiple elements. In this case, you can provide a function for your text matcher to make your matcher more flexible.

Ignored nodes: comments, script, style
[36m<body>[39m
  [36m<div>[39m
    [36m<div[39m
      [33mclass[39m=[32m"min-h-screen bg-background pb-24"[39m
    [36m>[39m
      [36m<header[39m
        [33mclass[39m=[32m"sticky top-0 z-40 bg-background/95 backdrop-blur-lg border-b border-border"[39m
      [36m>[39m
        [36m<div[39m
          [33mclass[39m=[32m"container max-w-7xl mx-auto px-4 py-4"[39m
        [36m>[39m
          [36m<div[39m
            [33mclass[39m=[32m"flex items-center justify-between"[39m
          [36m>[39m
            [36m<div[39m
              [33mclass[39m=[32m"flex items-center gap-4"[39m
            [36m>[39m
              [36m<div[39m
                [33mclass[39m=[32m"flex items-center gap-3 cursor-pointer"[39m
              [36m>[39m
                [36m<img[39m
                  [33malt[39m=[32m"Test Store"[39m
                  [33mclass[39m=[32m"h-8 w-auto"[39m
                  [33msrc[39m=[32m"/test-logo.png"[39m
                [36m/>[39m
                [36m<div[39m
                  [33mclass[39m=[32m"hidden sm:flex flex-col"[39m
                [36m>[39m
                  [36m<span[39m
                    [33mclass[39m=[32m"font-semibold text-lg"[39m
                  [36m>[39m
                    [0mTest Store[0m
                  [36m</span>[39m
                  [36m<span[39m
                    [33mclass[39m=[32m"text-xs text-muted-foreground"[39m
                  [36m>[39m
                    [0mTest Store Tagline[0m
                  [36m</span>[39m
                [36m</div>[39m
              [36m</div>[39m
            [36m</div>[39m
            [36m<h1[39m
              [33mclass[39m=[32m"text-lg font-semibold hidden md:block"[39m
            [36m>[39m
              [0mWarranty[0m
            [36m</h1>[39m
            [36m<div[39m
              [33mclass[39m=[32m"flex items-center gap-4"[39m
            [36m>[39m
              [36m<button[39m
                [33mclass[39m=[32m"items-center justify-center gap-2 whitespace-nowrap text-sm font-medium ring-offset-background transition-colors focus-visible:outline-none focus-visible:ring-2 focus-visible:ring-ring focus-visible:ring-offset-2 disabled:pointer-events-none disabled:opacity-50 [&_svg]:pointer-events-none [&_svg]:size-4 [&_svg]:shrink-0 hover:bg-accent hover:text-accent-foreground h-9 rounded-md px-3 hidden sm:flex"[39m
              [36m>[39m
                [0mLogin[0m
              [36m</button>[39m
              [36m<button[39m
                [33mclass[39m=[32m"items-center justify-center gap-2 whitespace-nowrap text-sm font-medium ring-offset-background transition-colors focus-visible:outline-none focus-visible:ring-2 focus-visible:ring-ring focus-visible:ring-offset-2 disabled:pointer-events-none disabled:opacity-50 [&_svg]:pointer-events-none [&_svg]:size-4 [&_svg]:shrink-0 bg-primary text-primary-foreground hover:bg-primary/90 h-9 rounded-md px-3 hidden sm:flex"[39m
              [36m>[39m
                [36m<svg[39m
                  [33mclass[39m=[32m"lucide lucide-user-plus w-4 h-4 mr-2"[39m
                  [33mfill[39m=[32m"none"[39m
                  [33mheight[39m=[32m"24"[39m
                  [33mstroke[39m=[32m"currentColor"[39m
                  [33mstroke-linecap[39m=[32m"round"[39m
                  [33mstroke-linejoin[39m=[32m"round"[39m
                  [33mstroke-width[39m=[32m"2"[39m
                  [33mviewBox[39m=[32m"0 0 24 24"[39m
                  [33mwidth[39m=[32m"24"[39m
                  [33mxmlns[39m=[32m"http://www.w3.org/2000/svg"[39m
                [36m>[39m
                  [36m<path[39m
                    [33md[39m=[32m"M16 21v-2a4 4 0 0 0-4-4H6a4 4 0 0 0-4 4v2"[39m
                  [36m/>[39m
                  [36m<circle[39m
                    [33mcx[39m=[32m"9"[39m
                    [33mcy[39m=[32m"7"[39m
                    [33mr[39m=[32m"4"[39m
                  [36m/>[39m
                  [36m<line[39m
                    [33mx1[39m=[32m"19"[39m
                    [33mx2[39m=[32m"19"[39m
                    [33my1[39m=[32m"8"[39m
                    [33my2[39m=[32m"14"[39m
                  [36m/>[39m
                  [36m<line[39m
                    [33mx1[39m=[32m"22"[39m
                    [33mx2[39m=[32m"16"[39m
                    [33my1[39m=[32m"11"[39m
                    [33my2[39m=[32m"11"[39m
                  [36m/>[39m
                [36m</svg>[39m
                [0mRegister[0m
              [36m</button>[39m
              [36m<button[39m
                [33mclass[39m=[32m"inline-flex items-center justify-center gap-2 whitespace-nowrap text-sm font-medium ring-offset-background transition-colors focus-visible:outline-none focus-visible:ring-2 focus-visible:ring-ring focus-visible:ring-offset-2 disabled:pointer-events-none disabled:opacity-50 [&_svg]:pointer-events-none [&_svg]:size-4 [&_svg]:shrink-0 hover:bg-accent hover:text-accent-foreground h-9 rounded-md px-3 md:hidden"[39m
              [36m>[39m
                [36m<svg[39m
                  [33mclass[39m=[32m"lucide lucide-menu w-5 h-5"[39m
                  [33mfill[39m=[32m"none"[39m
                  [33mheight[39m=[32m"24"[39m
                  [33mstroke[39m=[32m"currentColor"[39m
                  [33mstroke-linecap[39m=[32m"round"[39m
                  [33mstroke-linejoin[39m=[32m"round"[39m
                  [33mstroke-width[39m=[32m"2"[39m
                  [33mviewBox[39m=[32m"0 0 24 24"[39m
                  [33mwidth[39m=[32m"24"[39m
                  [33mxmlns[39m=[32m"http://www.w3.org/2000/svg"[39m
                [36m>[39m
                  [36m<line[39m
                    [33mx1[39m=[32m"4"[39m
                    [33mx2[39m=[32m"20"[39m
                    [33my1[39m=[32m"12"[39m
                    [33my2[39m=[32m"12"[39m
                  [36m/>[39m
                  [36m<line[39m
                    [33mx1[39m=[32m"4"[39m
                    [33mx2[39m=[32m"20"[39m
                    [33my1[39m=[32m"6"[39m
                    [33my2[39m=[32m"6"[39m
                  [36m/>[39m
                  [36m<line[39m
                    [33mx1[39m=[32m"4"[39m
                    [33mx2[39m=[32m"20"[39m
                    [33my1[39m=[32m"18"[39m
                    [33my2[39m=[32m"18"[39m
                  [36m/>[39m
                [36m</svg>[39m
              [36m</button>[39m
            [36m</div>[39m
          [36m</div>[39m
        [36m</div>[39m
      [36m</header>[39m
      [36m<div[39m
        [33mclass[39m=[32m"container max-w-2xl mx-auto px-6 py-8"[39m
      [36m>[39m
        [36m<div[39m
          [33mclass[39m=[32m"space-y-6"[39m
        [36m>[39m
    ...
 ❯ Object.getElementError node_modules/@testing-library/dom/dist/config.js:37:19
 ❯ node_modules/@testing-library/dom/dist/query-helpers.js:76:38
 ❯ node_modules/@testing-library/dom/dist/query-helpers.js:52:17
 ❯ getByText node_modules/@testing-library/dom/dist/query-helpers.js:95:19
 ❯ src/test/warranty-registration.test.tsx:390:37
    388|       
    389|       // Navigate to registration step
    390|       const registerButton = screen.getByText('Register New Product')
       |                                     ^
    391|       fireEvent.click(registerButton)
    392|       

⎯⎯⎯⎯⎯⎯⎯⎯⎯⎯⎯⎯⎯⎯⎯⎯⎯⎯⎯⎯⎯⎯[26/63]⎯

 FAIL  src/test/warranty-registration.test.tsx > Warranty Registration > Navigation > should navigate back to lookup step when back button is clicked
TestingLibraryElementError: Unable to find an element with the text: Register New Product. This could be because the text is broken up by multiple elements. In this case, you can provide a function for your text matcher to make your matcher more flexible.

Ignored nodes: comments, script, style
[36m<body>[39m
  [36m<div>[39m
    [36m<div[39m
      [33mclass[39m=[32m"min-h-screen bg-background pb-24"[39m
    [36m>[39m
      [36m<header[39m
        [33mclass[39m=[32m"sticky top-0 z-40 bg-background/95 backdrop-blur-lg border-b border-border"[39m
      [36m>[39m
        [36m<div[39m
          [33mclass[39m=[32m"container max-w-7xl mx-auto px-4 py-4"[39m
        [36m>[39m
          [36m<div[39m
            [33mclass[39m=[32m"flex items-center justify-between"[39m
          [36m>[39m
            [36m<div[39m
              [33mclass[39m=[32m"flex items-center gap-4"[39m
            [36m>[39m
              [36m<div[39m
                [33mclass[39m=[32m"flex items-center gap-3 cursor-pointer"[39m
              [36m>[39m
                [36m<img[39m
                  [33malt[39m=[32m"Test Store"[39m
                  [33mclass[39m=[32m"h-8 w-auto"[39m
                  [33msrc[39m=[32m"/test-logo.png"[39m
                [36m/>[39m
                [36m<div[39m
                  [33mclass[39m=[32m"hidden sm:flex flex-col"[39m
                [36m>[39m
                  [36m<span[39m
                    [33mclass[39m=[32m"font-semibold text-lg"[39m
                  [36m>[39m
                    [0mTest Store[0m
                  [36m</span>[39m
                  [36m<span[39m
                    [33mclass[39m=[32m"text-xs text-muted-foreground"[39m
                  [36m>[39m
                    [0mTest Store Tagline[0m
                  [36m</span>[39m
                [36m</div>[39m
              [36m</div>[39m
            [36m</div>[39m
            [36m<h1[39m
              [33mclass[39m=[32m"text-lg font-semibold hidden md:block"[39m
            [36m>[39m
              [0mWarranty[0m
            [36m</h1>[39m
            [36m<div[39m
              [33mclass[39m=[32m"flex items-center gap-4"[39m
            [36m>[39m
              [36m<button[39m
                [33mclass[39m=[32m"items-center justify-center gap-2 whitespace-nowrap text-sm font-medium ring-offset-background transition-colors focus-visible:outline-none focus-visible:ring-2 focus-visible:ring-ring focus-visible:ring-offset-2 disabled:pointer-events-none disabled:opacity-50 [&_svg]:pointer-events-none [&_svg]:size-4 [&_svg]:shrink-0 hover:bg-accent hover:text-accent-foreground h-9 rounded-md px-3 hidden sm:flex"[39m
              [36m>[39m
                [0mLogin[0m
              [36m</button>[39m
              [36m<button[39m
                [33mclass[39m=[32m"items-center justify-center gap-2 whitespace-nowrap text-sm font-medium ring-offset-background transition-colors focus-visible:outline-none focus-visible:ring-2 focus-visible:ring-ring focus-visible:ring-offset-2 disabled:pointer-events-none disabled:opacity-50 [&_svg]:pointer-events-none [&_svg]:size-4 [&_svg]:shrink-0 bg-primary text-primary-foreground hover:bg-primary/90 h-9 rounded-md px-3 hidden sm:flex"[39m
              [36m>[39m
                [36m<svg[39m
                  [33mclass[39m=[32m"lucide lucide-user-plus w-4 h-4 mr-2"[39m
                  [33mfill[39m=[32m"none"[39m
                  [33mheight[39m=[32m"24"[39m
                  [33mstroke[39m=[32m"currentColor"[39m
                  [33mstroke-linecap[39m=[32m"round"[39m
                  [33mstroke-linejoin[39m=[32m"round"[39m
                  [33mstroke-width[39m=[32m"2"[39m
                  [33mviewBox[39m=[32m"0 0 24 24"[39m
                  [33mwidth[39m=[32m"24"[39m
                  [33mxmlns[39m=[32m"http://www.w3.org/2000/svg"[39m
                [36m>[39m
                  [36m<path[39m
                    [33md[39m=[32m"M16 21v-2a4 4 0 0 0-4-4H6a4 4 0 0 0-4 4v2"[39m
                  [36m/>[39m
                  [36m<circle[39m
                    [33mcx[39m=[32m"9"[39m
                    [33mcy[39m=[32m"7"[39m
                    [33mr[39m=[32m"4"[39m
                  [36m/>[39m
                  [36m<line[39m
                    [33mx1[39m=[32m"19"[39m
                    [33mx2[39m=[32m"19"[39m
                    [33my1[39m=[32m"8"[39m
                    [33my2[39m=[32m"14"[39m
                  [36m/>[39m
                  [36m<line[39m
                    [33mx1[39m=[32m"22"[39m
                    [33mx2[39m=[32m"16"[39m
                    [33my1[39m=[32m"11"[39m
                    [33my2[39m=[32m"11"[39m
                  [36m/>[39m
                [36m</svg>[39m
                [0mRegister[0m
              [36m</button>[39m
              [36m<button[39m
                [33mclass[39m=[32m"inline-flex items-center justify-center gap-2 whitespace-nowrap text-sm font-medium ring-offset-background transition-colors focus-visible:outline-none focus-visible:ring-2 focus-visible:ring-ring focus-visible:ring-offset-2 disabled:pointer-events-none disabled:opacity-50 [&_svg]:pointer-events-none [&_svg]:size-4 [&_svg]:shrink-0 hover:bg-accent hover:text-accent-foreground h-9 rounded-md px-3 md:hidden"[39m
              [36m>[39m
                [36m<svg[39m
                  [33mclass[39m=[32m"lucide lucide-menu w-5 h-5"[39m
                  [33mfill[39m=[32m"none"[39m
                  [33mheight[39m=[32m"24"[39m
                  [33mstroke[39m=[32m"currentColor"[39m
                  [33mstroke-linecap[39m=[32m"round"[39m
                  [33mstroke-linejoin[39m=[32m"round"[39m
                  [33mstroke-width[39m=[32m"2"[39m
                  [33mviewBox[39m=[32m"0 0 24 24"[39m
                  [33mwidth[39m=[32m"24"[39m
                  [33mxmlns[39m=[32m"http://www.w3.org/2000/svg"[39m
                [36m>[39m
                  [36m<line[39m
                    [33mx1[39m=[32m"4"[39m
                    [33mx2[39m=[32m"20"[39m
                    [33my1[39m=[32m"12"[39m
                    [33my2[39m=[32m"12"[39m
                  [36m/>[39m
                  [36m<line[39m
                    [33mx1[39m=[32m"4"[39m
                    [33mx2[39m=[32m"20"[39m
                    [33my1[39m=[32m"6"[39m
                    [33my2[39m=[32m"6"[39m
                  [36m/>[39m
                  [36m<line[39m
                    [33mx1[39m=[32m"4"[39m
                    [33mx2[39m=[32m"20"[39m
                    [33my1[39m=[32m"18"[39m
                    [33my2[39m=[32m"18"[39m
                  [36m/>[39m
                [36m</svg>[39m
              [36m</button>[39m
            [36m</div>[39m
          [36m</div>[39m
        [36m</div>[39m
      [36m</header>[39m
      [36m<div[39m
        [33mclass[39m=[32m"container max-w-2xl mx-auto px-6 py-8"[39m
      [36m>[39m
        [36m<div[39m
          [33mclass[39m=[32m"space-y-6"[39m
        [36m>[39m
    ...
 ❯ Object.getElementError node_modules/@testing-library/dom/dist/config.js:37:19
 ❯ node_modules/@testing-library/dom/dist/query-helpers.js:76:38
 ❯ node_modules/@testing-library/dom/dist/query-helpers.js:52:17
 ❯ getByText node_modules/@testing-library/dom/dist/query-helpers.js:95:19
 ❯ src/test/warranty-registration.test.tsx:416:37
    414|       
    415|       // Navigate to registration step
    416|       const registerButton = screen.getByText('Register New Product')
       |                                     ^
    417|       fireEvent.click(registerButton)
    418|       

⎯⎯⎯⎯⎯⎯⎯⎯⎯⎯⎯⎯⎯⎯⎯⎯⎯⎯⎯⎯⎯⎯[27/63]⎯

 FAIL  src/test/warranty-registration.test.tsx > Warranty Registration > Navigation > should show register another product option on success
TestingLibraryElementError: Unable to find an element with the text: Register New Product. This could be because the text is broken up by multiple elements. In this case, you can provide a function for your text matcher to make your matcher more flexible.

Ignored nodes: comments, script, style
[36m<body>[39m
  [36m<div>[39m
    [36m<div[39m
      [33mclass[39m=[32m"min-h-screen bg-background pb-24"[39m
    [36m>[39m
      [36m<header[39m
        [33mclass[39m=[32m"sticky top-0 z-40 bg-background/95 backdrop-blur-lg border-b border-border"[39m
      [36m>[39m
        [36m<div[39m
          [33mclass[39m=[32m"container max-w-7xl mx-auto px-4 py-4"[39m
        [36m>[39m
          [36m<div[39m
            [33mclass[39m=[32m"flex items-center justify-between"[39m
          [36m>[39m
            [36m<div[39m
              [33mclass[39m=[32m"flex items-center gap-4"[39m
            [36m>[39m
              [36m<div[39m
                [33mclass[39m=[32m"flex items-center gap-3 cursor-pointer"[39m
              [36m>[39m
                [36m<img[39m
                  [33malt[39m=[32m"Test Store"[39m
                  [33mclass[39m=[32m"h-8 w-auto"[39m
                  [33msrc[39m=[32m"/test-logo.png"[39m
                [36m/>[39m
                [36m<div[39m
                  [33mclass[39m=[32m"hidden sm:flex flex-col"[39m
                [36m>[39m
                  [36m<span[39m
                    [33mclass[39m=[32m"font-semibold text-lg"[39m
                  [36m>[39m
                    [0mTest Store[0m
                  [36m</span>[39m
                  [36m<span[39m
                    [33mclass[39m=[32m"text-xs text-muted-foreground"[39m
                  [36m>[39m
                    [0mTest Store Tagline[0m
                  [36m</span>[39m
                [36m</div>[39m
              [36m</div>[39m
            [36m</div>[39m
            [36m<h1[39m
              [33mclass[39m=[32m"text-lg font-semibold hidden md:block"[39m
            [36m>[39m
              [0mWarranty[0m
            [36m</h1>[39m
            [36m<div[39m
              [33mclass[39m=[32m"flex items-center gap-4"[39m
            [36m>[39m
              [36m<button[39m
                [33mclass[39m=[32m"items-center justify-center gap-2 whitespace-nowrap text-sm font-medium ring-offset-background transition-colors focus-visible:outline-none focus-visible:ring-2 focus-visible:ring-ring focus-visible:ring-offset-2 disabled:pointer-events-none disabled:opacity-50 [&_svg]:pointer-events-none [&_svg]:size-4 [&_svg]:shrink-0 hover:bg-accent hover:text-accent-foreground h-9 rounded-md px-3 hidden sm:flex"[39m
              [36m>[39m
                [0mLogin[0m
              [36m</button>[39m
              [36m<button[39m
                [33mclass[39m=[32m"items-center justify-center gap-2 whitespace-nowrap text-sm font-medium ring-offset-background transition-colors focus-visible:outline-none focus-visible:ring-2 focus-visible:ring-ring focus-visible:ring-offset-2 disabled:pointer-events-none disabled:opacity-50 [&_svg]:pointer-events-none [&_svg]:size-4 [&_svg]:shrink-0 bg-primary text-primary-foreground hover:bg-primary/90 h-9 rounded-md px-3 hidden sm:flex"[39m
              [36m>[39m
                [36m<svg[39m
                  [33mclass[39m=[32m"lucide lucide-user-plus w-4 h-4 mr-2"[39m
                  [33mfill[39m=[32m"none"[39m
                  [33mheight[39m=[32m"24"[39m
                  [33mstroke[39m=[32m"currentColor"[39m
                  [33mstroke-linecap[39m=[32m"round"[39m
                  [33mstroke-linejoin[39m=[32m"round"[39m
                  [33mstroke-width[39m=[32m"2"[39m
                  [33mviewBox[39m=[32m"0 0 24 24"[39m
                  [33mwidth[39m=[32m"24"[39m
                  [33mxmlns[39m=[32m"http://www.w3.org/2000/svg"[39m
                [36m>[39m
                  [36m<path[39m
                    [33md[39m=[32m"M16 21v-2a4 4 0 0 0-4-4H6a4 4 0 0 0-4 4v2"[39m
                  [36m/>[39m
                  [36m<circle[39m
                    [33mcx[39m=[32m"9"[39m
                    [33mcy[39m=[32m"7"[39m
                    [33mr[39m=[32m"4"[39m
                  [36m/>[39m
                  [36m<line[39m
                    [33mx1[39m=[32m"19"[39m
                    [33mx2[39m=[32m"19"[39m
                    [33my1[39m=[32m"8"[39m
                    [33my2[39m=[32m"14"[39m
                  [36m/>[39m
                  [36m<line[39m
                    [33mx1[39m=[32m"22"[39m
                    [33mx2[39m=[32m"16"[39m
                    [33my1[39m=[32m"11"[39m
                    [33my2[39m=[32m"11"[39m
                  [36m/>[39m
                [36m</svg>[39m
                [0mRegister[0m
              [36m</button>[39m
              [36m<button[39m
                [33mclass[39m=[32m"inline-flex items-center justify-center gap-2 whitespace-nowrap text-sm font-medium ring-offset-background transition-colors focus-visible:outline-none focus-visible:ring-2 focus-visible:ring-ring focus-visible:ring-offset-2 disabled:pointer-events-none disabled:opacity-50 [&_svg]:pointer-events-none [&_svg]:size-4 [&_svg]:shrink-0 hover:bg-accent hover:text-accent-foreground h-9 rounded-md px-3 md:hidden"[39m
              [36m>[39m
                [36m<svg[39m
                  [33mclass[39m=[32m"lucide lucide-menu w-5 h-5"[39m
                  [33mfill[39m=[32m"none"[39m
                  [33mheight[39m=[32m"24"[39m
                  [33mstroke[39m=[32m"currentColor"[39m
                  [33mstroke-linecap[39m=[32m"round"[39m
                  [33mstroke-linejoin[39m=[32m"round"[39m
                  [33mstroke-width[39m=[32m"2"[39m
                  [33mviewBox[39m=[32m"0 0 24 24"[39m
                  [33mwidth[39m=[32m"24"[39m
                  [33mxmlns[39m=[32m"http://www.w3.org/2000/svg"[39m
                [36m>[39m
                  [36m<line[39m
                    [33mx1[39m=[32m"4"[39m
                    [33mx2[39m=[32m"20"[39m
                    [33my1[39m=[32m"12"[39m
                    [33my2[39m=[32m"12"[39m
                  [36m/>[39m
                  [36m<line[39m
                    [33mx1[39m=[32m"4"[39m
                    [33mx2[39m=[32m"20"[39m
                    [33my1[39m=[32m"6"[39m
                    [33my2[39m=[32m"6"[39m
                  [36m/>[39m
                  [36m<line[39m
                    [33mx1[39m=[32m"4"[39m
                    [33mx2[39m=[32m"20"[39m
                    [33my1[39m=[32m"18"[39m
                    [33my2[39m=[32m"18"[39m
                  [36m/>[39m
                [36m</svg>[39m
              [36m</button>[39m
            [36m</div>[39m
          [36m</div>[39m
        [36m</div>[39m
      [36m</header>[39m
      [36m<div[39m
        [33mclass[39m=[32m"container max-w-2xl mx-auto px-6 py-8"[39m
      [36m>[39m
        [36m<div[39m
          [33mclass[39m=[32m"space-y-6"[39m
        [36m>[39m
    ...
 ❯ Object.getElementError node_modules/@testing-library/dom/dist/config.js:37:19
 ❯ node_modules/@testing-library/dom/dist/query-helpers.js:76:38
 ❯ node_modules/@testing-library/dom/dist/query-helpers.js:52:17
 ❯ getByText node_modules/@testing-library/dom/dist/query-helpers.js:95:19
 ❯ src/test/warranty-registration.test.tsx:480:37
    478|       
    479|       // Navigate to registration step and complete registration
    480|       const registerButton = screen.getByText('Register New Product')
       |                                     ^
    481|       fireEvent.click(registerButton)
    482|       

⎯⎯⎯⎯⎯⎯⎯⎯⎯⎯⎯⎯⎯⎯⎯⎯⎯⎯⎯⎯⎯⎯[28/63]⎯

 FAIL  src/test/warranty-ui-components.test.tsx > Warranty UI Components > Navigation and Step Management > should render initial lookup step with correct UI elements
TestingLibraryElementError: Unable to find an element with the text: Warranty Lookup. This could be because the text is broken up by multiple elements. In this case, you can provide a function for your text matcher to make your matcher more flexible.

Ignored nodes: comments, script, style
[36m<body>[39m
  [36m<div>[39m
    [36m<div[39m
      [33mclass[39m=[32m"min-h-screen bg-background pb-24"[39m
    [36m>[39m
      [36m<header[39m
        [33mclass[39m=[32m"sticky top-0 z-40 bg-background/95 backdrop-blur-lg border-b border-border"[39m
      [36m>[39m
        [36m<div[39m
          [33mclass[39m=[32m"container max-w-7xl mx-auto px-4 py-4"[39m
        [36m>[39m
          [36m<div[39m
            [33mclass[39m=[32m"flex items-center justify-between"[39m
          [36m>[39m
            [36m<div[39m
              [33mclass[39m=[32m"flex items-center gap-4"[39m
            [36m>[39m
              [36m<div[39m
                [33mclass[39m=[32m"flex items-center gap-3 cursor-pointer"[39m
              [36m>[39m
                [36m<img[39m
                  [33malt[39m=[32m"Test Store"[39m
                  [33mclass[39m=[32m"h-8 w-auto"[39m
                  [33msrc[39m=[32m"/test-logo.png"[39m
                [36m/>[39m
                [36m<div[39m
                  [33mclass[39m=[32m"hidden sm:flex flex-col"[39m
                [36m>[39m
                  [36m<span[39m
                    [33mclass[39m=[32m"font-semibold text-lg"[39m
                  [36m>[39m
                    [0mTest Store[0m
                  [36m</span>[39m
                  [36m<span[39m
                    [33mclass[39m=[32m"text-xs text-muted-foreground"[39m
                  [36m>[39m
                    [0mTest Store Tagline[0m
                  [36m</span>[39m
                [36m</div>[39m
              [36m</div>[39m
            [36m</div>[39m
            [36m<h1[39m
              [33mclass[39m=[32m"text-lg font-semibold hidden md:block"[39m
            [36m>[39m
              [0mWarranty[0m
            [36m</h1>[39m
            [36m<div[39m
              [33mclass[39m=[32m"flex items-center gap-4"[39m
            [36m>[39m
              [36m<button[39m
                [33mclass[39m=[32m"items-center justify-center gap-2 whitespace-nowrap text-sm font-medium ring-offset-background transition-colors focus-visible:outline-none focus-visible:ring-2 focus-visible:ring-ring focus-visible:ring-offset-2 disabled:pointer-events-none disabled:opacity-50 [&_svg]:pointer-events-none [&_svg]:size-4 [&_svg]:shrink-0 hover:bg-accent hover:text-accent-foreground h-9 rounded-md px-3 hidden sm:flex"[39m
              [36m>[39m
                [0mLogin[0m
              [36m</button>[39m
              [36m<button[39m
                [33mclass[39m=[32m"items-center justify-center gap-2 whitespace-nowrap text-sm font-medium ring-offset-background transition-colors focus-visible:outline-none focus-visible:ring-2 focus-visible:ring-ring focus-visible:ring-offset-2 disabled:pointer-events-none disabled:opacity-50 [&_svg]:pointer-events-none [&_svg]:size-4 [&_svg]:shrink-0 bg-primary text-primary-foreground hover:bg-primary/90 h-9 rounded-md px-3 hidden sm:flex"[39m
              [36m>[39m
                [36m<svg[39m
                  [33mclass[39m=[32m"lucide lucide-user-plus w-4 h-4 mr-2"[39m
                  [33mfill[39m=[32m"none"[39m
                  [33mheight[39m=[32m"24"[39m
                  [33mstroke[39m=[32m"currentColor"[39m
                  [33mstroke-linecap[39m=[32m"round"[39m
                  [33mstroke-linejoin[39m=[32m"round"[39m
                  [33mstroke-width[39m=[32m"2"[39m
                  [33mviewBox[39m=[32m"0 0 24 24"[39m
                  [33mwidth[39m=[32m"24"[39m
                  [33mxmlns[39m=[32m"http://www.w3.org/2000/svg"[39m
                [36m>[39m
                  [36m<path[39m
                    [33md[39m=[32m"M16 21v-2a4 4 0 0 0-4-4H6a4 4 0 0 0-4 4v2"[39m
                  [36m/>[39m
                  [36m<circle[39m
                    [33mcx[39m=[32m"9"[39m
                    [33mcy[39m=[32m"7"[39m
                    [33mr[39m=[32m"4"[39m
                  [36m/>[39m
                  [36m<line[39m
                    [33mx1[39m=[32m"19"[39m
                    [33mx2[39m=[32m"19"[39m
                    [33my1[39m=[32m"8"[39m
                    [33my2[39m=[32m"14"[39m
                  [36m/>[39m
                  [36m<line[39m
                    [33mx1[39m=[32m"22"[39m
                    [33mx2[39m=[32m"16"[39m
                    [33my1[39m=[32m"11"[39m
                    [33my2[39m=[32m"11"[39m
                  [36m/>[39m
                [36m</svg>[39m
                [0mRegister[0m
              [36m</button>[39m
              [36m<button[39m
                [33mclass[39m=[32m"inline-flex items-center justify-center gap-2 whitespace-nowrap text-sm font-medium ring-offset-background transition-colors focus-visible:outline-none focus-visible:ring-2 focus-visible:ring-ring focus-visible:ring-offset-2 disabled:pointer-events-none disabled:opacity-50 [&_svg]:pointer-events-none [&_svg]:size-4 [&_svg]:shrink-0 hover:bg-accent hover:text-accent-foreground h-9 rounded-md px-3 md:hidden"[39m
              [36m>[39m
                [36m<svg[39m
                  [33mclass[39m=[32m"lucide lucide-menu w-5 h-5"[39m
                  [33mfill[39m=[32m"none"[39m
                  [33mheight[39m=[32m"24"[39m
                  [33mstroke[39m=[32m"currentColor"[39m
                  [33mstroke-linecap[39m=[32m"round"[39m
                  [33mstroke-linejoin[39m=[32m"round"[39m
                  [33mstroke-width[39m=[32m"2"[39m
                  [33mviewBox[39m=[32m"0 0 24 24"[39m
                  [33mwidth[39m=[32m"24"[39m
                  [33mxmlns[39m=[32m"http://www.w3.org/2000/svg"[39m
                [36m>[39m
                  [36m<line[39m
                    [33mx1[39m=[32m"4"[39m
                    [33mx2[39m=[32m"20"[39m
                    [33my1[39m=[32m"12"[39m
                    [33my2[39m=[32m"12"[39m
                  [36m/>[39m
                  [36m<line[39m
                    [33mx1[39m=[32m"4"[39m
                    [33mx2[39m=[32m"20"[39m
                    [33my1[39m=[32m"6"[39m
                    [33my2[39m=[32m"6"[39m
                  [36m/>[39m
                  [36m<line[39m
                    [33mx1[39m=[32m"4"[39m
                    [33mx2[39m=[32m"20"[39m
                    [33my1[39m=[32m"18"[39m
                    [33my2[39m=[32m"18"[39m
                  [36m/>[39m
                [36m</svg>[39m
              [36m</button>[39m
            [36m</div>[39m
          [36m</div>[39m
        [36m</div>[39m
      [36m</header>[39m
      [36m<div[39m
        [33mclass[39m=[32m"container max-w-2xl mx-auto px-6 py-8"[39m
      [36m>[39m
        [36m<div[39m
          [33mclass[39m=[32m"space-y-6"[39m
        [36m>[39m
    ...
 ❯ Object.getElementError node_modules/@testing-library/dom/dist/config.js:37:19
 ❯ node_modules/@testing-library/dom/dist/query-helpers.js:76:38
 ❯ node_modules/@testing-library/dom/dist/query-helpers.js:52:17
 ❯ getByText node_modules/@testing-library/dom/dist/query-helpers.js:95:19
 ❯ src/test/warranty-ui-components.test.tsx:87:21
     85|       
     86|       // Check main heading
     87|       expect(screen.getByText('Warranty Lookup')).toBeInTheDocument()
       |                     ^
     88|       
     89|       // Check input field

⎯⎯⎯⎯⎯⎯⎯⎯⎯⎯⎯⎯⎯⎯⎯⎯⎯⎯⎯⎯⎯⎯[29/63]⎯

 FAIL  src/test/warranty-ui-components.test.tsx > Warranty UI Components > Navigation and Step Management > should navigate to registration step when register button is clicked
TestingLibraryElementError: Unable to find an element with the text: Register New Product. This could be because the text is broken up by multiple elements. In this case, you can provide a function for your text matcher to make your matcher more flexible.

Ignored nodes: comments, script, style
[36m<body>[39m
  [36m<div>[39m
    [36m<div[39m
      [33mclass[39m=[32m"min-h-screen bg-background pb-24"[39m
    [36m>[39m
      [36m<header[39m
        [33mclass[39m=[32m"sticky top-0 z-40 bg-background/95 backdrop-blur-lg border-b border-border"[39m
      [36m>[39m
        [36m<div[39m
          [33mclass[39m=[32m"container max-w-7xl mx-auto px-4 py-4"[39m
        [36m>[39m
          [36m<div[39m
            [33mclass[39m=[32m"flex items-center justify-between"[39m
          [36m>[39m
            [36m<div[39m
              [33mclass[39m=[32m"flex items-center gap-4"[39m
            [36m>[39m
              [36m<div[39m
                [33mclass[39m=[32m"flex items-center gap-3 cursor-pointer"[39m
              [36m>[39m
                [36m<img[39m
                  [33malt[39m=[32m"Test Store"[39m
                  [33mclass[39m=[32m"h-8 w-auto"[39m
                  [33msrc[39m=[32m"/test-logo.png"[39m
                [36m/>[39m
                [36m<div[39m
                  [33mclass[39m=[32m"hidden sm:flex flex-col"[39m
                [36m>[39m
                  [36m<span[39m
                    [33mclass[39m=[32m"font-semibold text-lg"[39m
                  [36m>[39m
                    [0mTest Store[0m
                  [36m</span>[39m
                  [36m<span[39m
                    [33mclass[39m=[32m"text-xs text-muted-foreground"[39m
                  [36m>[39m
                    [0mTest Store Tagline[0m
                  [36m</span>[39m
                [36m</div>[39m
              [36m</div>[39m
            [36m</div>[39m
            [36m<h1[39m
              [33mclass[39m=[32m"text-lg font-semibold hidden md:block"[39m
            [36m>[39m
              [0mWarranty[0m
            [36m</h1>[39m
            [36m<div[39m
              [33mclass[39m=[32m"flex items-center gap-4"[39m
            [36m>[39m
              [36m<button[39m
                [33mclass[39m=[32m"items-center justify-center gap-2 whitespace-nowrap text-sm font-medium ring-offset-background transition-colors focus-visible:outline-none focus-visible:ring-2 focus-visible:ring-ring focus-visible:ring-offset-2 disabled:pointer-events-none disabled:opacity-50 [&_svg]:pointer-events-none [&_svg]:size-4 [&_svg]:shrink-0 hover:bg-accent hover:text-accent-foreground h-9 rounded-md px-3 hidden sm:flex"[39m
              [36m>[39m
                [0mLogin[0m
              [36m</button>[39m
              [36m<button[39m
                [33mclass[39m=[32m"items-center justify-center gap-2 whitespace-nowrap text-sm font-medium ring-offset-background transition-colors focus-visible:outline-none focus-visible:ring-2 focus-visible:ring-ring focus-visible:ring-offset-2 disabled:pointer-events-none disabled:opacity-50 [&_svg]:pointer-events-none [&_svg]:size-4 [&_svg]:shrink-0 bg-primary text-primary-foreground hover:bg-primary/90 h-9 rounded-md px-3 hidden sm:flex"[39m
              [36m>[39m
                [36m<svg[39m
                  [33mclass[39m=[32m"lucide lucide-user-plus w-4 h-4 mr-2"[39m
                  [33mfill[39m=[32m"none"[39m
                  [33mheight[39m=[32m"24"[39m
                  [33mstroke[39m=[32m"currentColor"[39m
                  [33mstroke-linecap[39m=[32m"round"[39m
                  [33mstroke-linejoin[39m=[32m"round"[39m
                  [33mstroke-width[39m=[32m"2"[39m
                  [33mviewBox[39m=[32m"0 0 24 24"[39m
                  [33mwidth[39m=[32m"24"[39m
                  [33mxmlns[39m=[32m"http://www.w3.org/2000/svg"[39m
                [36m>[39m
                  [36m<path[39m
                    [33md[39m=[32m"M16 21v-2a4 4 0 0 0-4-4H6a4 4 0 0 0-4 4v2"[39m
                  [36m/>[39m
                  [36m<circle[39m
                    [33mcx[39m=[32m"9"[39m
                    [33mcy[39m=[32m"7"[39m
                    [33mr[39m=[32m"4"[39m
                  [36m/>[39m
                  [36m<line[39m
                    [33mx1[39m=[32m"19"[39m
                    [33mx2[39m=[32m"19"[39m
                    [33my1[39m=[32m"8"[39m
                    [33my2[39m=[32m"14"[39m
                  [36m/>[39m
                  [36m<line[39m
                    [33mx1[39m=[32m"22"[39m
                    [33mx2[39m=[32m"16"[39m
                    [33my1[39m=[32m"11"[39m
                    [33my2[39m=[32m"11"[39m
                  [36m/>[39m
                [36m</svg>[39m
                [0mRegister[0m
              [36m</button>[39m
              [36m<button[39m
                [33mclass[39m=[32m"inline-flex items-center justify-center gap-2 whitespace-nowrap text-sm font-medium ring-offset-background transition-colors focus-visible:outline-none focus-visible:ring-2 focus-visible:ring-ring focus-visible:ring-offset-2 disabled:pointer-events-none disabled:opacity-50 [&_svg]:pointer-events-none [&_svg]:size-4 [&_svg]:shrink-0 hover:bg-accent hover:text-accent-foreground h-9 rounded-md px-3 md:hidden"[39m
              [36m>[39m
                [36m<svg[39m
                  [33mclass[39m=[32m"lucide lucide-menu w-5 h-5"[39m
                  [33mfill[39m=[32m"none"[39m
                  [33mheight[39m=[32m"24"[39m
                  [33mstroke[39m=[32m"currentColor"[39m
                  [33mstroke-linecap[39m=[32m"round"[39m
                  [33mstroke-linejoin[39m=[32m"round"[39m
                  [33mstroke-width[39m=[32m"2"[39m
                  [33mviewBox[39m=[32m"0 0 24 24"[39m
                  [33mwidth[39m=[32m"24"[39m
                  [33mxmlns[39m=[32m"http://www.w3.org/2000/svg"[39m
                [36m>[39m
                  [36m<line[39m
                    [33mx1[39m=[32m"4"[39m
                    [33mx2[39m=[32m"20"[39m
                    [33my1[39m=[32m"12"[39m
                    [33my2[39m=[32m"12"[39m
                  [36m/>[39m
                  [36m<line[39m
                    [33mx1[39m=[32m"4"[39m
                    [33mx2[39m=[32m"20"[39m
                    [33my1[39m=[32m"6"[39m
                    [33my2[39m=[32m"6"[39m
                  [36m/>[39m
                  [36m<line[39m
                    [33mx1[39m=[32m"4"[39m
                    [33mx2[39m=[32m"20"[39m
                    [33my1[39m=[32m"18"[39m
                    [33my2[39m=[32m"18"[39m
                  [36m/>[39m
                [36m</svg>[39m
              [36m</button>[39m
            [36m</div>[39m
          [36m</div>[39m
        [36m</div>[39m
      [36m</header>[39m
      [36m<div[39m
        [33mclass[39m=[32m"container max-w-2xl mx-auto px-6 py-8"[39m
      [36m>[39m
        [36m<div[39m
          [33mclass[39m=[32m"space-y-6"[39m
        [36m>[39m
    ...
 ❯ Object.getElementError node_modules/@testing-library/dom/dist/config.js:37:19
 ❯ node_modules/@testing-library/dom/dist/query-helpers.js:76:38
 ❯ node_modules/@testing-library/dom/dist/query-helpers.js:52:17
 ❯ getByText node_modules/@testing-library/dom/dist/query-helpers.js:95:19
 ❯ src/test/warranty-ui-components.test.tsx:101:37
     99|       renderWarrantyPage()
    100|       
    101|       const registerButton = screen.getByText('Register New Product')
       |                                     ^
    102|       fireEvent.click(registerButton)
    103|       

⎯⎯⎯⎯⎯⎯⎯⎯⎯⎯⎯⎯⎯⎯⎯⎯⎯⎯⎯⎯⎯⎯[30/63]⎯

 FAIL  src/test/warranty-ui-components.test.tsx > Warranty UI Components > Navigation and Step Management > should show back button in registration step
TestingLibraryElementError: Unable to find an element with the text: Register New Product. This could be because the text is broken up by multiple elements. In this case, you can provide a function for your text matcher to make your matcher more flexible.

Ignored nodes: comments, script, style
[36m<body>[39m
  [36m<div>[39m
    [36m<div[39m
      [33mclass[39m=[32m"min-h-screen bg-background pb-24"[39m
    [36m>[39m
      [36m<header[39m
        [33mclass[39m=[32m"sticky top-0 z-40 bg-background/95 backdrop-blur-lg border-b border-border"[39m
      [36m>[39m
        [36m<div[39m
          [33mclass[39m=[32m"container max-w-7xl mx-auto px-4 py-4"[39m
        [36m>[39m
          [36m<div[39m
            [33mclass[39m=[32m"flex items-center justify-between"[39m
          [36m>[39m
            [36m<div[39m
              [33mclass[39m=[32m"flex items-center gap-4"[39m
            [36m>[39m
              [36m<div[39m
                [33mclass[39m=[32m"flex items-center gap-3 cursor-pointer"[39m
              [36m>[39m
                [36m<img[39m
                  [33malt[39m=[32m"Test Store"[39m
                  [33mclass[39m=[32m"h-8 w-auto"[39m
                  [33msrc[39m=[32m"/test-logo.png"[39m
                [36m/>[39m
                [36m<div[39m
                  [33mclass[39m=[32m"hidden sm:flex flex-col"[39m
                [36m>[39m
                  [36m<span[39m
                    [33mclass[39m=[32m"font-semibold text-lg"[39m
                  [36m>[39m
                    [0mTest Store[0m
                  [36m</span>[39m
                  [36m<span[39m
                    [33mclass[39m=[32m"text-xs text-muted-foreground"[39m
                  [36m>[39m
                    [0mTest Store Tagline[0m
                  [36m</span>[39m
                [36m</div>[39m
              [36m</div>[39m
            [36m</div>[39m
            [36m<h1[39m
              [33mclass[39m=[32m"text-lg font-semibold hidden md:block"[39m
            [36m>[39m
              [0mWarranty[0m
            [36m</h1>[39m
            [36m<div[39m
              [33mclass[39m=[32m"flex items-center gap-4"[39m
            [36m>[39m
              [36m<button[39m
                [33mclass[39m=[32m"items-center justify-center gap-2 whitespace-nowrap text-sm font-medium ring-offset-background transition-colors focus-visible:outline-none focus-visible:ring-2 focus-visible:ring-ring focus-visible:ring-offset-2 disabled:pointer-events-none disabled:opacity-50 [&_svg]:pointer-events-none [&_svg]:size-4 [&_svg]:shrink-0 hover:bg-accent hover:text-accent-foreground h-9 rounded-md px-3 hidden sm:flex"[39m
              [36m>[39m
                [0mLogin[0m
              [36m</button>[39m
              [36m<button[39m
                [33mclass[39m=[32m"items-center justify-center gap-2 whitespace-nowrap text-sm font-medium ring-offset-background transition-colors focus-visible:outline-none focus-visible:ring-2 focus-visible:ring-ring focus-visible:ring-offset-2 disabled:pointer-events-none disabled:opacity-50 [&_svg]:pointer-events-none [&_svg]:size-4 [&_svg]:shrink-0 bg-primary text-primary-foreground hover:bg-primary/90 h-9 rounded-md px-3 hidden sm:flex"[39m
              [36m>[39m
                [36m<svg[39m
                  [33mclass[39m=[32m"lucide lucide-user-plus w-4 h-4 mr-2"[39m
                  [33mfill[39m=[32m"none"[39m
                  [33mheight[39m=[32m"24"[39m
                  [33mstroke[39m=[32m"currentColor"[39m
                  [33mstroke-linecap[39m=[32m"round"[39m
                  [33mstroke-linejoin[39m=[32m"round"[39m
                  [33mstroke-width[39m=[32m"2"[39m
                  [33mviewBox[39m=[32m"0 0 24 24"[39m
                  [33mwidth[39m=[32m"24"[39m
                  [33mxmlns[39m=[32m"http://www.w3.org/2000/svg"[39m
                [36m>[39m
                  [36m<path[39m
                    [33md[39m=[32m"M16 21v-2a4 4 0 0 0-4-4H6a4 4 0 0 0-4 4v2"[39m
                  [36m/>[39m
                  [36m<circle[39m
                    [33mcx[39m=[32m"9"[39m
                    [33mcy[39m=[32m"7"[39m
                    [33mr[39m=[32m"4"[39m
                  [36m/>[39m
                  [36m<line[39m
                    [33mx1[39m=[32m"19"[39m
                    [33mx2[39m=[32m"19"[39m
                    [33my1[39m=[32m"8"[39m
                    [33my2[39m=[32m"14"[39m
                  [36m/>[39m
                  [36m<line[39m
                    [33mx1[39m=[32m"22"[39m
                    [33mx2[39m=[32m"16"[39m
                    [33my1[39m=[32m"11"[39m
                    [33my2[39m=[32m"11"[39m
                  [36m/>[39m
                [36m</svg>[39m
                [0mRegister[0m
              [36m</button>[39m
              [36m<button[39m
                [33mclass[39m=[32m"inline-flex items-center justify-center gap-2 whitespace-nowrap text-sm font-medium ring-offset-background transition-colors focus-visible:outline-none focus-visible:ring-2 focus-visible:ring-ring focus-visible:ring-offset-2 disabled:pointer-events-none disabled:opacity-50 [&_svg]:pointer-events-none [&_svg]:size-4 [&_svg]:shrink-0 hover:bg-accent hover:text-accent-foreground h-9 rounded-md px-3 md:hidden"[39m
              [36m>[39m
                [36m<svg[39m
                  [33mclass[39m=[32m"lucide lucide-menu w-5 h-5"[39m
                  [33mfill[39m=[32m"none"[39m
                  [33mheight[39m=[32m"24"[39m
                  [33mstroke[39m=[32m"currentColor"[39m
                  [33mstroke-linecap[39m=[32m"round"[39m
                  [33mstroke-linejoin[39m=[32m"round"[39m
                  [33mstroke-width[39m=[32m"2"[39m
                  [33mviewBox[39m=[32m"0 0 24 24"[39m
                  [33mwidth[39m=[32m"24"[39m
                  [33mxmlns[39m=[32m"http://www.w3.org/2000/svg"[39m
                [36m>[39m
                  [36m<line[39m
                    [33mx1[39m=[32m"4"[39m
                    [33mx2[39m=[32m"20"[39m
                    [33my1[39m=[32m"12"[39m
                    [33my2[39m=[32m"12"[39m
                  [36m/>[39m
                  [36m<line[39m
                    [33mx1[39m=[32m"4"[39m
                    [33mx2[39m=[32m"20"[39m
                    [33my1[39m=[32m"6"[39m
                    [33my2[39m=[32m"6"[39m
                  [36m/>[39m
                  [36m<line[39m
                    [33mx1[39m=[32m"4"[39m
                    [33mx2[39m=[32m"20"[39m
                    [33my1[39m=[32m"18"[39m
                    [33my2[39m=[32m"18"[39m
                  [36m/>[39m
                [36m</svg>[39m
              [36m</button>[39m
            [36m</div>[39m
          [36m</div>[39m
        [36m</div>[39m
      [36m</header>[39m
      [36m<div[39m
        [33mclass[39m=[32m"container max-w-2xl mx-auto px-6 py-8"[39m
      [36m>[39m
        [36m<div[39m
          [33mclass[39m=[32m"space-y-6"[39m
        [36m>[39m
    ...
 ❯ Object.getElementError node_modules/@testing-library/dom/dist/config.js:37:19
 ❯ node_modules/@testing-library/dom/dist/query-helpers.js:76:38
 ❯ node_modules/@testing-library/dom/dist/query-helpers.js:52:17
 ❯ getByText node_modules/@testing-library/dom/dist/query-helpers.js:95:19
 ❯ src/test/warranty-ui-components.test.tsx:114:37
    112|       
    113|       // Navigate to registration
    114|       const registerButton = screen.getByText('Register New Product')
       |                                     ^
    115|       fireEvent.click(registerButton)
    116|       

⎯⎯⎯⎯⎯⎯⎯⎯⎯⎯⎯⎯⎯⎯⎯⎯⎯⎯⎯⎯⎯⎯[31/63]⎯

 FAIL  src/test/warranty-ui-components.test.tsx > Warranty UI Components > Navigation and Step Management > should navigate back to lookup when back button is clicked
TestingLibraryElementError: Unable to find an element with the text: Register New Product. This could be because the text is broken up by multiple elements. In this case, you can provide a function for your text matcher to make your matcher more flexible.

Ignored nodes: comments, script, style
[36m<body>[39m
  [36m<div>[39m
    [36m<div[39m
      [33mclass[39m=[32m"min-h-screen bg-background pb-24"[39m
    [36m>[39m
      [36m<header[39m
        [33mclass[39m=[32m"sticky top-0 z-40 bg-background/95 backdrop-blur-lg border-b border-border"[39m
      [36m>[39m
        [36m<div[39m
          [33mclass[39m=[32m"container max-w-7xl mx-auto px-4 py-4"[39m
        [36m>[39m
          [36m<div[39m
            [33mclass[39m=[32m"flex items-center justify-between"[39m
          [36m>[39m
            [36m<div[39m
              [33mclass[39m=[32m"flex items-center gap-4"[39m
            [36m>[39m
              [36m<div[39m
                [33mclass[39m=[32m"flex items-center gap-3 cursor-pointer"[39m
              [36m>[39m
                [36m<img[39m
                  [33malt[39m=[32m"Test Store"[39m
                  [33mclass[39m=[32m"h-8 w-auto"[39m
                  [33msrc[39m=[32m"/test-logo.png"[39m
                [36m/>[39m
                [36m<div[39m
                  [33mclass[39m=[32m"hidden sm:flex flex-col"[39m
                [36m>[39m
                  [36m<span[39m
                    [33mclass[39m=[32m"font-semibold text-lg"[39m
                  [36m>[39m
                    [0mTest Store[0m
                  [36m</span>[39m
                  [36m<span[39m
                    [33mclass[39m=[32m"text-xs text-muted-foreground"[39m
                  [36m>[39m
                    [0mTest Store Tagline[0m
                  [36m</span>[39m
                [36m</div>[39m
              [36m</div>[39m
            [36m</div>[39m
            [36m<h1[39m
              [33mclass[39m=[32m"text-lg font-semibold hidden md:block"[39m
            [36m>[39m
              [0mWarranty[0m
            [36m</h1>[39m
            [36m<div[39m
              [33mclass[39m=[32m"flex items-center gap-4"[39m
            [36m>[39m
              [36m<button[39m
                [33mclass[39m=[32m"items-center justify-center gap-2 whitespace-nowrap text-sm font-medium ring-offset-background transition-colors focus-visible:outline-none focus-visible:ring-2 focus-visible:ring-ring focus-visible:ring-offset-2 disabled:pointer-events-none disabled:opacity-50 [&_svg]:pointer-events-none [&_svg]:size-4 [&_svg]:shrink-0 hover:bg-accent hover:text-accent-foreground h-9 rounded-md px-3 hidden sm:flex"[39m
              [36m>[39m
                [0mLogin[0m
              [36m</button>[39m
              [36m<button[39m
                [33mclass[39m=[32m"items-center justify-center gap-2 whitespace-nowrap text-sm font-medium ring-offset-background transition-colors focus-visible:outline-none focus-visible:ring-2 focus-visible:ring-ring focus-visible:ring-offset-2 disabled:pointer-events-none disabled:opacity-50 [&_svg]:pointer-events-none [&_svg]:size-4 [&_svg]:shrink-0 bg-primary text-primary-foreground hover:bg-primary/90 h-9 rounded-md px-3 hidden sm:flex"[39m
              [36m>[39m
                [36m<svg[39m
                  [33mclass[39m=[32m"lucide lucide-user-plus w-4 h-4 mr-2"[39m
                  [33mfill[39m=[32m"none"[39m
                  [33mheight[39m=[32m"24"[39m
                  [33mstroke[39m=[32m"currentColor"[39m
                  [33mstroke-linecap[39m=[32m"round"[39m
                  [33mstroke-linejoin[39m=[32m"round"[39m
                  [33mstroke-width[39m=[32m"2"[39m
                  [33mviewBox[39m=[32m"0 0 24 24"[39m
                  [33mwidth[39m=[32m"24"[39m
                  [33mxmlns[39m=[32m"http://www.w3.org/2000/svg"[39m
                [36m>[39m
                  [36m<path[39m
                    [33md[39m=[32m"M16 21v-2a4 4 0 0 0-4-4H6a4 4 0 0 0-4 4v2"[39m
                  [36m/>[39m
                  [36m<circle[39m
                    [33mcx[39m=[32m"9"[39m
                    [33mcy[39m=[32m"7"[39m
                    [33mr[39m=[32m"4"[39m
                  [36m/>[39m
                  [36m<line[39m
                    [33mx1[39m=[32m"19"[39m
                    [33mx2[39m=[32m"19"[39m
                    [33my1[39m=[32m"8"[39m
                    [33my2[39m=[32m"14"[39m
                  [36m/>[39m
                  [36m<line[39m
                    [33mx1[39m=[32m"22"[39m
                    [33mx2[39m=[32m"16"[39m
                    [33my1[39m=[32m"11"[39m
                    [33my2[39m=[32m"11"[39m
                  [36m/>[39m
                [36m</svg>[39m
                [0mRegister[0m
              [36m</button>[39m
              [36m<button[39m
                [33mclass[39m=[32m"inline-flex items-center justify-center gap-2 whitespace-nowrap text-sm font-medium ring-offset-background transition-colors focus-visible:outline-none focus-visible:ring-2 focus-visible:ring-ring focus-visible:ring-offset-2 disabled:pointer-events-none disabled:opacity-50 [&_svg]:pointer-events-none [&_svg]:size-4 [&_svg]:shrink-0 hover:bg-accent hover:text-accent-foreground h-9 rounded-md px-3 md:hidden"[39m
              [36m>[39m
                [36m<svg[39m
                  [33mclass[39m=[32m"lucide lucide-menu w-5 h-5"[39m
                  [33mfill[39m=[32m"none"[39m
                  [33mheight[39m=[32m"24"[39m
                  [33mstroke[39m=[32m"currentColor"[39m
                  [33mstroke-linecap[39m=[32m"round"[39m
                  [33mstroke-linejoin[39m=[32m"round"[39m
                  [33mstroke-width[39m=[32m"2"[39m
                  [33mviewBox[39m=[32m"0 0 24 24"[39m
                  [33mwidth[39m=[32m"24"[39m
                  [33mxmlns[39m=[32m"http://www.w3.org/2000/svg"[39m
                [36m>[39m
                  [36m<line[39m
                    [33mx1[39m=[32m"4"[39m
                    [33mx2[39m=[32m"20"[39m
                    [33my1[39m=[32m"12"[39m
                    [33my2[39m=[32m"12"[39m
                  [36m/>[39m
                  [36m<line[39m
                    [33mx1[39m=[32m"4"[39m
                    [33mx2[39m=[32m"20"[39m
                    [33my1[39m=[32m"6"[39m
                    [33my2[39m=[32m"6"[39m
                  [36m/>[39m
                  [36m<line[39m
                    [33mx1[39m=[32m"4"[39m
                    [33mx2[39m=[32m"20"[39m
                    [33my1[39m=[32m"18"[39m
                    [33my2[39m=[32m"18"[39m
                  [36m/>[39m
                [36m</svg>[39m
              [36m</button>[39m
            [36m</div>[39m
          [36m</div>[39m
        [36m</div>[39m
      [36m</header>[39m
      [36m<div[39m
        [33mclass[39m=[32m"container max-w-2xl mx-auto px-6 py-8"[39m
      [36m>[39m
        [36m<div[39m
          [33mclass[39m=[32m"space-y-6"[39m
        [36m>[39m
    ...
 ❯ Object.getElementError node_modules/@testing-library/dom/dist/config.js:37:19
 ❯ node_modules/@testing-library/dom/dist/query-helpers.js:76:38
 ❯ node_modules/@testing-library/dom/dist/query-helpers.js:52:17
 ❯ getByText node_modules/@testing-library/dom/dist/query-helpers.js:95:19
 ❯ src/test/warranty-ui-components.test.tsx:126:37
    124|       
    125|       // Navigate to registration
    126|       const registerButton = screen.getByText('Register New Product')
       |                                     ^
    127|       fireEvent.click(registerButton)
    128|       

⎯⎯⎯⎯⎯⎯⎯⎯⎯⎯⎯⎯⎯⎯⎯⎯⎯⎯⎯⎯⎯⎯[32/63]⎯

 FAIL  src/test/warranty-ui-components.test.tsx > Warranty UI Components > Navigation and Step Management > should show step indicator in registration flow
TestingLibraryElementError: Unable to find an element with the text: Register New Product. This could be because the text is broken up by multiple elements. In this case, you can provide a function for your text matcher to make your matcher more flexible.

Ignored nodes: comments, script, style
[36m<body>[39m
  [36m<div>[39m
    [36m<div[39m
      [33mclass[39m=[32m"min-h-screen bg-background pb-24"[39m
    [36m>[39m
      [36m<header[39m
        [33mclass[39m=[32m"sticky top-0 z-40 bg-background/95 backdrop-blur-lg border-b border-border"[39m
      [36m>[39m
        [36m<div[39m
          [33mclass[39m=[32m"container max-w-7xl mx-auto px-4 py-4"[39m
        [36m>[39m
          [36m<div[39m
            [33mclass[39m=[32m"flex items-center justify-between"[39m
          [36m>[39m
            [36m<div[39m
              [33mclass[39m=[32m"flex items-center gap-4"[39m
            [36m>[39m
              [36m<div[39m
                [33mclass[39m=[32m"flex items-center gap-3 cursor-pointer"[39m
              [36m>[39m
                [36m<img[39m
                  [33malt[39m=[32m"Test Store"[39m
                  [33mclass[39m=[32m"h-8 w-auto"[39m
                  [33msrc[39m=[32m"/test-logo.png"[39m
                [36m/>[39m
                [36m<div[39m
                  [33mclass[39m=[32m"hidden sm:flex flex-col"[39m
                [36m>[39m
                  [36m<span[39m
                    [33mclass[39m=[32m"font-semibold text-lg"[39m
                  [36m>[39m
                    [0mTest Store[0m
                  [36m</span>[39m
                  [36m<span[39m
                    [33mclass[39m=[32m"text-xs text-muted-foreground"[39m
                  [36m>[39m
                    [0mTest Store Tagline[0m
                  [36m</span>[39m
                [36m</div>[39m
              [36m</div>[39m
            [36m</div>[39m
            [36m<h1[39m
              [33mclass[39m=[32m"text-lg font-semibold hidden md:block"[39m
            [36m>[39m
              [0mWarranty[0m
            [36m</h1>[39m
            [36m<div[39m
              [33mclass[39m=[32m"flex items-center gap-4"[39m
            [36m>[39m
              [36m<button[39m
                [33mclass[39m=[32m"items-center justify-center gap-2 whitespace-nowrap text-sm font-medium ring-offset-background transition-colors focus-visible:outline-none focus-visible:ring-2 focus-visible:ring-ring focus-visible:ring-offset-2 disabled:pointer-events-none disabled:opacity-50 [&_svg]:pointer-events-none [&_svg]:size-4 [&_svg]:shrink-0 hover:bg-accent hover:text-accent-foreground h-9 rounded-md px-3 hidden sm:flex"[39m
              [36m>[39m
                [0mLogin[0m
              [36m</button>[39m
              [36m<button[39m
                [33mclass[39m=[32m"items-center justify-center gap-2 whitespace-nowrap text-sm font-medium ring-offset-background transition-colors focus-visible:outline-none focus-visible:ring-2 focus-visible:ring-ring focus-visible:ring-offset-2 disabled:pointer-events-none disabled:opacity-50 [&_svg]:pointer-events-none [&_svg]:size-4 [&_svg]:shrink-0 bg-primary text-primary-foreground hover:bg-primary/90 h-9 rounded-md px-3 hidden sm:flex"[39m
              [36m>[39m
                [36m<svg[39m
                  [33mclass[39m=[32m"lucide lucide-user-plus w-4 h-4 mr-2"[39m
                  [33mfill[39m=[32m"none"[39m
                  [33mheight[39m=[32m"24"[39m
                  [33mstroke[39m=[32m"currentColor"[39m
                  [33mstroke-linecap[39m=[32m"round"[39m
                  [33mstroke-linejoin[39m=[32m"round"[39m
                  [33mstroke-width[39m=[32m"2"[39m
                  [33mviewBox[39m=[32m"0 0 24 24"[39m
                  [33mwidth[39m=[32m"24"[39m
                  [33mxmlns[39m=[32m"http://www.w3.org/2000/svg"[39m
                [36m>[39m
                  [36m<path[39m
                    [33md[39m=[32m"M16 21v-2a4 4 0 0 0-4-4H6a4 4 0 0 0-4 4v2"[39m
                  [36m/>[39m
                  [36m<circle[39m
                    [33mcx[39m=[32m"9"[39m
                    [33mcy[39m=[32m"7"[39m
                    [33mr[39m=[32m"4"[39m
                  [36m/>[39m
                  [36m<line[39m
                    [33mx1[39m=[32m"19"[39m
                    [33mx2[39m=[32m"19"[39m
                    [33my1[39m=[32m"8"[39m
                    [33my2[39m=[32m"14"[39m
                  [36m/>[39m
                  [36m<line[39m
                    [33mx1[39m=[32m"22"[39m
                    [33mx2[39m=[32m"16"[39m
                    [33my1[39m=[32m"11"[39m
                    [33my2[39m=[32m"11"[39m
                  [36m/>[39m
                [36m</svg>[39m
                [0mRegister[0m
              [36m</button>[39m
              [36m<button[39m
                [33mclass[39m=[32m"inline-flex items-center justify-center gap-2 whitespace-nowrap text-sm font-medium ring-offset-background transition-colors focus-visible:outline-none focus-visible:ring-2 focus-visible:ring-ring focus-visible:ring-offset-2 disabled:pointer-events-none disabled:opacity-50 [&_svg]:pointer-events-none [&_svg]:size-4 [&_svg]:shrink-0 hover:bg-accent hover:text-accent-foreground h-9 rounded-md px-3 md:hidden"[39m
              [36m>[39m
                [36m<svg[39m
                  [33mclass[39m=[32m"lucide lucide-menu w-5 h-5"[39m
                  [33mfill[39m=[32m"none"[39m
                  [33mheight[39m=[32m"24"[39m
                  [33mstroke[39m=[32m"currentColor"[39m
                  [33mstroke-linecap[39m=[32m"round"[39m
                  [33mstroke-linejoin[39m=[32m"round"[39m
                  [33mstroke-width[39m=[32m"2"[39m
                  [33mviewBox[39m=[32m"0 0 24 24"[39m
                  [33mwidth[39m=[32m"24"[39m
                  [33mxmlns[39m=[32m"http://www.w3.org/2000/svg"[39m
                [36m>[39m
                  [36m<line[39m
                    [33mx1[39m=[32m"4"[39m
                    [33mx2[39m=[32m"20"[39m
                    [33my1[39m=[32m"12"[39m
                    [33my2[39m=[32m"12"[39m
                  [36m/>[39m
                  [36m<line[39m
                    [33mx1[39m=[32m"4"[39m
                    [33mx2[39m=[32m"20"[39m
                    [33my1[39m=[32m"6"[39m
                    [33my2[39m=[32m"6"[39m
                  [36m/>[39m
                  [36m<line[39m
                    [33mx1[39m=[32m"4"[39m
                    [33mx2[39m=[32m"20"[39m
                    [33my1[39m=[32m"18"[39m
                    [33my2[39m=[32m"18"[39m
                  [36m/>[39m
                [36m</svg>[39m
              [36m</button>[39m
            [36m</div>[39m
          [36m</div>[39m
        [36m</div>[39m
      [36m</header>[39m
      [36m<div[39m
        [33mclass[39m=[32m"container max-w-2xl mx-auto px-6 py-8"[39m
      [36m>[39m
        [36m<div[39m
          [33mclass[39m=[32m"space-y-6"[39m
        [36m>[39m
    ...
 ❯ Object.getElementError node_modules/@testing-library/dom/dist/config.js:37:19
 ❯ node_modules/@testing-library/dom/dist/query-helpers.js:76:38
 ❯ node_modules/@testing-library/dom/dist/query-helpers.js:52:17
 ❯ getByText node_modules/@testing-library/dom/dist/query-helpers.js:95:19
 ❯ src/test/warranty-ui-components.test.tsx:146:37
    144|       
    145|       // Navigate to registration
    146|       const registerButton = screen.getByText('Register New Product')
       |                                     ^
    147|       fireEvent.click(registerButton)
    148|       

⎯⎯⎯⎯⎯⎯⎯⎯⎯⎯⎯⎯⎯⎯⎯⎯⎯⎯⎯⎯⎯⎯[33/63]⎯

 FAIL  src/test/warranty-ui-components.test.tsx > Warranty UI Components > Registration Form UI Components > should render product information section with all required fields
 FAIL  src/test/warranty-ui-components.test.tsx > Warranty UI Components > Registration Form UI Components > should render customer information section with all required fields
 FAIL  src/test/warranty-ui-components.test.tsx > Warranty UI Components > Registration Form UI Components > should render purchase information section with all required fields
 FAIL  src/test/warranty-ui-components.test.tsx > Warranty UI Components > Registration Form UI Components > should render submit button
 FAIL  src/test/warranty-ui-components.test.tsx > Warranty UI Components > Registration Form UI Components > should show loading state when submitting
TestingLibraryElementError: Unable to find an element with the text: Register New Product. This could be because the text is broken up by multiple elements. In this case, you can provide a function for your text matcher to make your matcher more flexible.

Ignored nodes: comments, script, style
[36m<body>[39m
  [36m<div>[39m
    [36m<div[39m
      [33mclass[39m=[32m"min-h-screen bg-background pb-24"[39m
    [36m>[39m
      [36m<header[39m
        [33mclass[39m=[32m"sticky top-0 z-40 bg-background/95 backdrop-blur-lg border-b border-border"[39m
      [36m>[39m
        [36m<div[39m
          [33mclass[39m=[32m"container max-w-7xl mx-auto px-4 py-4"[39m
        [36m>[39m
          [36m<div[39m
            [33mclass[39m=[32m"flex items-center justify-between"[39m
          [36m>[39m
            [36m<div[39m
              [33mclass[39m=[32m"flex items-center gap-4"[39m
            [36m>[39m
              [36m<div[39m
                [33mclass[39m=[32m"flex items-center gap-3 cursor-pointer"[39m
              [36m>[39m
                [36m<img[39m
                  [33malt[39m=[32m"Test Store"[39m
                  [33mclass[39m=[32m"h-8 w-auto"[39m
                  [33msrc[39m=[32m"/test-logo.png"[39m
                [36m/>[39m
                [36m<div[39m
                  [33mclass[39m=[32m"hidden sm:flex flex-col"[39m
                [36m>[39m
                  [36m<span[39m
                    [33mclass[39m=[32m"font-semibold text-lg"[39m
                  [36m>[39m
                    [0mTest Store[0m
                  [36m</span>[39m
                  [36m<span[39m
                    [33mclass[39m=[32m"text-xs text-muted-foreground"[39m
                  [36m>[39m
                    [0mTest Store Tagline[0m
                  [36m</span>[39m
                [36m</div>[39m
              [36m</div>[39m
            [36m</div>[39m
            [36m<h1[39m
              [33mclass[39m=[32m"text-lg font-semibold hidden md:block"[39m
            [36m>[39m
              [0mWarranty[0m
            [36m</h1>[39m
            [36m<div[39m
              [33mclass[39m=[32m"flex items-center gap-4"[39m
            [36m>[39m
              [36m<button[39m
                [33mclass[39m=[32m"items-center justify-center gap-2 whitespace-nowrap text-sm font-medium ring-offset-background transition-colors focus-visible:outline-none focus-visible:ring-2 focus-visible:ring-ring focus-visible:ring-offset-2 disabled:pointer-events-none disabled:opacity-50 [&_svg]:pointer-events-none [&_svg]:size-4 [&_svg]:shrink-0 hover:bg-accent hover:text-accent-foreground h-9 rounded-md px-3 hidden sm:flex"[39m
              [36m>[39m
                [0mLogin[0m
              [36m</button>[39m
              [36m<button[39m
                [33mclass[39m=[32m"items-center justify-center gap-2 whitespace-nowrap text-sm font-medium ring-offset-background transition-colors focus-visible:outline-none focus-visible:ring-2 focus-visible:ring-ring focus-visible:ring-offset-2 disabled:pointer-events-none disabled:opacity-50 [&_svg]:pointer-events-none [&_svg]:size-4 [&_svg]:shrink-0 bg-primary text-primary-foreground hover:bg-primary/90 h-9 rounded-md px-3 hidden sm:flex"[39m
              [36m>[39m
                [36m<svg[39m
                  [33mclass[39m=[32m"lucide lucide-user-plus w-4 h-4 mr-2"[39m
                  [33mfill[39m=[32m"none"[39m
                  [33mheight[39m=[32m"24"[39m
                  [33mstroke[39m=[32m"currentColor"[39m
                  [33mstroke-linecap[39m=[32m"round"[39m
                  [33mstroke-linejoin[39m=[32m"round"[39m
                  [33mstroke-width[39m=[32m"2"[39m
                  [33mviewBox[39m=[32m"0 0 24 24"[39m
                  [33mwidth[39m=[32m"24"[39m
                  [33mxmlns[39m=[32m"http://www.w3.org/2000/svg"[39m
                [36m>[39m
                  [36m<path[39m
                    [33md[39m=[32m"M16 21v-2a4 4 0 0 0-4-4H6a4 4 0 0 0-4 4v2"[39m
                  [36m/>[39m
                  [36m<circle[39m
                    [33mcx[39m=[32m"9"[39m
                    [33mcy[39m=[32m"7"[39m
                    [33mr[39m=[32m"4"[39m
                  [36m/>[39m
                  [36m<line[39m
                    [33mx1[39m=[32m"19"[39m
                    [33mx2[39m=[32m"19"[39m
                    [33my1[39m=[32m"8"[39m
                    [33my2[39m=[32m"14"[39m
                  [36m/>[39m
                  [36m<line[39m
                    [33mx1[39m=[32m"22"[39m
                    [33mx2[39m=[32m"16"[39m
                    [33my1[39m=[32m"11"[39m
                    [33my2[39m=[32m"11"[39m
                  [36m/>[39m
                [36m</svg>[39m
                [0mRegister[0m
              [36m</button>[39m
              [36m<button[39m
                [33mclass[39m=[32m"inline-flex items-center justify-center gap-2 whitespace-nowrap text-sm font-medium ring-offset-background transition-colors focus-visible:outline-none focus-visible:ring-2 focus-visible:ring-ring focus-visible:ring-offset-2 disabled:pointer-events-none disabled:opacity-50 [&_svg]:pointer-events-none [&_svg]:size-4 [&_svg]:shrink-0 hover:bg-accent hover:text-accent-foreground h-9 rounded-md px-3 md:hidden"[39m
              [36m>[39m
                [36m<svg[39m
                  [33mclass[39m=[32m"lucide lucide-menu w-5 h-5"[39m
                  [33mfill[39m=[32m"none"[39m
                  [33mheight[39m=[32m"24"[39m
                  [33mstroke[39m=[32m"currentColor"[39m
                  [33mstroke-linecap[39m=[32m"round"[39m
                  [33mstroke-linejoin[39m=[32m"round"[39m
                  [33mstroke-width[39m=[32m"2"[39m
                  [33mviewBox[39m=[32m"0 0 24 24"[39m
                  [33mwidth[39m=[32m"24"[39m
                  [33mxmlns[39m=[32m"http://www.w3.org/2000/svg"[39m
                [36m>[39m
                  [36m<line[39m
                    [33mx1[39m=[32m"4"[39m
                    [33mx2[39m=[32m"20"[39m
                    [33my1[39m=[32m"12"[39m
                    [33my2[39m=[32m"12"[39m
                  [36m/>[39m
                  [36m<line[39m
                    [33mx1[39m=[32m"4"[39m
                    [33mx2[39m=[32m"20"[39m
                    [33my1[39m=[32m"6"[39m
                    [33my2[39m=[32m"6"[39m
                  [36m/>[39m
                  [36m<line[39m
                    [33mx1[39m=[32m"4"[39m
                    [33mx2[39m=[32m"20"[39m
                    [33my1[39m=[32m"18"[39m
                    [33my2[39m=[32m"18"[39m
                  [36m/>[39m
                [36m</svg>[39m
              [36m</button>[39m
            [36m</div>[39m
          [36m</div>[39m
        [36m</div>[39m
      [36m</header>[39m
      [36m<div[39m
        [33mclass[39m=[32m"container max-w-2xl mx-auto px-6 py-8"[39m
      [36m>[39m
        [36m<div[39m
          [33mclass[39m=[32m"space-y-6"[39m
        [36m>[39m
    ...
 ❯ Object.getElementError node_modules/@testing-library/dom/dist/config.js:37:19
 ❯ node_modules/@testing-library/dom/dist/query-helpers.js:76:38
 ❯ node_modules/@testing-library/dom/dist/query-helpers.js:52:17
 ❯ getByText node_modules/@testing-library/dom/dist/query-helpers.js:95:19
 ❯ src/test/warranty-ui-components.test.tsx:163:37
    161|       
    162|       // Navigate to registration step
    163|       const registerButton = screen.getByText('Register New Product')
       |                                     ^
    164|       fireEvent.click(registerButton)
    165|       

⎯⎯⎯⎯⎯⎯⎯⎯⎯⎯⎯⎯⎯⎯⎯⎯⎯⎯⎯⎯⎯⎯[34/63]⎯

 FAIL  src/test/warranty-ui-components.test.tsx > Warranty UI Components > Form Field Interactions > should update barcode field when user types
 FAIL  src/test/warranty-ui-components.test.tsx > Warranty UI Components > Form Field Interactions > should update customer fields when user types
 FAIL  src/test/warranty-ui-components.test.tsx > Warranty UI Components > Form Field Interactions > should update nested address fields
 FAIL  src/test/warranty-ui-components.test.tsx > Warranty UI Components > Form Field Interactions > should handle date input for purchase date
 FAIL  src/test/warranty-ui-components.test.tsx > Warranty UI Components > Form Field Interactions > should clear form when reset is triggered
TestingLibraryElementError: Unable to find an element with the text: Register New Product. This could be because the text is broken up by multiple elements. In this case, you can provide a function for your text matcher to make your matcher more flexible.

Ignored nodes: comments, script, style
[36m<body>[39m
  [36m<div>[39m
    [36m<div[39m
      [33mclass[39m=[32m"min-h-screen bg-background pb-24"[39m
    [36m>[39m
      [36m<header[39m
        [33mclass[39m=[32m"sticky top-0 z-40 bg-background/95 backdrop-blur-lg border-b border-border"[39m
      [36m>[39m
        [36m<div[39m
          [33mclass[39m=[32m"container max-w-7xl mx-auto px-4 py-4"[39m
        [36m>[39m
          [36m<div[39m
            [33mclass[39m=[32m"flex items-center justify-between"[39m
          [36m>[39m
            [36m<div[39m
              [33mclass[39m=[32m"flex items-center gap-4"[39m
            [36m>[39m
              [36m<div[39m
                [33mclass[39m=[32m"flex items-center gap-3 cursor-pointer"[39m
              [36m>[39m
                [36m<img[39m
                  [33malt[39m=[32m"Test Store"[39m
                  [33mclass[39m=[32m"h-8 w-auto"[39m
                  [33msrc[39m=[32m"/test-logo.png"[39m
                [36m/>[39m
                [36m<div[39m
                  [33mclass[39m=[32m"hidden sm:flex flex-col"[39m
                [36m>[39m
                  [36m<span[39m
                    [33mclass[39m=[32m"font-semibold text-lg"[39m
                  [36m>[39m
                    [0mTest Store[0m
                  [36m</span>[39m
                  [36m<span[39m
                    [33mclass[39m=[32m"text-xs text-muted-foreground"[39m
                  [36m>[39m
                    [0mTest Store Tagline[0m
                  [36m</span>[39m
                [36m</div>[39m
              [36m</div>[39m
            [36m</div>[39m
            [36m<h1[39m
              [33mclass[39m=[32m"text-lg font-semibold hidden md:block"[39m
            [36m>[39m
              [0mWarranty[0m
            [36m</h1>[39m
            [36m<div[39m
              [33mclass[39m=[32m"flex items-center gap-4"[39m
            [36m>[39m
              [36m<button[39m
                [33mclass[39m=[32m"items-center justify-center gap-2 whitespace-nowrap text-sm font-medium ring-offset-background transition-colors focus-visible:outline-none focus-visible:ring-2 focus-visible:ring-ring focus-visible:ring-offset-2 disabled:pointer-events-none disabled:opacity-50 [&_svg]:pointer-events-none [&_svg]:size-4 [&_svg]:shrink-0 hover:bg-accent hover:text-accent-foreground h-9 rounded-md px-3 hidden sm:flex"[39m
              [36m>[39m
                [0mLogin[0m
              [36m</button>[39m
              [36m<button[39m
                [33mclass[39m=[32m"items-center justify-center gap-2 whitespace-nowrap text-sm font-medium ring-offset-background transition-colors focus-visible:outline-none focus-visible:ring-2 focus-visible:ring-ring focus-visible:ring-offset-2 disabled:pointer-events-none disabled:opacity-50 [&_svg]:pointer-events-none [&_svg]:size-4 [&_svg]:shrink-0 bg-primary text-primary-foreground hover:bg-primary/90 h-9 rounded-md px-3 hidden sm:flex"[39m
              [36m>[39m
                [36m<svg[39m
                  [33mclass[39m=[32m"lucide lucide-user-plus w-4 h-4 mr-2"[39m
                  [33mfill[39m=[32m"none"[39m
                  [33mheight[39m=[32m"24"[39m
                  [33mstroke[39m=[32m"currentColor"[39m
                  [33mstroke-linecap[39m=[32m"round"[39m
                  [33mstroke-linejoin[39m=[32m"round"[39m
                  [33mstroke-width[39m=[32m"2"[39m
                  [33mviewBox[39m=[32m"0 0 24 24"[39m
                  [33mwidth[39m=[32m"24"[39m
                  [33mxmlns[39m=[32m"http://www.w3.org/2000/svg"[39m
                [36m>[39m
                  [36m<path[39m
                    [33md[39m=[32m"M16 21v-2a4 4 0 0 0-4-4H6a4 4 0 0 0-4 4v2"[39m
                  [36m/>[39m
                  [36m<circle[39m
                    [33mcx[39m=[32m"9"[39m
                    [33mcy[39m=[32m"7"[39m
                    [33mr[39m=[32m"4"[39m
                  [36m/>[39m
                  [36m<line[39m
                    [33mx1[39m=[32m"19"[39m
                    [33mx2[39m=[32m"19"[39m
                    [33my1[39m=[32m"8"[39m
                    [33my2[39m=[32m"14"[39m
                  [36m/>[39m
                  [36m<line[39m
                    [33mx1[39m=[32m"22"[39m
                    [33mx2[39m=[32m"16"[39m
                    [33my1[39m=[32m"11"[39m
                    [33my2[39m=[32m"11"[39m
                  [36m/>[39m
                [36m</svg>[39m
                [0mRegister[0m
              [36m</button>[39m
              [36m<button[39m
                [33mclass[39m=[32m"inline-flex items-center justify-center gap-2 whitespace-nowrap text-sm font-medium ring-offset-background transition-colors focus-visible:outline-none focus-visible:ring-2 focus-visible:ring-ring focus-visible:ring-offset-2 disabled:pointer-events-none disabled:opacity-50 [&_svg]:pointer-events-none [&_svg]:size-4 [&_svg]:shrink-0 hover:bg-accent hover:text-accent-foreground h-9 rounded-md px-3 md:hidden"[39m
              [36m>[39m
                [36m<svg[39m
                  [33mclass[39m=[32m"lucide lucide-menu w-5 h-5"[39m
                  [33mfill[39m=[32m"none"[39m
                  [33mheight[39m=[32m"24"[39m
                  [33mstroke[39m=[32m"currentColor"[39m
                  [33mstroke-linecap[39m=[32m"round"[39m
                  [33mstroke-linejoin[39m=[32m"round"[39m
                  [33mstroke-width[39m=[32m"2"[39m
                  [33mviewBox[39m=[32m"0 0 24 24"[39m
                  [33mwidth[39m=[32m"24"[39m
                  [33mxmlns[39m=[32m"http://www.w3.org/2000/svg"[39m
                [36m>[39m
                  [36m<line[39m
                    [33mx1[39m=[32m"4"[39m
                    [33mx2[39m=[32m"20"[39m
                    [33my1[39m=[32m"12"[39m
                    [33my2[39m=[32m"12"[39m
                  [36m/>[39m
                  [36m<line[39m
                    [33mx1[39m=[32m"4"[39m
                    [33mx2[39m=[32m"20"[39m
                    [33my1[39m=[32m"6"[39m
                    [33my2[39m=[32m"6"[39m
                  [36m/>[39m
                  [36m<line[39m
                    [33mx1[39m=[32m"4"[39m
                    [33mx2[39m=[32m"20"[39m
                    [33my1[39m=[32m"18"[39m
                    [33my2[39m=[32m"18"[39m
                  [36m/>[39m
                [36m</svg>[39m
              [36m</button>[39m
            [36m</div>[39m
          [36m</div>[39m
        [36m</div>[39m
      [36m</header>[39m
      [36m<div[39m
        [33mclass[39m=[32m"container max-w-2xl mx-auto px-6 py-8"[39m
      [36m>[39m
        [36m<div[39m
          [33mclass[39m=[32m"space-y-6"[39m
        [36m>[39m
    ...
 ❯ Object.getElementError node_modules/@testing-library/dom/dist/config.js:37:19
 ❯ node_modules/@testing-library/dom/dist/query-helpers.js:76:38
 ❯ node_modules/@testing-library/dom/dist/query-helpers.js:52:17
 ❯ getByText node_modules/@testing-library/dom/dist/query-helpers.js:95:19
 ❯ src/test/warranty-ui-components.test.tsx:276:37
    274|       
    275|       // Navigate to registration step
    276|       const registerButton = screen.getByText('Register New Product')
       |                                     ^
    277|       fireEvent.click(registerButton)
    278|       

⎯⎯⎯⎯⎯⎯⎯⎯⎯⎯⎯⎯⎯⎯⎯⎯⎯⎯⎯⎯⎯⎯[35/63]⎯

 FAIL  src/test/warranty-ui-components.test.tsx > Warranty UI Components > Form Validation UI > should show validation error for empty barcode
 FAIL  src/test/warranty-ui-components.test.tsx > Warranty UI Components > Form Validation UI > should show validation error for invalid email format
 FAIL  src/test/warranty-ui-components.test.tsx > Warranty UI Components > Form Validation UI > should show validation error for short barcode
 FAIL  src/test/warranty-ui-components.test.tsx > Warranty UI Components > Form Validation UI > should clear validation errors when fields are corrected
TestingLibraryElementError: Unable to find an element with the text: Register New Product. This could be because the text is broken up by multiple elements. In this case, you can provide a function for your text matcher to make your matcher more flexible.

Ignored nodes: comments, script, style
[36m<body>[39m
  [36m<div>[39m
    [36m<div[39m
      [33mclass[39m=[32m"min-h-screen bg-background pb-24"[39m
    [36m>[39m
      [36m<header[39m
        [33mclass[39m=[32m"sticky top-0 z-40 bg-background/95 backdrop-blur-lg border-b border-border"[39m
      [36m>[39m
        [36m<div[39m
          [33mclass[39m=[32m"container max-w-7xl mx-auto px-4 py-4"[39m
        [36m>[39m
          [36m<div[39m
            [33mclass[39m=[32m"flex items-center justify-between"[39m
          [36m>[39m
            [36m<div[39m
              [33mclass[39m=[32m"flex items-center gap-4"[39m
            [36m>[39m
              [36m<div[39m
                [33mclass[39m=[32m"flex items-center gap-3 cursor-pointer"[39m
              [36m>[39m
                [36m<img[39m
                  [33malt[39m=[32m"Test Store"[39m
                  [33mclass[39m=[32m"h-8 w-auto"[39m
                  [33msrc[39m=[32m"/test-logo.png"[39m
                [36m/>[39m
                [36m<div[39m
                  [33mclass[39m=[32m"hidden sm:flex flex-col"[39m
                [36m>[39m
                  [36m<span[39m
                    [33mclass[39m=[32m"font-semibold text-lg"[39m
                  [36m>[39m
                    [0mTest Store[0m
                  [36m</span>[39m
                  [36m<span[39m
                    [33mclass[39m=[32m"text-xs text-muted-foreground"[39m
                  [36m>[39m
                    [0mTest Store Tagline[0m
                  [36m</span>[39m
                [36m</div>[39m
              [36m</div>[39m
            [36m</div>[39m
            [36m<h1[39m
              [33mclass[39m=[32m"text-lg font-semibold hidden md:block"[39m
            [36m>[39m
              [0mWarranty[0m
            [36m</h1>[39m
            [36m<div[39m
              [33mclass[39m=[32m"flex items-center gap-4"[39m
            [36m>[39m
              [36m<button[39m
                [33mclass[39m=[32m"items-center justify-center gap-2 whitespace-nowrap text-sm font-medium ring-offset-background transition-colors focus-visible:outline-none focus-visible:ring-2 focus-visible:ring-ring focus-visible:ring-offset-2 disabled:pointer-events-none disabled:opacity-50 [&_svg]:pointer-events-none [&_svg]:size-4 [&_svg]:shrink-0 hover:bg-accent hover:text-accent-foreground h-9 rounded-md px-3 hidden sm:flex"[39m
              [36m>[39m
                [0mLogin[0m
              [36m</button>[39m
              [36m<button[39m
                [33mclass[39m=[32m"items-center justify-center gap-2 whitespace-nowrap text-sm font-medium ring-offset-background transition-colors focus-visible:outline-none focus-visible:ring-2 focus-visible:ring-ring focus-visible:ring-offset-2 disabled:pointer-events-none disabled:opacity-50 [&_svg]:pointer-events-none [&_svg]:size-4 [&_svg]:shrink-0 bg-primary text-primary-foreground hover:bg-primary/90 h-9 rounded-md px-3 hidden sm:flex"[39m
              [36m>[39m
                [36m<svg[39m
                  [33mclass[39m=[32m"lucide lucide-user-plus w-4 h-4 mr-2"[39m
                  [33mfill[39m=[32m"none"[39m
                  [33mheight[39m=[32m"24"[39m
                  [33mstroke[39m=[32m"currentColor"[39m
                  [33mstroke-linecap[39m=[32m"round"[39m
                  [33mstroke-linejoin[39m=[32m"round"[39m
                  [33mstroke-width[39m=[32m"2"[39m
                  [33mviewBox[39m=[32m"0 0 24 24"[39m
                  [33mwidth[39m=[32m"24"[39m
                  [33mxmlns[39m=[32m"http://www.w3.org/2000/svg"[39m
                [36m>[39m
                  [36m<path[39m
                    [33md[39m=[32m"M16 21v-2a4 4 0 0 0-4-4H6a4 4 0 0 0-4 4v2"[39m
                  [36m/>[39m
                  [36m<circle[39m
                    [33mcx[39m=[32m"9"[39m
                    [33mcy[39m=[32m"7"[39m
                    [33mr[39m=[32m"4"[39m
                  [36m/>[39m
                  [36m<line[39m
                    [33mx1[39m=[32m"19"[39m
                    [33mx2[39m=[32m"19"[39m
                    [33my1[39m=[32m"8"[39m
                    [33my2[39m=[32m"14"[39m
                  [36m/>[39m
                  [36m<line[39m
                    [33mx1[39m=[32m"22"[39m
                    [33mx2[39m=[32m"16"[39m
                    [33my1[39m=[32m"11"[39m
                    [33my2[39m=[32m"11"[39m
                  [36m/>[39m
                [36m</svg>[39m
                [0mRegister[0m
              [36m</button>[39m
              [36m<button[39m
                [33mclass[39m=[32m"inline-flex items-center justify-center gap-2 whitespace-nowrap text-sm font-medium ring-offset-background transition-colors focus-visible:outline-none focus-visible:ring-2 focus-visible:ring-ring focus-visible:ring-offset-2 disabled:pointer-events-none disabled:opacity-50 [&_svg]:pointer-events-none [&_svg]:size-4 [&_svg]:shrink-0 hover:bg-accent hover:text-accent-foreground h-9 rounded-md px-3 md:hidden"[39m
              [36m>[39m
                [36m<svg[39m
                  [33mclass[39m=[32m"lucide lucide-menu w-5 h-5"[39m
                  [33mfill[39m=[32m"none"[39m
                  [33mheight[39m=[32m"24"[39m
                  [33mstroke[39m=[32m"currentColor"[39m
                  [33mstroke-linecap[39m=[32m"round"[39m
                  [33mstroke-linejoin[39m=[32m"round"[39m
                  [33mstroke-width[39m=[32m"2"[39m
                  [33mviewBox[39m=[32m"0 0 24 24"[39m
                  [33mwidth[39m=[32m"24"[39m
                  [33mxmlns[39m=[32m"http://www.w3.org/2000/svg"[39m
                [36m>[39m
                  [36m<line[39m
                    [33mx1[39m=[32m"4"[39m
                    [33mx2[39m=[32m"20"[39m
                    [33my1[39m=[32m"12"[39m
                    [33my2[39m=[32m"12"[39m
                  [36m/>[39m
                  [36m<line[39m
                    [33mx1[39m=[32m"4"[39m
                    [33mx2[39m=[32m"20"[39m
                    [33my1[39m=[32m"6"[39m
                    [33my2[39m=[32m"6"[39m
                  [36m/>[39m
                  [36m<line[39m
                    [33mx1[39m=[32m"4"[39m
                    [33mx2[39m=[32m"20"[39m
                    [33my1[39m=[32m"18"[39m
                    [33my2[39m=[32m"18"[39m
                  [36m/>[39m
                [36m</svg>[39m
              [36m</button>[39m
            [36m</div>[39m
          [36m</div>[39m
        [36m</div>[39m
      [36m</header>[39m
      [36m<div[39m
        [33mclass[39m=[32m"container max-w-2xl mx-auto px-6 py-8"[39m
      [36m>[39m
        [36m<div[39m
          [33mclass[39m=[32m"space-y-6"[39m
        [36m>[39m
    ...
 ❯ Object.getElementError node_modules/@testing-library/dom/dist/config.js:37:19
 ❯ node_modules/@testing-library/dom/dist/query-helpers.js:76:38
 ❯ node_modules/@testing-library/dom/dist/query-helpers.js:52:17
 ❯ getByText node_modules/@testing-library/dom/dist/query-helpers.js:95:19
 ❯ src/test/warranty-ui-components.test.tsx:367:37
    365|       
    366|       // Navigate to registration step
    367|       const registerButton = screen.getByText('Register New Product')
       |                                     ^
    368|       fireEvent.click(registerButton)
    369|       

⎯⎯⎯⎯⎯⎯⎯⎯⎯⎯⎯⎯⎯⎯⎯⎯⎯⎯⎯⎯⎯⎯[36/63]⎯

 FAIL  src/test/warranty-ui-components.test.tsx > Warranty UI Components > Success and Error States > should show success message after successful registration
 FAIL  src/test/warranty-ui-components.test.tsx > Warranty UI Components > Success and Error States > should show error message when registration fails
 FAIL  src/test/warranty-ui-components.test.tsx > Warranty UI Components > Success and Error States > should handle network errors gracefully
TestingLibraryElementError: Unable to find an element with the text: Register New Product. This could be because the text is broken up by multiple elements. In this case, you can provide a function for your text matcher to make your matcher more flexible.

Ignored nodes: comments, script, style
[36m<body>[39m
  [36m<div>[39m
    [36m<div[39m
      [33mclass[39m=[32m"min-h-screen bg-background pb-24"[39m
    [36m>[39m
      [36m<header[39m
        [33mclass[39m=[32m"sticky top-0 z-40 bg-background/95 backdrop-blur-lg border-b border-border"[39m
      [36m>[39m
        [36m<div[39m
          [33mclass[39m=[32m"container max-w-7xl mx-auto px-4 py-4"[39m
        [36m>[39m
          [36m<div[39m
            [33mclass[39m=[32m"flex items-center justify-between"[39m
          [36m>[39m
            [36m<div[39m
              [33mclass[39m=[32m"flex items-center gap-4"[39m
            [36m>[39m
              [36m<div[39m
                [33mclass[39m=[32m"flex items-center gap-3 cursor-pointer"[39m
              [36m>[39m
                [36m<img[39m
                  [33malt[39m=[32m"Test Store"[39m
                  [33mclass[39m=[32m"h-8 w-auto"[39m
                  [33msrc[39m=[32m"/test-logo.png"[39m
                [36m/>[39m
                [36m<div[39m
                  [33mclass[39m=[32m"hidden sm:flex flex-col"[39m
                [36m>[39m
                  [36m<span[39m
                    [33mclass[39m=[32m"font-semibold text-lg"[39m
                  [36m>[39m
                    [0mTest Store[0m
                  [36m</span>[39m
                  [36m<span[39m
                    [33mclass[39m=[32m"text-xs text-muted-foreground"[39m
                  [36m>[39m
                    [0mTest Store Tagline[0m
                  [36m</span>[39m
                [36m</div>[39m
              [36m</div>[39m
            [36m</div>[39m
            [36m<h1[39m
              [33mclass[39m=[32m"text-lg font-semibold hidden md:block"[39m
            [36m>[39m
              [0mWarranty[0m
            [36m</h1>[39m
            [36m<div[39m
              [33mclass[39m=[32m"flex items-center gap-4"[39m
            [36m>[39m
              [36m<button[39m
                [33mclass[39m=[32m"items-center justify-center gap-2 whitespace-nowrap text-sm font-medium ring-offset-background transition-colors focus-visible:outline-none focus-visible:ring-2 focus-visible:ring-ring focus-visible:ring-offset-2 disabled:pointer-events-none disabled:opacity-50 [&_svg]:pointer-events-none [&_svg]:size-4 [&_svg]:shrink-0 hover:bg-accent hover:text-accent-foreground h-9 rounded-md px-3 hidden sm:flex"[39m
              [36m>[39m
                [0mLogin[0m
              [36m</button>[39m
              [36m<button[39m
                [33mclass[39m=[32m"items-center justify-center gap-2 whitespace-nowrap text-sm font-medium ring-offset-background transition-colors focus-visible:outline-none focus-visible:ring-2 focus-visible:ring-ring focus-visible:ring-offset-2 disabled:pointer-events-none disabled:opacity-50 [&_svg]:pointer-events-none [&_svg]:size-4 [&_svg]:shrink-0 bg-primary text-primary-foreground hover:bg-primary/90 h-9 rounded-md px-3 hidden sm:flex"[39m
              [36m>[39m
                [36m<svg[39m
                  [33mclass[39m=[32m"lucide lucide-user-plus w-4 h-4 mr-2"[39m
                  [33mfill[39m=[32m"none"[39m
                  [33mheight[39m=[32m"24"[39m
                  [33mstroke[39m=[32m"currentColor"[39m
                  [33mstroke-linecap[39m=[32m"round"[39m
                  [33mstroke-linejoin[39m=[32m"round"[39m
                  [33mstroke-width[39m=[32m"2"[39m
                  [33mviewBox[39m=[32m"0 0 24 24"[39m
                  [33mwidth[39m=[32m"24"[39m
                  [33mxmlns[39m=[32m"http://www.w3.org/2000/svg"[39m
                [36m>[39m
                  [36m<path[39m
                    [33md[39m=[32m"M16 21v-2a4 4 0 0 0-4-4H6a4 4 0 0 0-4 4v2"[39m
                  [36m/>[39m
                  [36m<circle[39m
                    [33mcx[39m=[32m"9"[39m
                    [33mcy[39m=[32m"7"[39m
                    [33mr[39m=[32m"4"[39m
                  [36m/>[39m
                  [36m<line[39m
                    [33mx1[39m=[32m"19"[39m
                    [33mx2[39m=[32m"19"[39m
                    [33my1[39m=[32m"8"[39m
                    [33my2[39m=[32m"14"[39m
                  [36m/>[39m
                  [36m<line[39m
                    [33mx1[39m=[32m"22"[39m
                    [33mx2[39m=[32m"16"[39m
                    [33my1[39m=[32m"11"[39m
                    [33my2[39m=[32m"11"[39m
                  [36m/>[39m
                [36m</svg>[39m
                [0mRegister[0m
              [36m</button>[39m
              [36m<button[39m
                [33mclass[39m=[32m"inline-flex items-center justify-center gap-2 whitespace-nowrap text-sm font-medium ring-offset-background transition-colors focus-visible:outline-none focus-visible:ring-2 focus-visible:ring-ring focus-visible:ring-offset-2 disabled:pointer-events-none disabled:opacity-50 [&_svg]:pointer-events-none [&_svg]:size-4 [&_svg]:shrink-0 hover:bg-accent hover:text-accent-foreground h-9 rounded-md px-3 md:hidden"[39m
              [36m>[39m
                [36m<svg[39m
                  [33mclass[39m=[32m"lucide lucide-menu w-5 h-5"[39m
                  [33mfill[39m=[32m"none"[39m
                  [33mheight[39m=[32m"24"[39m
                  [33mstroke[39m=[32m"currentColor"[39m
                  [33mstroke-linecap[39m=[32m"round"[39m
                  [33mstroke-linejoin[39m=[32m"round"[39m
                  [33mstroke-width[39m=[32m"2"[39m
                  [33mviewBox[39m=[32m"0 0 24 24"[39m
                  [33mwidth[39m=[32m"24"[39m
                  [33mxmlns[39m=[32m"http://www.w3.org/2000/svg"[39m
                [36m>[39m
                  [36m<line[39m
                    [33mx1[39m=[32m"4"[39m
                    [33mx2[39m=[32m"20"[39m
                    [33my1[39m=[32m"12"[39m
                    [33my2[39m=[32m"12"[39m
                  [36m/>[39m
                  [36m<line[39m
                    [33mx1[39m=[32m"4"[39m
                    [33mx2[39m=[32m"20"[39m
                    [33my1[39m=[32m"6"[39m
                    [33my2[39m=[32m"6"[39m
                  [36m/>[39m
                  [36m<line[39m
                    [33mx1[39m=[32m"4"[39m
                    [33mx2[39m=[32m"20"[39m
                    [33my1[39m=[32m"18"[39m
                    [33my2[39m=[32m"18"[39m
                  [36m/>[39m
                [36m</svg>[39m
              [36m</button>[39m
            [36m</div>[39m
          [36m</div>[39m
        [36m</div>[39m
      [36m</header>[39m
      [36m<div[39m
        [33mclass[39m=[32m"container max-w-2xl mx-auto px-6 py-8"[39m
      [36m>[39m
        [36m<div[39m
          [33mclass[39m=[32m"space-y-6"[39m
        [36m>[39m
    ...
 ❯ Object.getElementError node_modules/@testing-library/dom/dist/config.js:37:19
 ❯ node_modules/@testing-library/dom/dist/query-helpers.js:76:38
 ❯ node_modules/@testing-library/dom/dist/query-helpers.js:52:17
 ❯ getByText node_modules/@testing-library/dom/dist/query-helpers.js:95:19
 ❯ src/test/warranty-ui-components.test.tsx:445:37
    443|       
    444|       // Navigate to registration step
    445|       const registerButton = screen.getByText('Register New Product')
       |                                     ^
    446|       fireEvent.click(registerButton)
    447|       

⎯⎯⎯⎯⎯⎯⎯⎯⎯⎯⎯⎯⎯⎯⎯⎯⎯⎯⎯⎯⎯⎯[37/63]⎯

 FAIL  src/test/warranty-ui-components.test.tsx > Warranty UI Components > Accessibility > should have proper form labels and accessibility attributes
 FAIL  src/test/warranty-ui-components.test.tsx > Warranty UI Components > Accessibility > should support keyboard navigation
 FAIL  src/test/warranty-ui-components.test.tsx > Warranty UI Components > Accessibility > should announce validation errors to screen readers
TestingLibraryElementError: Unable to find an element with the text: Register New Product. This could be because the text is broken up by multiple elements. In this case, you can provide a function for your text matcher to make your matcher more flexible.

Ignored nodes: comments, script, style
[36m<body>[39m
  [36m<div>[39m
    [36m<div[39m
      [33mclass[39m=[32m"min-h-screen bg-background pb-24"[39m
    [36m>[39m
      [36m<header[39m
        [33mclass[39m=[32m"sticky top-0 z-40 bg-background/95 backdrop-blur-lg border-b border-border"[39m
      [36m>[39m
        [36m<div[39m
          [33mclass[39m=[32m"container max-w-7xl mx-auto px-4 py-4"[39m
        [36m>[39m
          [36m<div[39m
            [33mclass[39m=[32m"flex items-center justify-between"[39m
          [36m>[39m
            [36m<div[39m
              [33mclass[39m=[32m"flex items-center gap-4"[39m
            [36m>[39m
              [36m<div[39m
                [33mclass[39m=[32m"flex items-center gap-3 cursor-pointer"[39m
              [36m>[39m
                [36m<img[39m
                  [33malt[39m=[32m"Test Store"[39m
                  [33mclass[39m=[32m"h-8 w-auto"[39m
                  [33msrc[39m=[32m"/test-logo.png"[39m
                [36m/>[39m
                [36m<div[39m
                  [33mclass[39m=[32m"hidden sm:flex flex-col"[39m
                [36m>[39m
                  [36m<span[39m
                    [33mclass[39m=[32m"font-semibold text-lg"[39m
                  [36m>[39m
                    [0mTest Store[0m
                  [36m</span>[39m
                  [36m<span[39m
                    [33mclass[39m=[32m"text-xs text-muted-foreground"[39m
                  [36m>[39m
                    [0mTest Store Tagline[0m
                  [36m</span>[39m
                [36m</div>[39m
              [36m</div>[39m
            [36m</div>[39m
            [36m<h1[39m
              [33mclass[39m=[32m"text-lg font-semibold hidden md:block"[39m
            [36m>[39m
              [0mWarranty[0m
            [36m</h1>[39m
            [36m<div[39m
              [33mclass[39m=[32m"flex items-center gap-4"[39m
            [36m>[39m
              [36m<button[39m
                [33mclass[39m=[32m"items-center justify-center gap-2 whitespace-nowrap text-sm font-medium ring-offset-background transition-colors focus-visible:outline-none focus-visible:ring-2 focus-visible:ring-ring focus-visible:ring-offset-2 disabled:pointer-events-none disabled:opacity-50 [&_svg]:pointer-events-none [&_svg]:size-4 [&_svg]:shrink-0 hover:bg-accent hover:text-accent-foreground h-9 rounded-md px-3 hidden sm:flex"[39m
              [36m>[39m
                [0mLogin[0m
              [36m</button>[39m
              [36m<button[39m
                [33mclass[39m=[32m"items-center justify-center gap-2 whitespace-nowrap text-sm font-medium ring-offset-background transition-colors focus-visible:outline-none focus-visible:ring-2 focus-visible:ring-ring focus-visible:ring-offset-2 disabled:pointer-events-none disabled:opacity-50 [&_svg]:pointer-events-none [&_svg]:size-4 [&_svg]:shrink-0 bg-primary text-primary-foreground hover:bg-primary/90 h-9 rounded-md px-3 hidden sm:flex"[39m
              [36m>[39m
                [36m<svg[39m
                  [33mclass[39m=[32m"lucide lucide-user-plus w-4 h-4 mr-2"[39m
                  [33mfill[39m=[32m"none"[39m
                  [33mheight[39m=[32m"24"[39m
                  [33mstroke[39m=[32m"currentColor"[39m
                  [33mstroke-linecap[39m=[32m"round"[39m
                  [33mstroke-linejoin[39m=[32m"round"[39m
                  [33mstroke-width[39m=[32m"2"[39m
                  [33mviewBox[39m=[32m"0 0 24 24"[39m
                  [33mwidth[39m=[32m"24"[39m
                  [33mxmlns[39m=[32m"http://www.w3.org/2000/svg"[39m
                [36m>[39m
                  [36m<path[39m
                    [33md[39m=[32m"M16 21v-2a4 4 0 0 0-4-4H6a4 4 0 0 0-4 4v2"[39m
                  [36m/>[39m
                  [36m<circle[39m
                    [33mcx[39m=[32m"9"[39m
                    [33mcy[39m=[32m"7"[39m
                    [33mr[39m=[32m"4"[39m
                  [36m/>[39m
                  [36m<line[39m
                    [33mx1[39m=[32m"19"[39m
                    [33mx2[39m=[32m"19"[39m
                    [33my1[39m=[32m"8"[39m
                    [33my2[39m=[32m"14"[39m
                  [36m/>[39m
                  [36m<line[39m
                    [33mx1[39m=[32m"22"[39m
                    [33mx2[39m=[32m"16"[39m
                    [33my1[39m=[32m"11"[39m
                    [33my2[39m=[32m"11"[39m
                  [36m/>[39m
                [36m</svg>[39m
                [0mRegister[0m
              [36m</button>[39m
              [36m<button[39m
                [33mclass[39m=[32m"inline-flex items-center justify-center gap-2 whitespace-nowrap text-sm font-medium ring-offset-background transition-colors focus-visible:outline-none focus-visible:ring-2 focus-visible:ring-ring focus-visible:ring-offset-2 disabled:pointer-events-none disabled:opacity-50 [&_svg]:pointer-events-none [&_svg]:size-4 [&_svg]:shrink-0 hover:bg-accent hover:text-accent-foreground h-9 rounded-md px-3 md:hidden"[39m
              [36m>[39m
                [36m<svg[39m
                  [33mclass[39m=[32m"lucide lucide-menu w-5 h-5"[39m
                  [33mfill[39m=[32m"none"[39m
                  [33mheight[39m=[32m"24"[39m
                  [33mstroke[39m=[32m"currentColor"[39m
                  [33mstroke-linecap[39m=[32m"round"[39m
                  [33mstroke-linejoin[39m=[32m"round"[39m
                  [33mstroke-width[39m=[32m"2"[39m
                  [33mviewBox[39m=[32m"0 0 24 24"[39m
                  [33mwidth[39m=[32m"24"[39m
                  [33mxmlns[39m=[32m"http://www.w3.org/2000/svg"[39m
                [36m>[39m
                  [36m<line[39m
                    [33mx1[39m=[32m"4"[39m
                    [33mx2[39m=[32m"20"[39m
                    [33my1[39m=[32m"12"[39m
                    [33my2[39m=[32m"12"[39m
                  [36m/>[39m
                  [36m<line[39m
                    [33mx1[39m=[32m"4"[39m
                    [33mx2[39m=[32m"20"[39m
                    [33my1[39m=[32m"6"[39m
                    [33my2[39m=[32m"6"[39m
                  [36m/>[39m
                  [36m<line[39m
                    [33mx1[39m=[32m"4"[39m
                    [33mx2[39m=[32m"20"[39m
                    [33my1[39m=[32m"18"[39m
                    [33my2[39m=[32m"18"[39m
                  [36m/>[39m
                [36m</svg>[39m
              [36m</button>[39m
            [36m</div>[39m
          [36m</div>[39m
        [36m</div>[39m
      [36m</header>[39m
      [36m<div[39m
        [33mclass[39m=[32m"container max-w-2xl mx-auto px-6 py-8"[39m
      [36m>[39m
        [36m<div[39m
          [33mclass[39m=[32m"space-y-6"[39m
        [36m>[39m
    ...
 ❯ Object.getElementError node_modules/@testing-library/dom/dist/config.js:37:19
 ❯ node_modules/@testing-library/dom/dist/query-helpers.js:76:38
 ❯ node_modules/@testing-library/dom/dist/query-helpers.js:52:17
 ❯ getByText node_modules/@testing-library/dom/dist/query-helpers.js:95:19
 ❯ src/test/warranty-ui-components.test.tsx:572:37
    570|       
    571|       // Navigate to registration step
    572|       const registerButton = screen.getByText('Register New Product')
       |                                     ^
    573|       fireEvent.click(registerButton)
    574|       

⎯⎯⎯⎯⎯⎯⎯⎯⎯⎯⎯⎯⎯⎯⎯⎯⎯⎯⎯⎯⎯⎯[38/63]⎯


 Test Files  5 failed | 2 passed (7)
      Tests  63 failed | 18 passed (81)
   Start at  12:10:25
   Duration  2.74s (transform 1.46s, setup 713ms, collect 4.45s, tests 1.71s, environment 4.75s, prepare 1.81s)

